---
title: Java GC
tagline: ""
category : Java
layout: post
tags : [Java, File, tools]
---

```
[root@VM_52_154 ~]#  jstat -gcutil 16354  1000 1000 
  S0     S1     E      O      P     YGC     YGCT    FGC    FGCT     GCT   
  0.00  84.77   0.00  41.77  59.85   4387  330.453    22    2.080  332.534
  0.00  84.77  43.85  41.77  59.85   4387  330.453    22    2.080  332.534
 70.72  72.11 100.00  42.19  59.85   4389  330.601    22    2.080  332.681
  0.00  72.11  36.16  42.18  59.85   4389  330.757    22    2.080  332.837
  0.00  52.22   0.00  42.61  59.85   4391  331.023    22    2.080  333.103
 61.17   0.00   0.00  42.80  59.85   4392  331.160    22    2.080  333.241
  0.00  77.91  19.07  42.99  59.85   4393  331.295    22    2.080  333.375
 58.41   0.00  57.12  43.17  59.85   4394  331.429    22    2.080  333.510
  0.00  78.09  30.61  43.36  59.85   4395  331.578    22    2.080  333.659
 66.56   0.00  82.97  43.58  59.85   4396  331.715    22    2.080  333.795
  0.00  66.94  43.85  43.72  59.85   4397  331.860    22    2.080  333.941
  0.00  90.32   0.00  44.20  59.85   4399  332.148    22    2.080  334.229
 59.82   0.00  65.06  44.35  59.85   4400  332.277    22    2.080  334.357
 59.60   0.00   0.87  44.79  59.85   4402  332.540    22    2.080  334.620
  0.00  64.04  75.05  44.94  59.85   4403  332.666    22    2.080  334.747
  0.00  52.32   0.00  45.35  59.85   4405  332.914    22    2.080  334.994
```
100

```
[root@VM_52_154 ~]#  jstat -gcutil 16354  100 100
  S0     S1     E      O      P     YGC     YGCT    FGC    FGCT     GCT   
   82.42  32.50 100.00  48.99  60.37   6995  697.236    44    5.238  702.474
  0.00  56.87   0.00  49.18  60.37   6995  697.370    44    5.238  702.608
  0.00  56.87  16.68  49.18  60.37   6995  697.370    44    5.238  702.608
  0.00  56.87  40.31  49.18  60.37   6995  697.370    44    5.238  702.608
  0.00  56.87  61.20  49.18  60.37   6995  697.370    44    5.238  702.608
  0.00  56.87  82.08  49.18  60.37   6995  697.370    44    5.238  702.608
 24.46  56.87 100.00  49.19  60.37   6996  697.370    44    5.238  702.608
 61.16  56.87 100.00  49.33  60.37   6996  697.370    44    5.238  702.608
 61.16   0.00   9.75  49.34  60.37   6996  697.517    44    5.238  702.755
 61.16   0.00  32.28  49.34  60.37   6996  697.517    44    5.238  702.755
 61.16   0.00  42.00  49.34  60.37   6996  697.517    44    5.238  702.755
 61.16   0.00  52.38  49.34  60.37   6996  697.517    44    5.238  702.755
 61.16   0.00  58.23  49.34  60.37   6996  697.517    44    5.238  702.755
 61.16   0.00  73.16  49.34  60.37   6996  697.517    44    5.238  702.755
 61.16   0.00  94.53  49.34  60.37   6996  697.517    44    5.238  702.755
 61.16  47.97 100.00  49.52  60.37   6997  697.517    44    5.238  702.755
  0.00  59.97   3.95  49.57  60.37   6997  697.643    44    5.238  702.881
  0.00  59.97  23.89  49.57  60.37   6997  697.643    44    5.238  702.881
  0.00  59.97  48.79  49.57  60.37   6997  697.643    44    5.238  702.881
  0.00  59.97  73.93  49.57  60.37   6997  697.643    44    5.238  702.881
  0.00  59.97  97.73  49.57  60.37   6998  697.643    44    5.238  702.881
 52.80  59.97 100.00  49.60  60.37   6998  697.643    44    5.238  702.881
 73.92   0.00   6.69  49.70  60.37   6998  697.798    44    5.238  703.035
 73.92   0.00  29.33  49.70  60.37   6998  697.798    44    5.238  703.035
 73.92   0.00  51.03  49.70  60.37   6998  697.798    44    5.238  703.035
 73.92   0.00  70.07  49.70  60.37   6998  697.798    44    5.238  703.035
 73.92   0.00  88.55  49.70  60.37   6998  697.798    44    5.238  703.035
 73.92   0.00  97.16  49.70  60.37   6998  697.798    44    5.238  703.035
 73.92   0.00  97.69  49.70  60.37   6998  697.798    44    5.238  703.035
 73.92   0.00  98.16  49.70  60.37   6998  697.798    44    5.238  703.035
 73.92   0.00  98.22  49.70  60.37   6998  697.798    44    5.238  703.035
 73.92   0.00  98.22  49.70  60.37   6998  697.798    44    5.238  703.035
 73.92   0.00  98.22  49.70  60.37   6998  697.798    44    5.238  703.035
 73.92  52.52 100.00  49.70  60.37   6999  697.798    44    5.238  703.035
 73.92  52.52 100.00  49.91  60.37   6999  697.798    44    5.238  703.035
  0.00  52.52  14.99  49.95  60.37   6999  697.923    44    5.238  703.161
  0.00  52.52  34.33  49.95  60.37   6999  697.923    44    5.238  703.161
  0.00  52.52  59.61  49.95  60.37   6999  697.923    44    5.238  703.161
  0.00  52.52  84.85  49.95  60.37   6999  697.923    44    5.238  703.161
 26.43  52.52 100.00  49.96  60.37   7000  697.923    44    5.238  703.161
 66.08  52.52 100.00  50.06  60.37   7000  697.923    44    5.238  703.161
 72.69   0.00   0.03  50.04  60.37   7000  698.075    45    5.238  703.313
 72.69   0.00   0.53  50.04  60.37   7000  698.075    45    5.404  703.479
 72.69   0.00  13.78  50.04  60.37   7000  698.075    45    5.404  703.479
 72.69   0.00  33.23  50.04  60.37   7000  698.075    45    5.404  703.479
 72.69   0.00  44.83  50.04  60.37   7000  698.075    45    5.404  703.479
 72.69   0.00  48.20  50.04  60.37   7000  698.075    45    5.404  703.479
 72.69   0.00  48.74  50.04  60.37   7000  698.075    45    5.404  703.479
 72.69   0.00  49.25  50.04  60.37   7000  698.075    45    5.404  703.479
 72.69   0.00  49.25  50.04  60.37   7000  698.075    45    5.404  703.479
 72.69   0.00  49.25  50.04  60.37   7000  698.075    45    5.404  703.479
 72.69   0.00  49.25  50.04  60.37   7000  698.075    45    5.404  703.479
 72.69   0.00  58.78  50.04  60.37   7000  698.075    45    5.404  703.479
 72.69   0.00  83.50  50.04  60.37   7000  698.075    45    5.404  703.479
 72.69  52.51 100.00  50.06  60.37   7001  698.075    45    5.404  703.479
 72.69  65.63 100.00  50.29  60.37   7001  698.075    45    5.404  703.479
  0.00  65.63  14.85  50.34  60.37   7001  698.219    45    5.404  703.623
  0.00  65.63  39.19  50.34  60.37   7001  698.219    45    5.404  703.623
  0.00  65.63  63.02  50.34  60.37   7001  698.219    45    5.404  703.623
  0.00  65.63  84.49  50.34  60.37   7001  698.219    45    5.404  703.623
 30.54  65.63 100.00  50.36  60.37   7002  698.219    45    5.404  703.623
 68.71  65.63 100.00  50.48  60.37   7002  698.219    45    5.404  703.623
 76.34   0.00   8.27  50.53  60.37   7002  698.381    45    5.404  703.785
 76.34   0.00  25.84  50.53  60.37   7002  698.381    45    5.404  703.785
 76.34   0.00  41.51  50.53  60.37   7002  698.381    45    5.404  703.785
 76.34  55.85  43.40  50.67  60.37   7003  698.381    46    5.404  703.785
  0.00  55.85   0.40  50.60  60.37   7003  698.494    46    5.559  704.053
  0.00  55.85   2.03  49.47  60.37   7003  698.494    46    5.559  704.053
  0.00  55.85   2.79  47.54  60.37   7003  698.494    46    5.559  704.053
  0.00  55.85   3.25  45.67  60.37   7003  698.494    46    5.559  704.053
  0.00  55.85   3.60  43.80  60.37   7003  698.494    46    5.559  704.053
  0.00  55.85   8.04  42.00  60.37   7003  698.494    46    5.559  704.053
  0.00  55.85  30.64  41.49  60.37   7003  698.494    46    5.559  704.053
  0.00  55.85  54.93  41.41  60.37   7003  698.494    46    5.559  704.053
  0.00  55.85  75.84  41.26  60.37   7003  698.494    46    5.559  704.053
  0.00  55.85 100.00  41.26  60.37   7004  698.494    46    5.559  704.053
 57.00  55.85 100.00  41.32  60.37   7004  698.494    46    5.559  704.053
 62.69   0.00  10.99  41.34  60.37   7004  698.642    46    5.559  704.201
 62.69   0.00  34.74  41.34  60.37   7004  698.642    46    5.559  704.201
 62.69   0.00  56.78  41.27  60.37   7004  698.642    46    5.559  704.201
 62.69   0.00  72.36  40.88  60.37   7004  698.642    46    5.559  704.201
 62.69   0.00  77.85  39.27  60.37   7004  698.642    46    5.559  704.201
 62.69   0.00  77.85  37.40  60.37   7004  698.642    46    5.559  704.201
 62.69   0.00  77.85  35.56  60.37   7004  698.642    46    5.559  704.201
 62.69   0.00  77.85  33.71  60.37   7004  698.642    46    5.559  704.201
 62.69   0.00  77.85  31.87  60.37   7004  698.642    46    5.559  704.201
 62.69   0.00  78.61  30.04  60.37   7004  698.642    46    5.559  704.201
 62.69   0.00  90.20  28.23  60.37   7004  698.642    46    5.559  704.201
 62.69  46.88 100.00  27.49  60.37   7005  698.642    46    5.559  704.201
  0.00  70.32   3.77  27.52  60.37   7005  698.772    46    5.559  704.330
  0.00  70.32  28.64  27.33  60.37   7005  698.772    46    5.559  704.330
  0.00  70.32  53.77  27.26  60.37   7005  698.772    46    5.559  704.330
  0.00  70.32  76.54  27.15  60.37   7005  698.772    46    5.559  704.330
  0.00  70.32  99.94  27.15  60.37   7006  698.772    46    5.559  704.330
 60.42  70.32 100.00  27.20  60.37   7006  698.772    46    5.559  704.330
 65.07   0.00   5.86  26.96  60.37   7006  698.929    46    5.559  704.487
 65.07   0.00  20.55  26.70  60.37   7006  698.929    46    5.559  704.487
 65.07   0.00  24.83  25.45  60.37   7006  698.929    46    5.559  704.487
 65.07   0.00  25.82  23.59  60.37   7006  698.929    46    5.559  704.487
 65.07   0.00  26.04  21.74  60.37   7006  698.929    46    5.559  704.487
 65.07   0.00  26.04  19.91  60.37   7006  698.929    46    5.559  704.487
 65.07   0.00  26.04  18.06  60.37   7006  698.929    46    5.559  704.487
 65.07   0.00  26.04  16.32  60.37   7006  698.929    46    5.559  704.487
 65.07   0.00  26.04  14.65  60.37   7006  698.929    46    5.559  704.487
 65.07   0.00  41.52  13.54  60.37   7006  698.929    46    5.559  704.487
 65.07   0.00  62.68  13.38  60.37   7006  698.929    46    5.559  704.487
 65.07   0.00  85.36  13.26  60.37   7006  698.929    46    5.559  704.487
 65.07  48.59 100.00  13.14  60.37   7007  698.929    46    5.559  704.487
  0.00  60.74   0.00  13.35  60.37   7007  699.061    46    5.559  704.620
```
Full GC

```
Total time for which application threads were stopped: 0.0001290 seconds
Total time for which application threads were stopped: 0.0002130 seconds
Total time for which application threads were stopped: 0.0001070 seconds
Total time for which application threads were stopped: 0.0002020 seconds
Total time for which application threads were stopped: 0.0003300 seconds
Total time for which application threads were stopped: 0.0011750 seconds
Total time for which application threads were stopped: 0.0001280 seconds
Total time for which application threads were stopped: 0.0003140 seconds
Total time for which application threads were stopped: 0.0005070 seconds
Total time for which application threads were stopped: 0.0001550 seconds
Total time for which application threads were stopped: 0.0004560 seconds
Total time for which application threads were stopped: 0.0023090 seconds
Total time for which application threads were stopped: 0.0001230 seconds
Total time for which application threads were stopped: 0.0001820 seconds
Total time for which application threads were stopped: 0.0002610 seconds
Total time for which application threads were stopped: 0.0000920 seconds
Total time for which application threads were stopped: 0.0001300 seconds
Total time for which application threads were stopped: 0.0001250 seconds
Total time for which application threads were stopped: 0.0000710 seconds
Total time for which application threads were stopped: 0.0001520 seconds
Total time for which application threads were stopped: 0.0002730 seconds
Total time for which application threads were stopped: 0.0001060 seconds
Total time for which application threads were stopped: 0.0001090 seconds
Total time for which application threads were stopped: 0.0001310 seconds
Total time for which application threads were stopped: 0.0000530 seconds
Total time for which application threads were stopped: 0.0000480 seconds
Total time for which application threads were stopped: 0.0002200 seconds
Total time for which application threads were stopped: 0.0002610 seconds
Total time for which application threads were stopped: 0.0000460 seconds
Total time for which application threads were stopped: 0.0000430 seconds
Total time for which application threads were stopped: 0.0000500 seconds
Total time for which application threads were stopped: 0.0000460 seconds
Total time for which application threads were stopped: 0.0001250 seconds
Total time for which application threads were stopped: 0.0000610 seconds
Total time for which application threads were stopped: 0.0002210 seconds
Total time for which application threads were stopped: 0.0001650 seconds
Total time for which application threads were stopped: 0.0000650 seconds
Total time for which application threads were stopped: 0.0000550 seconds
Total time for which application threads were stopped: 0.0000490 seconds
Total time for which application threads were stopped: 0.0000450 seconds
Total time for which application threads were stopped: 0.0003020 seconds
Total time for which application threads were stopped: 0.0002510 seconds
Total time for which application threads were stopped: 0.0000900 seconds
Total time for which application threads were stopped: 0.0000900 seconds
Total time for which application threads were stopped: 0.0006030 seconds
Total time for which application threads were stopped: 0.0000420 seconds
Total time for which application threads were stopped: 0.0000460 seconds
Total time for which application threads were stopped: 0.0002690 seconds
Total time for which application threads were stopped: 0.0003010 seconds
Total time for which application threads were stopped: 0.0000530 seconds
Total time for which application threads were stopped: 0.0001440 seconds
Total time for which application threads were stopped: 0.0000820 seconds
Total time for which application threads were stopped: 0.0001030 seconds
Total time for which application threads were stopped: 0.0001300 seconds
Total time for which application threads were stopped: 0.0001890 seconds
Total time for which application threads were stopped: 0.0002310 seconds
Total time for which application threads were stopped: 0.0001140 seconds
Total time for which application threads were stopped: 0.0002720 seconds
{Heap before GC invocations=0 (full 0):
 par new generation   total 1747648K, used 1398144K [0x00000005fae00000, 0x000000067ae00000, 0x000000067ae00000)
  eden space 1398144K, 100% used [0x00000005fae00000, 0x0000000650360000, 0x0000000650360000)
  from space 349504K,   0% used [0x0000000650360000, 0x0000000650360000, 0x00000006658b0000)
  to   space 349504K,   0% used [0x00000006658b0000, 0x00000006658b0000, 0x000000067ae00000)
 concurrent mark-sweep generation total 6291456K, used 0K [0x000000067ae00000, 0x00000007fae00000, 0x00000007fae00000)
 concurrent-mark-sweep perm gen total 29312K, used 29111K [0x00000007fae00000, 0x00000007fcaa0000, 0x0000000800000000)
2016-09-06T15:54:08.800+0800: 49.471: [GC 49.471: [ParNew
Desired survivor size 322102880 bytes, new threshold 8 (max 8)
- age   1:   44744648 bytes,   44744648 total
: 1398144K->43953K(1747648K), 0.0555620 secs] 1398144K->43953K(8039104K), 0.0556550 secs] [Times: user=0.17 sys=0.02, real=0.06 secs] 
Heap after GC invocations=1 (full 0):
 par new generation   total 1747648K, used 43953K [0x00000005fae00000, 0x000000067ae00000, 0x000000067ae00000)
  eden space 1398144K,   0% used [0x00000005fae00000, 0x00000005fae00000, 0x0000000650360000)
  from space 349504K,  12% used [0x00000006658b0000, 0x000000066839c540, 0x000000067ae00000)
  to   space 349504K,   0% used [0x0000000650360000, 0x0000000650360000, 0x00000006658b0000)
 concurrent mark-sweep generation total 6291456K, used 0K [0x000000067ae00000, 0x00000007fae00000, 0x00000007fae00000)
 concurrent-mark-sweep perm gen total 29312K, used 29111K [0x00000007fae00000, 0x00000007fcaa0000, 0x0000000800000000)
}
Total time for which application threads were stopped: 0.0560510 seconds
Total time for which application threads were stopped: 0.0000760 seconds
Total time for which application threads were stopped: 0.0001060 seconds
Total time for which application threads were stopped: 0.0001330 seconds
Total time for which application threads were stopped: 0.0001240 seconds
Total time for which application threads were stopped: 0.0001820 seconds
Total time for which application threads were stopped: 0.0001970 seconds
Total time for which application threads were stopped: 0.0001210 seconds
Total time for which application threads were stopped: 0.0001340 seconds
Total time for which application threads were stopped: 0.0001290 seconds
Total time for which application threads were stopped: 0.0001160 seconds
Total time for which application threads were stopped: 0.0001420 seconds
Total time for which application threads were stopped: 0.0001760 seconds
Total time for which application threads were stopped: 0.0000580 seconds
Total time for which application threads were stopped: 0.0001380 seconds
Total time for which application threads were stopped: 0.0001210 seconds
Total time for which application threads were stopped: 0.0001690 seconds
Total time for which application threads were stopped: 0.0001290 seconds
Total time for which application threads were stopped: 0.0001430 seconds
Total time for which application threads were stopped: 0.0001020 seconds
Total time for which application threads were stopped: 0.0002000 seconds
Total time for which application threads were stopped: 0.0000910 seconds
Total time for which application threads were stopped: 0.0000410 seconds
Total time for which application threads were stopped: 0.0000340 seconds
Total time for which application threads were stopped: 0.0000410 seconds
Total time for which application threads were stopped: 0.0000370 seconds
Total time for which application threads were stopped: 0.0000430 seconds
Total time for which application threads were stopped: 0.0001690 seconds
Total time for which application threads were stopped: 0.0000370 seconds
Total time for which application threads were stopped: 0.0000730 seconds
Total time for which application threads were stopped: 0.0001860 seconds
Total time for which application threads were stopped: 0.0001410 seconds
Total time for which application threads were stopped: 0.0002060 seconds
Total time for which application threads were stopped: 0.0000960 seconds
Total time for which application threads were stopped: 0.0000460 seconds
Total time for which application threads were stopped: 0.0000900 seconds
Total time for which application threads were stopped: 0.0000880 seconds
Total time for which application threads were stopped: 0.0000440 seconds
Total time for which application threads were stopped: 0.0000880 seconds
Total time for which application threads were stopped: 0.0000880 seconds
Total time for which application threads were stopped: 0.0001410 seconds
Total time for which application threads were stopped: 0.0000620 seconds
Total time for which application threads were stopped: 0.0000480 seconds
Total time for which application threads were stopped: 0.0000350 seconds
Total time for which application threads were stopped: 0.0000350 seconds
Total time for which application threads were stopped: 0.0000370 seconds
Total time for which application threads were stopped: 0.0000360 seconds
Total time for which application threads were stopped: 0.0000360 seconds
Total time for which application threads were stopped: 0.0003180 seconds
Total time for which application threads were stopped: 0.0001230 seconds
Total time for which application threads were stopped: 0.0001970 seconds
Total time for which application threads were stopped: 0.0002250 seconds
Total time for which application threads were stopped: 0.0003800 seconds
Total time for which application threads were stopped: 0.0000580 seconds
Total time for which application threads were stopped: 0.0000530 seconds
Total time for which application threads were stopped: 0.0000370 seconds
Total time for which application threads were stopped: 0.0000360 seconds
Total time for which application threads were stopped: 0.0000350 seconds
Total time for which application threads were stopped: 0.0000410 seconds
Total time for which application threads were stopped: 0.0000350 seconds
Total time for which application threads were stopped: 0.0000400 seconds
Total time for which application threads were stopped: 0.0000480 seconds
Total time for which application threads were stopped: 0.0000420 seconds
Total time for which application threads were stopped: 0.0000360 seconds
Total time for which application threads were stopped: 0.0001750 seconds
Total time for which application threads were stopped: 0.0000950 seconds
Total time for which application threads were stopped: 0.0000850 seconds
Total time for which application threads were stopped: 0.0000840 seconds
Total time for which application threads were stopped: 0.0000950 seconds
Total time for which application threads were stopped: 0.0000810 seconds
Total time for which application threads were stopped: 0.0000800 seconds
Total time for which application threads were stopped: 0.0000890 seconds
Total time for which application threads were stopped: 0.0000790 seconds
Total time for which application threads were stopped: 0.0000850 seconds
Total time for which application threads were stopped: 0.0000870 seconds
Total time for which application threads were stopped: 0.0000830 seconds
Total time for which application threads were stopped: 0.0000820 seconds
Total time for which application threads were stopped: 0.0000890 seconds
Total time for which application threads were stopped: 0.0000770 seconds
Total time for which application threads were stopped: 0.0000800 seconds
Total time for which application threads were stopped: 0.0000900 seconds
Total time for which application threads were stopped: 0.0000770 seconds
Total time for which application threads were stopped: 0.0000790 seconds
Total time for which application threads were stopped: 0.0001770 seconds
Total time for which application threads were stopped: 0.0001910 seconds
Total time for which application threads were stopped: 0.0000380 seconds
Total time for which application threads were stopped: 0.0000410 seconds
Total time for which application threads were stopped: 0.0001960 seconds
Total time for which application threads were stopped: 0.0004250 seconds
Total time for which application threads were stopped: 0.0001430 seconds
Total time for which application threads were stopped: 0.0000760 seconds
Total time for which application threads were stopped: 0.0001270 seconds
Total time for which application threads were stopped: 0.0002930 seconds
Total time for which application threads were stopped: 0.0001470 seconds
Total time for which application threads were stopped: 0.0004660 seconds
Total time for which application threads were stopped: 0.0001540 seconds
Total time for which application threads were stopped: 0.0001270 seconds
Total time for which application threads were stopped: 0.0002350 seconds
Total time for which application threads were stopped: 0.0001970 seconds
Total time for which application threads were stopped: 0.0005060 seconds
Total time for which application threads were stopped: 0.0004810 seconds
Total time for which application threads were stopped: 0.0041030 seconds
Total time for which application threads were stopped: 0.0008060 seconds
Total time for which application threads were stopped: 0.0001260 seconds
Total time for which application threads were stopped: 0.0001740 seconds
Total time for which application threads were stopped: 0.0001290 seconds
Total time for which application threads were stopped: 0.0003680 seconds
Total time for which application threads were stopped: 0.0002810 seconds
Total time for which application threads were stopped: 0.0048470 seconds
Total time for which application threads were stopped: 0.0008200 seconds
Total time for which application threads were stopped: 0.0002600 seconds
Total time for which application threads were stopped: 0.0004100 seconds
Total time for which application threads were stopped: 0.0002650 seconds
Total time for which application threads were stopped: 0.0001710 seconds
Total time for which application threads were stopped: 0.0002590 seconds
Total time for which application threads were stopped: 0.0003490 seconds
Total time for which application threads were stopped: 0.0005410 seconds
Total time for which application threads were stopped: 0.0007240 seconds
Total time for which application threads were stopped: 0.0047350 seconds
Total time for which application threads were stopped: 0.0015360 seconds
Total time for which application threads were stopped: 0.0003280 seconds
Total time for which application threads were stopped: 0.0032110 seconds
Total time for which application threads were stopped: 0.0003110 seconds
Total time for which application threads were stopped: 0.0013550 seconds
Total time for which application threads were stopped: 0.0018660 seconds
Total time for which application threads were stopped: 0.0002700 seconds
Total time for which application threads were stopped: 0.0014500 seconds
Total time for which application threads were stopped: 0.0024510 seconds
Total time for which application threads were stopped: 0.0004430 seconds
Total time for which application threads were stopped: 0.0003650 seconds
Total time for which application threads were stopped: 0.0003360 seconds
Total time for which application threads were stopped: 0.0002040 seconds
Total time for which application threads were stopped: 0.0003040 seconds
Total time for which application threads were stopped: 0.0000970 seconds
Total time for which application threads were stopped: 0.0001200 seconds
Total time for which application threads were stopped: 0.0045550 seconds
Total time for which application threads were stopped: 0.0019270 seconds
Total time for which application threads were stopped: 0.0003400 seconds
Total time for which application threads were stopped: 0.0001700 seconds
Total time for which application threads were stopped: 0.0013030 seconds
Total time for which application threads were stopped: 0.0003200 seconds
Total time for which application threads were stopped: 0.0001620 seconds
Total time for which application threads were stopped: 0.0002190 seconds
Total time for which application threads were stopped: 0.0001550 seconds
Total time for which application threads were stopped: 0.0002760 seconds
Total time for which application threads were stopped: 0.0014700 seconds
Total time for which application threads were stopped: 0.0002330 seconds
Total time for which application threads were stopped: 0.0023320 seconds
Total time for which application threads were stopped: 0.0005800 seconds
Total time for which application threads were stopped: 0.0019820 seconds
Total time for which application threads were stopped: 0.0002150 seconds
Total time for which application threads were stopped: 0.0004270 seconds
Total time for which application threads were stopped: 0.0003670 seconds
Total time for which application threads were stopped: 0.0053050 seconds
Total time for which application threads were stopped: 0.0005730 seconds
Total time for which application threads were stopped: 0.0004020 seconds
Total time for which application threads were stopped: 0.0002180 seconds
Total time for which application threads were stopped: 0.0027340 seconds
Total time for which application threads were stopped: 0.0078610 seconds
Total time for which application threads were stopped: 0.0078280 seconds
Total time for which application threads were stopped: 0.0002990 seconds
Total time for which application threads were stopped: 0.0010400 seconds
Total time for which application threads were stopped: 0.0002690 seconds
Total time for which application threads were stopped: 0.0082130 seconds
Total time for which application threads were stopped: 0.0080970 seconds
Total time for which application threads were stopped: 0.0081190 seconds
Total time for which application threads were stopped: 0.0015930 seconds
Total time for which application threads were stopped: 0.0093000 seconds
Total time for which application threads were stopped: 0.0048000 seconds
Total time for which application threads were stopped: 0.0029940 seconds
Total time for which application threads were stopped: 0.0020870 seconds
Total time for which application threads were stopped: 0.0100980 seconds
Total time for which application threads were stopped: 0.0002710 seconds
Total time for which application threads were stopped: 0.0089660 seconds
Total time for which application threads were stopped: 0.0051580 seconds
Total time for which application threads were stopped: 0.0072480 seconds
Total time for which application threads were stopped: 0.0085650 seconds
Total time for which application threads were stopped: 0.0003500 seconds
Total time for which application threads were stopped: 0.0002810 seconds
Total time for which application threads were stopped: 0.0086770 seconds
Total time for which application threads were stopped: 0.0176260 seconds
Total time for which application threads were stopped: 0.0029240 seconds
Total time for which application threads were stopped: 0.0095710 seconds
{Heap before GC invocations=1 (full 0):
 par new generation   total 1747648K, used 1442097K [0x00000005fae00000, 0x000000067ae00000, 0x000000067ae00000)
  eden space 1398144K, 100% used [0x00000005fae00000, 0x0000000650360000, 0x0000000650360000)
  from space 349504K,  12% used [0x00000006658b0000, 0x000000066839c540, 0x000000067ae00000)
  to   space 349504K,   0% used [0x0000000650360000, 0x0000000650360000, 0x00000006658b0000)
 concurrent mark-sweep generation total 6291456K, used 0K [0x000000067ae00000, 0x00000007fae00000, 0x00000007fae00000)
 concurrent-mark-sweep perm gen total 32000K, used 31939K [0x00000007fae00000, 0x00000007fcd40000, 0x0000000800000000)
2016-09-06T15:58:23.607+0800: 304.278: [GC 304.278: [ParNew
Desired survivor size 322102880 bytes, new threshold 2 (max 8)
- age   1:  315551920 bytes,  315551920 total
- age   2:   10698840 bytes,  326250760 total
: 1442097K->330788K(1747648K), 0.1264780 secs] 1442097K->330788K(8039104K), 0.1267260 secs] [Times: user=0.45 sys=0.06, real=0.13 secs] 
Heap after GC invocations=2 (full 0):
 par new generation   total 1747648K, used 330788K [0x00000005fae00000, 0x000000067ae00000, 0x000000067ae00000)
  eden space 1398144K,   0% used [0x00000005fae00000, 0x00000005fae00000, 0x0000000650360000)
  from space 349504K,  94% used [0x0000000650360000, 0x0000000664669270, 0x00000006658b0000)
  to   space 349504K,   0% used [0x00000006658b0000, 0x00000006658b0000, 0x000000067ae00000)
 concurrent mark-sweep generation total 6291456K, used 0K [0x000000067ae00000, 0x00000007fae00000, 0x00000007fae00000)
 concurrent-mark-sweep perm gen total 32000K, used 31939K [0x00000007fae00000, 0x00000007fcd40000, 0x0000000800000000)
}
Total time for which application threads were stopped: 0.1341090 seconds
Total time for which application threads were stopped: 0.0003450 seconds
Total time for which application threads were stopped: 0.0203510 seconds
Total time for which application threads were stopped: 0.0032830 seconds
Total time for which application threads were stopped: 0.0085100 seconds
Total time for which application threads were stopped: 0.0037850 seconds
Total time for which application threads were stopped: 0.0024280 seconds
Total time for which application threads were stopped: 0.0045510 seconds
Total time for which application threads were stopped: 0.0024920 seconds
Total time for which application threads were stopped: 0.0003960 seconds
{Heap before GC invocations=2 (full 0):
 par new generation   total 1747648K, used 1728932K [0x00000005fae00000, 0x000000067ae00000, 0x000000067ae00000)
  eden space 1398144K, 100% used [0x00000005fae00000, 0x0000000650360000, 0x0000000650360000)
  from space 349504K,  94% used [0x0000000650360000, 0x0000000664669270, 0x00000006658b0000)
  to   space 349504K,   0% used [0x00000006658b0000, 0x00000006658b0000, 0x000000067ae00000)
 concurrent mark-sweep generation total 6291456K, used 0K [0x000000067ae00000, 0x00000007fae00000, 0x00000007fae00000)
 concurrent-mark-sweep perm gen total 32384K, used 32260K [0x00000007fae00000, 0x00000007fcda0000, 0x0000000800000000)
2016-09-06T15:58:29.435+0800: 310.106: [GC 310.106: [ParNew
Desired survivor size 322102880 bytes, new threshold 2 (max 8)
- age   1:  238631344 bytes,  238631344 total
- age   2:  118534448 bytes,  357165792 total
: 1728932K->349504K(1747648K), 0.8754940 secs] 1728932K->661659K(8039104K), 0.8759730 secs] [Times: user=2.68 sys=0.22, real=0.88 secs] 
Heap after GC invocations=3 (full 0):
 par new generation   total 1747648K, used 349504K [0x00000005fae00000, 0x000000067ae00000, 0x000000067ae00000)
  eden space 1398144K,   0% used [0x00000005fae00000, 0x00000005fae00000, 0x0000000650360000)
  from space 349504K, 100% used [0x00000006658b0000, 0x000000067ae00000, 0x000000067ae00000)
  to   space 349504K,   0% used [0x0000000650360000, 0x0000000650360000, 0x00000006658b0000)
 concurrent mark-sweep generation total 6291456K, used 312155K [0x000000067ae00000, 0x00000007fae00000, 0x00000007fae00000)
 concurrent-mark-sweep perm gen total 32384K, used 32260K [0x00000007fae00000, 0x00000007fcda0000, 0x0000000800000000)
}
Total time for which application threads were stopped: 0.8830320 seconds
Total time for which application threads were stopped: 0.0064690 seconds
Total time for which application threads were stopped: 0.0086950 seconds
Total time for which application threads were stopped: 0.0104760 seconds
{Heap before GC invocations=3 (full 0):
 par new generation   total 1747648K, used 1747648K [0x00000005fae00000, 0x000000067ae00000, 0x000000067ae00000)
  eden space 1398144K, 100% used [0x00000005fae00000, 0x0000000650360000, 0x0000000650360000)
  from space 349504K, 100% used [0x00000006658b0000, 0x000000067ae00000, 0x000000067ae00000)
  to   space 349504K,   0% used [0x0000000650360000, 0x0000000650360000, 0x00000006658b0000)
 concurrent mark-sweep generation total 6291456K, used 312155K [0x000000067ae00000, 0x00000007fae00000, 0x00000007fae00000)
 concurrent-mark-sweep perm gen total 32576K, used 32393K [0x00000007fae00000, 0x00000007fcdd0000, 0x0000000800000000)
2016-09-06T15:58:33.308+0800: 313.978: [GC 313.979: [ParNew
Desired survivor size 322102880 bytes, new threshold 1 (max 8)
- age   1:  342017336 bytes,  342017336 total
- age   2:   15874504 bytes,  357891840 total
: 1747648K->349504K(1747648K), 0.6657610 secs] 2059803K->1078506K(8039104K), 0.6665170 secs] [Times: user=2.17 sys=0.10, real=0.67 secs] 
Heap after GC invocations=4 (full 0):
 par new generation   total 1747648K, used 349504K [0x00000005fae00000, 0x000000067ae00000, 0x000000067ae00000)
  eden space 1398144K,   0% used [0x00000005fae00000, 0x00000005fae00000, 0x0000000650360000)
  from space 349504K, 100% used [0x0000000650360000, 0x00000006658b0000, 0x00000006658b0000)
  to   space 349504K,   0% used [0x00000006658b0000, 0x00000006658b0000, 0x000000067ae00000)
 concurrent mark-sweep generation total 6291456K, used 729002K [0x000000067ae00000, 0x00000007fae00000, 0x00000007fae00000)
 concurrent-mark-sweep perm gen total 32576K, used 32393K [0x00000007fae00000, 0x00000007fcdd0000, 0x0000000800000000)
}
Total time for which application threads were stopped: 0.6756470 seconds
Total time for which application threads were stopped: 0.0119920 seconds
Total time for which application threads were stopped: 0.0118810 seconds
Total time for which application threads were stopped: 0.0088300 seconds
Total time for which application threads were stopped: 0.0263880 seconds
Total time for which application threads were stopped: 0.0237000 seconds
{Heap before GC invocations=4 (full 0):
 par new generation   total 1747648K, used 1747648K [0x00000005fae00000, 0x000000067ae00000, 0x000000067ae00000)
  eden space 1398144K, 100% used [0x00000005fae00000, 0x0000000650360000, 0x0000000650360000)
  from space 349504K, 100% used [0x0000000650360000, 0x00000006658b0000, 0x00000006658b0000)
  to   space 349504K,   0% used [0x00000006658b0000, 0x00000006658b0000, 0x000000067ae00000)
 concurrent mark-sweep generation total 6291456K, used 729002K [0x000000067ae00000, 0x00000007fae00000, 0x00000007fae00000)
 concurrent-mark-sweep perm gen total 32576K, used 32503K [0x00000007fae00000, 0x00000007fcdd0000, 0x0000000800000000)
2016-09-06T15:58:38.820+0800: 319.491: [GC 319.492: [ParNew
Desired survivor size 322102880 bytes, new threshold 1 (max 8)
- age   1:  357884376 bytes,  357884376 total
: 1747648K->349504K(1747648K), 0.5378510 secs] 2476650K->1480848K(8039104K), 0.5388000 secs] [Times: user=1.72 sys=0.07, real=0.54 secs] 
Heap after GC invocations=5 (full 0):
 par new generation   total 1747648K, used 349504K [0x00000005fae00000, 0x000000067ae00000, 0x000000067ae00000)
  eden space 1398144K,   0% used [0x00000005fae00000, 0x00000005fae00000, 0x0000000650360000)
  from space 349504K, 100% used [0x00000006658b0000, 0x000000067ae00000, 0x000000067ae00000)
  to   space 349504K,   0% used [0x0000000650360000, 0x0000000650360000, 0x00000006658b0000)
 concurrent mark-sweep generation total 6291456K, used 1131344K [0x000000067ae00000, 0x00000007fae00000, 0x00000007fae00000)
 concurrent-mark-sweep perm gen total 32576K, used 32503K [0x00000007fae00000, 0x00000007fcdd0000, 0x0000000800000000)
}
Total time for which application threads were stopped: 0.5442110 seconds
Total time for which application threads were stopped: 0.0031560 seconds
Total time for which application threads were stopped: 0.0004830 seconds
Total time for which application threads were stopped: 0.0023060 seconds
Total time for which application threads were stopped: 0.0010180 seconds
Total time for which application threads were stopped: 0.0054330 seconds
Total time for which application threads were stopped: 0.0198290 seconds
Total time for which application threads were stopped: 0.0093700 seconds
{Heap before GC invocations=5 (full 0):
 par new generation   total 1747648K, used 1747648K [0x00000005fae00000, 0x000000067ae00000, 0x000000067ae00000)
  eden space 1398144K, 100% used [0x00000005fae00000, 0x0000000650360000, 0x0000000650360000)
  from space 349504K, 100% used [0x00000006658b0000, 0x000000067ae00000, 0x000000067ae00000)
  to   space 349504K,   0% used [0x0000000650360000, 0x0000000650360000, 0x00000006658b0000)
 concurrent mark-sweep generation total 6291456K, used 1131344K [0x000000067ae00000, 0x00000007fae00000, 0x00000007fae00000)
 concurrent-mark-sweep perm gen total 32768K, used 32581K [0x00000007fae00000, 0x00000007fce00000, 0x0000000800000000)
2016-09-06T15:58:42.350+0800: 323.021: [GC 323.022: [ParNew
Desired survivor size 322102880 bytes, new threshold 8 (max 8)
- age   1:  274482200 bytes,  274482200 total
: 1747648K->347577K(1747648K), 0.4539530 secs] 2878992K->1809287K(8039104K), 0.4550950 secs] [Times: user=1.43 sys=0.08, real=0.46 secs] 
Heap after GC invocations=6 (full 0):
 par new generation   total 1747648K, used 347577K [0x00000005fae00000, 0x000000067ae00000, 0x000000067ae00000)
  eden space 1398144K,   0% used [0x00000005fae00000, 0x00000005fae00000, 0x0000000650360000)
  from space 349504K,  99% used [0x0000000650360000, 0x00000006656ce620, 0x00000006658b0000)
  to   space 349504K,   0% used [0x00000006658b0000, 0x00000006658b0000, 0x000000067ae00000)
 concurrent mark-sweep generation total 6291456K, used 1461709K [0x000000067ae00000, 0x00000007fae00000, 0x00000007fae00000)
 concurrent-mark-sweep perm gen total 32768K, used 32581K [0x00000007fae00000, 0x00000007fce00000, 0x0000000800000000)
}
Total time for which application threads were stopped: 0.4713200 seconds
Total time for which application threads were stopped: 0.0012100 seconds
Total time for which application threads were stopped: 0.0123950 seconds
Total time for which application threads were stopped: 0.0012510 seconds
Total time for which application threads were stopped: 0.0005240 seconds
Total time for which application threads were stopped: 0.0208040 seconds
Total time for which application threads were stopped: 0.0216410 seconds
{Heap before GC invocations=6 (full 0):
 par new generation   total 1747648K, used 1745721K [0x00000005fae00000, 0x000000067ae00000, 0x000000067ae00000)
  eden space 1398144K, 100% used [0x00000005fae00000, 0x0000000650360000, 0x0000000650360000)
  from space 349504K,  99% used [0x0000000650360000, 0x00000006656ce620, 0x00000006658b0000)
  to   space 349504K,   0% used [0x00000006658b0000, 0x00000006658b0000, 0x000000067ae00000)
 concurrent mark-sweep generation total 6291456K, used 1461709K [0x000000067ae00000, 0x00000007fae00000, 0x00000007fae00000)
 concurrent-mark-sweep perm gen total 32768K, used 32679K [0x00000007fae00000, 0x00000007fce00000, 0x0000000800000000)
2016-09-06T15:58:46.042+0800: 326.713: [GC 326.714: [ParNew
Desired survivor size 322102880 bytes, new threshold 2 (max 8)
- age   1:  179552496 bytes,  179552496 total
- age   2:  178338816 bytes,  357891312 total
: 1745721K->349504K(1747648K), 0.2317840 secs] 3207431K->1869024K(8039104K), 0.2333420 secs] [Times: user=0.86 sys=0.02, real=0.24 secs] 
Heap after GC invocations=7 (full 0):
 par new generation   total 1747648K, used 349504K [0x00000005fae00000, 0x000000067ae00000, 0x000000067ae00000)
  eden space 1398144K,   0% used [0x00000005fae00000, 0x00000005fae00000, 0x0000000650360000)
  from space 349504K, 100% used [0x00000006658b0000, 0x000000067ae00000, 0x000000067ae00000)
  to   space 349504K,   0% used [0x0000000650360000, 0x0000000650360000, 0x00000006658b0000)
 concurrent mark-sweep generation total 6291456K, used 1519520K [0x000000067ae00000, 0x00000007fae00000, 0x00000007fae00000)
 concurrent-mark-sweep perm gen total 32768K, used 32679K [0x00000007fae00000, 0x00000007fce00000, 0x0000000800000000)
}
Total time for which application threads were stopped: 0.2515200 seconds
Total time for which application threads were stopped: 0.0024740 seconds
Total time for which application threads were stopped: 0.0059710 seconds
Total time for which application threads were stopped: 0.0367850 seconds
Total time for which application threads were stopped: 0.0108040 seconds
Total time for which application threads were stopped: 0.0826290 seconds
{Heap before GC invocations=7 (full 0):
 par new generation   total 1747648K, used 1747648K [0x00000005fae00000, 0x000000067ae00000, 0x000000067ae00000)
  eden space 1398144K, 100% used [0x00000005fae00000, 0x0000000650360000, 0x0000000650360000)
  from space 349504K, 100% used [0x00000006658b0000, 0x000000067ae00000, 0x000000067ae00000)
  to   space 349504K,   0% used [0x0000000650360000, 0x0000000650360000, 0x00000006658b0000)
 concurrent mark-sweep generation total 6291456K, used 1519520K [0x000000067ae00000, 0x00000007fae00000, 0x00000007fae00000)
 concurrent-mark-sweep perm gen total 32960K, used 32826K [0x00000007fae00000, 0x00000007fce30000, 0x0000000800000000)
2016-09-06T15:58:51.305+0800: 331.976: [GC 331.977: [ParNew
Desired survivor size 322102880 bytes, new threshold 2 (max 8)
- age   1:  235538784 bytes,  235538784 total
- age   2:  113559008 bytes,  349097792 total
: 1747648K->349504K(1747648K), 0.3935020 secs] 3267168K->2087934K(8039104K), 0.3949180 secs] [Times: user=1.32 sys=0.05, real=0.39 secs] 
Heap after GC invocations=8 (full 0):
 par new generation   total 1747648K, used 349504K [0x00000005fae00000, 0x000000067ae00000, 0x000000067ae00000)
  eden space 1398144K,   0% used [0x00000005fae00000, 0x00000005fae00000, 0x0000000650360000)
  from space 349504K, 100% used [0x0000000650360000, 0x00000006658b0000, 0x00000006658b0000)
  to   space 349504K,   0% used [0x00000006658b0000, 0x00000006658b0000, 0x000000067ae00000)
 concurrent mark-sweep generation total 6291456K, used 1738430K [0x000000067ae00000, 0x00000007fae00000, 0x00000007fae00000)
 concurrent-mark-sweep perm gen total 32960K, used 32826K [0x00000007fae00000, 0x00000007fce30000, 0x0000000800000000)
}
Total time for which application threads were stopped: 0.4300930 seconds
Total time for which application threads were stopped: 0.0799890 seconds
Total time for which application threads were stopped: 0.0015360 seconds
Total time for which application threads were stopped: 0.0007160 seconds
Total time for which application threads were stopped: 0.0172070 seconds
Total time for which application threads were stopped: 0.0009010 seconds
Total time for which application threads were stopped: 0.0063560 seconds
{Heap before GC invocations=8 (full 0):
 par new generation   total 1747648K, used 1747648K [0x00000005fae00000, 0x000000067ae00000, 0x000000067ae00000)
  eden space 1398144K, 100% used [0x00000005fae00000, 0x0000000650360000, 0x0000000650360000)
  from space 349504K, 100% used [0x0000000650360000, 0x00000006658b0000, 0x00000006658b0000)
  to   space 349504K,   0% used [0x00000006658b0000, 0x00000006658b0000, 0x000000067ae00000)
 concurrent mark-sweep generation total 6291456K, used 1738430K [0x000000067ae00000, 0x00000007fae00000, 0x00000007fae00000)
 concurrent-mark-sweep perm gen total 32960K, used 32886K [0x00000007fae00000, 0x00000007fce30000, 0x0000000800000000)
2016-09-06T15:58:56.077+0800: 336.748: [GC 336.749: [ParNew
Desired survivor size 322102880 bytes, new threshold 2 (max 8)
- age   1:  237123392 bytes,  237123392 total
- age   2:  120768192 bytes,  357891584 total
: 1747648K->349504K(1747648K), 0.6265110 secs] 3486078K->2468745K(8039104K), 0.6290870 secs] [Times: user=2.09 sys=0.06, real=0.63 secs] 
Heap after GC invocations=9 (full 0):
 par new generation   total 1747648K, used 349504K [0x00000005fae00000, 0x000000067ae00000, 0x000000067ae00000)
  eden space 1398144K,   0% used [0x00000005fae00000, 0x00000005fae00000, 0x0000000650360000)
  from space 349504K, 100% used [0x00000006658b0000, 0x000000067ae00000, 0x000000067ae00000)
  to   space 349504K,   0% used [0x0000000650360000, 0x0000000650360000, 0x00000006658b0000)
 concurrent mark-sweep generation total 6291456K, used 2119241K [0x000000067ae00000, 0x00000007fae00000, 0x00000007fae00000)
 concurrent-mark-sweep perm gen total 32960K, used 32886K [0x00000007fae00000, 0x00000007fce30000, 0x0000000800000000)
}
Total time for which application threads were stopped: 0.6462920 seconds
Total time for which application threads were stopped: 0.0878660 seconds
Total time for which application threads were stopped: 0.0125270 seconds
Total time for which application threads were stopped: 0.0009140 seconds
Total time for which application threads were stopped: 0.0006630 seconds
Total time for which application threads were stopped: 0.0006660 seconds
Total time for which application threads were stopped: 0.0006590 seconds
Total time for which application threads were stopped: 0.0012190 seconds
Total time for which application threads were stopped: 0.0006920 seconds
Total time for which application threads were stopped: 0.0009800 seconds
Total time for which application threads were stopped: 0.0007250 seconds
Total time for which application threads were stopped: 0.0006940 seconds
Total time for which application threads were stopped: 0.0007810 seconds
Total time for which application threads were stopped: 0.0007740 seconds
Total time for which application threads were stopped: 0.0007610 seconds
Total time for which application threads were stopped: 0.0007810 seconds
Total time for which application threads were stopped: 0.0007230 seconds
Total time for which application threads were stopped: 0.0006670 seconds
Total time for which application threads were stopped: 0.0007620 seconds
Total time for which application threads were stopped: 0.0031020 seconds
Total time for which application threads were stopped: 0.0007700 seconds
Total time for which application threads were stopped: 0.0462840 seconds
Total time for which application threads were stopped: 0.0285660 seconds
{Heap before GC invocations=9 (full 0):
 par new generation   total 1747648K, used 1747648K [0x00000005fae00000, 0x000000067ae00000, 0x000000067ae00000)
  eden space 1398144K, 100% used [0x00000005fae00000, 0x0000000650360000, 0x0000000650360000)
  from space 349504K, 100% used [0x00000006658b0000, 0x000000067ae00000, 0x000000067ae00000)
  to   space 349504K,   0% used [0x0000000650360000, 0x0000000650360000, 0x00000006658b0000)
 concurrent mark-sweep generation total 6291456K, used 2119241K [0x000000067ae00000, 0x00000007fae00000, 0x00000007fae00000)
 concurrent-mark-sweep perm gen total 32960K, used 32901K [0x00000007fae00000, 0x00000007fce30000, 0x0000000800000000)
2016-09-06T15:59:00.440+0800: 341.111: [GC 341.112: [ParNew
Desired survivor size 322102880 bytes, new threshold 2 (max 8)
- age   1:  182494520 bytes,  182494520 total
- age   2:  175397320 bytes,  357891840 total
: 1747648K->349504K(1747648K), 0.6514520 secs] 3866889K->2892859K(8039104K), 0.6533660 secs] [Times: user=2.13 sys=0.10, real=0.65 secs] 
Heap after GC invocations=10 (full 0):
 par new generation   total 1747648K, used 349504K [0x00000005fae00000, 0x000000067ae00000, 0x000000067ae00000)
  eden space 1398144K,   0% used [0x00000005fae00000, 0x00000005fae00000, 0x0000000650360000)
  from space 349504K, 100% used [0x0000000650360000, 0x00000006658b0000, 0x00000006658b0000)
  to   space 349504K,   0% used [0x00000006658b0000, 0x00000006658b0000, 0x000000067ae00000)
 concurrent mark-sweep generation total 6291456K, used 2543355K [0x000000067ae00000, 0x00000007fae00000, 0x00000007fae00000)
 concurrent-mark-sweep perm gen total 32960K, used 32901K [0x00000007fae00000, 0x00000007fce30000, 0x0000000800000000)
}
Total time for which application threads were stopped: 0.6848090 seconds
{Heap before GC invocations=10 (full 0):
 par new generation   total 1747648K, used 1747648K [0x00000005fae00000, 0x000000067ae00000, 0x000000067ae00000)
  eden space 1398144K, 100% used [0x00000005fae00000, 0x0000000650360000, 0x0000000650360000)
  from space 349504K, 100% used [0x0000000650360000, 0x00000006658b0000, 0x00000006658b0000)
  to   space 349504K,   0% used [0x00000006658b0000, 0x00000006658b0000, 0x000000067ae00000)
 concurrent mark-sweep generation total 6291456K, used 2543355K [0x000000067ae00000, 0x00000007fae00000, 0x00000007fae00000)
 concurrent-mark-sweep perm gen total 32960K, used 32911K [0x00000007fae00000, 0x00000007fce30000, 0x0000000800000000)
2016-09-06T15:59:03.189+0800: 343.860: [GC 343.861: [ParNew
Desired survivor size 322102880 bytes, new threshold 2 (max 8)
- age   1:  190083600 bytes,  190083600 total
- age   2:  167808264 bytes,  357891864 total
: 1747648K->349504K(1747648K), 0.7118590 secs] 4291003K->3342036K(8039104K), 0.7140530 secs] [Times: user=2.30 sys=0.11, real=0.71 secs] 
Heap after GC invocations=11 (full 0):
 par new generation   total 1747648K, used 349504K [0x00000005fae00000, 0x000000067ae00000, 0x000000067ae00000)
  eden space 1398144K,   0% used [0x00000005fae00000, 0x00000005fae00000, 0x0000000650360000)
  from space 349504K, 100% used [0x00000006658b0000, 0x000000067ae00000, 0x000000067ae00000)
  to   space 349504K,   0% used [0x0000000650360000, 0x0000000650360000, 0x00000006658b0000)
 concurrent mark-sweep generation total 6291456K, used 2992532K [0x000000067ae00000, 0x00000007fae00000, 0x00000007fae00000)
 concurrent-mark-sweep perm gen total 32960K, used 32911K [0x00000007fae00000, 0x00000007fce30000, 0x0000000800000000)
}
Total time for which application threads were stopped: 0.7420900 seconds
Total time for which application threads were stopped: 0.0091490 seconds
Total time for which application threads were stopped: 0.0173280 seconds
Total time for which application threads were stopped: 0.0183870 seconds
{Heap before GC invocations=11 (full 0):
 par new generation   total 1747648K, used 1747648K [0x00000005fae00000, 0x000000067ae00000, 0x000000067ae00000)
  eden space 1398144K, 100% used [0x00000005fae00000, 0x0000000650360000, 0x0000000650360000)
  from space 349504K, 100% used [0x00000006658b0000, 0x000000067ae00000, 0x000000067ae00000)
  to   space 349504K,   0% used [0x0000000650360000, 0x0000000650360000, 0x00000006658b0000)
 concurrent mark-sweep generation total 6291456K, used 2992532K [0x000000067ae00000, 0x00000007fae00000, 0x00000007fae00000)
 concurrent-mark-sweep perm gen total 33152K, used 33019K [0x00000007fae00000, 0x00000007fce60000, 0x0000000800000000)
2016-09-06T15:59:07.070+0800: 347.741: [GC 347.742: [ParNew
Desired survivor size 322102880 bytes, new threshold 2 (max 8)
- age   1:  319313560 bytes,  319313560 total
- age   2:   38577912 bytes,  357891472 total
: 1747648K->349504K(1747648K), 0.7262720 secs] 4740180K->3863435K(8039104K), 0.7286890 secs] [Times: user=2.34 sys=0.11, real=0.73 secs] 
Heap after GC invocations=12 (full 0):
 par new generation   total 1747648K, used 349504K [0x00000005fae00000, 0x000000067ae00000, 0x000000067ae00000)
  eden space 1398144K,   0% used [0x00000005fae00000, 0x00000005fae00000, 0x0000000650360000)
  from space 349504K, 100% used [0x0000000650360000, 0x00000006658b0000, 0x00000006658b0000)
  to   space 349504K,   0% used [0x00000006658b0000, 0x00000006658b0000, 0x000000067ae00000)
 concurrent mark-sweep generation total 6291456K, used 3513931K [0x000000067ae00000, 0x00000007fae00000, 0x00000007fae00000)
 concurrent-mark-sweep perm gen total 33152K, used 33019K [0x00000007fae00000, 0x00000007fce60000, 0x0000000800000000)
}
Total time for which application threads were stopped: 0.7368700 seconds
2016-09-06T15:59:07.802+0800: 348.474: [GC [1 CMS-initial-mark: 3513931K(6291456K)] 3864004K(8039104K), 0.2078350 secs] [Times: user=0.20 sys=0.01, real=0.21 secs] 
Total time for which application threads were stopped: 0.2104220 seconds
2016-09-06T15:59:08.012+0800: 348.683: [CMS-concurrent-mark-start]
Total time for which application threads were stopped: 0.0129720 seconds
Total time for which application threads were stopped: 0.0137870 seconds
{Heap before GC invocations=12 (full 1):
 par new generation   total 1747648K, used 1747648K [0x00000005fae00000, 0x000000067ae00000, 0x000000067ae00000)
  eden space 1398144K, 100% used [0x00000005fae00000, 0x0000000650360000, 0x0000000650360000)
  from space 349504K, 100% used [0x0000000650360000, 0x00000006658b0000, 0x00000006658b0000)
  to   space 349504K,   0% used [0x00000006658b0000, 0x00000006658b0000, 0x000000067ae00000)
 concurrent mark-sweep generation total 6291456K, used 3513931K [0x000000067ae00000, 0x00000007fae00000, 0x00000007fae00000)
 concurrent-mark-sweep perm gen total 33152K, used 33033K [0x00000007fae00000, 0x00000007fce60000, 0x0000000800000000)
2016-09-06T15:59:09.887+0800: 350.558: [GC 350.559: [ParNew
Desired survivor size 322102880 bytes, new threshold 2 (max 8)
- age   1:  165221160 bytes,  165221160 total
- age   2:  192670616 bytes,  357891776 total
: 1747648K->349504K(1747648K), 0.6010550 secs] 5261579K->4239084K(8039104K), 0.6031400 secs] [Times: user=2.02 sys=0.08, real=0.60 secs] 
Heap after GC invocations=13 (full 1):
 par new generation   total 1747648K, used 349504K [0x00000005fae00000, 0x000000067ae00000, 0x000000067ae00000)
  eden space 1398144K,   0% used [0x00000005fae00000, 0x00000005fae00000, 0x0000000650360000)
  from space 349504K, 100% used [0x00000006658b0000, 0x000000067ae00000, 0x000000067ae00000)
  to   space 349504K,   0% used [0x0000000650360000, 0x0000000650360000, 0x00000006658b0000)
 concurrent mark-sweep generation total 6291456K, used 3889580K [0x000000067ae00000, 0x00000007fae00000, 0x00000007fae00000)
 concurrent-mark-sweep perm gen total 33152K, used 33033K [0x00000007fae00000, 0x00000007fce60000, 0x0000000800000000)
}
Total time for which application threads were stopped: 0.6173760 seconds
Total time for which application threads were stopped: 0.0314730 seconds
{Heap before GC invocations=13 (full 1):
 par new generation   total 1747648K, used 1747648K [0x00000005fae00000, 0x000000067ae00000, 0x000000067ae00000)
  eden space 1398144K, 100% used [0x00000005fae00000, 0x0000000650360000, 0x0000000650360000)
  from space 349504K, 100% used [0x00000006658b0000, 0x000000067ae00000, 0x000000067ae00000)
  to   space 349504K,   0% used [0x0000000650360000, 0x0000000650360000, 0x00000006658b0000)
 concurrent mark-sweep generation total 6291456K, used 3889580K [0x000000067ae00000, 0x00000007fae00000, 0x00000007fae00000)
 concurrent-mark-sweep perm gen total 33152K, used 33039K [0x00000007fae00000, 0x00000007fce60000, 0x0000000800000000)
2016-09-06T15:59:12.228+0800: 352.899: [GC 352.900: [ParNew
Desired survivor size 322102880 bytes, new threshold 2 (max 8)
- age   1:  200947760 bytes,  200947760 total
- age   2:  156897272 bytes,  357845032 total
: 1747648K->349504K(1747648K), 0.5462710 secs] 5637228K->4560317K(8039104K), 0.5483150 secs] [Times: user=1.84 sys=0.07, real=0.54 secs] 
Heap after GC invocations=14 (full 1):
 par new generation   total 1747648K, used 349504K [0x00000005fae00000, 0x000000067ae00000, 0x000000067ae00000)
  eden space 1398144K,   0% used [0x00000005fae00000, 0x00000005fae00000, 0x0000000650360000)
  from space 349504K, 100% used [0x0000000650360000, 0x00000006658b0000, 0x00000006658b0000)
  to   space 349504K,   0% used [0x00000006658b0000, 0x00000006658b0000, 0x000000067ae00000)
 concurrent mark-sweep generation total 6291456K, used 4210813K [0x000000067ae00000, 0x00000007fae00000, 0x00000007fae00000)
 concurrent-mark-sweep perm gen total 33152K, used 33039K [0x00000007fae00000, 0x00000007fce60000, 0x0000000800000000)
}
Total time for which application threads were stopped: 0.5620820 seconds
Total time for which application threads were stopped: 0.0229940 seconds
{Heap before GC invocations=14 (full 1):
 par new generation   total 1747648K, used 1747648K [0x00000005fae00000, 0x000000067ae00000, 0x000000067ae00000)
  eden space 1398144K, 100% used [0x00000005fae00000, 0x0000000650360000, 0x0000000650360000)
  from space 349504K, 100% used [0x0000000650360000, 0x00000006658b0000, 0x00000006658b0000)
  to   space 349504K,   0% used [0x00000006658b0000, 0x00000006658b0000, 0x000000067ae00000)
 concurrent mark-sweep generation total 6291456K, used 4210813K [0x000000067ae00000, 0x00000007fae00000, 0x00000007fae00000)
 concurrent-mark-sweep perm gen total 33152K, used 33042K [0x00000007fae00000, 0x00000007fce60000, 0x0000000800000000)
2016-09-06T15:59:13.869+0800: 354.540: [GC 354.541: [ParNew
Desired survivor size 322102880 bytes, new threshold 2 (max 8)
- age   1:  180632032 bytes,  180632032 total
- age   2:  177259448 bytes,  357891480 total
: 1747648K->349504K(1747648K), 0.4555640 secs] 5958461K->4804294K(8039104K), 0.4577780 secs] [Times: user=1.58 sys=0.06, real=0.46 secs] 
Heap after GC invocations=15 (full 1):
 par new generation   total 1747648K, used 349504K [0x00000005fae00000, 0x000000067ae00000, 0x000000067ae00000)
  eden space 1398144K,   0% used [0x00000005fae00000, 0x00000005fae00000, 0x0000000650360000)
  from space 349504K, 100% used [0x00000006658b0000, 0x000000067ae00000, 0x000000067ae00000)
  to   space 349504K,   0% used [0x0000000650360000, 0x0000000650360000, 0x00000006658b0000)
 concurrent mark-sweep generation total 6291456K, used 4454790K [0x000000067ae00000, 0x00000007fae00000, 0x00000007fae00000)
 concurrent-mark-sweep perm gen total 33152K, used 33042K [0x00000007fae00000, 0x00000007fce60000, 0x0000000800000000)
}
Total time for which application threads were stopped: 0.4599870 seconds
2016-09-06T15:59:14.861+0800: 355.532: [CMS-concurrent-mark: 4.842/6.849 secs] [Times: user=35.38 sys=0.91, real=6.85 secs] 
2016-09-06T15:59:14.861+0800: 355.532: [CMS-concurrent-preclean-start]
Total time for which application threads were stopped: 0.0207450 seconds
{Heap before GC invocations=15 (full 1):
 par new generation   total 1747648K, used 1747648K [0x00000005fae00000, 0x000000067ae00000, 0x000000067ae00000)
  eden space 1398144K, 100% used [0x00000005fae00000, 0x0000000650360000, 0x0000000650360000)
  from space 349504K, 100% used [0x00000006658b0000, 0x000000067ae00000, 0x000000067ae00000)
  to   space 349504K,   0% used [0x0000000650360000, 0x0000000650360000, 0x00000006658b0000)
 concurrent mark-sweep generation total 6291456K, used 4454790K [0x000000067ae00000, 0x00000007fae00000, 0x00000007fae00000)
 concurrent-mark-sweep perm gen total 33152K, used 33094K [0x00000007fae00000, 0x00000007fce60000, 0x0000000800000000)
2016-09-06T15:59:15.728+0800: 356.399: [GC 356.401: [ParNew
Desired survivor size 322102880 bytes, new threshold 2 (max 8)
- age   1:  247041768 bytes,  247041768 total
- age   2:  110850016 bytes,  357891784 total
: 1747648K->349504K(1747648K), 0.6002610 secs] 6202438K->5191363K(8039104K), 0.6024970 secs] [Times: user=2.00 sys=0.08, real=0.60 secs] 
Heap after GC invocations=16 (full 1):
 par new generation   total 1747648K, used 349504K [0x00000005fae00000, 0x000000067ae00000, 0x000000067ae00000)
  eden space 1398144K,   0% used [0x00000005fae00000, 0x00000005fae00000, 0x0000000650360000)
  from space 349504K, 100% used [0x0000000650360000, 0x00000006658b0000, 0x00000006658b0000)
  to   space 349504K,   0% used [0x00000006658b0000, 0x00000006658b0000, 0x000000067ae00000)
 concurrent mark-sweep generation total 6291456K, used 4841859K [0x000000067ae00000, 0x00000007fae00000, 0x00000007fae00000)
 concurrent-mark-sweep perm gen total 33152K, used 33094K [0x00000007fae00000, 0x00000007fce60000, 0x0000000800000000)
}
Total time for which application threads were stopped: 0.6072510 seconds
Total time for which application threads were stopped: 0.0108210 seconds
Total time for which application threads were stopped: 0.0052450 seconds
{Heap before GC invocations=16 (full 1):
 par new generation   total 1747648K, used 1747648K [0x00000005fae00000, 0x000000067ae00000, 0x000000067ae00000)
  eden space 1398144K, 100% used [0x00000005fae00000, 0x0000000650360000, 0x0000000650360000)
  from space 349504K, 100% used [0x0000000650360000, 0x00000006658b0000, 0x00000006658b0000)
  to   space 349504K,   0% used [0x00000006658b0000, 0x00000006658b0000, 0x000000067ae00000)
 concurrent mark-sweep generation total 6291456K, used 4841859K [0x000000067ae00000, 0x00000007fae00000, 0x00000007fae00000)
 concurrent-mark-sweep perm gen total 33344K, used 33143K [0x00000007fae00000, 0x00000007fce90000, 0x0000000800000000)
2016-09-06T15:59:17.385+0800: 358.056: [GC 358.057: [ParNew
Desired survivor size 322102880 bytes, new threshold 2 (max 8)
- age   1:  185455688 bytes,  185455688 total
- age   2:  172435944 bytes,  357891632 total
: 1747648K->349504K(1747648K), 0.5747910 secs] 6589507K->5528198K(8039104K), 0.5771240 secs] [Times: user=1.94 sys=0.07, real=0.58 secs] 
Heap after GC invocations=17 (full 1):
 par new generation   total 1747648K, used 349504K [0x00000005fae00000, 0x000000067ae00000, 0x000000067ae00000)
  eden space 1398144K,   0% used [0x00000005fae00000, 0x00000005fae00000, 0x0000000650360000)
  from space 349504K, 100% used [0x00000006658b0000, 0x000000067ae00000, 0x000000067ae00000)
  to   space 349504K,   0% used [0x0000000650360000, 0x0000000650360000, 0x00000006658b0000)
 concurrent mark-sweep generation total 6291456K, used 5178694K [0x000000067ae00000, 0x00000007fae00000, 0x00000007fae00000)
 concurrent-mark-sweep perm gen total 33344K, used 33143K [0x00000007fae00000, 0x00000007fce90000, 0x0000000800000000)
}
Total time for which application threads were stopped: 0.5994700 seconds
Total time for which application threads were stopped: 0.0098830 seconds
{Heap before GC invocations=17 (full 1):
 par new generation   total 1747648K, used 1747648K [0x00000005fae00000, 0x000000067ae00000, 0x000000067ae00000)
  eden space 1398144K, 100% used [0x00000005fae00000, 0x0000000650360000, 0x0000000650360000)
  from space 349504K, 100% used [0x00000006658b0000, 0x000000067ae00000, 0x000000067ae00000)
  to   space 349504K,   0% used [0x0000000650360000, 0x0000000650360000, 0x00000006658b0000)
 concurrent mark-sweep generation total 6291456K, used 5178694K [0x000000067ae00000, 0x00000007fae00000, 0x00000007fae00000)
 concurrent-mark-sweep perm gen total 33344K, used 33162K [0x00000007fae00000, 0x00000007fce90000, 0x0000000800000000)
2016-09-06T15:59:18.982+0800: 359.653: [GC 359.654: [ParNew
Desired survivor size 322102880 bytes, new threshold 2 (max 8)
- age   1:  191676584 bytes,  191676584 total
- age   2:  166214104 bytes,  357890688 total
: 1747648K->349502K(1747648K), 0.6280000 secs] 6926342K->5882992K(8039104K), 0.6300620 secs] [Times: user=2.14 sys=0.08, real=0.63 secs] 
Heap after GC invocations=18 (full 1):
 par new generation   total 1747648K, used 349502K [0x00000005fae00000, 0x000000067ae00000, 0x000000067ae00000)
  eden space 1398144K,   0% used [0x00000005fae00000, 0x00000005fae00000, 0x0000000650360000)
  from space 349504K,  99% used [0x0000000650360000, 0x00000006658afbc0, 0x00000006658b0000)
  to   space 349504K,   0% used [0x00000006658b0000, 0x00000006658b0000, 0x000000067ae00000)
 concurrent mark-sweep generation total 6291456K, used 5533489K [0x000000067ae00000, 0x00000007fae00000, 0x00000007fae00000)
 concurrent-mark-sweep perm gen total 33344K, used 33162K [0x00000007fae00000, 0x00000007fce90000, 0x0000000800000000)
}
Total time for which application threads were stopped: 0.6463930 seconds
{Heap before GC invocations=18 (full 1):
 par new generation   total 1747648K, used 1747646K [0x00000005fae00000, 0x000000067ae00000, 0x000000067ae00000)
  eden space 1398144K, 100% used [0x00000005fae00000, 0x0000000650360000, 0x0000000650360000)
  from space 349504K,  99% used [0x0000000650360000, 0x00000006658afbc0, 0x00000006658b0000)
  to   space 349504K,   0% used [0x00000006658b0000, 0x00000006658b0000, 0x000000067ae00000)
 concurrent mark-sweep generation total 6291456K, used 5533489K [0x000000067ae00000, 0x00000007fae00000, 0x00000007fae00000)
 concurrent-mark-sweep perm gen total 33344K, used 33164K [0x00000007fae00000, 0x00000007fce90000, 0x0000000800000000)
2016-09-06T15:59:20.560+0800: 361.231: [GC 361.232: [ParNew
Desired survivor size 322102880 bytes, new threshold 2 (max 8)
- age   1:  223179552 bytes,  223179552 total
- age   2:  134710928 bytes,  357890480 total
: 1747646K->349502K(1747648K), 0.5516610 secs] 7281136K->6224662K(8039104K), 0.5539020 secs] [Times: user=1.88 sys=0.07, real=0.55 secs] 
Heap after GC invocations=19 (full 1):
 par new generation   total 1747648K, used 349502K [0x00000005fae00000, 0x000000067ae00000, 0x000000067ae00000)
  eden space 1398144K,   0% used [0x00000005fae00000, 0x00000005fae00000, 0x0000000650360000)
  from space 349504K,  99% used [0x00000006658b0000, 0x000000067adffac0, 0x000000067ae00000)
  to   space 349504K,   0% used [0x0000000650360000, 0x0000000650360000, 0x00000006658b0000)
 concurrent mark-sweep generation total 6291456K, used 5875159K [0x000000067ae00000, 0x00000007fae00000, 0x00000007fae00000)
 concurrent-mark-sweep perm gen total 33344K, used 33164K [0x00000007fae00000, 0x00000007fce90000, 0x0000000800000000)
}
Total time for which application threads were stopped: 0.5581300 seconds
{Heap before GC invocations=19 (full 1):
 par new generation   total 1747648K, used 1747646K [0x00000005fae00000, 0x000000067ae00000, 0x000000067ae00000)
  eden space 1398144K, 100% used [0x00000005fae00000, 0x0000000650360000, 0x0000000650360000)
  from space 349504K,  99% used [0x00000006658b0000, 0x000000067adffac0, 0x000000067ae00000)
  to   space 349504K,   0% used [0x0000000650360000, 0x0000000650360000, 0x00000006658b0000)
 concurrent mark-sweep generation total 6291456K, used 5875159K [0x000000067ae00000, 0x00000007fae00000, 0x00000007fae00000)
 concurrent-mark-sweep perm gen total 33344K, used 33167K [0x00000007fae00000, 0x00000007fce90000, 0x0000000800000000)
2016-09-06T15:59:21.984+0800: 362.655: [GC 362.656: [ParNew
Desired survivor size 322102880 bytes, new threshold 2 (max 8)
- age   1:  209298704 bytes,  209298704 total
- age   2:  148591592 bytes,  357890296 total
: 1747646K->349502K(1747648K), 0.6268110 secs] 7622806K->6594668K(8039104K), 0.6291850 secs] [Times: user=2.05 sys=0.07, real=0.63 secs] 
Heap after GC invocations=20 (full 1):
 par new generation   total 1747648K, used 349502K [0x00000005fae00000, 0x000000067ae00000, 0x000000067ae00000)
  eden space 1398144K,   0% used [0x00000005fae00000, 0x00000005fae00000, 0x0000000650360000)
  from space 349504K,  99% used [0x0000000650360000, 0x00000006658af9e0, 0x00000006658b0000)
  to   space 349504K,   0% used [0x00000006658b0000, 0x00000006658b0000, 0x000000067ae00000)
 concurrent mark-sweep generation total 6291456K, used 6245165K [0x000000067ae00000, 0x00000007fae00000, 0x00000007fae00000)
 concurrent-mark-sweep perm gen total 33344K, used 33167K [0x00000007fae00000, 0x00000007fce90000, 0x0000000800000000)
}
Total time for which application threads were stopped: 0.6329170 seconds
Total time for which application threads were stopped: 0.0022750 seconds
Total time for which application threads were stopped: 0.0093570 seconds
Total time for which application threads were stopped: 0.0015530 seconds
Total time for which application threads were stopped: 0.0101020 seconds
Total time for which application threads were stopped: 0.0184530 seconds
Total time for which application threads were stopped: 0.0092540 seconds
{Heap before GC invocations=20 (full 1):
 par new generation   total 1747648K, used 1747646K [0x00000005fae00000, 0x000000067ae00000, 0x000000067ae00000)
  eden space 1398144K, 100% used [0x00000005fae00000, 0x0000000650360000, 0x0000000650360000)
  from space 349504K,  99% used [0x0000000650360000, 0x00000006658af9e0, 0x00000006658b0000)
  to   space 349504K,   0% used [0x00000006658b0000, 0x00000006658b0000, 0x000000067ae00000)
 concurrent mark-sweep generation total 6291456K, used 6245165K [0x000000067ae00000, 0x00000007fae00000, 0x00000007fae00000)
 concurrent-mark-sweep perm gen total 33344K, used 33209K [0x00000007fae00000, 0x00000007fce90000, 0x0000000800000000)
2016-09-06T15:59:24.040+0800: 364.711: [GC 364.713: [ParNew: 1747646K->1747646K(1747648K), 0.0000380 secs] 7992812K->7992812K(8039104K), 0.0020230 secs] [Times: user=0.01 sys=0.00, real=0.00 secs] 
Heap after GC invocations=21 (full 1):
 par new generation   total 1747648K, used 1747646K [0x00000005fae00000, 0x000000067ae00000, 0x000000067ae00000)
  eden space 1398144K, 100% used [0x00000005fae00000, 0x0000000650360000, 0x0000000650360000)
  from space 349504K,  99% used [0x0000000650360000, 0x00000006658af9e0, 0x00000006658b0000)
  to   space 349504K,   0% used [0x00000006658b0000, 0x00000006658b0000, 0x000000067ae00000)
 concurrent mark-sweep generation total 6291456K, used 6245165K [0x000000067ae00000, 0x00000007fae00000, 0x00000007fae00000)
 concurrent-mark-sweep perm gen total 33344K, used 33209K [0x00000007fae00000, 0x00000007fce90000, 0x0000000800000000)
}
{Heap before GC invocations=21 (full 1):
 par new generation   total 1747648K, used 1747646K [0x00000005fae00000, 0x000000067ae00000, 0x000000067ae00000)
  eden space 1398144K, 100% used [0x00000005fae00000, 0x0000000650360000, 0x0000000650360000)
  from space 349504K,  99% used [0x0000000650360000, 0x00000006658af9e0, 0x00000006658b0000)
  to   space 349504K,   0% used [0x00000006658b0000, 0x00000006658b0000, 0x000000067ae00000)
 concurrent mark-sweep generation total 6291456K, used 6245165K [0x000000067ae00000, 0x00000007fae00000, 0x00000007fae00000)
 concurrent-mark-sweep perm gen total 33344K, used 33209K [0x00000007fae00000, 0x00000007fce90000, 0x0000000800000000)
2016-09-06T15:59:24.043+0800: 364.714: [Full GC 364.714: [CMS2016-09-06T15:59:25.710+0800: 366.381: [CMS-concurrent-preclean: 7.395/10.849 secs] [Times: user=46.37 sys=1.49, real=10.85 secs] 
 (concurrent mode failure): 6245165K->3992141K(6291456K), 11.8601360 secs] 7992812K->3992141K(8039104K), [CMS Perm : 33209K->33122K(33344K)], 11.8618880 secs] [Times: user=11.80 sys=0.07, real=11.86 secs] 
Heap after GC invocations=22 (full 2):
 par new generation   total 1747648K, used 0K [0x00000005fae00000, 0x000000067ae00000, 0x000000067ae00000)
  eden space 1398144K,   0% used [0x00000005fae00000, 0x00000005fae00000, 0x0000000650360000)
  from space 349504K,   0% used [0x0000000650360000, 0x0000000650360000, 0x00000006658b0000)
  to   space 349504K,   0% used [0x00000006658b0000, 0x00000006658b0000, 0x000000067ae00000)
 concurrent mark-sweep generation total 6291456K, used 3992141K [0x000000067ae00000, 0x00000007fae00000, 0x00000007fae00000)
 concurrent-mark-sweep perm gen total 55204K, used 33122K [0x00000007fae00000, 0x00000007fe3e9000, 0x0000000800000000)
}
Total time for which application threads were stopped: 11.8693060 seconds
{Heap before GC invocations=22 (full 2):
 par new generation   total 1747648K, used 1398144K [0x00000005fae00000, 0x000000067ae00000, 0x000000067ae00000)
  eden space 1398144K, 100% used [0x00000005fae00000, 0x0000000650360000, 0x0000000650360000)
  from space 349504K,   0% used [0x0000000650360000, 0x0000000650360000, 0x00000006658b0000)
  to   space 349504K,   0% used [0x00000006658b0000, 0x00000006658b0000, 0x000000067ae00000)
 concurrent mark-sweep generation total 6291456K, used 3992141K [0x000000067ae00000, 0x00000007fae00000, 0x00000007fae00000)
 concurrent-mark-sweep perm gen total 55204K, used 33146K [0x00000007fae00000, 0x00000007fe3e9000, 0x0000000800000000)
2016-09-06T15:59:36.850+0800: 377.521: [GC 377.522: [ParNew
Desired survivor size 322102880 bytes, new threshold 1 (max 8)
- age   1:  322121272 bytes,  322121272 total
: 1398144K->349502K(1747648K), 0.2819950 secs] 5390285K->4348613K(8039104K), 0.2843980 secs] [Times: user=1.11 sys=0.00, real=0.28 secs] 
Heap after GC invocations=23 (full 2):
 par new generation   total 1747648K, used 349502K [0x00000005fae00000, 0x000000067ae00000, 0x000000067ae00000)
  eden space 1398144K,   0% used [0x00000005fae00000, 0x00000005fae00000, 0x0000000650360000)
  from space 349504K,  99% used [0x00000006658b0000, 0x000000067adff920, 0x000000067ae00000)
  to   space 349504K,   0% used [0x0000000650360000, 0x0000000650360000, 0x00000006658b0000)
 concurrent mark-sweep generation total 6291456K, used 3999110K [0x000000067ae00000, 0x00000007fae00000, 0x00000007fae00000)
 concurrent-mark-sweep perm gen total 55204K, used 33146K [0x00000007fae00000, 0x00000007fe3e9000, 0x0000000800000000)
}
Total time for which application threads were stopped: 0.3244310 seconds
2016-09-06T15:59:37.144+0800: 377.815: [GC [1 CMS-initial-mark: 3999110K(6291456K)] 4354141K(8039104K), 0.2168560 secs] [Times: user=0.22 sys=0.00, real=0.22 secs] 
Total time for which application threads were stopped: 0.2200360 seconds
2016-09-06T15:59:37.362+0800: 378.033: [CMS-concurrent-mark-start]
{Heap before GC invocations=23 (full 3):
 par new generation   total 1747648K, used 1747646K [0x00000005fae00000, 0x000000067ae00000, 0x000000067ae00000)
  eden space 1398144K, 100% used [0x00000005fae00000, 0x0000000650360000, 0x0000000650360000)
  from space 349504K,  99% used [0x00000006658b0000, 0x000000067adff920, 0x000000067ae00000)
  to   space 349504K,   0% used [0x0000000650360000, 0x0000000650360000, 0x00000006658b0000)
 concurrent mark-sweep generation total 6291456K, used 3999110K [0x000000067ae00000, 0x00000007fae00000, 0x00000007fae00000)
 concurrent-mark-sweep perm gen total 55204K, used 33160K [0x00000007fae00000, 0x00000007fe3e9000, 0x0000000800000000)
2016-09-06T15:59:38.550+0800: 379.221: [GC 379.222: [ParNew
Desired survivor size 322102880 bytes, new threshold 8 (max 8)
- age   1:  269061800 bytes,  269061800 total
: 1747646K->323304K(1747648K), 0.4082150 secs] 5746757K->4618464K(8039104K), 0.4103800 secs] [Times: user=1.46 sys=0.00, real=0.41 secs] 
Heap after GC invocations=24 (full 3):
 par new generation   total 1747648K, used 323304K [0x00000005fae00000, 0x000000067ae00000, 0x000000067ae00000)
  eden space 1398144K,   0% used [0x00000005fae00000, 0x00000005fae00000, 0x0000000650360000)
  from space 349504K,  92% used [0x0000000650360000, 0x0000000663f1a0c0, 0x00000006658b0000)
  to   space 349504K,   0% used [0x00000006658b0000, 0x00000006658b0000, 0x000000067ae00000)
 concurrent mark-sweep generation total 6291456K, used 4295159K [0x000000067ae00000, 0x00000007fae00000, 0x00000007fae00000)
 concurrent-mark-sweep perm gen total 55204K, used 33160K [0x00000007fae00000, 0x00000007fe3e9000, 0x0000000800000000)
}
Total time for which application threads were stopped: 0.4165860 seconds
{Heap before GC invocations=24 (full 3):
 par new generation   total 1747648K, used 1721448K [0x00000005fae00000, 0x000000067ae00000, 0x000000067ae00000)
  eden space 1398144K, 100% used [0x00000005fae00000, 0x0000000650360000, 0x0000000650360000)
  from space 349504K,  92% used [0x0000000650360000, 0x0000000663f1a0c0, 0x00000006658b0000)
  to   space 349504K,   0% used [0x00000006658b0000, 0x00000006658b0000, 0x000000067ae00000)
 concurrent mark-sweep generation total 6291456K, used 4295159K [0x000000067ae00000, 0x00000007fae00000, 0x00000007fae00000)
 concurrent-mark-sweep perm gen total 55204K, used 33163K [0x00000007fae00000, 0x00000007fe3e9000, 0x0000000800000000)
2016-09-06T15:59:39.877+0800: 380.548: [GC 380.549: [ParNew
Desired survivor size 322102880 bytes, new threshold 2 (max 8)
- age   1:  217152432 bytes,  217152432 total
- age   2:  140738752 bytes,  357891184 total
: 1721448K->349504K(1747648K), 0.5007060 secs] 6016608K->4888915K(8039104K), 0.5029570 secs] [Times: user=1.85 sys=0.01, real=0.50 secs] 
Heap after GC invocations=25 (full 3):
 par new generation   total 1747648K, used 349504K [0x00000005fae00000, 0x000000067ae00000, 0x000000067ae00000)
  eden space 1398144K,   0% used [0x00000005fae00000, 0x00000005fae00000, 0x0000000650360000)
  from space 349504K, 100% used [0x00000006658b0000, 0x000000067ae00000, 0x000000067ae00000)
  to   space 349504K,   0% used [0x0000000650360000, 0x0000000650360000, 0x00000006658b0000)
 concurrent mark-sweep generation total 6291456K, used 4539411K [0x000000067ae00000, 0x00000007fae00000, 0x00000007fae00000)
 concurrent-mark-sweep perm gen total 55204K, used 33163K [0x00000007fae00000, 0x00000007fe3e9000, 0x0000000800000000)
}
Total time for which application threads were stopped: 0.5140600 seconds
{Heap before GC invocations=25 (full 3):
 par new generation   total 1747648K, used 1747648K [0x00000005fae00000, 0x000000067ae00000, 0x000000067ae00000)
  eden space 1398144K, 100% used [0x00000005fae00000, 0x0000000650360000, 0x0000000650360000)
  from space 349504K, 100% used [0x00000006658b0000, 0x000000067ae00000, 0x000000067ae00000)
  to   space 349504K,   0% used [0x0000000650360000, 0x0000000650360000, 0x00000006658b0000)
 concurrent mark-sweep generation total 6291456K, used 4539411K [0x000000067ae00000, 0x00000007fae00000, 0x00000007fae00000)
 concurrent-mark-sweep perm gen total 55204K, used 33165K [0x00000007fae00000, 0x00000007fe3e9000, 0x0000000800000000)
2016-09-06T15:59:41.168+0800: 381.839: [GC 381.840: [ParNew
Desired survivor size 322102880 bytes, new threshold 2 (max 8)
- age   1:  231917760 bytes,  231917760 total
- age   2:  125973752 bytes,  357891512 total
: 1747648K->349504K(1747648K), 0.5957700 secs] 6287059K->5273723K(8039104K), 0.5980480 secs] [Times: user=2.17 sys=0.00, real=0.60 secs] 
Heap after GC invocations=26 (full 3):
 par new generation   total 1747648K, used 349504K [0x00000005fae00000, 0x000000067ae00000, 0x000000067ae00000)
  eden space 1398144K,   0% used [0x00000005fae00000, 0x00000005fae00000, 0x0000000650360000)
  from space 349504K, 100% used [0x0000000650360000, 0x00000006658b0000, 0x00000006658b0000)
  to   space 349504K,   0% used [0x00000006658b0000, 0x00000006658b0000, 0x000000067ae00000)
 concurrent mark-sweep generation total 6291456K, used 4924219K [0x000000067ae00000, 0x00000007fae00000, 0x00000007fae00000)
 concurrent-mark-sweep perm gen total 55204K, used 33165K [0x00000007fae00000, 0x00000007fe3e9000, 0x0000000800000000)
}
Total time for which application threads were stopped: 0.6163910 seconds
{Heap before GC invocations=26 (full 3):
 par new generation   total 1747648K, used 1747648K [0x00000005fae00000, 0x000000067ae00000, 0x000000067ae00000)
  eden space 1398144K, 100% used [0x00000005fae00000, 0x0000000650360000, 0x0000000650360000)
  from space 349504K, 100% used [0x0000000650360000, 0x00000006658b0000, 0x00000006658b0000)
  to   space 349504K,   0% used [0x00000006658b0000, 0x00000006658b0000, 0x000000067ae00000)
 concurrent mark-sweep generation total 6291456K, used 4924219K [0x000000067ae00000, 0x00000007fae00000, 0x00000007fae00000)
 concurrent-mark-sweep perm gen total 55204K, used 33175K [0x00000007fae00000, 0x00000007fe3e9000, 0x0000000800000000)
2016-09-06T15:59:42.721+0800: 383.392: [GC 383.394: [ParNew
Desired survivor size 322102880 bytes, new threshold 2 (max 8)
- age   1:  175317304 bytes,  175317304 total
- age   2:  182574624 bytes,  357891928 total
: 1747648K->349504K(1747648K), 0.5098460 secs] 6671867K->5532408K(8039104K), 0.5124340 secs] [Times: user=1.82 sys=0.00, real=0.51 secs] 
Heap after GC invocations=27 (full 3):
 par new generation   total 1747648K, used 349504K [0x00000005fae00000, 0x000000067ae00000, 0x000000067ae00000)
  eden space 1398144K,   0% used [0x00000005fae00000, 0x00000005fae00000, 0x0000000650360000)
  from space 349504K, 100% used [0x00000006658b0000, 0x000000067ae00000, 0x000000067ae00000)
  to   space 349504K,   0% used [0x0000000650360000, 0x0000000650360000, 0x00000006658b0000)
 concurrent mark-sweep generation total 6291456K, used 5182904K [0x000000067ae00000, 0x00000007fae00000, 0x00000007fae00000)
 concurrent-mark-sweep perm gen total 55204K, used 33175K [0x00000007fae00000, 0x00000007fe3e9000, 0x0000000800000000)
}
Total time for which application threads were stopped: 0.5303580 seconds
{Heap before GC invocations=27 (full 3):
 par new generation   total 1747648K, used 1747648K [0x00000005fae00000, 0x000000067ae00000, 0x000000067ae00000)
  eden space 1398144K, 100% used [0x00000005fae00000, 0x0000000650360000, 0x0000000650360000)
  from space 349504K, 100% used [0x00000006658b0000, 0x000000067ae00000, 0x000000067ae00000)
  to   space 349504K,   0% used [0x0000000650360000, 0x0000000650360000, 0x00000006658b0000)
 concurrent mark-sweep generation total 6291456K, used 5182904K [0x000000067ae00000, 0x00000007fae00000, 0x00000007fae00000)
 concurrent-mark-sweep perm gen total 55204K, used 33186K [0x00000007fae00000, 0x00000007fe3e9000, 0x0000000800000000)
2016-09-06T15:59:44.044+0800: 384.715: [GC 384.716: [ParNew
Desired survivor size 322102880 bytes, new threshold 2 (max 8)
- age   1:  264946000 bytes,  264946000 total
- age   2:   92940976 bytes,  357886976 total
: 1747648K->349504K(1747648K), 0.5682930 secs] 6930552K->5889731K(8039104K), 0.5701920 secs] [Times: user=2.06 sys=0.01, real=0.57 secs] 
Heap after GC invocations=28 (full 3):
 par new generation   total 1747648K, used 349504K [0x00000005fae00000, 0x000000067ae00000, 0x000000067ae00000)
  eden space 1398144K,   0% used [0x00000005fae00000, 0x00000005fae00000, 0x0000000650360000)
  from space 349504K, 100% used [0x0000000650360000, 0x00000006658b0000, 0x00000006658b0000)
  to   space 349504K,   0% used [0x00000006658b0000, 0x00000006658b0000, 0x000000067ae00000)
 concurrent mark-sweep generation total 6291456K, used 5540227K [0x000000067ae00000, 0x00000007fae00000, 0x00000007fae00000)
 concurrent-mark-sweep perm gen total 55204K, used 33186K [0x00000007fae00000, 0x00000007fe3e9000, 0x0000000800000000)
}
Total time for which application threads were stopped: 0.5869590 seconds
{Heap before GC invocations=28 (full 3):
 par new generation   total 1747648K, used 1747648K [0x00000005fae00000, 0x000000067ae00000, 0x000000067ae00000)
  eden space 1398144K, 100% used [0x00000005fae00000, 0x0000000650360000, 0x0000000650360000)
  from space 349504K, 100% used [0x0000000650360000, 0x00000006658b0000, 0x00000006658b0000)
  to   space 349504K,   0% used [0x00000006658b0000, 0x00000006658b0000, 0x000000067ae00000)
 concurrent mark-sweep generation total 6291456K, used 5540227K [0x000000067ae00000, 0x00000007fae00000, 0x00000007fae00000)
 concurrent-mark-sweep perm gen total 55204K, used 33186K [0x00000007fae00000, 0x00000007fe3e9000, 0x0000000800000000)
2016-09-06T15:59:45.591+0800: 386.262: [GC 386.263: [ParNew
Desired survivor size 322102880 bytes, new threshold 2 (max 8)
- age   1:  184443464 bytes,  184443464 total
- age   2:  173448328 bytes,  357891792 total
: 1747648K->349504K(1747648K), 0.5662080 secs] 7287875K->6218131K(8039104K), 0.5682170 secs] [Times: user=2.07 sys=0.00, real=0.57 secs] 
Heap after GC invocations=29 (full 3):
 par new generation   total 1747648K, used 349504K [0x00000005fae00000, 0x000000067ae00000, 0x000000067ae00000)
  eden space 1398144K,   0% used [0x00000005fae00000, 0x00000005fae00000, 0x0000000650360000)
  from space 349504K, 100% used [0x00000006658b0000, 0x000000067ae00000, 0x000000067ae00000)
  to   space 349504K,   0% used [0x0000000650360000, 0x0000000650360000, 0x00000006658b0000)
 concurrent mark-sweep generation total 6291456K, used 5868627K [0x000000067ae00000, 0x00000007fae00000, 0x00000007fae00000)
 concurrent-mark-sweep perm gen total 55204K, used 33186K [0x00000007fae00000, 0x00000007fe3e9000, 0x0000000800000000)
}
Total time for which application threads were stopped: 0.5715980 seconds
Total time for which application threads were stopped: 0.0142570 seconds
{Heap before GC invocations=29 (full 3):
 par new generation   total 1747648K, used 1747648K [0x00000005fae00000, 0x000000067ae00000, 0x000000067ae00000)
  eden space 1398144K, 100% used [0x00000005fae00000, 0x0000000650360000, 0x0000000650360000)
  from space 349504K, 100% used [0x00000006658b0000, 0x000000067ae00000, 0x000000067ae00000)
  to   space 349504K,   0% used [0x0000000650360000, 0x0000000650360000, 0x00000006658b0000)
 concurrent mark-sweep generation total 6291456K, used 5868627K [0x000000067ae00000, 0x00000007fae00000, 0x00000007fae00000)
 concurrent-mark-sweep perm gen total 55204K, used 33189K [0x00000007fae00000, 0x00000007fe3e9000, 0x0000000800000000)
2016-09-06T15:59:47.286+0800: 387.957: [GC 387.958: [ParNew
Desired survivor size 322102880 bytes, new threshold 2 (max 8)
- age   1:  199796608 bytes,  199796608 total
- age   2:  158095264 bytes,  357891872 total
: 1747648K->349504K(1747648K), 0.3781590 secs] 7616275K->6409037K(8039104K), 0.3802700 secs] [Times: user=1.48 sys=0.01, real=0.38 secs] 
Heap after GC invocations=30 (full 3):
 par new generation   total 1747648K, used 349504K [0x00000005fae00000, 0x000000067ae00000, 0x000000067ae00000)
  eden space 1398144K,   0% used [0x00000005fae00000, 0x00000005fae00000, 0x0000000650360000)
  from space 349504K, 100% used [0x0000000650360000, 0x00000006658b0000, 0x00000006658b0000)
  to   space 349504K,   0% used [0x00000006658b0000, 0x00000006658b0000, 0x000000067ae00000)
 concurrent mark-sweep generation total 6291456K, used 6059533K [0x000000067ae00000, 0x00000007fae00000, 0x00000007fae00000)
 concurrent-mark-sweep perm gen total 55204K, used 33189K [0x00000007fae00000, 0x00000007fe3e9000, 0x0000000800000000)
}
Total time for which application threads were stopped: 0.3833700 seconds
Total time for which application threads were stopped: 0.0052000 seconds
{Heap before GC invocations=30 (full 3):
 par new generation   total 1747648K, used 1747648K [0x00000005fae00000, 0x000000067ae00000, 0x000000067ae00000)
  eden space 1398144K, 100% used [0x00000005fae00000, 0x0000000650360000, 0x0000000650360000)
  from space 349504K, 100% used [0x0000000650360000, 0x00000006658b0000, 0x00000006658b0000)
  to   space 349504K,   0% used [0x00000006658b0000, 0x00000006658b0000, 0x000000067ae00000)
 concurrent mark-sweep generation total 6291456K, used 6059533K [0x000000067ae00000, 0x00000007fae00000, 0x00000007fae00000)
 concurrent-mark-sweep perm gen total 55204K, used 33191K [0x00000007fae00000, 0x00000007fe3e9000, 0x0000000800000000)
2016-09-06T15:59:48.796+0800: 389.468: [GC 389.468: [ParNew: 1747648K->1747648K(1747648K), 0.0000200 secs]389.469: [CMS2016-09-06T15:59:49.829+0800: 390.500: [CMS-concurrent-mark: 8.554/12.467 secs] [Times: user=62.08 sys=1.28, real=12.46 secs] 
 (concurrent mode failure): 6059533K->2885341K(6291456K), 8.9623200 secs] 7807181K->2885341K(8039104K), [CMS Perm : 33191K->33190K(55204K)], 8.9646390 secs] [Times: user=11.69 sys=0.00, real=8.96 secs] 
Heap after GC invocations=31 (full 4):
 par new generation   total 1747648K, used 0K [0x00000005fae00000, 0x000000067ae00000, 0x000000067ae00000)
  eden space 1398144K,   0% used [0x00000005fae00000, 0x00000005fae00000, 0x0000000650360000)
  from space 349504K,   0% used [0x0000000650360000, 0x0000000650360000, 0x00000006658b0000)
  to   space 349504K,   0% used [0x00000006658b0000, 0x00000006658b0000, 0x000000067ae00000)
 concurrent mark-sweep generation total 6291456K, used 2885341K [0x000000067ae00000, 0x00000007fae00000, 0x00000007fae00000)
 concurrent-mark-sweep perm gen total 55396K, used 33190K [0x00000007fae00000, 0x00000007fe419000, 0x0000000800000000)
}
Total time for which application threads were stopped: 8.9699370 seconds
{Heap before GC invocations=31 (full 4):
 par new generation   total 1747648K, used 1398144K [0x00000005fae00000, 0x000000067ae00000, 0x000000067ae00000)
  eden space 1398144K, 100% used [0x00000005fae00000, 0x0000000650360000, 0x0000000650360000)
  from space 349504K,   0% used [0x0000000650360000, 0x0000000650360000, 0x00000006658b0000)
  to   space 349504K,   0% used [0x00000006658b0000, 0x00000006658b0000, 0x000000067ae00000)
 concurrent mark-sweep generation total 6291456K, used 2885341K [0x000000067ae00000, 0x00000007fae00000, 0x00000007fae00000)
 concurrent-mark-sweep perm gen total 55396K, used 33193K [0x00000007fae00000, 0x00000007fe419000, 0x0000000800000000)
2016-09-06T15:59:58.629+0800: 399.300: [GC 399.301: [ParNew
Desired survivor size 322102880 bytes, new threshold 8 (max 8)
- age   1:  185421168 bytes,  185421168 total
: 1398144K->349486K(1747648K), 0.2085360 secs] 4283485K->3234827K(8039104K), 0.2103520 secs] [Times: user=0.83 sys=0.00, real=0.21 secs] 
Heap after GC invocations=32 (full 4):
 par new generation   total 1747648K, used 349486K [0x00000005fae00000, 0x000000067ae00000, 0x000000067ae00000)
  eden space 1398144K,   0% used [0x00000005fae00000, 0x00000005fae00000, 0x0000000650360000)
  from space 349504K,  99% used [0x00000006658b0000, 0x000000067adfb840, 0x000000067ae00000)
  to   space 349504K,   0% used [0x0000000650360000, 0x0000000650360000, 0x00000006658b0000)
 concurrent mark-sweep generation total 6291456K, used 2885341K [0x000000067ae00000, 0x00000007fae00000, 0x00000007fae00000)
 concurrent-mark-sweep perm gen total 55396K, used 33193K [0x00000007fae00000, 0x00000007fe419000, 0x0000000800000000)
}
Total time for which application threads were stopped: 0.2147530 seconds
{Heap before GC invocations=32 (full 4):
 par new generation   total 1747648K, used 1747630K [0x00000005fae00000, 0x000000067ae00000, 0x000000067ae00000)
  eden space 1398144K, 100% used [0x00000005fae00000, 0x0000000650360000, 0x0000000650360000)
  from space 349504K,  99% used [0x00000006658b0000, 0x000000067adfb840, 0x000000067ae00000)
  to   space 349504K,   0% used [0x0000000650360000, 0x0000000650360000, 0x00000006658b0000)
 concurrent mark-sweep generation total 6291456K, used 2885341K [0x000000067ae00000, 0x00000007fae00000, 0x00000007fae00000)
 concurrent-mark-sweep perm gen total 55396K, used 33222K [0x00000007fae00000, 0x00000007fe419000, 0x0000000800000000)
2016-09-06T15:59:59.636+0800: 400.307: [GC 400.309: [ParNew
Desired survivor size 322102880 bytes, new threshold 2 (max 8)
- age   1:  289680920 bytes,  289680920 total
- age   2:   68209816 bytes,  357890736 total
: 1747630K->349504K(1747648K), 0.3847400 secs] 4632971K->3400909K(8039104K), 0.3867650 secs] [Times: user=1.45 sys=0.01, real=0.38 secs] 
Heap after GC invocations=33 (full 4):
 par new generation   total 1747648K, used 349504K [0x00000005fae00000, 0x000000067ae00000, 0x000000067ae00000)
  eden space 1398144K,   0% used [0x00000005fae00000, 0x00000005fae00000, 0x0000000650360000)
  from space 349504K, 100% used [0x0000000650360000, 0x00000006658b0000, 0x00000006658b0000)
  to   space 349504K,   0% used [0x00000006658b0000, 0x00000006658b0000, 0x000000067ae00000)
 concurrent mark-sweep generation total 6291456K, used 3051405K [0x000000067ae00000, 0x00000007fae00000, 0x00000007fae00000)
 concurrent-mark-sweep perm gen total 55396K, used 33222K [0x00000007fae00000, 0x00000007fe419000, 0x0000000800000000)
}
Total time for which application threads were stopped: 0.3973940 seconds
{Heap before GC invocations=33 (full 4):
 par new generation   total 1747648K, used 1747648K [0x00000005fae00000, 0x000000067ae00000, 0x000000067ae00000)
  eden space 1398144K, 100% used [0x00000005fae00000, 0x0000000650360000, 0x0000000650360000)
  from space 349504K, 100% used [0x0000000650360000, 0x00000006658b0000, 0x00000006658b0000)
  to   space 349504K,   0% used [0x00000006658b0000, 0x00000006658b0000, 0x000000067ae00000)
 concurrent mark-sweep generation total 6291456K, used 3051405K [0x000000067ae00000, 0x00000007fae00000, 0x00000007fae00000)
 concurrent-mark-sweep perm gen total 55396K, used 33257K [0x00000007fae00000, 0x00000007fe419000, 0x0000000800000000)
2016-09-06T16:00:00.843+0800: 401.514: [GC 401.515: [ParNew
Desired survivor size 322102880 bytes, new threshold 2 (max 8)
- age   1:  207587760 bytes,  207587760 total
- age   2:  150304016 bytes,  357891776 total
: 1747648K->349504K(1747648K), 0.6225400 secs] 4799053K->3813213K(8039104K), 0.6247440 secs] [Times: user=2.26 sys=0.01, real=0.63 secs] 
Heap after GC invocations=34 (full 4):
 par new generation   total 1747648K, used 349504K [0x00000005fae00000, 0x000000067ae00000, 0x000000067ae00000)
  eden space 1398144K,   0% used [0x00000005fae00000, 0x00000005fae00000, 0x0000000650360000)
  from space 349504K, 100% used [0x00000006658b0000, 0x000000067ae00000, 0x000000067ae00000)
  to   space 349504K,   0% used [0x0000000650360000, 0x0000000650360000, 0x00000006658b0000)
 concurrent mark-sweep generation total 6291456K, used 3463709K [0x000000067ae00000, 0x00000007fae00000, 0x00000007fae00000)
 concurrent-mark-sweep perm gen total 55396K, used 33257K [0x00000007fae00000, 0x00000007fe419000, 0x0000000800000000)
}
Total time for which application threads were stopped: 0.6423560 seconds
2016-09-06T16:00:01.668+0800: 402.339: [GC [1 CMS-initial-mark: 3463709K(6291456K)] 4179540K(8039104K), 0.4173010 secs] [Times: user=0.42 sys=0.00, real=0.42 secs] 
Total time for which application threads were stopped: 0.4224990 seconds
2016-09-06T16:00:02.087+0800: 402.758: [CMS-concurrent-mark-start]
{Heap before GC invocations=34 (full 5):
 par new generation   total 1747648K, used 1747648K [0x00000005fae00000, 0x000000067ae00000, 0x000000067ae00000)
  eden space 1398144K, 100% used [0x00000005fae00000, 0x0000000650360000, 0x0000000650360000)
  from space 349504K, 100% used [0x00000006658b0000, 0x000000067ae00000, 0x000000067ae00000)
  to   space 349504K,   0% used [0x0000000650360000, 0x0000000650360000, 0x00000006658b0000)
 concurrent mark-sweep generation total 6291456K, used 3463709K [0x000000067ae00000, 0x00000007fae00000, 0x00000007fae00000)
 concurrent-mark-sweep perm gen total 55396K, used 33271K [0x00000007fae00000, 0x00000007fe419000, 0x0000000800000000)
2016-09-06T16:00:02.702+0800: 403.373: [GC 403.374: [ParNew
Desired survivor size 322102880 bytes, new threshold 2 (max 8)
- age   1:  182674088 bytes,  182674088 total
- age   2:  175209648 bytes,  357883736 total
: 1747648K->349504K(1747648K), 0.5124800 secs] 5211357K->4116075K(8039104K), 0.5150570 secs] [Times: user=1.87 sys=0.00, real=0.52 secs] 
Heap after GC invocations=35 (full 5):
 par new generation   total 1747648K, used 349504K [0x00000005fae00000, 0x000000067ae00000, 0x000000067ae00000)
  eden space 1398144K,   0% used [0x00000005fae00000, 0x00000005fae00000, 0x0000000650360000)
  from space 349504K, 100% used [0x0000000650360000, 0x00000006658b0000, 0x00000006658b0000)
  to   space 349504K,   0% used [0x00000006658b0000, 0x00000006658b0000, 0x000000067ae00000)
 concurrent mark-sweep generation total 6291456K, used 3766571K [0x000000067ae00000, 0x00000007fae00000, 0x00000007fae00000)
 concurrent-mark-sweep perm gen total 55396K, used 33271K [0x00000007fae00000, 0x00000007fe419000, 0x0000000800000000)
}
Total time for which application threads were stopped: 0.5183210 seconds
{Heap before GC invocations=35 (full 5):
 par new generation   total 1747648K, used 1747648K [0x00000005fae00000, 0x000000067ae00000, 0x000000067ae00000)
  eden space 1398144K, 100% used [0x00000005fae00000, 0x0000000650360000, 0x0000000650360000)
  from space 349504K, 100% used [0x0000000650360000, 0x00000006658b0000, 0x00000006658b0000)
  to   space 349504K,   0% used [0x00000006658b0000, 0x00000006658b0000, 0x000000067ae00000)
 concurrent mark-sweep generation total 6291456K, used 3766571K [0x000000067ae00000, 0x00000007fae00000, 0x00000007fae00000)
 concurrent-mark-sweep perm gen total 55396K, used 33280K [0x00000007fae00000, 0x00000007fe419000, 0x0000000800000000)
2016-09-06T16:00:03.966+0800: 404.637: [GC 404.638: [ParNew
Desired survivor size 322102880 bytes, new threshold 2 (max 8)
- age   1:  227668208 bytes,  227668208 total
- age   2:  130223664 bytes,  357891872 total
: 1747648K->349504K(1747648K), 0.5542770 secs] 5514219K->4447725K(8039104K), 0.5564070 secs] [Times: user=2.02 sys=0.00, real=0.55 secs] 
Heap after GC invocations=36 (full 5):
 par new generation   total 1747648K, used 349504K [0x00000005fae00000, 0x000000067ae00000, 0x000000067ae00000)
  eden space 1398144K,   0% used [0x00000005fae00000, 0x00000005fae00000, 0x0000000650360000)
  from space 349504K, 100% used [0x00000006658b0000, 0x000000067ae00000, 0x000000067ae00000)
  to   space 349504K,   0% used [0x0000000650360000, 0x0000000650360000, 0x00000006658b0000)
 concurrent mark-sweep generation total 6291456K, used 4098221K [0x000000067ae00000, 0x00000007fae00000, 0x00000007fae00000)
 concurrent-mark-sweep perm gen total 55396K, used 33280K [0x00000007fae00000, 0x00000007fe419000, 0x0000000800000000)
}
Total time for which application threads were stopped: 0.5746800 seconds
{Heap before GC invocations=36 (full 5):
 par new generation   total 1747648K, used 1747648K [0x00000005fae00000, 0x000000067ae00000, 0x000000067ae00000)
  eden space 1398144K, 100% used [0x00000005fae00000, 0x0000000650360000, 0x0000000650360000)
  from space 349504K, 100% used [0x00000006658b0000, 0x000000067ae00000, 0x000000067ae00000)
  to   space 349504K,   0% used [0x0000000650360000, 0x0000000650360000, 0x00000006658b0000)
 concurrent mark-sweep generation total 6291456K, used 4098221K [0x000000067ae00000, 0x00000007fae00000, 0x00000007fae00000)
 concurrent-mark-sweep perm gen total 55396K, used 33286K [0x00000007fae00000, 0x00000007fe419000, 0x0000000800000000)
2016-09-06T16:00:05.333+0800: 406.004: [GC 406.005: [ParNew
Desired survivor size 322102880 bytes, new threshold 2 (max 8)
- age   1:  192764072 bytes,  192764072 total
- age   2:  165127784 bytes,  357891856 total
: 1747648K->349504K(1747648K), 0.5757360 secs] 5845869K->4763513K(8039104K), 0.5778080 secs] [Times: user=2.10 sys=0.01, real=0.58 secs] 
Heap after GC invocations=37 (full 5):
 par new generation   total 1747648K, used 349504K [0x00000005fae00000, 0x000000067ae00000, 0x000000067ae00000)
  eden space 1398144K,   0% used [0x00000005fae00000, 0x00000005fae00000, 0x0000000650360000)
  from space 349504K, 100% used [0x0000000650360000, 0x00000006658b0000, 0x00000006658b0000)
  to   space 349504K,   0% used [0x00000006658b0000, 0x00000006658b0000, 0x000000067ae00000)
 concurrent mark-sweep generation total 6291456K, used 4414009K [0x000000067ae00000, 0x00000007fae00000, 0x00000007fae00000)
 concurrent-mark-sweep perm gen total 55396K, used 33286K [0x00000007fae00000, 0x00000007fe419000, 0x0000000800000000)
}
Total time for which application threads were stopped: 0.5974960 seconds
{Heap before GC invocations=37 (full 5):
 par new generation   total 1747648K, used 1747648K [0x00000005fae00000, 0x000000067ae00000, 0x000000067ae00000)
  eden space 1398144K, 100% used [0x00000005fae00000, 0x0000000650360000, 0x0000000650360000)
  from space 349504K, 100% used [0x0000000650360000, 0x00000006658b0000, 0x00000006658b0000)
  to   space 349504K,   0% used [0x00000006658b0000, 0x00000006658b0000, 0x000000067ae00000)
 concurrent mark-sweep generation total 6291456K, used 4414009K [0x000000067ae00000, 0x00000007fae00000, 0x00000007fae00000)
 concurrent-mark-sweep perm gen total 55396K, used 33291K [0x00000007fae00000, 0x00000007fe419000, 0x0000000800000000)
2016-09-06T16:00:06.817+0800: 407.489: [GC 407.490: [ParNew
Desired survivor size 322102880 bytes, new threshold 2 (max 8)
- age   1:  206029832 bytes,  206029832 total
- age   2:  151861584 bytes,  357891416 total
: 1747648K->349504K(1747648K), 0.4803210 secs] 6161657K->5005961K(8039104K), 0.4824320 secs] [Times: user=1.75 sys=0.00, real=0.48 secs] 
Heap after GC invocations=38 (full 5):
 par new generation   total 1747648K, used 349504K [0x00000005fae00000, 0x000000067ae00000, 0x000000067ae00000)
  eden space 1398144K,   0% used [0x00000005fae00000, 0x00000005fae00000, 0x0000000650360000)
  from space 349504K, 100% used [0x00000006658b0000, 0x000000067ae00000, 0x000000067ae00000)
  to   space 349504K,   0% used [0x0000000650360000, 0x0000000650360000, 0x00000006658b0000)
 concurrent mark-sweep generation total 6291456K, used 4656457K [0x000000067ae00000, 0x00000007fae00000, 0x00000007fae00000)
 concurrent-mark-sweep perm gen total 55396K, used 33291K [0x00000007fae00000, 0x00000007fe419000, 0x0000000800000000)
}
Total time for which application threads were stopped: 0.5003460 seconds
{Heap before GC invocations=38 (full 5):
 par new generation   total 1747648K, used 1747648K [0x00000005fae00000, 0x000000067ae00000, 0x000000067ae00000)
  eden space 1398144K, 100% used [0x00000005fae00000, 0x0000000650360000, 0x0000000650360000)
  from space 349504K, 100% used [0x00000006658b0000, 0x000000067ae00000, 0x000000067ae00000)
  to   space 349504K,   0% used [0x0000000650360000, 0x0000000650360000, 0x00000006658b0000)
 concurrent mark-sweep generation total 6291456K, used 4656457K [0x000000067ae00000, 0x00000007fae00000, 0x00000007fae00000)
 concurrent-mark-sweep perm gen total 55396K, used 33367K [0x00000007fae00000, 0x00000007fe419000, 0x0000000800000000)
2016-09-06T16:00:08.227+0800: 408.898: [GC 408.899: [ParNew
Desired survivor size 322102880 bytes, new threshold 2 (max 8)
- age   1:  227598848 bytes,  227598848 total
- age   2:  130293032 bytes,  357891880 total
: 1747648K->349504K(1747648K), 0.4924890 secs] 6404105K->5278384K(8039104K), 0.4946950 secs] [Times: user=1.81 sys=0.01, real=0.49 secs] 
Heap after GC invocations=39 (full 5):
 par new generation   total 1747648K, used 349504K [0x00000005fae00000, 0x000000067ae00000, 0x000000067ae00000)
  eden space 1398144K,   0% used [0x00000005fae00000, 0x00000005fae00000, 0x0000000650360000)
  from space 349504K, 100% used [0x0000000650360000, 0x00000006658b0000, 0x00000006658b0000)
  to   space 349504K,   0% used [0x00000006658b0000, 0x00000006658b0000, 0x000000067ae00000)
 concurrent mark-sweep generation total 6291456K, used 4928880K [0x000000067ae00000, 0x00000007fae00000, 0x00000007fae00000)
 concurrent-mark-sweep perm gen total 55396K, used 33367K [0x00000007fae00000, 0x00000007fe419000, 0x0000000800000000)
}
Total time for which application threads were stopped: 0.5144570 seconds
Total time for which application threads were stopped: 0.0130470 seconds
{Heap before GC invocations=39 (full 5):
 par new generation   total 1747648K, used 1747648K [0x00000005fae00000, 0x000000067ae00000, 0x000000067ae00000)
  eden space 1398144K, 100% used [0x00000005fae00000, 0x0000000650360000, 0x0000000650360000)
  from space 349504K, 100% used [0x0000000650360000, 0x00000006658b0000, 0x00000006658b0000)
  to   space 349504K,   0% used [0x00000006658b0000, 0x00000006658b0000, 0x000000067ae00000)
 concurrent mark-sweep generation total 6291456K, used 4928880K [0x000000067ae00000, 0x00000007fae00000, 0x00000007fae00000)
 concurrent-mark-sweep perm gen total 55396K, used 33392K [0x00000007fae00000, 0x00000007fe419000, 0x0000000800000000)
2016-09-06T16:00:09.430+0800: 410.101: [GC 410.102: [ParNew
Desired survivor size 322102880 bytes, new threshold 2 (max 8)
- age   1:  256452928 bytes,  256452928 total
- age   2:  101438864 bytes,  357891792 total
: 1747648K->349504K(1747648K), 0.7480850 secs] 6676528K->5727918K(8039104K), 0.7502010 secs] [Times: user=2.81 sys=0.00, real=0.75 secs] 
Heap after GC invocations=40 (full 5):
 par new generation   total 1747648K, used 349504K [0x00000005fae00000, 0x000000067ae00000, 0x000000067ae00000)
  eden space 1398144K,   0% used [0x00000005fae00000, 0x00000005fae00000, 0x0000000650360000)
  from space 349504K, 100% used [0x00000006658b0000, 0x000000067ae00000, 0x000000067ae00000)
  to   space 349504K,   0% used [0x0000000650360000, 0x0000000650360000, 0x00000006658b0000)
 concurrent mark-sweep generation total 6291456K, used 5378414K [0x000000067ae00000, 0x00000007fae00000, 0x00000007fae00000)
 concurrent-mark-sweep perm gen total 55396K, used 33392K [0x00000007fae00000, 0x00000007fe419000, 0x0000000800000000)
}
Total time for which application threads were stopped: 0.7648380 seconds
{Heap before GC invocations=40 (full 5):
 par new generation   total 1747648K, used 1747648K [0x00000005fae00000, 0x000000067ae00000, 0x000000067ae00000)
  eden space 1398144K, 100% used [0x00000005fae00000, 0x0000000650360000, 0x0000000650360000)
  from space 349504K, 100% used [0x00000006658b0000, 0x000000067ae00000, 0x000000067ae00000)
  to   space 349504K,   0% used [0x0000000650360000, 0x0000000650360000, 0x00000006658b0000)
 concurrent mark-sweep generation total 6291456K, used 5378414K [0x000000067ae00000, 0x00000007fae00000, 0x00000007fae00000)
 concurrent-mark-sweep perm gen total 55396K, used 33418K [0x00000007fae00000, 0x00000007fe419000, 0x0000000800000000)
2016-09-06T16:00:10.950+0800: 411.621: [GC 411.622: [ParNew
Desired survivor size 322102880 bytes, new threshold 2 (max 8)
- age   1:  171435432 bytes,  171435432 total
- age   2:  186456272 bytes,  357891704 total
: 1747648K->349504K(1747648K), 0.6388080 secs] 7126062K->6112654K(8039104K), 0.6406720 secs] [Times: user=2.48 sys=0.00, real=0.64 secs] 
Heap after GC invocations=41 (full 5):
 par new generation   total 1747648K, used 349504K [0x00000005fae00000, 0x000000067ae00000, 0x000000067ae00000)
  eden space 1398144K,   0% used [0x00000005fae00000, 0x00000005fae00000, 0x0000000650360000)
  from space 349504K, 100% used [0x0000000650360000, 0x00000006658b0000, 0x00000006658b0000)
  to   space 349504K,   0% used [0x00000006658b0000, 0x00000006658b0000, 0x000000067ae00000)
 concurrent mark-sweep generation total 6291456K, used 5763150K [0x000000067ae00000, 0x00000007fae00000, 0x00000007fae00000)
 concurrent-mark-sweep perm gen total 55396K, used 33418K [0x00000007fae00000, 0x00000007fe419000, 0x0000000800000000)
}
Total time for which application threads were stopped: 0.6486720 seconds
{Heap before GC invocations=41 (full 5):
 par new generation   total 1747648K, used 1747648K [0x00000005fae00000, 0x000000067ae00000, 0x000000067ae00000)
  eden space 1398144K, 100% used [0x00000005fae00000, 0x0000000650360000, 0x0000000650360000)
  from space 349504K, 100% used [0x0000000650360000, 0x00000006658b0000, 0x00000006658b0000)
  to   space 349504K,   0% used [0x00000006658b0000, 0x00000006658b0000, 0x000000067ae00000)
 concurrent mark-sweep generation total 6291456K, used 5763150K [0x000000067ae00000, 0x00000007fae00000, 0x00000007fae00000)
 concurrent-mark-sweep perm gen total 55396K, used 33421K [0x00000007fae00000, 0x00000007fe419000, 0x0000000800000000)
2016-09-06T16:00:12.329+0800: 413.000: [GC 413.001: [ParNew
Desired survivor size 322102880 bytes, new threshold 2 (max 8)
- age   1:  223202384 bytes,  223202384 total
- age   2:  134688296 bytes,  357890680 total
: 1747648K->349502K(1747648K), 0.5309770 secs] 7510798K->6434191K(8039104K), 0.5329430 secs] [Times: user=2.03 sys=0.00, real=0.53 secs] 
Heap after GC invocations=42 (full 5):
 par new generation   total 1747648K, used 349502K [0x00000005fae00000, 0x000000067ae00000, 0x000000067ae00000)
  eden space 1398144K,   0% used [0x00000005fae00000, 0x00000005fae00000, 0x0000000650360000)
  from space 349504K,  99% used [0x00000006658b0000, 0x000000067adffb00, 0x000000067ae00000)
  to   space 349504K,   0% used [0x0000000650360000, 0x0000000650360000, 0x00000006658b0000)
 concurrent mark-sweep generation total 6291456K, used 6084689K [0x000000067ae00000, 0x00000007fae00000, 0x00000007fae00000)
 concurrent-mark-sweep perm gen total 55396K, used 33421K [0x00000007fae00000, 0x00000007fe419000, 0x0000000800000000)
}
Total time for which application threads were stopped: 0.5495240 seconds
{Heap before GC invocations=42 (full 5):
 par new generation   total 1747648K, used 1747646K [0x00000005fae00000, 0x000000067ae00000, 0x000000067ae00000)
  eden space 1398144K, 100% used [0x00000005fae00000, 0x0000000650360000, 0x0000000650360000)
  from space 349504K,  99% used [0x00000006658b0000, 0x000000067adffb00, 0x000000067ae00000)
  to   space 349504K,   0% used [0x0000000650360000, 0x0000000650360000, 0x00000006658b0000)
 concurrent mark-sweep generation total 6291456K, used 6084689K [0x000000067ae00000, 0x00000007fae00000, 0x00000007fae00000)
 concurrent-mark-sweep perm gen total 55396K, used 33424K [0x00000007fae00000, 0x00000007fe419000, 0x0000000800000000)
2016-09-06T16:00:13.666+0800: 414.337: [GC 414.338: [ParNew: 1747646K->1747646K(1747648K), 0.0000330 secs]414.345: [CMS2016-09-06T16:00:14.764+0800: 415.435: [CMS-concurrent-mark: 7.167/12.677 secs] [Times: user=61.13 sys=1.50, real=12.67 secs] 
 (concurrent mode failure): 6084689K->2810351K(6291456K), 10.9975000 secs] 7832335K->2810351K(8039104K), [CMS Perm : 33424K->33423K(55396K)], 11.0072520 secs] [Times: user=14.20 sys=0.00, real=11.01 secs] 
Heap after GC invocations=43 (full 6):
 par new generation   total 1747648K, used 0K [0x00000005fae00000, 0x000000067ae00000, 0x000000067ae00000)
  eden space 1398144K,   0% used [0x00000005fae00000, 0x00000005fae00000, 0x0000000650360000)
  from space 349504K,   0% used [0x00000006658b0000, 0x00000006658b0000, 0x000000067ae00000)
  to   space 349504K,   0% used [0x0000000650360000, 0x0000000650360000, 0x00000006658b0000)
 concurrent mark-sweep generation total 6291456K, used 2810351K [0x000000067ae00000, 0x00000007fae00000, 0x00000007fae00000)
 concurrent-mark-sweep perm gen total 55708K, used 33423K [0x00000007fae00000, 0x00000007fe467000, 0x0000000800000000)
}
Total time for which application threads were stopped: 11.0114130 seconds
{Heap before GC invocations=43 (full 6):
 par new generation   total 1747648K, used 1398144K [0x00000005fae00000, 0x000000067ae00000, 0x000000067ae00000)
  eden space 1398144K, 100% used [0x00000005fae00000, 0x0000000650360000, 0x0000000650360000)
  from space 349504K,   0% used [0x00000006658b0000, 0x00000006658b0000, 0x000000067ae00000)
  to   space 349504K,   0% used [0x0000000650360000, 0x0000000650360000, 0x00000006658b0000)
 concurrent mark-sweep generation total 6291456K, used 2810351K [0x000000067ae00000, 0x00000007fae00000, 0x00000007fae00000)
 concurrent-mark-sweep perm gen total 55708K, used 33428K [0x00000007fae00000, 0x00000007fe467000, 0x0000000800000000)
2016-09-06T16:00:25.383+0800: 426.054: [GC 426.055: [ParNew
Desired survivor size 322102880 bytes, new threshold 1 (max 8)
- age   1:  332829016 bytes,  332829016 total
: 1398144K->349502K(1747648K), 0.3533390 secs] 4208495K->3200764K(8039104K), 0.3552220 secs] [Times: user=1.38 sys=0.01, real=0.36 secs] 
Heap after GC invocations=44 (full 6):
 par new generation   total 1747648K, used 349502K [0x00000005fae00000, 0x000000067ae00000, 0x000000067ae00000)
  eden space 1398144K,   0% used [0x00000005fae00000, 0x00000005fae00000, 0x0000000650360000)
  from space 349504K,  99% used [0x0000000650360000, 0x00000006658afa80, 0x00000006658b0000)
  to   space 349504K,   0% used [0x00000006658b0000, 0x00000006658b0000, 0x000000067ae00000)
 concurrent mark-sweep generation total 6291456K, used 2851261K [0x000000067ae00000, 0x00000007fae00000, 0x00000007fae00000)
 concurrent-mark-sweep perm gen total 55708K, used 33428K [0x00000007fae00000, 0x00000007fe467000, 0x0000000800000000)
}
Total time for which application threads were stopped: 0.3632830 seconds
{Heap before GC invocations=44 (full 6):
 par new generation   total 1747648K, used 1747646K [0x00000005fae00000, 0x000000067ae00000, 0x000000067ae00000)
  eden space 1398144K, 100% used [0x00000005fae00000, 0x0000000650360000, 0x0000000650360000)
  from space 349504K,  99% used [0x0000000650360000, 0x00000006658afa80, 0x00000006658b0000)
  to   space 349504K,   0% used [0x00000006658b0000, 0x00000006658b0000, 0x000000067ae00000)
 concurrent mark-sweep generation total 6291456K, used 2851261K [0x000000067ae00000, 0x00000007fae00000, 0x00000007fae00000)
 concurrent-mark-sweep perm gen total 55708K, used 33430K [0x00000007fae00000, 0x00000007fe467000, 0x0000000800000000)
2016-09-06T16:00:26.324+0800: 426.995: [GC 426.996: [ParNew
Desired survivor size 322102880 bytes, new threshold 1 (max 8)
- age   1:  346189448 bytes,  346189448 total
: 1747646K->349504K(1747648K), 0.4369990 secs] 4598908K->3527805K(8039104K), 0.4389750 secs] [Times: user=1.61 sys=0.01, real=0.44 secs] 
Heap after GC invocations=45 (full 6):
 par new generation   total 1747648K, used 349504K [0x00000005fae00000, 0x000000067ae00000, 0x000000067ae00000)
  eden space 1398144K,   0% used [0x00000005fae00000, 0x00000005fae00000, 0x0000000650360000)
  from space 349504K, 100% used [0x00000006658b0000, 0x000000067ae00000, 0x000000067ae00000)
  to   space 349504K,   0% used [0x0000000650360000, 0x0000000650360000, 0x00000006658b0000)
 concurrent mark-sweep generation total 6291456K, used 3178301K [0x000000067ae00000, 0x00000007fae00000, 0x00000007fae00000)
 concurrent-mark-sweep perm gen total 55708K, used 33430K [0x00000007fae00000, 0x00000007fe467000, 0x0000000800000000)
}
Total time for which application threads were stopped: 0.4462460 seconds
2016-09-06T16:00:26.844+0800: 427.515: [GC [1 CMS-initial-mark: 3178301K(6291456K)] 3649128K(8039104K), 0.2740400 secs] [Times: user=0.28 sys=0.00, real=0.28 secs] 
Total time for which application threads were stopped: 0.2785510 seconds
2016-09-06T16:00:27.120+0800: 427.790: [CMS-concurrent-mark-start]
Total time for which application threads were stopped: 0.0018000 seconds
Total time for which application threads were stopped: 0.0094360 seconds
{Heap before GC invocations=45 (full 7):
 par new generation   total 1747648K, used 1747648K [0x00000005fae00000, 0x000000067ae00000, 0x000000067ae00000)
  eden space 1398144K, 100% used [0x00000005fae00000, 0x0000000650360000, 0x0000000650360000)
  from space 349504K, 100% used [0x00000006658b0000, 0x000000067ae00000, 0x000000067ae00000)
  to   space 349504K,   0% used [0x0000000650360000, 0x0000000650360000, 0x00000006658b0000)
 concurrent mark-sweep generation total 6291456K, used 3178301K [0x000000067ae00000, 0x00000007fae00000, 0x00000007fae00000)
 concurrent-mark-sweep perm gen total 55708K, used 33441K [0x00000007fae00000, 0x00000007fe467000, 0x0000000800000000)
2016-09-06T16:00:27.670+0800: 428.341: [GC 428.342: [ParNew
Desired survivor size 322102880 bytes, new threshold 1 (max 8)
- age   1:  357891832 bytes,  357891832 total
: 1747648K->349504K(1747648K), 0.5430870 secs] 4925949K->3861237K(8039104K), 0.5453930 secs] [Times: user=1.92 sys=0.00, real=0.54 secs] 
Heap after GC invocations=46 (full 7):
 par new generation   total 1747648K, used 349504K [0x00000005fae00000, 0x000000067ae00000, 0x000000067ae00000)
  eden space 1398144K,   0% used [0x00000005fae00000, 0x00000005fae00000, 0x0000000650360000)
  from space 349504K, 100% used [0x0000000650360000, 0x00000006658b0000, 0x00000006658b0000)
  to   space 349504K,   0% used [0x00000006658b0000, 0x00000006658b0000, 0x000000067ae00000)
 concurrent mark-sweep generation total 6291456K, used 3511733K [0x000000067ae00000, 0x00000007fae00000, 0x00000007fae00000)
 concurrent-mark-sweep perm gen total 55708K, used 33441K [0x00000007fae00000, 0x00000007fe467000, 0x0000000800000000)
}
Total time for which application threads were stopped: 0.5489610 seconds
{Heap before GC invocations=46 (full 7):
 par new generation   total 1747648K, used 1747648K [0x00000005fae00000, 0x000000067ae00000, 0x000000067ae00000)
  eden space 1398144K, 100% used [0x00000005fae00000, 0x0000000650360000, 0x0000000650360000)
  from space 349504K, 100% used [0x0000000650360000, 0x00000006658b0000, 0x00000006658b0000)
  to   space 349504K,   0% used [0x00000006658b0000, 0x00000006658b0000, 0x000000067ae00000)
 concurrent mark-sweep generation total 6291456K, used 3511733K [0x000000067ae00000, 0x00000007fae00000, 0x00000007fae00000)
 concurrent-mark-sweep perm gen total 55708K, used 33443K [0x00000007fae00000, 0x00000007fe467000, 0x0000000800000000)
2016-09-06T16:00:28.974+0800: 429.645: [GC 429.646: [ParNew
Desired survivor size 322102880 bytes, new threshold 1 (max 8)
- age   1:  352610392 bytes,  352610392 total
: 1747648K->349504K(1747648K), 0.4896130 secs] 5259381K->4206569K(8039104K), 0.4919870 secs] [Times: user=1.76 sys=0.01, real=0.49 secs] 
Heap after GC invocations=47 (full 7):
 par new generation   total 1747648K, used 349504K [0x00000005fae00000, 0x000000067ae00000, 0x000000067ae00000)
  eden space 1398144K,   0% used [0x00000005fae00000, 0x00000005fae00000, 0x0000000650360000)
  from space 349504K, 100% used [0x00000006658b0000, 0x000000067ae00000, 0x000000067ae00000)
  to   space 349504K,   0% used [0x0000000650360000, 0x0000000650360000, 0x00000006658b0000)
 concurrent mark-sweep generation total 6291456K, used 3857065K [0x000000067ae00000, 0x00000007fae00000, 0x00000007fae00000)
 concurrent-mark-sweep perm gen total 55708K, used 33443K [0x00000007fae00000, 0x00000007fe467000, 0x0000000800000000)
}
Total time for which application threads were stopped: 0.5085770 seconds
{Heap before GC invocations=47 (full 7):
 par new generation   total 1747648K, used 1747648K [0x00000005fae00000, 0x000000067ae00000, 0x000000067ae00000)
  eden space 1398144K, 100% used [0x00000005fae00000, 0x0000000650360000, 0x0000000650360000)
  from space 349504K, 100% used [0x00000006658b0000, 0x000000067ae00000, 0x000000067ae00000)
  to   space 349504K,   0% used [0x0000000650360000, 0x0000000650360000, 0x00000006658b0000)
 concurrent mark-sweep generation total 6291456K, used 3857065K [0x000000067ae00000, 0x00000007fae00000, 0x00000007fae00000)
 concurrent-mark-sweep perm gen total 55708K, used 33444K [0x00000007fae00000, 0x00000007fe467000, 0x0000000800000000)
2016-09-06T16:00:30.057+0800: 430.729: [GC 430.730: [ParNew
Desired survivor size 322102880 bytes, new threshold 8 (max 8)
- age   1:  316026408 bytes,  316026408 total
: 1747648K->349504K(1747648K), 0.5021680 secs] 5604713K->4531591K(8039104K), 0.5043000 secs] [Times: user=1.74 sys=0.00, real=0.51 secs] 
Heap after GC invocations=48 (full 7):
 par new generation   total 1747648K, used 349504K [0x00000005fae00000, 0x000000067ae00000, 0x000000067ae00000)
  eden space 1398144K,   0% used [0x00000005fae00000, 0x00000005fae00000, 0x0000000650360000)
  from space 349504K, 100% used [0x0000000650360000, 0x00000006658b0000, 0x00000006658b0000)
  to   space 349504K,   0% used [0x00000006658b0000, 0x00000006658b0000, 0x000000067ae00000)
 concurrent mark-sweep generation total 6291456K, used 4182087K [0x000000067ae00000, 0x00000007fae00000, 0x00000007fae00000)
 concurrent-mark-sweep perm gen total 55708K, used 33444K [0x00000007fae00000, 0x00000007fe467000, 0x0000000800000000)
}
Total time for which application threads were stopped: 0.5097440 seconds
{Heap before GC invocations=48 (full 7):
 par new generation   total 1747648K, used 1747648K [0x00000005fae00000, 0x000000067ae00000, 0x000000067ae00000)
  eden space 1398144K, 100% used [0x00000005fae00000, 0x0000000650360000, 0x0000000650360000)
  from space 349504K, 100% used [0x0000000650360000, 0x00000006658b0000, 0x00000006658b0000)
  to   space 349504K,   0% used [0x00000006658b0000, 0x00000006658b0000, 0x000000067ae00000)
 concurrent mark-sweep generation total 6291456K, used 4182087K [0x000000067ae00000, 0x00000007fae00000, 0x00000007fae00000)
 concurrent-mark-sweep perm gen total 55708K, used 33444K [0x00000007fae00000, 0x00000007fe467000, 0x0000000800000000)
2016-09-06T16:00:31.177+0800: 431.848: [GC 431.849: [ParNew
Desired survivor size 322102880 bytes, new threshold 2 (max 8)
- age   1:  189805288 bytes,  189805288 total
- age   2:  168086512 bytes,  357891800 total
: 1747648K->349504K(1747648K), 0.5531620 secs] 5929735K->4778498K(8039104K), 0.5551490 secs] [Times: user=1.99 sys=0.00, real=0.56 secs] 
Heap after GC invocations=49 (full 7):
 par new generation   total 1747648K, used 349504K [0x00000005fae00000, 0x000000067ae00000, 0x000000067ae00000)
  eden space 1398144K,   0% used [0x00000005fae00000, 0x00000005fae00000, 0x0000000650360000)
  from space 349504K, 100% used [0x00000006658b0000, 0x000000067ae00000, 0x000000067ae00000)
  to   space 349504K,   0% used [0x0000000650360000, 0x0000000650360000, 0x00000006658b0000)
 concurrent mark-sweep generation total 6291456K, used 4428994K [0x000000067ae00000, 0x00000007fae00000, 0x00000007fae00000)
 concurrent-mark-sweep perm gen total 55708K, used 33444K [0x00000007fae00000, 0x00000007fe467000, 0x0000000800000000)
}
Total time for which application threads were stopped: 0.5610400 seconds
{Heap before GC invocations=49 (full 7):
 par new generation   total 1747648K, used 1747648K [0x00000005fae00000, 0x000000067ae00000, 0x000000067ae00000)
  eden space 1398144K, 100% used [0x00000005fae00000, 0x0000000650360000, 0x0000000650360000)
  from space 349504K, 100% used [0x00000006658b0000, 0x000000067ae00000, 0x000000067ae00000)
  to   space 349504K,   0% used [0x0000000650360000, 0x0000000650360000, 0x00000006658b0000)
 concurrent mark-sweep generation total 6291456K, used 4428994K [0x000000067ae00000, 0x00000007fae00000, 0x00000007fae00000)
 concurrent-mark-sweep perm gen total 55708K, used 33446K [0x00000007fae00000, 0x00000007fe467000, 0x0000000800000000)
2016-09-06T16:00:32.511+0800: 433.182: [GC 433.183: [ParNew
Desired survivor size 322102880 bytes, new threshold 2 (max 8)
- age   1:  229260456 bytes,  229260456 total
- age   2:  128631272 bytes,  357891728 total
: 1747648K->349504K(1747648K), 0.6087680 secs] 6176642K->5119251K(8039104K), 0.6112360 secs] [Times: user=2.23 sys=0.00, real=0.61 secs] 
Heap after GC invocations=50 (full 7):
 par new generation   total 1747648K, used 349504K [0x00000005fae00000, 0x000000067ae00000, 0x000000067ae00000)
  eden space 1398144K,   0% used [0x00000005fae00000, 0x00000005fae00000, 0x0000000650360000)
  from space 349504K, 100% used [0x0000000650360000, 0x00000006658b0000, 0x00000006658b0000)
  to   space 349504K,   0% used [0x00000006658b0000, 0x00000006658b0000, 0x000000067ae00000)
 concurrent mark-sweep generation total 6291456K, used 4769747K [0x000000067ae00000, 0x00000007fae00000, 0x00000007fae00000)
 concurrent-mark-sweep perm gen total 55708K, used 33446K [0x00000007fae00000, 0x00000007fe467000, 0x0000000800000000)
}
Total time for which application threads were stopped: 0.6291240 seconds
{Heap before GC invocations=50 (full 7):
 par new generation   total 1747648K, used 1747648K [0x00000005fae00000, 0x000000067ae00000, 0x000000067ae00000)
  eden space 1398144K, 100% used [0x00000005fae00000, 0x0000000650360000, 0x0000000650360000)
  from space 349504K, 100% used [0x0000000650360000, 0x00000006658b0000, 0x00000006658b0000)
  to   space 349504K,   0% used [0x00000006658b0000, 0x00000006658b0000, 0x000000067ae00000)
 concurrent mark-sweep generation total 6291456K, used 4769747K [0x000000067ae00000, 0x00000007fae00000, 0x00000007fae00000)
 concurrent-mark-sweep perm gen total 55708K, used 33453K [0x00000007fae00000, 0x00000007fe467000, 0x0000000800000000)
2016-09-06T16:00:33.850+0800: 434.521: [GC 434.522: [ParNew
Desired survivor size 322102880 bytes, new threshold 2 (max 8)
- age   1:  224137616 bytes,  224137616 total
- age   2:  133754120 bytes,  357891736 total
: 1747648K->349504K(1747648K), 0.5673630 secs] 6517395K->5430646K(8039104K), 0.5693650 secs] [Times: user=2.07 sys=0.01, real=0.57 secs] 
Heap after GC invocations=51 (full 7):
 par new generation   total 1747648K, used 349504K [0x00000005fae00000, 0x000000067ae00000, 0x000000067ae00000)
  eden space 1398144K,   0% used [0x00000005fae00000, 0x00000005fae00000, 0x0000000650360000)
  from space 349504K, 100% used [0x00000006658b0000, 0x000000067ae00000, 0x000000067ae00000)
  to   space 349504K,   0% used [0x0000000650360000, 0x0000000650360000, 0x00000006658b0000)
 concurrent mark-sweep generation total 6291456K, used 5081142K [0x000000067ae00000, 0x00000007fae00000, 0x00000007fae00000)
 concurrent-mark-sweep perm gen total 55708K, used 33453K [0x00000007fae00000, 0x00000007fe467000, 0x0000000800000000)
}
Total time for which application threads were stopped: 0.5865530 seconds
Total time for which application threads were stopped: 0.0928890 seconds
{Heap before GC invocations=51 (full 7):
 par new generation   total 1747648K, used 1747648K [0x00000005fae00000, 0x000000067ae00000, 0x000000067ae00000)
  eden space 1398144K, 100% used [0x00000005fae00000, 0x0000000650360000, 0x0000000650360000)
  from space 349504K, 100% used [0x00000006658b0000, 0x000000067ae00000, 0x000000067ae00000)
  to   space 349504K,   0% used [0x0000000650360000, 0x0000000650360000, 0x00000006658b0000)
 concurrent mark-sweep generation total 6291456K, used 5081142K [0x000000067ae00000, 0x00000007fae00000, 0x00000007fae00000)
 concurrent-mark-sweep perm gen total 55708K, used 33473K [0x00000007fae00000, 0x00000007fe467000, 0x0000000800000000)
2016-09-06T16:00:35.480+0800: 436.151: [GC 436.152: [ParNew
Desired survivor size 322102880 bytes, new threshold 2 (max 8)
- age   1:  240137440 bytes,  240137440 total
- age   2:  117754392 bytes,  357891832 total
: 1747648K->349504K(1747648K), 0.7681760 secs] 6828790K->5913692K(8039104K), 0.7705270 secs] [Times: user=2.79 sys=0.00, real=0.77 secs] 
Heap after GC invocations=52 (full 7):
 par new generation   total 1747648K, used 349504K [0x00000005fae00000, 0x000000067ae00000, 0x000000067ae00000)
  eden space 1398144K,   0% used [0x00000005fae00000, 0x00000005fae00000, 0x0000000650360000)
  from space 349504K, 100% used [0x0000000650360000, 0x00000006658b0000, 0x00000006658b0000)
  to   space 349504K,   0% used [0x00000006658b0000, 0x00000006658b0000, 0x000000067ae00000)
 concurrent mark-sweep generation total 6291456K, used 5564188K [0x000000067ae00000, 0x00000007fae00000, 0x00000007fae00000)
 concurrent-mark-sweep perm gen total 55708K, used 33473K [0x00000007fae00000, 0x00000007fe467000, 0x0000000800000000)
}
Total time for which application threads were stopped: 0.7949920 seconds
Total time for which application threads were stopped: 0.0034980 seconds
Total time for which application threads were stopped: 0.0206290 seconds
{Heap before GC invocations=52 (full 7):
 par new generation   total 1747648K, used 1747648K [0x00000005fae00000, 0x000000067ae00000, 0x000000067ae00000)
  eden space 1398144K, 100% used [0x00000005fae00000, 0x0000000650360000, 0x0000000650360000)
  from space 349504K, 100% used [0x0000000650360000, 0x00000006658b0000, 0x00000006658b0000)
  to   space 349504K,   0% used [0x00000006658b0000, 0x00000006658b0000, 0x000000067ae00000)
 concurrent mark-sweep generation total 6291456K, used 5564188K [0x000000067ae00000, 0x00000007fae00000, 0x00000007fae00000)
 concurrent-mark-sweep perm gen total 55708K, used 33541K [0x00000007fae00000, 0x00000007fe467000, 0x0000000800000000)
2016-09-06T16:00:37.857+0800: 438.528: [GC 438.529: [ParNew
Desired survivor size 322102880 bytes, new threshold 2 (max 8)
- age   1:  208632640 bytes,  208632640 total
- age   2:  149259096 bytes,  357891736 total
: 1747648K->349504K(1747648K), 0.6709060 secs] 7311836K->6310240K(8039104K), 0.6731030 secs] [Times: user=2.43 sys=0.00, real=0.68 secs] 
Heap after GC invocations=53 (full 7):
 par new generation   total 1747648K, used 349504K [0x00000005fae00000, 0x000000067ae00000, 0x000000067ae00000)
  eden space 1398144K,   0% used [0x00000005fae00000, 0x00000005fae00000, 0x0000000650360000)
  from space 349504K, 100% used [0x00000006658b0000, 0x000000067ae00000, 0x000000067ae00000)
  to   space 349504K,   0% used [0x0000000650360000, 0x0000000650360000, 0x00000006658b0000)
 concurrent mark-sweep generation total 6291456K, used 5960736K [0x000000067ae00000, 0x00000007fae00000, 0x00000007fae00000)
 concurrent-mark-sweep perm gen total 55708K, used 33541K [0x00000007fae00000, 0x00000007fe467000, 0x0000000800000000)
}
Total time for which application threads were stopped: 0.6805170 seconds
Total time for which application threads were stopped: 0.0220710 seconds
{Heap before GC invocations=53 (full 7):
 par new generation   total 1747648K, used 1747648K [0x00000005fae00000, 0x000000067ae00000, 0x000000067ae00000)
  eden space 1398144K, 100% used [0x00000005fae00000, 0x0000000650360000, 0x0000000650360000)
  from space 349504K, 100% used [0x00000006658b0000, 0x000000067ae00000, 0x000000067ae00000)
  to   space 349504K,   0% used [0x0000000650360000, 0x0000000650360000, 0x00000006658b0000)
 concurrent mark-sweep generation total 6291456K, used 5960736K [0x000000067ae00000, 0x00000007fae00000, 0x00000007fae00000)
 concurrent-mark-sweep perm gen total 55708K, used 33554K [0x00000007fae00000, 0x00000007fe467000, 0x0000000800000000)
2016-09-06T16:00:39.590+0800: 440.261: [GC 440.262: [ParNew: 1747648K->1747648K(1747648K), 0.0000190 secs]440.262: [CMS2016-09-06T16:00:40.186+0800: 440.857: [CMS-concurrent-mark: 7.712/13.067 secs] [Times: user=62.72 sys=1.44, real=13.06 secs] 
 (concurrent mode failure): 5960736K->3372341K(6291456K), 9.6099260 secs] 7708384K->3372341K(8039104K), [CMS Perm : 33554K->33550K(55708K)], 9.6120630 secs] [Times: user=11.13 sys=0.01, real=9.61 secs] 
Heap after GC invocations=54 (full 8):
 par new generation   total 1747648K, used 0K [0x00000005fae00000, 0x000000067ae00000, 0x000000067ae00000)
  eden space 1398144K,   0% used [0x00000005fae00000, 0x00000005fae00000, 0x0000000650360000)
  from space 349504K,   0% used [0x00000006658b0000, 0x00000006658b0000, 0x000000067ae00000)
  to   space 349504K,   0% used [0x0000000650360000, 0x0000000650360000, 0x00000006658b0000)
 concurrent mark-sweep generation total 6291456K, used 3372341K [0x000000067ae00000, 0x00000007fae00000, 0x00000007fae00000)
 concurrent-mark-sweep perm gen total 55920K, used 33550K [0x00000007fae00000, 0x00000007fe49c000, 0x0000000800000000)
}
Total time for which application threads were stopped: 9.6151080 seconds
{Heap before GC invocations=54 (full 8):
 par new generation   total 1747648K, used 1398144K [0x00000005fae00000, 0x000000067ae00000, 0x000000067ae00000)
  eden space 1398144K, 100% used [0x00000005fae00000, 0x0000000650360000, 0x0000000650360000)
  from space 349504K,   0% used [0x00000006658b0000, 0x00000006658b0000, 0x000000067ae00000)
  to   space 349504K,   0% used [0x0000000650360000, 0x0000000650360000, 0x00000006658b0000)
 concurrent mark-sweep generation total 6291456K, used 3372341K [0x000000067ae00000, 0x00000007fae00000, 0x00000007fae00000)
 concurrent-mark-sweep perm gen total 55920K, used 33558K [0x00000007fae00000, 0x00000007fe49c000, 0x0000000800000000)
2016-09-06T16:00:50.176+0800: 450.847: [GC 450.848: [ParNew
Desired survivor size 322102880 bytes, new threshold 1 (max 8)
- age   1:  346626176 bytes,  346626176 total
: 1398144K->349504K(1747648K), 0.3256870 secs] 4770485K->3749921K(8039104K), 0.3280350 secs] [Times: user=1.28 sys=0.00, real=0.33 secs] 
Heap after GC invocations=55 (full 8):
 par new generation   total 1747648K, used 349504K [0x00000005fae00000, 0x000000067ae00000, 0x000000067ae00000)
  eden space 1398144K,   0% used [0x00000005fae00000, 0x00000005fae00000, 0x0000000650360000)
  from space 349504K, 100% used [0x0000000650360000, 0x00000006658b0000, 0x00000006658b0000)
  to   space 349504K,   0% used [0x00000006658b0000, 0x00000006658b0000, 0x000000067ae00000)
 concurrent mark-sweep generation total 6291456K, used 3400417K [0x000000067ae00000, 0x00000007fae00000, 0x00000007fae00000)
 concurrent-mark-sweep perm gen total 55920K, used 33558K [0x00000007fae00000, 0x00000007fe49c000, 0x0000000800000000)
}
Total time for which application threads were stopped: 0.3606660 seconds
2016-09-06T16:00:50.600+0800: 451.271: [GC [1 CMS-initial-mark: 3400417K(6291456K)] 3845662K(8039104K), 0.2895170 secs] [Times: user=0.29 sys=0.00, real=0.29 secs] 
Total time for which application threads were stopped: 0.2936850 seconds
2016-09-06T16:00:50.892+0800: 451.562: [CMS-concurrent-mark-start]
Total time for which application threads were stopped: 0.0033070 seconds
Total time for which application threads were stopped: 0.0157110 seconds
{Heap before GC invocations=55 (full 9):
 par new generation   total 1747648K, used 1747648K [0x00000005fae00000, 0x000000067ae00000, 0x000000067ae00000)
  eden space 1398144K, 100% used [0x00000005fae00000, 0x0000000650360000, 0x0000000650360000)
  from space 349504K, 100% used [0x0000000650360000, 0x00000006658b0000, 0x00000006658b0000)
  to   space 349504K,   0% used [0x00000006658b0000, 0x00000006658b0000, 0x000000067ae00000)
 concurrent mark-sweep generation total 6291456K, used 3400417K [0x000000067ae00000, 0x00000007fae00000, 0x00000007fae00000)
 concurrent-mark-sweep perm gen total 55920K, used 33571K [0x00000007fae00000, 0x00000007fe49c000, 0x0000000800000000)
2016-09-06T16:00:53.558+0800: 454.229: [GC 454.231: [ParNew
Desired survivor size 322102880 bytes, new threshold 8 (max 8)
- age   1:  268600640 bytes,  268600640 total
: 1747648K->341244K(1747648K), 0.4903030 secs] 5148065K->4078118K(8039104K), 0.4930540 secs] [Times: user=1.69 sys=0.01, real=0.50 secs] 
Heap after GC invocations=56 (full 9):
 par new generation   total 1747648K, used 341244K [0x00000005fae00000, 0x000000067ae00000, 0x000000067ae00000)
  eden space 1398144K,   0% used [0x00000005fae00000, 0x00000005fae00000, 0x0000000650360000)
  from space 349504K,  97% used [0x00000006658b0000, 0x000000067a5ef300, 0x000000067ae00000)
  to   space 349504K,   0% used [0x0000000650360000, 0x0000000650360000, 0x00000006658b0000)
 concurrent mark-sweep generation total 6291456K, used 3736873K [0x000000067ae00000, 0x00000007fae00000, 0x00000007fae00000)
 concurrent-mark-sweep perm gen total 55920K, used 33571K [0x00000007fae00000, 0x00000007fe49c000, 0x0000000800000000)
}
Total time for which application threads were stopped: 0.5205570 seconds
{Heap before GC invocations=56 (full 9):
 par new generation   total 1747648K, used 1739388K [0x00000005fae00000, 0x000000067ae00000, 0x000000067ae00000)
  eden space 1398144K, 100% used [0x00000005fae00000, 0x0000000650360000, 0x0000000650360000)
  from space 349504K,  97% used [0x00000006658b0000, 0x000000067a5ef300, 0x000000067ae00000)
  to   space 349504K,   0% used [0x0000000650360000, 0x0000000650360000, 0x00000006658b0000)
 concurrent mark-sweep generation total 6291456K, used 3736873K [0x000000067ae00000, 0x00000007fae00000, 0x00000007fae00000)
 concurrent-mark-sweep perm gen total 55920K, used 33573K [0x00000007fae00000, 0x00000007fe49c000, 0x0000000800000000)
2016-09-06T16:00:54.920+0800: 455.591: [GC 455.593: [ParNew
Desired survivor size 322102880 bytes, new threshold 2 (max 8)
- age   1:  245907960 bytes,  245907960 total
- age   2:  111983408 bytes,  357891368 total
: 1739388K->349504K(1747648K), 0.6592740 secs] 5476262K->4439417K(8039104K), 0.6620230 secs] [Times: user=2.44 sys=0.01, real=0.67 secs] 
Heap after GC invocations=57 (full 9):
 par new generation   total 1747648K, used 349504K [0x00000005fae00000, 0x000000067ae00000, 0x000000067ae00000)
  eden space 1398144K,   0% used [0x00000005fae00000, 0x00000005fae00000, 0x0000000650360000)
  from space 349504K, 100% used [0x0000000650360000, 0x00000006658b0000, 0x00000006658b0000)
  to   space 349504K,   0% used [0x00000006658b0000, 0x00000006658b0000, 0x000000067ae00000)
 concurrent mark-sweep generation total 6291456K, used 4089913K [0x000000067ae00000, 0x00000007fae00000, 0x00000007fae00000)
 concurrent-mark-sweep perm gen total 55920K, used 33573K [0x00000007fae00000, 0x00000007fe49c000, 0x0000000800000000)
}
Total time for which application threads were stopped: 0.6859850 seconds
2016-09-06T16:00:56.960+0800: 457.630: [CMS-concurrent-mark: 4.768/6.068 secs] [Times: user=32.54 sys=0.61, real=6.07 secs] 
2016-09-06T16:00:56.960+0800: 457.631: [CMS-concurrent-preclean-start]
{Heap before GC invocations=57 (full 9):
 par new generation   total 1747648K, used 1747648K [0x00000005fae00000, 0x000000067ae00000, 0x000000067ae00000)
  eden space 1398144K, 100% used [0x00000005fae00000, 0x0000000650360000, 0x0000000650360000)
  from space 349504K, 100% used [0x0000000650360000, 0x00000006658b0000, 0x00000006658b0000)
  to   space 349504K,   0% used [0x00000006658b0000, 0x00000006658b0000, 0x000000067ae00000)
 concurrent mark-sweep generation total 6291456K, used 4089913K [0x000000067ae00000, 0x00000007fae00000, 0x00000007fae00000)
 concurrent-mark-sweep perm gen total 55920K, used 33575K [0x00000007fae00000, 0x00000007fe49c000, 0x0000000800000000)
2016-09-06T16:00:57.284+0800: 457.955: [GC 457.957: [ParNew
Desired survivor size 322102880 bytes, new threshold 2 (max 8)
- age   1:  150983608 bytes,  150983608 total
- age   2:  206907888 bytes,  357891496 total
: 1747648K->349504K(1747648K), 0.5339220 secs] 5837561K->4698331K(8039104K), 0.5366430 secs] [Times: user=1.95 sys=0.01, real=0.53 secs] 
Heap after GC invocations=58 (full 9):
 par new generation   total 1747648K, used 349504K [0x00000005fae00000, 0x000000067ae00000, 0x000000067ae00000)
  eden space 1398144K,   0% used [0x00000005fae00000, 0x00000005fae00000, 0x0000000650360000)
  from space 349504K, 100% used [0x00000006658b0000, 0x000000067ae00000, 0x000000067ae00000)
  to   space 349504K,   0% used [0x0000000650360000, 0x0000000650360000, 0x00000006658b0000)
 concurrent mark-sweep generation total 6291456K, used 4348827K [0x000000067ae00000, 0x00000007fae00000, 0x00000007fae00000)
 concurrent-mark-sweep perm gen total 55920K, used 33575K [0x00000007fae00000, 0x00000007fe49c000, 0x0000000800000000)
}
Total time for which application threads were stopped: 0.5630010 seconds
{Heap before GC invocations=58 (full 9):
 par new generation   total 1747648K, used 1747648K [0x00000005fae00000, 0x000000067ae00000, 0x000000067ae00000)
  eden space 1398144K, 100% used [0x00000005fae00000, 0x0000000650360000, 0x0000000650360000)
  from space 349504K, 100% used [0x00000006658b0000, 0x000000067ae00000, 0x000000067ae00000)
  to   space 349504K,   0% used [0x0000000650360000, 0x0000000650360000, 0x00000006658b0000)
 concurrent mark-sweep generation total 6291456K, used 4348827K [0x000000067ae00000, 0x00000007fae00000, 0x00000007fae00000)
 concurrent-mark-sweep perm gen total 55920K, used 33589K [0x00000007fae00000, 0x00000007fe49c000, 0x0000000800000000)
2016-09-06T16:00:59.012+0800: 459.683: [GC 459.685: [ParNew
Desired survivor size 322102880 bytes, new threshold 2 (max 8)
- age   1:  232939072 bytes,  232939072 total
- age   2:  124952528 bytes,  357891600 total
: 1747648K->349504K(1747648K), 0.5439160 secs] 6096475K->5011968K(8039104K), 0.5469190 secs] [Times: user=1.99 sys=0.01, real=0.55 secs] 
Heap after GC invocations=59 (full 9):
 par new generation   total 1747648K, used 349504K [0x00000005fae00000, 0x000000067ae00000, 0x000000067ae00000)
  eden space 1398144K,   0% used [0x00000005fae00000, 0x00000005fae00000, 0x0000000650360000)
  from space 349504K, 100% used [0x0000000650360000, 0x00000006658b0000, 0x00000006658b0000)
  to   space 349504K,   0% used [0x00000006658b0000, 0x00000006658b0000, 0x000000067ae00000)
 concurrent mark-sweep generation total 6291456K, used 4662464K [0x000000067ae00000, 0x00000007fae00000, 0x00000007fae00000)
 concurrent-mark-sweep perm gen total 55920K, used 33589K [0x00000007fae00000, 0x00000007fe49c000, 0x0000000800000000)
}
Total time for which application threads were stopped: 0.5804940 seconds
{Heap before GC invocations=59 (full 9):
 par new generation   total 1747648K, used 1747648K [0x00000005fae00000, 0x000000067ae00000, 0x000000067ae00000)
  eden space 1398144K, 100% used [0x00000005fae00000, 0x0000000650360000, 0x0000000650360000)
  from space 349504K, 100% used [0x0000000650360000, 0x00000006658b0000, 0x00000006658b0000)
  to   space 349504K,   0% used [0x00000006658b0000, 0x00000006658b0000, 0x000000067ae00000)
 concurrent mark-sweep generation total 6291456K, used 4662464K [0x000000067ae00000, 0x00000007fae00000, 0x00000007fae00000)
 concurrent-mark-sweep perm gen total 55920K, used 33601K [0x00000007fae00000, 0x00000007fe49c000, 0x0000000800000000)
2016-09-06T16:01:00.249+0800: 460.920: [GC 460.921: [ParNew
Desired survivor size 322102880 bytes, new threshold 2 (max 8)
- age   1:  209966976 bytes,  209966976 total
- age   2:  147924536 bytes,  357891512 total
: 1747648K->349504K(1747648K), 0.5974640 secs] 6410112K->5433773K(8039104K), 0.6000960 secs] [Times: user=2.14 sys=0.01, real=0.60 secs] 
Heap after GC invocations=60 (full 9):
 par new generation   total 1747648K, used 349504K [0x00000005fae00000, 0x000000067ae00000, 0x000000067ae00000)
  eden space 1398144K,   0% used [0x00000005fae00000, 0x00000005fae00000, 0x0000000650360000)
  from space 349504K, 100% used [0x00000006658b0000, 0x000000067ae00000, 0x000000067ae00000)
  to   space 349504K,   0% used [0x0000000650360000, 0x0000000650360000, 0x00000006658b0000)
 concurrent mark-sweep generation total 6291456K, used 5084269K [0x000000067ae00000, 0x00000007fae00000, 0x00000007fae00000)
 concurrent-mark-sweep perm gen total 55920K, used 33601K [0x00000007fae00000, 0x00000007fe49c000, 0x0000000800000000)
}
Total time for which application threads were stopped: 0.6234540 seconds
{Heap before GC invocations=60 (full 9):
 par new generation   total 1747648K, used 1747648K [0x00000005fae00000, 0x000000067ae00000, 0x000000067ae00000)
  eden space 1398144K, 100% used [0x00000005fae00000, 0x0000000650360000, 0x0000000650360000)
  from space 349504K, 100% used [0x00000006658b0000, 0x000000067ae00000, 0x000000067ae00000)
  to   space 349504K,   0% used [0x0000000650360000, 0x0000000650360000, 0x00000006658b0000)
 concurrent mark-sweep generation total 6291456K, used 5084269K [0x000000067ae00000, 0x00000007fae00000, 0x00000007fae00000)
 concurrent-mark-sweep perm gen total 55920K, used 33601K [0x00000007fae00000, 0x00000007fe49c000, 0x0000000800000000)
2016-09-06T16:01:02.313+0800: 462.985: [GC 462.986: [ParNew
Desired survivor size 322102880 bytes, new threshold 2 (max 8)
- age   1:  154637800 bytes,  154637800 total
- age   2:  203254104 bytes,  357891904 total
: 1747648K->349504K(1747648K), 0.4710070 secs] 6831917K->5710710K(8039104K), 0.4795700 secs] [Times: user=1.71 sys=0.00, real=0.48 secs] 
Heap after GC invocations=61 (full 9):
 par new generation   total 1747648K, used 349504K [0x00000005fae00000, 0x000000067ae00000, 0x000000067ae00000)
  eden space 1398144K,   0% used [0x00000005fae00000, 0x00000005fae00000, 0x0000000650360000)
  from space 349504K, 100% used [0x0000000650360000, 0x00000006658b0000, 0x00000006658b0000)
  to   space 349504K,   0% used [0x00000006658b0000, 0x00000006658b0000, 0x000000067ae00000)
 concurrent mark-sweep generation total 6291456K, used 5361206K [0x000000067ae00000, 0x00000007fae00000, 0x00000007fae00000)
 concurrent-mark-sweep perm gen total 55920K, used 33601K [0x00000007fae00000, 0x00000007fe49c000, 0x0000000800000000)
}
Total time for which application threads were stopped: 0.5058950 seconds
{Heap before GC invocations=61 (full 9):
 par new generation   total 1747648K, used 1747648K [0x00000005fae00000, 0x000000067ae00000, 0x000000067ae00000)
  eden space 1398144K, 100% used [0x00000005fae00000, 0x0000000650360000, 0x0000000650360000)
  from space 349504K, 100% used [0x0000000650360000, 0x00000006658b0000, 0x00000006658b0000)
  to   space 349504K,   0% used [0x00000006658b0000, 0x00000006658b0000, 0x000000067ae00000)
 concurrent mark-sweep generation total 6291456K, used 5361206K [0x000000067ae00000, 0x00000007fae00000, 0x00000007fae00000)
 concurrent-mark-sweep perm gen total 55920K, used 33601K [0x00000007fae00000, 0x00000007fe49c000, 0x0000000800000000)
2016-09-06T16:01:04.918+0800: 465.589: [GC 465.591: [ParNew
Desired survivor size 322102880 bytes, new threshold 2 (max 8)
- age   1:  198179952 bytes,  198179952 total
- age   2:  139113168 bytes,  337293120 total
: 1747648K->349504K(1747648K), 0.5667630 secs] 7108854K->5906389K(8039104K), 0.5698710 secs] [Times: user=2.09 sys=0.01, real=0.57 secs] 
Heap after GC invocations=62 (full 9):
 par new generation   total 1747648K, used 349504K [0x00000005fae00000, 0x000000067ae00000, 0x000000067ae00000)
  eden space 1398144K,   0% used [0x00000005fae00000, 0x00000005fae00000, 0x0000000650360000)
  from space 349504K, 100% used [0x00000006658b0000, 0x000000067ae00000, 0x000000067ae00000)
  to   space 349504K,   0% used [0x0000000650360000, 0x0000000650360000, 0x00000006658b0000)
 concurrent mark-sweep generation total 6291456K, used 5556885K [0x000000067ae00000, 0x00000007fae00000, 0x00000007fae00000)
 concurrent-mark-sweep perm gen total 55920K, used 33601K [0x00000007fae00000, 0x00000007fe49c000, 0x0000000800000000)
}
Total time for which application threads were stopped: 0.6037820 seconds
{Heap before GC invocations=62 (full 9):
 par new generation   total 1747648K, used 1747648K [0x00000005fae00000, 0x000000067ae00000, 0x000000067ae00000)
  eden space 1398144K, 100% used [0x00000005fae00000, 0x0000000650360000, 0x0000000650360000)
  from space 349504K, 100% used [0x00000006658b0000, 0x000000067ae00000, 0x000000067ae00000)
  to   space 349504K,   0% used [0x0000000650360000, 0x0000000650360000, 0x00000006658b0000)
 concurrent mark-sweep generation total 6291456K, used 5556885K [0x000000067ae00000, 0x00000007fae00000, 0x00000007fae00000)
 concurrent-mark-sweep perm gen total 55920K, used 33610K [0x00000007fae00000, 0x00000007fe49c000, 0x0000000800000000)
2016-09-06T16:01:07.000+0800: 467.671: [GC 467.673: [ParNew
Desired survivor size 322102880 bytes, new threshold 2 (max 8)
- age   1:  314703440 bytes,  314703440 total
- age   2:   43188400 bytes,  357891840 total
: 1747648K->349504K(1747648K), 0.6721420 secs] 7304533K->6325430K(8039104K), 0.6750690 secs] [Times: user=2.45 sys=0.00, real=0.68 secs] 
Heap after GC invocations=63 (full 9):
 par new generation   total 1747648K, used 349504K [0x00000005fae00000, 0x000000067ae00000, 0x000000067ae00000)
  eden space 1398144K,   0% used [0x00000005fae00000, 0x00000005fae00000, 0x0000000650360000)
  from space 349504K, 100% used [0x0000000650360000, 0x00000006658b0000, 0x00000006658b0000)
  to   space 349504K,   0% used [0x00000006658b0000, 0x00000006658b0000, 0x000000067ae00000)
 concurrent mark-sweep generation total 6291456K, used 5975926K [0x000000067ae00000, 0x00000007fae00000, 0x00000007fae00000)
 concurrent-mark-sweep perm gen total 55920K, used 33610K [0x00000007fae00000, 0x00000007fe49c000, 0x0000000800000000)
}
Total time for which application threads were stopped: 0.6951290 seconds
{Heap before GC invocations=63 (full 9):
 par new generation   total 1747648K, used 1747648K [0x00000005fae00000, 0x000000067ae00000, 0x000000067ae00000)
  eden space 1398144K, 100% used [0x00000005fae00000, 0x0000000650360000, 0x0000000650360000)
  from space 349504K, 100% used [0x0000000650360000, 0x00000006658b0000, 0x00000006658b0000)
  to   space 349504K,   0% used [0x00000006658b0000, 0x00000006658b0000, 0x000000067ae00000)
 concurrent mark-sweep generation total 6291456K, used 5975926K [0x000000067ae00000, 0x00000007fae00000, 0x00000007fae00000)
 concurrent-mark-sweep perm gen total 55920K, used 33610K [0x00000007fae00000, 0x00000007fe49c000, 0x0000000800000000)
2016-09-06T16:01:09.312+0800: 469.983: [GC 469.985: [ParNew: 1747648K->1747648K(1747648K), 0.0000250 secs]469.985: [CMS2016-09-06T16:01:10.761+0800: 471.432: [CMS-concurrent-preclean: 9.359/13.801 secs] [Times: user=63.90 sys=1.46, real=13.80 secs] 
 (concurrent mode failure): 5975926K->3422712K(6291456K), 10.4816640 secs] 7723574K->3422712K(8039104K), [CMS Perm : 33610K->33610K(55920K)], 10.4848430 secs] [Times: user=10.39 sys=0.10, real=10.49 secs] 
Heap after GC invocations=64 (full 10):
 par new generation   total 1747648K, used 0K [0x00000005fae00000, 0x000000067ae00000, 0x000000067ae00000)
  eden space 1398144K,   0% used [0x00000005fae00000, 0x00000005fae00000, 0x0000000650360000)
  from space 349504K,   0% used [0x0000000650360000, 0x0000000650360000, 0x00000006658b0000)
  to   space 349504K,   0% used [0x00000006658b0000, 0x00000006658b0000, 0x000000067ae00000)
 concurrent mark-sweep generation total 6291456K, used 3422712K [0x000000067ae00000, 0x00000007fae00000, 0x00000007fae00000)
 concurrent-mark-sweep perm gen total 56112K, used 33610K [0x00000007fae00000, 0x00000007fe4cc000, 0x0000000800000000)
}
Total time for which application threads were stopped: 10.5217990 seconds
{Heap before GC invocations=64 (full 10):
 par new generation   total 1747648K, used 1398144K [0x00000005fae00000, 0x000000067ae00000, 0x000000067ae00000)
  eden space 1398144K, 100% used [0x00000005fae00000, 0x0000000650360000, 0x0000000650360000)
  from space 349504K,   0% used [0x0000000650360000, 0x0000000650360000, 0x00000006658b0000)
  to   space 349504K,   0% used [0x00000006658b0000, 0x00000006658b0000, 0x000000067ae00000)
 concurrent mark-sweep generation total 6291456K, used 3422712K [0x000000067ae00000, 0x00000007fae00000, 0x00000007fae00000)
 concurrent-mark-sweep perm gen total 56112K, used 33616K [0x00000007fae00000, 0x00000007fe4cc000, 0x0000000800000000)
2016-09-06T16:01:20.801+0800: 481.472: [GC 481.474: [ParNew
Desired survivor size 322102880 bytes, new threshold 1 (max 8)
- age   1:  334788480 bytes,  334788480 total
: 1398144K->349504K(1747648K), 0.2778400 secs] 4820856K->3783163K(8039104K), 0.2809870 secs] [Times: user=1.10 sys=0.00, real=0.28 secs] 
Heap after GC invocations=65 (full 10):
 par new generation   total 1747648K, used 349504K [0x00000005fae00000, 0x000000067ae00000, 0x000000067ae00000)
  eden space 1398144K,   0% used [0x00000005fae00000, 0x00000005fae00000, 0x0000000650360000)
  from space 349504K, 100% used [0x00000006658b0000, 0x000000067ae00000, 0x000000067ae00000)
  to   space 349504K,   0% used [0x0000000650360000, 0x0000000650360000, 0x00000006658b0000)
 concurrent mark-sweep generation total 6291456K, used 3433659K [0x000000067ae00000, 0x00000007fae00000, 0x00000007fae00000)
 concurrent-mark-sweep perm gen total 56112K, used 33616K [0x00000007fae00000, 0x00000007fe4cc000, 0x0000000800000000)
}
Total time for which application threads were stopped: 0.3064200 seconds
2016-09-06T16:01:21.089+0800: 481.760: [GC [1 CMS-initial-mark: 3433659K(6291456K)] 3785700K(8039104K), 0.2414890 secs] [Times: user=0.24 sys=0.01, real=0.24 secs] 
Total time for which application threads were stopped: 0.2454590 seconds
2016-09-06T16:01:21.333+0800: 482.004: [CMS-concurrent-mark-start]
{Heap before GC invocations=65 (full 11):
 par new generation   total 1747648K, used 1747648K [0x00000005fae00000, 0x000000067ae00000, 0x000000067ae00000)
  eden space 1398144K, 100% used [0x00000005fae00000, 0x0000000650360000, 0x0000000650360000)
  from space 349504K, 100% used [0x00000006658b0000, 0x000000067ae00000, 0x000000067ae00000)
  to   space 349504K,   0% used [0x0000000650360000, 0x0000000650360000, 0x00000006658b0000)
 concurrent mark-sweep generation total 6291456K, used 3433659K [0x000000067ae00000, 0x00000007fae00000, 0x00000007fae00000)
 concurrent-mark-sweep perm gen total 56112K, used 33616K [0x00000007fae00000, 0x00000007fe4cc000, 0x0000000800000000)
2016-09-06T16:01:22.997+0800: 483.669: [GC 483.670: [ParNew
Desired survivor size 322102880 bytes, new threshold 8 (max 8)
- age   1:  246801280 bytes,  246801280 total
: 1747648K->331636K(1747648K), 0.4661490 secs] 5181307K->4110293K(8039104K), 0.4689810 secs] [Times: user=1.67 sys=0.01, real=0.47 secs] 
Heap after GC invocations=66 (full 11):
 par new generation   total 1747648K, used 331636K [0x00000005fae00000, 0x000000067ae00000, 0x000000067ae00000)
  eden space 1398144K,   0% used [0x00000005fae00000, 0x00000005fae00000, 0x0000000650360000)
  from space 349504K,  94% used [0x0000000650360000, 0x000000066473d340, 0x00000006658b0000)
  to   space 349504K,   0% used [0x00000006658b0000, 0x00000006658b0000, 0x000000067ae00000)
 concurrent mark-sweep generation total 6291456K, used 3778656K [0x000000067ae00000, 0x00000007fae00000, 0x00000007fae00000)
 concurrent-mark-sweep perm gen total 56112K, used 33616K [0x00000007fae00000, 0x00000007fe4cc000, 0x0000000800000000)
}
Total time for which application threads were stopped: 0.5028030 seconds
{Heap before GC invocations=66 (full 11):
 par new generation   total 1747648K, used 1729780K [0x00000005fae00000, 0x000000067ae00000, 0x000000067ae00000)
  eden space 1398144K, 100% used [0x00000005fae00000, 0x0000000650360000, 0x0000000650360000)
  from space 349504K,  94% used [0x0000000650360000, 0x000000066473d340, 0x00000006658b0000)
  to   space 349504K,   0% used [0x00000006658b0000, 0x00000006658b0000, 0x000000067ae00000)
 concurrent mark-sweep generation total 6291456K, used 3778656K [0x000000067ae00000, 0x00000007fae00000, 0x00000007fae00000)
 concurrent-mark-sweep perm gen total 56112K, used 33616K [0x00000007fae00000, 0x00000007fe4cc000, 0x0000000800000000)
2016-09-06T16:01:24.287+0800: 484.958: [GC 484.959: [ParNew
Desired survivor size 322102880 bytes, new threshold 2 (max 8)
- age   1:  231800504 bytes,  231800504 total
- age   2:  126090872 bytes,  357891376 total
: 1729780K->349504K(1747648K), 0.4983420 secs] 5508437K->4316059K(8039104K), 0.5010460 secs] [Times: user=1.87 sys=0.00, real=0.51 secs] 
Heap after GC invocations=67 (full 11):
 par new generation   total 1747648K, used 349504K [0x00000005fae00000, 0x000000067ae00000, 0x000000067ae00000)
  eden space 1398144K,   0% used [0x00000005fae00000, 0x00000005fae00000, 0x0000000650360000)
  from space 349504K, 100% used [0x00000006658b0000, 0x000000067ae00000, 0x000000067ae00000)
  to   space 349504K,   0% used [0x0000000650360000, 0x0000000650360000, 0x00000006658b0000)
 concurrent mark-sweep generation total 6291456K, used 3966555K [0x000000067ae00000, 0x00000007fae00000, 0x00000007fae00000)
 concurrent-mark-sweep perm gen total 56112K, used 33616K [0x00000007fae00000, 0x00000007fe4cc000, 0x0000000800000000)
}
Total time for which application threads were stopped: 0.5084720 seconds
{Heap before GC invocations=67 (full 11):
 par new generation   total 1747648K, used 1747648K [0x00000005fae00000, 0x000000067ae00000, 0x000000067ae00000)
  eden space 1398144K, 100% used [0x00000005fae00000, 0x0000000650360000, 0x0000000650360000)
  from space 349504K, 100% used [0x00000006658b0000, 0x000000067ae00000, 0x000000067ae00000)
  to   space 349504K,   0% used [0x0000000650360000, 0x0000000650360000, 0x00000006658b0000)
 concurrent mark-sweep generation total 6291456K, used 3966555K [0x000000067ae00000, 0x00000007fae00000, 0x00000007fae00000)
 concurrent-mark-sweep perm gen total 56112K, used 33616K [0x00000007fae00000, 0x00000007fe4cc000, 0x0000000800000000)
2016-09-06T16:01:25.781+0800: 486.452: [GC 486.453: [ParNew
Desired survivor size 322102880 bytes, new threshold 2 (max 8)
- age   1:  152494288 bytes,  152494288 total
- age   2:  205397464 bytes,  357891752 total
: 1747648K->349504K(1747648K), 0.4544380 secs] 5714203K->4546209K(8039104K), 0.4571930 secs] [Times: user=1.67 sys=0.01, real=0.46 secs] 
Heap after GC invocations=68 (full 11):
 par new generation   total 1747648K, used 349504K [0x00000005fae00000, 0x000000067ae00000, 0x000000067ae00000)
  eden space 1398144K,   0% used [0x00000005fae00000, 0x00000005fae00000, 0x0000000650360000)
  from space 349504K, 100% used [0x0000000650360000, 0x00000006658b0000, 0x00000006658b0000)
  to   space 349504K,   0% used [0x00000006658b0000, 0x00000006658b0000, 0x000000067ae00000)
 concurrent mark-sweep generation total 6291456K, used 4196705K [0x000000067ae00000, 0x00000007fae00000, 0x00000007fae00000)
 concurrent-mark-sweep perm gen total 56112K, used 33616K [0x00000007fae00000, 0x00000007fe4cc000, 0x0000000800000000)
}
Total time for which application threads were stopped: 0.4627770 seconds
{Heap before GC invocations=68 (full 11):
 par new generation   total 1747648K, used 1747648K [0x00000005fae00000, 0x000000067ae00000, 0x000000067ae00000)
  eden space 1398144K, 100% used [0x00000005fae00000, 0x0000000650360000, 0x0000000650360000)
  from space 349504K, 100% used [0x0000000650360000, 0x00000006658b0000, 0x00000006658b0000)
  to   space 349504K,   0% used [0x00000006658b0000, 0x00000006658b0000, 0x000000067ae00000)
 concurrent mark-sweep generation total 6291456K, used 4196705K [0x000000067ae00000, 0x00000007fae00000, 0x00000007fae00000)
 concurrent-mark-sweep perm gen total 56112K, used 33616K [0x00000007fae00000, 0x00000007fe4cc000, 0x0000000800000000)
2016-09-06T16:01:26.997+0800: 487.668: [GC 487.670: [ParNew
Desired survivor size 322102880 bytes, new threshold 2 (max 8)
- age   1:  258627160 bytes,  258627160 total
- age   2:   99264592 bytes,  357891752 total
: 1747648K->349504K(1747648K), 0.6072760 secs] 5944353K->4977959K(8039104K), 0.6102040 secs] [Times: user=2.19 sys=0.01, real=0.61 secs] 
Heap after GC invocations=69 (full 11):
 par new generation   total 1747648K, used 349504K [0x00000005fae00000, 0x000000067ae00000, 0x000000067ae00000)
  eden space 1398144K,   0% used [0x00000005fae00000, 0x00000005fae00000, 0x0000000650360000)
  from space 349504K, 100% used [0x00000006658b0000, 0x000000067ae00000, 0x000000067ae00000)
  to   space 349504K,   0% used [0x0000000650360000, 0x0000000650360000, 0x00000006658b0000)
 concurrent mark-sweep generation total 6291456K, used 4628455K [0x000000067ae00000, 0x00000007fae00000, 0x00000007fae00000)
 concurrent-mark-sweep perm gen total 56112K, used 33616K [0x00000007fae00000, 0x00000007fe4cc000, 0x0000000800000000)
}
Total time for which application threads were stopped: 0.6311590 seconds
{Heap before GC invocations=69 (full 11):
 par new generation   total 1747648K, used 1747648K [0x00000005fae00000, 0x000000067ae00000, 0x000000067ae00000)
  eden space 1398144K, 100% used [0x00000005fae00000, 0x0000000650360000, 0x0000000650360000)
  from space 349504K, 100% used [0x00000006658b0000, 0x000000067ae00000, 0x000000067ae00000)
  to   space 349504K,   0% used [0x0000000650360000, 0x0000000650360000, 0x00000006658b0000)
 concurrent mark-sweep generation total 6291456K, used 4628455K [0x000000067ae00000, 0x00000007fae00000, 0x00000007fae00000)
 concurrent-mark-sweep perm gen total 56112K, used 33617K [0x00000007fae00000, 0x00000007fe4cc000, 0x0000000800000000)
2016-09-06T16:01:28.343+0800: 489.014: [GC 489.016: [ParNew
Desired survivor size 322102880 bytes, new threshold 2 (max 8)
- age   1:  161671928 bytes,  161671928 total
- age   2:  196219936 bytes,  357891864 total
: 1747648K->349504K(1747648K), 0.6049050 secs] 6376103K->5348031K(8039104K), 0.6079310 secs] [Times: user=2.20 sys=0.01, real=0.61 secs] 
Heap after GC invocations=70 (full 11):
 par new generation   total 1747648K, used 349504K [0x00000005fae00000, 0x000000067ae00000, 0x000000067ae00000)
  eden space 1398144K,   0% used [0x00000005fae00000, 0x00000005fae00000, 0x0000000650360000)
  from space 349504K, 100% used [0x0000000650360000, 0x00000006658b0000, 0x00000006658b0000)
  to   space 349504K,   0% used [0x00000006658b0000, 0x00000006658b0000, 0x000000067ae00000)
 concurrent mark-sweep generation total 6291456K, used 4998527K [0x000000067ae00000, 0x00000007fae00000, 0x00000007fae00000)
 concurrent-mark-sweep perm gen total 56112K, used 33617K [0x00000007fae00000, 0x00000007fe4cc000, 0x0000000800000000)
}
Total time for which application threads were stopped: 0.6295330 seconds
{Heap before GC invocations=70 (full 11):
 par new generation   total 1747648K, used 1747648K [0x00000005fae00000, 0x000000067ae00000, 0x000000067ae00000)
  eden space 1398144K, 100% used [0x00000005fae00000, 0x0000000650360000, 0x0000000650360000)
  from space 349504K, 100% used [0x0000000650360000, 0x00000006658b0000, 0x00000006658b0000)
  to   space 349504K,   0% used [0x00000006658b0000, 0x00000006658b0000, 0x000000067ae00000)
 concurrent mark-sweep generation total 6291456K, used 4998527K [0x000000067ae00000, 0x00000007fae00000, 0x00000007fae00000)
 concurrent-mark-sweep perm gen total 56112K, used 33620K [0x00000007fae00000, 0x00000007fe4cc000, 0x0000000800000000)
2016-09-06T16:01:29.606+0800: 490.277: [GC 490.279: [ParNew
Desired survivor size 322102880 bytes, new threshold 2 (max 8)
- age   1:  245426416 bytes,  245426416 total
- age   2:  112465360 bytes,  357891776 total
: 1747648K->349504K(1747648K), 0.5906140 secs] 6746175K->5704706K(8039104K), 0.5934550 secs] [Times: user=2.15 sys=0.01, real=0.60 secs] 
Heap after GC invocations=71 (full 11):
 par new generation   total 1747648K, used 349504K [0x00000005fae00000, 0x000000067ae00000, 0x000000067ae00000)
  eden space 1398144K,   0% used [0x00000005fae00000, 0x00000005fae00000, 0x0000000650360000)
  from space 349504K, 100% used [0x00000006658b0000, 0x000000067ae00000, 0x000000067ae00000)
  to   space 349504K,   0% used [0x0000000650360000, 0x0000000650360000, 0x00000006658b0000)
 concurrent mark-sweep generation total 6291456K, used 5355202K [0x000000067ae00000, 0x00000007fae00000, 0x00000007fae00000)
 concurrent-mark-sweep perm gen total 56112K, used 33620K [0x00000007fae00000, 0x00000007fe4cc000, 0x0000000800000000)
}
Total time for which application threads were stopped: 0.5993610 seconds
{Heap before GC invocations=71 (full 11):
 par new generation   total 1747648K, used 1747648K [0x00000005fae00000, 0x000000067ae00000, 0x000000067ae00000)
  eden space 1398144K, 100% used [0x00000005fae00000, 0x0000000650360000, 0x0000000650360000)
  from space 349504K, 100% used [0x00000006658b0000, 0x000000067ae00000, 0x000000067ae00000)
  to   space 349504K,   0% used [0x0000000650360000, 0x0000000650360000, 0x00000006658b0000)
 concurrent mark-sweep generation total 6291456K, used 5355202K [0x000000067ae00000, 0x00000007fae00000, 0x00000007fae00000)
 concurrent-mark-sweep perm gen total 56112K, used 33620K [0x00000007fae00000, 0x00000007fe4cc000, 0x0000000800000000)
2016-09-06T16:01:30.984+0800: 491.656: [GC 491.657: [ParNew
Desired survivor size 322102880 bytes, new threshold 2 (max 8)
- age   1:  171997208 bytes,  171997208 total
- age   2:  185894640 bytes,  357891848 total
: 1747648K->349504K(1747648K), 0.6054140 secs] 7102850K->6004387K(8039104K), 0.6080100 secs] [Times: user=2.23 sys=0.01, real=0.61 secs] 
Heap after GC invocations=72 (full 11):
 par new generation   total 1747648K, used 349504K [0x00000005fae00000, 0x000000067ae00000, 0x000000067ae00000)
  eden space 1398144K,   0% used [0x00000005fae00000, 0x00000005fae00000, 0x0000000650360000)
  from space 349504K, 100% used [0x0000000650360000, 0x00000006658b0000, 0x00000006658b0000)
  to   space 349504K,   0% used [0x00000006658b0000, 0x00000006658b0000, 0x000000067ae00000)
 concurrent mark-sweep generation total 6291456K, used 5654883K [0x000000067ae00000, 0x00000007fae00000, 0x00000007fae00000)
 concurrent-mark-sweep perm gen total 56112K, used 33620K [0x00000007fae00000, 0x00000007fe4cc000, 0x0000000800000000)
}
Total time for which application threads were stopped: 0.6174440 seconds
Total time for which application threads were stopped: 0.0772050 seconds
Total time for which application threads were stopped: 0.0192790 seconds
{Heap before GC invocations=72 (full 11):
 par new generation   total 1747648K, used 1747648K [0x00000005fae00000, 0x000000067ae00000, 0x000000067ae00000)
  eden space 1398144K, 100% used [0x00000005fae00000, 0x0000000650360000, 0x0000000650360000)
  from space 349504K, 100% used [0x0000000650360000, 0x00000006658b0000, 0x00000006658b0000)
  to   space 349504K,   0% used [0x00000006658b0000, 0x00000006658b0000, 0x000000067ae00000)
 concurrent mark-sweep generation total 6291456K, used 5654883K [0x000000067ae00000, 0x00000007fae00000, 0x00000007fae00000)
 concurrent-mark-sweep perm gen total 56112K, used 33621K [0x00000007fae00000, 0x00000007fe4cc000, 0x0000000800000000)
2016-09-06T16:01:32.302+0800: 492.973: [GC 492.974: [ParNew
Desired survivor size 322102880 bytes, new threshold 2 (max 8)
- age   1:  240993120 bytes,  240993120 total
- age   2:  116898504 bytes,  357891624 total
: 1747648K->349504K(1747648K), 0.6159900 secs] 7402531K->6351759K(8039104K), 0.6183760 secs] [Times: user=2.19 sys=0.01, real=0.62 secs] 
Heap after GC invocations=73 (full 11):
 par new generation   total 1747648K, used 349504K [0x00000005fae00000, 0x000000067ae00000, 0x000000067ae00000)
  eden space 1398144K,   0% used [0x00000005fae00000, 0x00000005fae00000, 0x0000000650360000)
  from space 349504K, 100% used [0x00000006658b0000, 0x000000067ae00000, 0x000000067ae00000)
  to   space 349504K,   0% used [0x0000000650360000, 0x0000000650360000, 0x00000006658b0000)
 concurrent mark-sweep generation total 6291456K, used 6002255K [0x000000067ae00000, 0x00000007fae00000, 0x00000007fae00000)
 concurrent-mark-sweep perm gen total 56112K, used 33621K [0x00000007fae00000, 0x00000007fe4cc000, 0x0000000800000000)
}
Total time for which application threads were stopped: 0.6221500 seconds
{Heap before GC invocations=73 (full 11):
 par new generation   total 1747648K, used 1747648K [0x00000005fae00000, 0x000000067ae00000, 0x000000067ae00000)
  eden space 1398144K, 100% used [0x00000005fae00000, 0x0000000650360000, 0x0000000650360000)
  from space 349504K, 100% used [0x00000006658b0000, 0x000000067ae00000, 0x000000067ae00000)
  to   space 349504K,   0% used [0x0000000650360000, 0x0000000650360000, 0x00000006658b0000)
 concurrent mark-sweep generation total 6291456K, used 6002255K [0x000000067ae00000, 0x00000007fae00000, 0x00000007fae00000)
 concurrent-mark-sweep perm gen total 56112K, used 33623K [0x00000007fae00000, 0x00000007fe4cc000, 0x0000000800000000)
2016-09-06T16:01:33.631+0800: 494.302: [GC 494.303: [ParNew: 1747648K->1747648K(1747648K), 0.0000180 secs]494.303: [CMS2016-09-06T16:01:34.363+0800: 495.034: [CMS-concurrent-mark: 8.145/13.030 secs] [Times: user=63.46 sys=1.30, real=13.03 secs] 
 (concurrent mode failure): 6002255K->4641907K(6291456K), 11.0409390 secs] 7749903K->4641907K(8039104K), [CMS Perm : 33623K->33622K(56112K)], 11.0434390 secs] [Times: user=13.00 sys=0.01, real=11.04 secs] 
Heap after GC invocations=74 (full 12):
 par new generation   total 1747648K, used 0K [0x00000005fae00000, 0x000000067ae00000, 0x000000067ae00000)
  eden space 1398144K,   0% used [0x00000005fae00000, 0x00000005fae00000, 0x0000000650360000)
  from space 349504K,   0% used [0x00000006658b0000, 0x00000006658b0000, 0x000000067ae00000)
  to   space 349504K,   0% used [0x0000000650360000, 0x0000000650360000, 0x00000006658b0000)
 concurrent mark-sweep generation total 6291456K, used 4641907K [0x000000067ae00000, 0x00000007fae00000, 0x00000007fae00000)
 concurrent-mark-sweep perm gen total 56112K, used 33622K [0x00000007fae00000, 0x00000007fe4cc000, 0x0000000800000000)
}
Total time for which application threads were stopped: 11.0476490 seconds
{Heap before GC invocations=74 (full 12):
 par new generation   total 1747648K, used 1398144K [0x00000005fae00000, 0x000000067ae00000, 0x000000067ae00000)
  eden space 1398144K, 100% used [0x00000005fae00000, 0x0000000650360000, 0x0000000650360000)
  from space 349504K,   0% used [0x00000006658b0000, 0x00000006658b0000, 0x000000067ae00000)
  to   space 349504K,   0% used [0x0000000650360000, 0x0000000650360000, 0x00000006658b0000)
 concurrent mark-sweep generation total 6291456K, used 4641907K [0x000000067ae00000, 0x00000007fae00000, 0x00000007fae00000)
 concurrent-mark-sweep perm gen total 56112K, used 33622K [0x00000007fae00000, 0x00000007fe4cc000, 0x0000000800000000)
2016-09-06T16:01:45.480+0800: 506.151: [GC 506.152: [ParNew
Desired survivor size 322102880 bytes, new threshold 1 (max 8)
- age   1:  323412120 bytes,  323412120 total
: 1398144K->349492K(1747648K), 0.2404890 secs] 6040051K->4991400K(8039104K), 0.2431090 secs] [Times: user=0.96 sys=0.00, real=0.25 secs] 
Heap after GC invocations=75 (full 12):
 par new generation   total 1747648K, used 349492K [0x00000005fae00000, 0x000000067ae00000, 0x000000067ae00000)
  eden space 1398144K,   0% used [0x00000005fae00000, 0x00000005fae00000, 0x0000000650360000)
  from space 349504K,  99% used [0x0000000650360000, 0x00000006658ad340, 0x00000006658b0000)
  to   space 349504K,   0% used [0x00000006658b0000, 0x00000006658b0000, 0x000000067ae00000)
 concurrent mark-sweep generation total 6291456K, used 4641907K [0x000000067ae00000, 0x00000007fae00000, 0x00000007fae00000)
 concurrent-mark-sweep perm gen total 56112K, used 33622K [0x00000007fae00000, 0x00000007fe4cc000, 0x0000000800000000)
}
Total time for which application threads were stopped: 0.2709450 seconds
2016-09-06T16:01:45.728+0800: 506.399: [GC [1 CMS-initial-mark: 4641907K(6291456K)] 4991667K(8039104K), 0.2282040 secs] [Times: user=0.23 sys=0.00, real=0.23 secs] 
Total time for which application threads were stopped: 0.2323020 seconds
2016-09-06T16:01:45.958+0800: 506.629: [CMS-concurrent-mark-start]
Total time for which application threads were stopped: 0.0034370 seconds
Total time for which application threads were stopped: 0.0029270 seconds
{Heap before GC invocations=75 (full 13):
 par new generation   total 1747648K, used 1747636K [0x00000005fae00000, 0x000000067ae00000, 0x000000067ae00000)
  eden space 1398144K, 100% used [0x00000005fae00000, 0x0000000650360000, 0x0000000650360000)
  from space 349504K,  99% used [0x0000000650360000, 0x00000006658ad340, 0x00000006658b0000)
  to   space 349504K,   0% used [0x00000006658b0000, 0x00000006658b0000, 0x000000067ae00000)
 concurrent mark-sweep generation total 6291456K, used 4641907K [0x000000067ae00000, 0x00000007fae00000, 0x00000007fae00000)
 concurrent-mark-sweep perm gen total 56112K, used 33623K [0x00000007fae00000, 0x00000007fe4cc000, 0x0000000800000000)
2016-09-06T16:01:46.632+0800: 507.303: [GC 507.304: [ParNew
Desired survivor size 322102880 bytes, new threshold 1 (max 8)
- age   1:  347449728 bytes,  347449728 total
: 1747636K->349504K(1747648K), 0.4997840 secs] 6389544K->5360972K(8039104K), 0.5022400 secs] [Times: user=1.78 sys=0.01, real=0.50 secs] 
Heap after GC invocations=76 (full 13):
 par new generation   total 1747648K, used 349504K [0x00000005fae00000, 0x000000067ae00000, 0x000000067ae00000)
  eden space 1398144K,   0% used [0x00000005fae00000, 0x00000005fae00000, 0x0000000650360000)
  from space 349504K, 100% used [0x00000006658b0000, 0x000000067ae00000, 0x000000067ae00000)
  to   space 349504K,   0% used [0x0000000650360000, 0x0000000650360000, 0x00000006658b0000)
 concurrent mark-sweep generation total 6291456K, used 5011468K [0x000000067ae00000, 0x00000007fae00000, 0x00000007fae00000)
 concurrent-mark-sweep perm gen total 56112K, used 33623K [0x00000007fae00000, 0x00000007fe4cc000, 0x0000000800000000)
}
Total time for which application threads were stopped: 0.5225590 seconds
{Heap before GC invocations=76 (full 13):
 par new generation   total 1747648K, used 1747648K [0x00000005fae00000, 0x000000067ae00000, 0x000000067ae00000)
  eden space 1398144K, 100% used [0x00000005fae00000, 0x0000000650360000, 0x0000000650360000)
  from space 349504K, 100% used [0x00000006658b0000, 0x000000067ae00000, 0x000000067ae00000)
  to   space 349504K,   0% used [0x0000000650360000, 0x0000000650360000, 0x00000006658b0000)
 concurrent mark-sweep generation total 6291456K, used 5011468K [0x000000067ae00000, 0x00000007fae00000, 0x00000007fae00000)
 concurrent-mark-sweep perm gen total 56112K, used 33624K [0x00000007fae00000, 0x00000007fe4cc000, 0x0000000800000000)
2016-09-06T16:01:47.980+0800: 508.651: [GC 508.652: [ParNew
Desired survivor size 322102880 bytes, new threshold 8 (max 8)
- age   1:  244319752 bytes,  244319752 total
: 1747648K->335541K(1747648K), 0.4370720 secs] 6759116K->5688662K(8039104K), 0.4398880 secs] [Times: user=1.57 sys=0.00, real=0.44 secs] 
Heap after GC invocations=77 (full 13):
 par new generation   total 1747648K, used 335541K [0x00000005fae00000, 0x000000067ae00000, 0x000000067ae00000)
  eden space 1398144K,   0% used [0x00000005fae00000, 0x00000005fae00000, 0x0000000650360000)
  from space 349504K,  96% used [0x0000000650360000, 0x0000000664b0d600, 0x00000006658b0000)
  to   space 349504K,   0% used [0x00000006658b0000, 0x00000006658b0000, 0x000000067ae00000)
 concurrent mark-sweep generation total 6291456K, used 5353121K [0x000000067ae00000, 0x00000007fae00000, 0x00000007fae00000)
 concurrent-mark-sweep perm gen total 56112K, used 33624K [0x00000007fae00000, 0x00000007fe4cc000, 0x0000000800000000)
}
Total time for which application threads were stopped: 0.4646990 seconds
{Heap before GC invocations=77 (full 13):
 par new generation   total 1747648K, used 1733685K [0x00000005fae00000, 0x000000067ae00000, 0x000000067ae00000)
  eden space 1398144K, 100% used [0x00000005fae00000, 0x0000000650360000, 0x0000000650360000)
  from space 349504K,  96% used [0x0000000650360000, 0x0000000664b0d600, 0x00000006658b0000)
  to   space 349504K,   0% used [0x00000006658b0000, 0x00000006658b0000, 0x000000067ae00000)
 concurrent mark-sweep generation total 6291456K, used 5353121K [0x000000067ae00000, 0x00000007fae00000, 0x00000007fae00000)
 concurrent-mark-sweep perm gen total 56112K, used 33624K [0x00000007fae00000, 0x00000007fe4cc000, 0x0000000800000000)
2016-09-06T16:01:48.968+0800: 509.639: [GC 509.640: [ParNew
Desired survivor size 322102880 bytes, new threshold 2 (max 8)
- age   1:  203615664 bytes,  203615664 total
- age   2:  154275904 bytes,  357891568 total
: 1733685K->349504K(1747648K), 0.4244810 secs] 7086806K->5930345K(8039104K), 0.4268870 secs] [Times: user=1.56 sys=0.00, real=0.43 secs] 
Heap after GC invocations=78 (full 13):
 par new generation   total 1747648K, used 349504K [0x00000005fae00000, 0x000000067ae00000, 0x000000067ae00000)
  eden space 1398144K,   0% used [0x00000005fae00000, 0x00000005fae00000, 0x0000000650360000)
  from space 349504K, 100% used [0x00000006658b0000, 0x000000067ae00000, 0x000000067ae00000)
  to   space 349504K,   0% used [0x0000000650360000, 0x0000000650360000, 0x00000006658b0000)
 concurrent mark-sweep generation total 6291456K, used 5580841K [0x000000067ae00000, 0x00000007fae00000, 0x00000007fae00000)
 concurrent-mark-sweep perm gen total 56112K, used 33624K [0x00000007fae00000, 0x00000007fe4cc000, 0x0000000800000000)
}
Total time for which application threads were stopped: 0.4319010 seconds
{Heap before GC invocations=78 (full 13):
 par new generation   total 1747648K, used 1747648K [0x00000005fae00000, 0x000000067ae00000, 0x000000067ae00000)
  eden space 1398144K, 100% used [0x00000005fae00000, 0x0000000650360000, 0x0000000650360000)
  from space 349504K, 100% used [0x00000006658b0000, 0x000000067ae00000, 0x000000067ae00000)
  to   space 349504K,   0% used [0x0000000650360000, 0x0000000650360000, 0x00000006658b0000)
 concurrent mark-sweep generation total 6291456K, used 5580841K [0x000000067ae00000, 0x00000007fae00000, 0x00000007fae00000)
 concurrent-mark-sweep perm gen total 56112K, used 33624K [0x00000007fae00000, 0x00000007fe4cc000, 0x0000000800000000)
2016-09-06T16:01:49.975+0800: 510.646: [GC 510.648: [ParNew
Desired survivor size 322102880 bytes, new threshold 2 (max 8)
- age   1:  198002880 bytes,  198002880 total
- age   2:  159888272 bytes,  357891152 total
: 1747648K->349504K(1747648K), 0.4907080 secs] 7328489K->6243989K(8039104K), 0.4931030 secs] [Times: user=1.75 sys=0.01, real=0.49 secs] 
Heap after GC invocations=79 (full 13):
 par new generation   total 1747648K, used 349504K [0x00000005fae00000, 0x000000067ae00000, 0x000000067ae00000)
  eden space 1398144K,   0% used [0x00000005fae00000, 0x00000005fae00000, 0x0000000650360000)
  from space 349504K, 100% used [0x0000000650360000, 0x00000006658b0000, 0x00000006658b0000)
  to   space 349504K,   0% used [0x00000006658b0000, 0x00000006658b0000, 0x000000067ae00000)
 concurrent mark-sweep generation total 6291456K, used 5894485K [0x000000067ae00000, 0x00000007fae00000, 0x00000007fae00000)
 concurrent-mark-sweep perm gen total 56112K, used 33624K [0x00000007fae00000, 0x00000007fe4cc000, 0x0000000800000000)
}
Total time for which application threads were stopped: 0.5003730 seconds
Total time for which application threads were stopped: 0.0194560 seconds
{Heap before GC invocations=79 (full 13):
 par new generation   total 1747648K, used 1747648K [0x00000005fae00000, 0x000000067ae00000, 0x000000067ae00000)
  eden space 1398144K, 100% used [0x00000005fae00000, 0x0000000650360000, 0x0000000650360000)
  from space 349504K, 100% used [0x0000000650360000, 0x00000006658b0000, 0x00000006658b0000)
  to   space 349504K,   0% used [0x00000006658b0000, 0x00000006658b0000, 0x000000067ae00000)
 concurrent mark-sweep generation total 6291456K, used 5894485K [0x000000067ae00000, 0x00000007fae00000, 0x00000007fae00000)
 concurrent-mark-sweep perm gen total 56112K, used 33627K [0x00000007fae00000, 0x00000007fe4cc000, 0x0000000800000000)
2016-09-06T16:01:51.320+0800: 511.991: [GC 511.992: [ParNew: 1747648K->1747648K(1747648K), 0.0000190 secs]511.992: [CMS2016-09-06T16:01:52.525+0800: 513.196: [CMS-concurrent-mark: 4.450/6.567 secs] [Times: user=31.06 sys=0.63, real=6.57 secs] 
 (concurrent mode failure): 5894485K->4067461K(6291456K), 12.8069210 secs] 7642133K->4067461K(8039104K), [CMS Perm : 33627K->33626K(56112K)], 12.8096420 secs] [Times: user=16.19 sys=0.02, real=12.81 secs] 
Heap after GC invocations=80 (full 14):
 par new generation   total 1747648K, used 0K [0x00000005fae00000, 0x000000067ae00000, 0x000000067ae00000)
  eden space 1398144K,   0% used [0x00000005fae00000, 0x00000005fae00000, 0x0000000650360000)
  from space 349504K,   0% used [0x0000000650360000, 0x0000000650360000, 0x00000006658b0000)
  to   space 349504K,   0% used [0x00000006658b0000, 0x00000006658b0000, 0x000000067ae00000)
 concurrent mark-sweep generation total 6291456K, used 4067461K [0x000000067ae00000, 0x00000007fae00000, 0x00000007fae00000)
 concurrent-mark-sweep perm gen total 56112K, used 33626K [0x00000007fae00000, 0x00000007fe4cc000, 0x0000000800000000)
}
Total time for which application threads were stopped: 12.8133960 seconds
{Heap before GC invocations=80 (full 14):
 par new generation   total 1747648K, used 1398144K [0x00000005fae00000, 0x000000067ae00000, 0x000000067ae00000)
  eden space 1398144K, 100% used [0x00000005fae00000, 0x0000000650360000, 0x0000000650360000)
  from space 349504K,   0% used [0x0000000650360000, 0x0000000650360000, 0x00000006658b0000)
  to   space 349504K,   0% used [0x00000006658b0000, 0x00000006658b0000, 0x000000067ae00000)
 concurrent mark-sweep generation total 6291456K, used 4067461K [0x000000067ae00000, 0x00000007fae00000, 0x00000007fae00000)
 concurrent-mark-sweep perm gen total 56112K, used 33628K [0x00000007fae00000, 0x00000007fe4cc000, 0x0000000800000000)
2016-09-06T16:02:04.840+0800: 525.512: [GC 525.513: [ParNew
Desired survivor size 322102880 bytes, new threshold 8 (max 8)
- age   1:  266692040 bytes,  266692040 total
: 1398144K->338494K(1747648K), 0.2428150 secs] 5465605K->4405955K(8039104K), 0.2456080 secs] [Times: user=0.96 sys=0.00, real=0.25 secs] 
Heap after GC invocations=81 (full 14):
 par new generation   total 1747648K, used 338494K [0x00000005fae00000, 0x000000067ae00000, 0x000000067ae00000)
  eden space 1398144K,   0% used [0x00000005fae00000, 0x00000005fae00000, 0x0000000650360000)
  from space 349504K,  96% used [0x00000006658b0000, 0x000000067a33f840, 0x000000067ae00000)
  to   space 349504K,   0% used [0x0000000650360000, 0x0000000650360000, 0x00000006658b0000)
 concurrent mark-sweep generation total 6291456K, used 4067461K [0x000000067ae00000, 0x00000007fae00000, 0x00000007fae00000)
 concurrent-mark-sweep perm gen total 56112K, used 33628K [0x00000007fae00000, 0x00000007fe4cc000, 0x0000000800000000)
}
Total time for which application threads were stopped: 0.2582400 seconds
2016-09-06T16:02:05.309+0800: 525.980: [GC [1 CMS-initial-mark: 4067461K(6291456K)] 4789877K(8039104K), 0.3747900 secs] [Times: user=0.38 sys=0.00, real=0.38 secs] 
Total time for which application threads were stopped: 0.3909800 seconds
2016-09-06T16:02:05.686+0800: 526.357: [CMS-concurrent-mark-start]
{Heap before GC invocations=81 (full 15):
 par new generation   total 1747648K, used 1736638K [0x00000005fae00000, 0x000000067ae00000, 0x000000067ae00000)
  eden space 1398144K, 100% used [0x00000005fae00000, 0x0000000650360000, 0x0000000650360000)
  from space 349504K,  96% used [0x00000006658b0000, 0x000000067a33f840, 0x000000067ae00000)
  to   space 349504K,   0% used [0x0000000650360000, 0x0000000650360000, 0x00000006658b0000)
 concurrent mark-sweep generation total 6291456K, used 4067461K [0x000000067ae00000, 0x00000007fae00000, 0x00000007fae00000)
 concurrent-mark-sweep perm gen total 56112K, used 33628K [0x00000007fae00000, 0x00000007fe4cc000, 0x0000000800000000)
2016-09-06T16:02:06.154+0800: 526.826: [GC 526.827: [ParNew
Desired survivor size 322102880 bytes, new threshold 2 (max 8)
- age   1:  190622288 bytes,  190622288 total
- age   2:  167269024 bytes,  357891312 total
: 1736638K->349504K(1747648K), 0.3980870 secs] 5804099K->4615788K(8039104K), 0.4006140 secs] [Times: user=1.50 sys=0.00, real=0.40 secs] 
Heap after GC invocations=82 (full 15):
 par new generation   total 1747648K, used 349504K [0x00000005fae00000, 0x000000067ae00000, 0x000000067ae00000)
  eden space 1398144K,   0% used [0x00000005fae00000, 0x00000005fae00000, 0x0000000650360000)
  from space 349504K, 100% used [0x0000000650360000, 0x00000006658b0000, 0x00000006658b0000)
  to   space 349504K,   0% used [0x00000006658b0000, 0x00000006658b0000, 0x000000067ae00000)
 concurrent mark-sweep generation total 6291456K, used 4266284K [0x000000067ae00000, 0x00000007fae00000, 0x00000007fae00000)
 concurrent-mark-sweep perm gen total 56112K, used 33628K [0x00000007fae00000, 0x00000007fe4cc000, 0x0000000800000000)
}
Total time for which application threads were stopped: 0.4121790 seconds
{Heap before GC invocations=82 (full 15):
 par new generation   total 1747648K, used 1747648K [0x00000005fae00000, 0x000000067ae00000, 0x000000067ae00000)
  eden space 1398144K, 100% used [0x00000005fae00000, 0x0000000650360000, 0x0000000650360000)
  from space 349504K, 100% used [0x0000000650360000, 0x00000006658b0000, 0x00000006658b0000)
  to   space 349504K,   0% used [0x00000006658b0000, 0x00000006658b0000, 0x000000067ae00000)
 concurrent mark-sweep generation total 6291456K, used 4266284K [0x000000067ae00000, 0x00000007fae00000, 0x00000007fae00000)
 concurrent-mark-sweep perm gen total 56112K, used 33628K [0x00000007fae00000, 0x00000007fe4cc000, 0x0000000800000000)
2016-09-06T16:02:07.348+0800: 528.019: [GC 528.021: [ParNew
Desired survivor size 322102880 bytes, new threshold 2 (max 8)
- age   1:  255657544 bytes,  255657544 total
- age   2:  102234344 bytes,  357891888 total
: 1747648K->349504K(1747648K), 0.5940140 secs] 6013932K->5035473K(8039104K), 0.5969570 secs] [Times: user=2.12 sys=0.01, real=0.60 secs] 
Heap after GC invocations=83 (full 15):
 par new generation   total 1747648K, used 349504K [0x00000005fae00000, 0x000000067ae00000, 0x000000067ae00000)
  eden space 1398144K,   0% used [0x00000005fae00000, 0x00000005fae00000, 0x0000000650360000)
  from space 349504K, 100% used [0x00000006658b0000, 0x000000067ae00000, 0x000000067ae00000)
  to   space 349504K,   0% used [0x0000000650360000, 0x0000000650360000, 0x00000006658b0000)
 concurrent mark-sweep generation total 6291456K, used 4685969K [0x000000067ae00000, 0x00000007fae00000, 0x00000007fae00000)
 concurrent-mark-sweep perm gen total 56112K, used 33628K [0x00000007fae00000, 0x00000007fe4cc000, 0x0000000800000000)
}
Total time for which application threads were stopped: 0.6011960 seconds
{Heap before GC invocations=83 (full 15):
 par new generation   total 1747648K, used 1747648K [0x00000005fae00000, 0x000000067ae00000, 0x000000067ae00000)
  eden space 1398144K, 100% used [0x00000005fae00000, 0x0000000650360000, 0x0000000650360000)
  from space 349504K, 100% used [0x00000006658b0000, 0x000000067ae00000, 0x000000067ae00000)
  to   space 349504K,   0% used [0x0000000650360000, 0x0000000650360000, 0x00000006658b0000)
 concurrent mark-sweep generation total 6291456K, used 4685969K [0x000000067ae00000, 0x00000007fae00000, 0x00000007fae00000)
 concurrent-mark-sweep perm gen total 56112K, used 33628K [0x00000007fae00000, 0x00000007fe4cc000, 0x0000000800000000)
2016-09-06T16:02:08.505+0800: 529.177: [GC 529.178: [ParNew
Desired survivor size 322102880 bytes, new threshold 2 (max 8)
- age   1:  191553840 bytes,  191553840 total
- age   2:  166337640 bytes,  357891480 total
: 1747648K->349504K(1747648K), 0.7146300 secs] 6433617K->5454386K(8039104K), 0.7175950 secs] [Times: user=2.62 sys=0.00, real=0.72 secs] 
Heap after GC invocations=84 (full 15):
 par new generation   total 1747648K, used 349504K [0x00000005fae00000, 0x000000067ae00000, 0x000000067ae00000)
  eden space 1398144K,   0% used [0x00000005fae00000, 0x00000005fae00000, 0x0000000650360000)
  from space 349504K, 100% used [0x0000000650360000, 0x00000006658b0000, 0x00000006658b0000)
  to   space 349504K,   0% used [0x00000006658b0000, 0x00000006658b0000, 0x000000067ae00000)
 concurrent mark-sweep generation total 6291456K, used 5104882K [0x000000067ae00000, 0x00000007fae00000, 0x00000007fae00000)
 concurrent-mark-sweep perm gen total 56112K, used 33628K [0x00000007fae00000, 0x00000007fe4cc000, 0x0000000800000000)
}
Total time for which application threads were stopped: 0.7226730 seconds
{Heap before GC invocations=84 (full 15):
 par new generation   total 1747648K, used 1747648K [0x00000005fae00000, 0x000000067ae00000, 0x000000067ae00000)
  eden space 1398144K, 100% used [0x00000005fae00000, 0x0000000650360000, 0x0000000650360000)
  from space 349504K, 100% used [0x0000000650360000, 0x00000006658b0000, 0x00000006658b0000)
  to   space 349504K,   0% used [0x00000006658b0000, 0x00000006658b0000, 0x000000067ae00000)
 concurrent mark-sweep generation total 6291456K, used 5104882K [0x000000067ae00000, 0x00000007fae00000, 0x00000007fae00000)
 concurrent-mark-sweep perm gen total 56112K, used 33628K [0x00000007fae00000, 0x00000007fe4cc000, 0x0000000800000000)
2016-09-06T16:02:09.732+0800: 530.403: [GC 530.405: [ParNew
Desired survivor size 322102880 bytes, new threshold 2 (max 8)
- age   1:  198649176 bytes,  198649176 total
- age   2:  159242600 bytes,  357891776 total
: 1747648K->349504K(1747648K), 0.6434870 secs] 6852530K->5827146K(8039104K), 0.6463900 secs] [Times: user=2.35 sys=0.01, real=0.65 secs] 
Heap after GC invocations=85 (full 15):
 par new generation   total 1747648K, used 349504K [0x00000005fae00000, 0x000000067ae00000, 0x000000067ae00000)
  eden space 1398144K,   0% used [0x00000005fae00000, 0x00000005fae00000, 0x0000000650360000)
  from space 349504K, 100% used [0x00000006658b0000, 0x000000067ae00000, 0x000000067ae00000)
  to   space 349504K,   0% used [0x0000000650360000, 0x0000000650360000, 0x00000006658b0000)
 concurrent mark-sweep generation total 6291456K, used 5477642K [0x000000067ae00000, 0x00000007fae00000, 0x00000007fae00000)
 concurrent-mark-sweep perm gen total 56112K, used 33628K [0x00000007fae00000, 0x00000007fe4cc000, 0x0000000800000000)
}
Total time for which application threads were stopped: 0.6513490 seconds
{Heap before GC invocations=85 (full 15):
 par new generation   total 1747648K, used 1747648K [0x00000005fae00000, 0x000000067ae00000, 0x000000067ae00000)
  eden space 1398144K, 100% used [0x00000005fae00000, 0x0000000650360000, 0x0000000650360000)
  from space 349504K, 100% used [0x00000006658b0000, 0x000000067ae00000, 0x000000067ae00000)
  to   space 349504K,   0% used [0x0000000650360000, 0x0000000650360000, 0x00000006658b0000)
 concurrent mark-sweep generation total 6291456K, used 5477642K [0x000000067ae00000, 0x00000007fae00000, 0x00000007fae00000)
 concurrent-mark-sweep perm gen total 56112K, used 33628K [0x00000007fae00000, 0x00000007fe4cc000, 0x0000000800000000)
2016-09-06T16:02:10.940+0800: 531.611: [GC 531.612: [ParNew
Desired survivor size 322102880 bytes, new threshold 2 (max 8)
- age   1:  197532256 bytes,  197532256 total
- age   2:  160359616 bytes,  357891872 total
: 1747648K->349504K(1747648K), 0.4382120 secs] 7225290K->6050309K(8039104K), 0.4407410 secs] [Times: user=1.62 sys=0.00, real=0.44 secs] 
Heap after GC invocations=86 (full 15):
 par new generation   total 1747648K, used 349504K [0x00000005fae00000, 0x000000067ae00000, 0x000000067ae00000)
  eden space 1398144K,   0% used [0x00000005fae00000, 0x00000005fae00000, 0x0000000650360000)
  from space 349504K, 100% used [0x0000000650360000, 0x00000006658b0000, 0x00000006658b0000)
  to   space 349504K,   0% used [0x00000006658b0000, 0x00000006658b0000, 0x000000067ae00000)
 concurrent mark-sweep generation total 6291456K, used 5700805K [0x000000067ae00000, 0x00000007fae00000, 0x00000007fae00000)
 concurrent-mark-sweep perm gen total 56112K, used 33628K [0x00000007fae00000, 0x00000007fe4cc000, 0x0000000800000000)
}
Total time for which application threads were stopped: 0.4563320 seconds
Total time for which application threads were stopped: 0.0029180 seconds
{Heap before GC invocations=86 (full 15):
 par new generation   total 1747648K, used 1747648K [0x00000005fae00000, 0x000000067ae00000, 0x000000067ae00000)
  eden space 1398144K, 100% used [0x00000005fae00000, 0x0000000650360000, 0x0000000650360000)
  from space 349504K, 100% used [0x0000000650360000, 0x00000006658b0000, 0x00000006658b0000)
  to   space 349504K,   0% used [0x00000006658b0000, 0x00000006658b0000, 0x000000067ae00000)
 concurrent mark-sweep generation total 6291456K, used 5700805K [0x000000067ae00000, 0x00000007fae00000, 0x00000007fae00000)
 concurrent-mark-sweep perm gen total 56112K, used 33628K [0x00000007fae00000, 0x00000007fe4cc000, 0x0000000800000000)
2016-09-06T16:02:12.528+0800: 533.199: [GC 533.200: [ParNew
Desired survivor size 322102880 bytes, new threshold 2 (max 8)
- age   1:  200565312 bytes,  200565312 total
- age   2:  157325752 bytes,  357891064 total
: 1747648K->349504K(1747648K), 0.4385780 secs] 7448453K->6232134K(8039104K), 0.4413690 secs] [Times: user=1.63 sys=0.00, real=0.44 secs] 
Heap after GC invocations=87 (full 15):
 par new generation   total 1747648K, used 349504K [0x00000005fae00000, 0x000000067ae00000, 0x000000067ae00000)
  eden space 1398144K,   0% used [0x00000005fae00000, 0x00000005fae00000, 0x0000000650360000)
  from space 349504K, 100% used [0x00000006658b0000, 0x000000067ae00000, 0x000000067ae00000)
  to   space 349504K,   0% used [0x0000000650360000, 0x0000000650360000, 0x00000006658b0000)
 concurrent mark-sweep generation total 6291456K, used 5882630K [0x000000067ae00000, 0x00000007fae00000, 0x00000007fae00000)
 concurrent-mark-sweep perm gen total 56112K, used 33628K [0x00000007fae00000, 0x00000007fe4cc000, 0x0000000800000000)
}
Total time for which application threads were stopped: 0.4443070 seconds
Total time for which application threads were stopped: 0.0120890 seconds
{Heap before GC invocations=87 (full 15):
 par new generation   total 1747648K, used 1747648K [0x00000005fae00000, 0x000000067ae00000, 0x000000067ae00000)
  eden space 1398144K, 100% used [0x00000005fae00000, 0x0000000650360000, 0x0000000650360000)
  from space 349504K, 100% used [0x00000006658b0000, 0x000000067ae00000, 0x000000067ae00000)
  to   space 349504K,   0% used [0x0000000650360000, 0x0000000650360000, 0x00000006658b0000)
 concurrent mark-sweep generation total 6291456K, used 5882630K [0x000000067ae00000, 0x00000007fae00000, 0x00000007fae00000)
 concurrent-mark-sweep perm gen total 56112K, used 33628K [0x00000007fae00000, 0x00000007fe4cc000, 0x0000000800000000)
2016-09-06T16:02:13.647+0800: 534.318: [GC 534.320: [ParNew
Desired survivor size 322102880 bytes, new threshold 2 (max 8)
- age   1:  213914528 bytes,  213914528 total
- age   2:  143976864 bytes,  357891392 total
: 1747648K->349504K(1747648K), 0.4125440 secs] 7630278K->6427166K(8039104K), 0.4155270 secs] [Times: user=1.48 sys=0.01, real=0.41 secs] 
Heap after GC invocations=88 (full 15):
 par new generation   total 1747648K, used 349504K [0x00000005fae00000, 0x000000067ae00000, 0x000000067ae00000)
  eden space 1398144K,   0% used [0x00000005fae00000, 0x00000005fae00000, 0x0000000650360000)
  from space 349504K, 100% used [0x0000000650360000, 0x00000006658b0000, 0x00000006658b0000)
  to   space 349504K,   0% used [0x00000006658b0000, 0x00000006658b0000, 0x000000067ae00000)
 concurrent mark-sweep generation total 6291456K, used 6077662K [0x000000067ae00000, 0x00000007fae00000, 0x00000007fae00000)
 concurrent-mark-sweep perm gen total 56112K, used 33628K [0x00000007fae00000, 0x00000007fe4cc000, 0x0000000800000000)
}
Total time for which application threads were stopped: 0.4221000 seconds
{Heap before GC invocations=88 (full 15):
 par new generation   total 1747648K, used 1747648K [0x00000005fae00000, 0x000000067ae00000, 0x000000067ae00000)
  eden space 1398144K, 100% used [0x00000005fae00000, 0x0000000650360000, 0x0000000650360000)
  from space 349504K, 100% used [0x0000000650360000, 0x00000006658b0000, 0x00000006658b0000)
  to   space 349504K,   0% used [0x00000006658b0000, 0x00000006658b0000, 0x000000067ae00000)
 concurrent mark-sweep generation total 6291456K, used 6077662K [0x000000067ae00000, 0x00000007fae00000, 0x00000007fae00000)
 concurrent-mark-sweep perm gen total 56112K, used 33628K [0x00000007fae00000, 0x00000007fe4cc000, 0x0000000800000000)
2016-09-06T16:02:14.756+0800: 535.428: [GC 535.429: [ParNew: 1747648K->1747648K(1747648K), 0.0000240 secs]535.429: [CMS2016-09-06T16:02:15.209+0800: 535.879: [CMS-concurrent-mark: 5.711/9.522 secs] [Times: user=45.68 sys=1.22, real=9.52 secs] 
 (concurrent mode failure): 6077662K->3605905K(6291456K), 9.9525180 secs] 7825310K->3605905K(8039104K), [CMS Perm : 33628K->33628K(56112K)], 9.9558060 secs] [Times: user=11.02 sys=0.01, real=9.95 secs] 
Heap after GC invocations=89 (full 16):
 par new generation   total 1747648K, used 0K [0x00000005fae00000, 0x000000067ae00000, 0x000000067ae00000)
  eden space 1398144K,   0% used [0x00000005fae00000, 0x00000005fae00000, 0x0000000650360000)
  from space 349504K,   0% used [0x0000000650360000, 0x0000000650360000, 0x00000006658b0000)
  to   space 349504K,   0% used [0x00000006658b0000, 0x00000006658b0000, 0x000000067ae00000)
 concurrent mark-sweep generation total 6291456K, used 3605905K [0x000000067ae00000, 0x00000007fae00000, 0x00000007fae00000)
 concurrent-mark-sweep perm gen total 56112K, used 33628K [0x00000007fae00000, 0x00000007fe4cc000, 0x0000000800000000)
}
Total time for which application threads were stopped: 9.9607960 seconds
{Heap before GC invocations=89 (full 16):
 par new generation   total 1747648K, used 1398144K [0x00000005fae00000, 0x000000067ae00000, 0x000000067ae00000)
  eden space 1398144K, 100% used [0x00000005fae00000, 0x0000000650360000, 0x0000000650360000)
  from space 349504K,   0% used [0x0000000650360000, 0x0000000650360000, 0x00000006658b0000)
  to   space 349504K,   0% used [0x00000006658b0000, 0x00000006658b0000, 0x000000067ae00000)
 concurrent mark-sweep generation total 6291456K, used 3605905K [0x000000067ae00000, 0x00000007fae00000, 0x00000007fae00000)
 concurrent-mark-sweep perm gen total 56112K, used 33628K [0x00000007fae00000, 0x00000007fe4cc000, 0x0000000800000000)
2016-09-06T16:02:25.230+0800: 545.901: [GC 545.903: [ParNew
Desired survivor size 322102880 bytes, new threshold 1 (max 8)
- age   1:  327362984 bytes,  327362984 total
: 1398144K->349504K(1747648K), 0.2653520 secs] 5004049K->3958054K(8039104K), 0.2681310 secs] [Times: user=1.06 sys=0.00, real=0.27 secs] 
Heap after GC invocations=90 (full 16):
 par new generation   total 1747648K, used 349504K [0x00000005fae00000, 0x000000067ae00000, 0x000000067ae00000)
  eden space 1398144K,   0% used [0x00000005fae00000, 0x00000005fae00000, 0x0000000650360000)
  from space 349504K, 100% used [0x00000006658b0000, 0x000000067ae00000, 0x000000067ae00000)
  to   space 349504K,   0% used [0x0000000650360000, 0x0000000650360000, 0x00000006658b0000)
 concurrent mark-sweep generation total 6291456K, used 3608550K [0x000000067ae00000, 0x00000007fae00000, 0x00000007fae00000)
 concurrent-mark-sweep perm gen total 56112K, used 33628K [0x00000007fae00000, 0x00000007fe4cc000, 0x0000000800000000)
}
Total time for which application threads were stopped: 0.2771830 seconds
2016-09-06T16:02:25.743+0800: 546.415: [GC [1 CMS-initial-mark: 3608550K(6291456K)] 4418213K(8039104K), 0.4774540 secs] [Times: user=0.48 sys=0.00, real=0.48 secs] 
Total time for which application threads were stopped: 0.4907380 seconds
2016-09-06T16:02:26.223+0800: 546.894: [CMS-concurrent-mark-start]
{Heap before GC invocations=90 (full 17):
 par new generation   total 1747648K, used 1747648K [0x00000005fae00000, 0x000000067ae00000, 0x000000067ae00000)
  eden space 1398144K, 100% used [0x00000005fae00000, 0x0000000650360000, 0x0000000650360000)
  from space 349504K, 100% used [0x00000006658b0000, 0x000000067ae00000, 0x000000067ae00000)
  to   space 349504K,   0% used [0x0000000650360000, 0x0000000650360000, 0x00000006658b0000)
 concurrent mark-sweep generation total 6291456K, used 3608550K [0x000000067ae00000, 0x00000007fae00000, 0x00000007fae00000)
 concurrent-mark-sweep perm gen total 56112K, used 33628K [0x00000007fae00000, 0x00000007fe4cc000, 0x0000000800000000)
2016-09-06T16:02:26.657+0800: 547.328: [GC 547.329: [ParNew
Desired survivor size 322102880 bytes, new threshold 8 (max 8)
- age   1:  276235976 bytes,  276235976 total
: 1747648K->349504K(1747648K), 0.5282340 secs] 5356198K->4282505K(8039104K), 0.5312060 secs] [Times: user=1.94 sys=0.00, real=0.53 secs] 
Heap after GC invocations=91 (full 17):
 par new generation   total 1747648K, used 349504K [0x00000005fae00000, 0x000000067ae00000, 0x000000067ae00000)
  eden space 1398144K,   0% used [0x00000005fae00000, 0x00000005fae00000, 0x0000000650360000)
  from space 349504K, 100% used [0x0000000650360000, 0x00000006658b0000, 0x00000006658b0000)
  to   space 349504K,   0% used [0x00000006658b0000, 0x00000006658b0000, 0x000000067ae00000)
 concurrent mark-sweep generation total 6291456K, used 3933001K [0x000000067ae00000, 0x00000007fae00000, 0x00000007fae00000)
 concurrent-mark-sweep perm gen total 56112K, used 33628K [0x00000007fae00000, 0x00000007fe4cc000, 0x0000000800000000)
}
Total time for which application threads were stopped: 0.5445580 seconds
{Heap before GC invocations=91 (full 17):
 par new generation   total 1747648K, used 1747648K [0x00000005fae00000, 0x000000067ae00000, 0x000000067ae00000)
  eden space 1398144K, 100% used [0x00000005fae00000, 0x0000000650360000, 0x0000000650360000)
  from space 349504K, 100% used [0x0000000650360000, 0x00000006658b0000, 0x00000006658b0000)
  to   space 349504K,   0% used [0x00000006658b0000, 0x00000006658b0000, 0x000000067ae00000)
 concurrent mark-sweep generation total 6291456K, used 3933001K [0x000000067ae00000, 0x00000007fae00000, 0x00000007fae00000)
 concurrent-mark-sweep perm gen total 56112K, used 33628K [0x00000007fae00000, 0x00000007fe4cc000, 0x0000000800000000)
2016-09-06T16:02:27.838+0800: 548.510: [GC 548.511: [ParNew
Desired survivor size 322102880 bytes, new threshold 2 (max 8)
- age   1:  177469648 bytes,  177469648 total
- age   2:  180421848 bytes,  357891496 total
: 1747648K->349504K(1747648K), 0.4162080 secs] 5680649K->4438094K(8039104K), 0.4188060 secs] [Times: user=1.53 sys=0.01, real=0.42 secs] 
Heap after GC invocations=92 (full 17):
 par new generation   total 1747648K, used 349504K [0x00000005fae00000, 0x000000067ae00000, 0x000000067ae00000)
  eden space 1398144K,   0% used [0x00000005fae00000, 0x00000005fae00000, 0x0000000650360000)
  from space 349504K, 100% used [0x00000006658b0000, 0x000000067ae00000, 0x000000067ae00000)
  to   space 349504K,   0% used [0x0000000650360000, 0x0000000650360000, 0x00000006658b0000)
 concurrent mark-sweep generation total 6291456K, used 4088590K [0x000000067ae00000, 0x00000007fae00000, 0x00000007fae00000)
 concurrent-mark-sweep perm gen total 56112K, used 33628K [0x00000007fae00000, 0x00000007fe4cc000, 0x0000000800000000)
}
Total time for which application threads were stopped: 0.4358040 seconds
{Heap before GC invocations=92 (full 17):
 par new generation   total 1747648K, used 1747648K [0x00000005fae00000, 0x000000067ae00000, 0x000000067ae00000)
  eden space 1398144K, 100% used [0x00000005fae00000, 0x0000000650360000, 0x0000000650360000)
  from space 349504K, 100% used [0x00000006658b0000, 0x000000067ae00000, 0x000000067ae00000)
  to   space 349504K,   0% used [0x0000000650360000, 0x0000000650360000, 0x00000006658b0000)
 concurrent mark-sweep generation total 6291456K, used 4088590K [0x000000067ae00000, 0x00000007fae00000, 0x00000007fae00000)
 concurrent-mark-sweep perm gen total 56112K, used 33628K [0x00000007fae00000, 0x00000007fe4cc000, 0x0000000800000000)
2016-09-06T16:02:28.804+0800: 549.476: [GC 549.477: [ParNew
Desired survivor size 322102880 bytes, new threshold 2 (max 8)
- age   1:  242510392 bytes,  242510392 total
- age   2:  115381328 bytes,  357891720 total
: 1747648K->349504K(1747648K), 0.5373280 secs] 5836238K->4758527K(8039104K), 0.5402750 secs] [Times: user=1.97 sys=0.00, real=0.54 secs] 
Heap after GC invocations=93 (full 17):
 par new generation   total 1747648K, used 349504K [0x00000005fae00000, 0x000000067ae00000, 0x000000067ae00000)
  eden space 1398144K,   0% used [0x00000005fae00000, 0x00000005fae00000, 0x0000000650360000)
  from space 349504K, 100% used [0x0000000650360000, 0x00000006658b0000, 0x00000006658b0000)
  to   space 349504K,   0% used [0x00000006658b0000, 0x00000006658b0000, 0x000000067ae00000)
 concurrent mark-sweep generation total 6291456K, used 4409023K [0x000000067ae00000, 0x00000007fae00000, 0x00000007fae00000)
 concurrent-mark-sweep perm gen total 56112K, used 33628K [0x00000007fae00000, 0x00000007fe4cc000, 0x0000000800000000)
}
Total time for which application threads were stopped: 0.5456360 seconds
{Heap before GC invocations=93 (full 17):
 par new generation   total 1747648K, used 1747648K [0x00000005fae00000, 0x000000067ae00000, 0x000000067ae00000)
  eden space 1398144K, 100% used [0x00000005fae00000, 0x0000000650360000, 0x0000000650360000)
  from space 349504K, 100% used [0x0000000650360000, 0x00000006658b0000, 0x00000006658b0000)
  to   space 349504K,   0% used [0x00000006658b0000, 0x00000006658b0000, 0x000000067ae00000)
 concurrent mark-sweep generation total 6291456K, used 4409023K [0x000000067ae00000, 0x00000007fae00000, 0x00000007fae00000)
 concurrent-mark-sweep perm gen total 56112K, used 33628K [0x00000007fae00000, 0x00000007fe4cc000, 0x0000000800000000)
2016-09-06T16:02:30.586+0800: 551.258: [GC 551.259: [ParNew
Desired survivor size 322102880 bytes, new threshold 2 (max 8)
- age   1:  151483256 bytes,  151483256 total
- age   2:  206408432 bytes,  357891688 total
: 1747648K->349504K(1747648K), 0.4094680 secs] 6156671K->4917534K(8039104K), 0.4124500 secs] [Times: user=1.54 sys=0.01, real=0.42 secs] 
Heap after GC invocations=94 (full 17):
 par new generation   total 1747648K, used 349504K [0x00000005fae00000, 0x000000067ae00000, 0x000000067ae00000)
  eden space 1398144K,   0% used [0x00000005fae00000, 0x00000005fae00000, 0x0000000650360000)
  from space 349504K, 100% used [0x00000006658b0000, 0x000000067ae00000, 0x000000067ae00000)
  to   space 349504K,   0% used [0x0000000650360000, 0x0000000650360000, 0x00000006658b0000)
 concurrent mark-sweep generation total 6291456K, used 4568030K [0x000000067ae00000, 0x00000007fae00000, 0x00000007fae00000)
 concurrent-mark-sweep perm gen total 56112K, used 33628K [0x00000007fae00000, 0x00000007fe4cc000, 0x0000000800000000)
}
Total time for which application threads were stopped: 0.4173160 seconds
{Heap before GC invocations=94 (full 17):
 par new generation   total 1747648K, used 1747648K [0x00000005fae00000, 0x000000067ae00000, 0x000000067ae00000)
  eden space 1398144K, 100% used [0x00000005fae00000, 0x0000000650360000, 0x0000000650360000)
  from space 349504K, 100% used [0x00000006658b0000, 0x000000067ae00000, 0x000000067ae00000)
  to   space 349504K,   0% used [0x0000000650360000, 0x0000000650360000, 0x00000006658b0000)
 concurrent mark-sweep generation total 6291456K, used 4568030K [0x000000067ae00000, 0x00000007fae00000, 0x00000007fae00000)
 concurrent-mark-sweep perm gen total 56112K, used 33629K [0x00000007fae00000, 0x00000007fe4cc000, 0x0000000800000000)
2016-09-06T16:02:31.521+0800: 552.193: [GC 552.194: [ParNew
Desired survivor size 322102880 bytes, new threshold 2 (max 8)
- age   1:  253088096 bytes,  253088096 total
- age   2:  104799592 bytes,  357887688 total
: 1747648K->349504K(1747648K), 0.4360070 secs] 6315678K->5158911K(8039104K), 0.4389920 secs] [Times: user=1.60 sys=0.00, real=0.44 secs] 
Heap after GC invocations=95 (full 17):
 par new generation   total 1747648K, used 349504K [0x00000005fae00000, 0x000000067ae00000, 0x000000067ae00000)
  eden space 1398144K,   0% used [0x00000005fae00000, 0x00000005fae00000, 0x0000000650360000)
  from space 349504K, 100% used [0x0000000650360000, 0x00000006658b0000, 0x00000006658b0000)
  to   space 349504K,   0% used [0x00000006658b0000, 0x00000006658b0000, 0x000000067ae00000)
 concurrent mark-sweep generation total 6291456K, used 4809407K [0x000000067ae00000, 0x00000007fae00000, 0x00000007fae00000)
 concurrent-mark-sweep perm gen total 56112K, used 33629K [0x00000007fae00000, 0x00000007fe4cc000, 0x0000000800000000)
}
Total time for which application threads were stopped: 0.4452880 seconds
{Heap before GC invocations=95 (full 17):
 par new generation   total 1747648K, used 1747648K [0x00000005fae00000, 0x000000067ae00000, 0x000000067ae00000)
  eden space 1398144K, 100% used [0x00000005fae00000, 0x0000000650360000, 0x0000000650360000)
  from space 349504K, 100% used [0x0000000650360000, 0x00000006658b0000, 0x00000006658b0000)
  to   space 349504K,   0% used [0x00000006658b0000, 0x00000006658b0000, 0x000000067ae00000)
 concurrent mark-sweep generation total 6291456K, used 4809407K [0x000000067ae00000, 0x00000007fae00000, 0x00000007fae00000)
 concurrent-mark-sweep perm gen total 56112K, used 33629K [0x00000007fae00000, 0x00000007fe4cc000, 0x0000000800000000)
2016-09-06T16:02:32.538+0800: 553.209: [GC 553.211: [ParNew
Desired survivor size 322102880 bytes, new threshold 2 (max 8)
- age   1:  181160096 bytes,  181160096 total
- age   2:  176731672 bytes,  357891768 total
: 1747648K->349504K(1747648K), 0.4712680 secs] 6557055K->5390940K(8039104K), 0.4744470 secs] [Times: user=1.75 sys=0.00, real=0.47 secs] 
Heap after GC invocations=96 (full 17):
 par new generation   total 1747648K, used 349504K [0x00000005fae00000, 0x000000067ae00000, 0x000000067ae00000)
  eden space 1398144K,   0% used [0x00000005fae00000, 0x00000005fae00000, 0x0000000650360000)
  from space 349504K, 100% used [0x00000006658b0000, 0x000000067ae00000, 0x000000067ae00000)
  to   space 349504K,   0% used [0x0000000650360000, 0x0000000650360000, 0x00000006658b0000)
 concurrent mark-sweep generation total 6291456K, used 5041436K [0x000000067ae00000, 0x00000007fae00000, 0x00000007fae00000)
 concurrent-mark-sweep perm gen total 56112K, used 33629K [0x00000007fae00000, 0x00000007fe4cc000, 0x0000000800000000)
}
Total time for which application threads were stopped: 0.4836100 seconds
{Heap before GC invocations=96 (full 17):
 par new generation   total 1747648K, used 1747648K [0x00000005fae00000, 0x000000067ae00000, 0x000000067ae00000)
  eden space 1398144K, 100% used [0x00000005fae00000, 0x0000000650360000, 0x0000000650360000)
  from space 349504K, 100% used [0x00000006658b0000, 0x000000067ae00000, 0x000000067ae00000)
  to   space 349504K,   0% used [0x0000000650360000, 0x0000000650360000, 0x00000006658b0000)
 concurrent mark-sweep generation total 6291456K, used 5041436K [0x000000067ae00000, 0x00000007fae00000, 0x00000007fae00000)
 concurrent-mark-sweep perm gen total 56112K, used 33629K [0x00000007fae00000, 0x00000007fe4cc000, 0x0000000800000000)
2016-09-06T16:02:33.586+0800: 554.257: [GC 554.259: [ParNew
Desired survivor size 322102880 bytes, new threshold 2 (max 8)
- age   1:  245372088 bytes,  245372088 total
- age   2:  112503648 bytes,  357875736 total
: 1747648K->349504K(1747648K), 0.5518900 secs] 6789084K->5716808K(8039104K), 0.5552190 secs] [Times: user=2.02 sys=0.01, real=0.56 secs] 
Heap after GC invocations=97 (full 17):
 par new generation   total 1747648K, used 349504K [0x00000005fae00000, 0x000000067ae00000, 0x000000067ae00000)
  eden space 1398144K,   0% used [0x00000005fae00000, 0x00000005fae00000, 0x0000000650360000)
  from space 349504K, 100% used [0x0000000650360000, 0x00000006658b0000, 0x00000006658b0000)
  to   space 349504K,   0% used [0x00000006658b0000, 0x00000006658b0000, 0x000000067ae00000)
 concurrent mark-sweep generation total 6291456K, used 5367304K [0x000000067ae00000, 0x00000007fae00000, 0x00000007fae00000)
 concurrent-mark-sweep perm gen total 56112K, used 33629K [0x00000007fae00000, 0x00000007fe4cc000, 0x0000000800000000)
}
Total time for which application threads were stopped: 0.5797900 seconds
{Heap before GC invocations=97 (full 17):
 par new generation   total 1747648K, used 1747648K [0x00000005fae00000, 0x000000067ae00000, 0x000000067ae00000)
  eden space 1398144K, 100% used [0x00000005fae00000, 0x0000000650360000, 0x0000000650360000)
  from space 349504K, 100% used [0x0000000650360000, 0x00000006658b0000, 0x00000006658b0000)
  to   space 349504K,   0% used [0x00000006658b0000, 0x00000006658b0000, 0x000000067ae00000)
 concurrent mark-sweep generation total 6291456K, used 5367304K [0x000000067ae00000, 0x00000007fae00000, 0x00000007fae00000)
 concurrent-mark-sweep perm gen total 56112K, used 33629K [0x00000007fae00000, 0x00000007fe4cc000, 0x0000000800000000)
2016-09-06T16:02:34.629+0800: 555.301: [GC 555.302: [ParNew
Desired survivor size 322102880 bytes, new threshold 2 (max 8)
- age   1:  197590392 bytes,  197590392 total
- age   2:  160301288 bytes,  357891680 total
: 1747648K->349504K(1747648K), 0.6238310 secs] 7114952K->6080699K(8039104K), 0.6269300 secs] [Times: user=2.28 sys=0.01, real=0.63 secs] 
Heap after GC invocations=98 (full 17):
 par new generation   total 1747648K, used 349504K [0x00000005fae00000, 0x000000067ae00000, 0x000000067ae00000)
  eden space 1398144K,   0% used [0x00000005fae00000, 0x00000005fae00000, 0x0000000650360000)
  from space 349504K, 100% used [0x00000006658b0000, 0x000000067ae00000, 0x000000067ae00000)
  to   space 349504K,   0% used [0x0000000650360000, 0x0000000650360000, 0x00000006658b0000)
 concurrent mark-sweep generation total 6291456K, used 5731195K [0x000000067ae00000, 0x00000007fae00000, 0x00000007fae00000)
 concurrent-mark-sweep perm gen total 56112K, used 33629K [0x00000007fae00000, 0x00000007fe4cc000, 0x0000000800000000)
}
Total time for which application threads were stopped: 0.6325110 seconds
{Heap before GC invocations=98 (full 17):
 par new generation   total 1747648K, used 1747648K [0x00000005fae00000, 0x000000067ae00000, 0x000000067ae00000)
  eden space 1398144K, 100% used [0x00000005fae00000, 0x0000000650360000, 0x0000000650360000)
  from space 349504K, 100% used [0x00000006658b0000, 0x000000067ae00000, 0x000000067ae00000)
  to   space 349504K,   0% used [0x0000000650360000, 0x0000000650360000, 0x00000006658b0000)
 concurrent mark-sweep generation total 6291456K, used 5731195K [0x000000067ae00000, 0x00000007fae00000, 0x00000007fae00000)
 concurrent-mark-sweep perm gen total 56112K, used 33636K [0x00000007fae00000, 0x00000007fe4cc000, 0x0000000800000000)
2016-09-06T16:02:36.008+0800: 556.680: [GC 556.681: [ParNew
Desired survivor size 322102880 bytes, new threshold 2 (max 8)
- age   1:  197201208 bytes,  197201208 total
- age   2:  160690112 bytes,  357891320 total
: 1747648K->349504K(1747648K), 0.5348100 secs] 7478843K->6344144K(8039104K), 0.5378770 secs] [Times: user=1.96 sys=0.00, real=0.53 secs] 
Heap after GC invocations=99 (full 17):
 par new generation   total 1747648K, used 349504K [0x00000005fae00000, 0x000000067ae00000, 0x000000067ae00000)
  eden space 1398144K,   0% used [0x00000005fae00000, 0x00000005fae00000, 0x0000000650360000)
  from space 349504K, 100% used [0x0000000650360000, 0x00000006658b0000, 0x00000006658b0000)
  to   space 349504K,   0% used [0x00000006658b0000, 0x00000006658b0000, 0x000000067ae00000)
 concurrent mark-sweep generation total 6291456K, used 5994640K [0x000000067ae00000, 0x00000007fae00000, 0x00000007fae00000)
 concurrent-mark-sweep perm gen total 56112K, used 33636K [0x00000007fae00000, 0x00000007fe4cc000, 0x0000000800000000)
}
Total time for which application threads were stopped: 0.5472910 seconds
{Heap before GC invocations=99 (full 17):
 par new generation   total 1747648K, used 1747648K [0x00000005fae00000, 0x000000067ae00000, 0x000000067ae00000)
  eden space 1398144K, 100% used [0x00000005fae00000, 0x0000000650360000, 0x0000000650360000)
  from space 349504K, 100% used [0x0000000650360000, 0x00000006658b0000, 0x00000006658b0000)
  to   space 349504K,   0% used [0x00000006658b0000, 0x00000006658b0000, 0x000000067ae00000)
 concurrent mark-sweep generation total 6291456K, used 5994640K [0x000000067ae00000, 0x00000007fae00000, 0x00000007fae00000)
 concurrent-mark-sweep perm gen total 56112K, used 33636K [0x00000007fae00000, 0x00000007fe4cc000, 0x0000000800000000)
2016-09-06T16:02:37.066+0800: 557.737: [GC 557.739: [ParNew: 1747648K->1747648K(1747648K), 0.0000230 secs]557.739: [CMS2016-09-06T16:02:38.262+0800: 558.933: [CMS-concurrent-mark: 7.294/12.038 secs] [Times: user=56.31 sys=1.49, real=12.04 secs] 
 (concurrent mode failure): 5994640K->3314562K(6291456K), 9.3939640 secs] 7742288K->3314562K(8039104K), [CMS Perm : 33636K->33635K(56112K)], 9.3969110 secs] [Times: user=12.13 sys=0.02, real=9.40 secs] 
Heap after GC invocations=100 (full 18):
 par new generation   total 1747648K, used 0K [0x00000005fae00000, 0x000000067ae00000, 0x000000067ae00000)
  eden space 1398144K,   0% used [0x00000005fae00000, 0x00000005fae00000, 0x0000000650360000)
  from space 349504K,   0% used [0x0000000650360000, 0x0000000650360000, 0x00000006658b0000)
  to   space 349504K,   0% used [0x00000006658b0000, 0x00000006658b0000, 0x000000067ae00000)
 concurrent mark-sweep generation total 6291456K, used 3314562K [0x000000067ae00000, 0x00000007fae00000, 0x00000007fae00000)
 concurrent-mark-sweep perm gen total 56112K, used 33635K [0x00000007fae00000, 0x00000007fe4cc000, 0x0000000800000000)
}
Total time for which application threads were stopped: 9.4032850 seconds
{Heap before GC invocations=100 (full 18):
 par new generation   total 1747648K, used 1398144K [0x00000005fae00000, 0x000000067ae00000, 0x000000067ae00000)
  eden space 1398144K, 100% used [0x00000005fae00000, 0x0000000650360000, 0x0000000650360000)
  from space 349504K,   0% used [0x0000000650360000, 0x0000000650360000, 0x00000006658b0000)
  to   space 349504K,   0% used [0x00000006658b0000, 0x00000006658b0000, 0x000000067ae00000)
 concurrent mark-sweep generation total 6291456K, used 3314562K [0x000000067ae00000, 0x00000007fae00000, 0x00000007fae00000)
 concurrent-mark-sweep perm gen total 56112K, used 33641K [0x00000007fae00000, 0x00000007fe4cc000, 0x0000000800000000)
2016-09-06T16:02:46.904+0800: 567.576: [GC 567.577: [ParNew
Desired survivor size 322102880 bytes, new threshold 1 (max 8)
- age   1:  357891896 bytes,  357891896 total
: 1398144K->349504K(1747648K), 0.3833140 secs] 4712706K->3753970K(8039104K), 0.3866550 secs] [Times: user=1.45 sys=0.01, real=0.39 secs] 
Heap after GC invocations=101 (full 18):
 par new generation   total 1747648K, used 349504K [0x00000005fae00000, 0x000000067ae00000, 0x000000067ae00000)
  eden space 1398144K,   0% used [0x00000005fae00000, 0x00000005fae00000, 0x0000000650360000)
  from space 349504K, 100% used [0x00000006658b0000, 0x000000067ae00000, 0x000000067ae00000)
  to   space 349504K,   0% used [0x0000000650360000, 0x0000000650360000, 0x00000006658b0000)
 concurrent mark-sweep generation total 6291456K, used 3404466K [0x000000067ae00000, 0x00000007fae00000, 0x00000007fae00000)
 concurrent-mark-sweep perm gen total 56112K, used 33641K [0x00000007fae00000, 0x00000007fe4cc000, 0x0000000800000000)
}
Total time for which application threads were stopped: 0.3946040 seconds
2016-09-06T16:02:47.300+0800: 567.971: [GC [1 CMS-initial-mark: 3404466K(6291456K)] 3759766K(8039104K), 0.2916320 secs] [Times: user=0.29 sys=0.00, real=0.29 secs] 
Total time for which application threads were stopped: 0.2969770 seconds
2016-09-06T16:02:47.594+0800: 568.265: [CMS-concurrent-mark-start]
{Heap before GC invocations=101 (full 19):
 par new generation   total 1747648K, used 1747648K [0x00000005fae00000, 0x000000067ae00000, 0x000000067ae00000)
  eden space 1398144K, 100% used [0x00000005fae00000, 0x0000000650360000, 0x0000000650360000)
  from space 349504K, 100% used [0x00000006658b0000, 0x000000067ae00000, 0x000000067ae00000)
  to   space 349504K,   0% used [0x0000000650360000, 0x0000000650360000, 0x00000006658b0000)
 concurrent mark-sweep generation total 6291456K, used 3404466K [0x000000067ae00000, 0x00000007fae00000, 0x00000007fae00000)
 concurrent-mark-sweep perm gen total 56112K, used 33641K [0x00000007fae00000, 0x00000007fe4cc000, 0x0000000800000000)
2016-09-06T16:02:48.083+0800: 568.755: [GC 568.756: [ParNew
Desired survivor size 322102880 bytes, new threshold 1 (max 8)
- age   1:  349222872 bytes,  349222872 total
: 1747648K->349502K(1747648K), 0.5275080 secs] 5152114K->4119787K(8039104K), 0.5306970 secs] [Times: user=1.90 sys=0.01, real=0.53 secs] 
Heap after GC invocations=102 (full 19):
 par new generation   total 1747648K, used 349502K [0x00000005fae00000, 0x000000067ae00000, 0x000000067ae00000)
  eden space 1398144K,   0% used [0x00000005fae00000, 0x00000005fae00000, 0x0000000650360000)
  from space 349504K,  99% used [0x0000000650360000, 0x00000006658afb60, 0x00000006658b0000)
  to   space 349504K,   0% used [0x00000006658b0000, 0x00000006658b0000, 0x000000067ae00000)
 concurrent mark-sweep generation total 6291456K, used 3770284K [0x000000067ae00000, 0x00000007fae00000, 0x00000007fae00000)
 concurrent-mark-sweep perm gen total 56112K, used 33641K [0x00000007fae00000, 0x00000007fe4cc000, 0x0000000800000000)
}
Total time for which application threads were stopped: 0.5366080 seconds
{Heap before GC invocations=102 (full 19):
 par new generation   total 1747648K, used 1747646K [0x00000005fae00000, 0x000000067ae00000, 0x000000067ae00000)
  eden space 1398144K, 100% used [0x00000005fae00000, 0x0000000650360000, 0x0000000650360000)
  from space 349504K,  99% used [0x0000000650360000, 0x00000006658afb60, 0x00000006658b0000)
  to   space 349504K,   0% used [0x00000006658b0000, 0x00000006658b0000, 0x000000067ae00000)
 concurrent mark-sweep generation total 6291456K, used 3770284K [0x000000067ae00000, 0x00000007fae00000, 0x00000007fae00000)
 concurrent-mark-sweep perm gen total 56112K, used 33641K [0x00000007fae00000, 0x00000007fe4cc000, 0x0000000800000000)
2016-09-06T16:02:49.337+0800: 570.008: [GC 570.010: [ParNew
Desired survivor size 322102880 bytes, new threshold 1 (max 8)
- age   1:  356057376 bytes,  356057376 total
: 1747646K->349504K(1747648K), 0.5234740 secs] 5517931K->4436860K(8039104K), 0.5267460 secs] [Times: user=1.91 sys=0.00, real=0.53 secs] 
Heap after GC invocations=103 (full 19):
 par new generation   total 1747648K, used 349504K [0x00000005fae00000, 0x000000067ae00000, 0x000000067ae00000)
  eden space 1398144K,   0% used [0x00000005fae00000, 0x00000005fae00000, 0x0000000650360000)
  from space 349504K, 100% used [0x00000006658b0000, 0x000000067ae00000, 0x000000067ae00000)
  to   space 349504K,   0% used [0x0000000650360000, 0x0000000650360000, 0x00000006658b0000)
 concurrent mark-sweep generation total 6291456K, used 4087356K [0x000000067ae00000, 0x00000007fae00000, 0x00000007fae00000)
 concurrent-mark-sweep perm gen total 56112K, used 33641K [0x00000007fae00000, 0x00000007fe4cc000, 0x0000000800000000)
}
Total time for which application threads were stopped: 0.5319530 seconds
{Heap before GC invocations=103 (full 19):
 par new generation   total 1747648K, used 1747648K [0x00000005fae00000, 0x000000067ae00000, 0x000000067ae00000)
  eden space 1398144K, 100% used [0x00000005fae00000, 0x0000000650360000, 0x0000000650360000)
  from space 349504K, 100% used [0x00000006658b0000, 0x000000067ae00000, 0x000000067ae00000)
  to   space 349504K,   0% used [0x0000000650360000, 0x0000000650360000, 0x00000006658b0000)
 concurrent mark-sweep generation total 6291456K, used 4087356K [0x000000067ae00000, 0x00000007fae00000, 0x00000007fae00000)
 concurrent-mark-sweep perm gen total 56112K, used 33641K [0x00000007fae00000, 0x00000007fe4cc000, 0x0000000800000000)
2016-09-06T16:02:50.451+0800: 571.122: [GC 571.123: [ParNew
Desired survivor size 322102880 bytes, new threshold 1 (max 8)
- age   1:  329237696 bytes,  329237696 total
: 1747648K->346572K(1747648K), 0.4690790 secs] 5835004K->4751031K(8039104K), 0.4723290 secs] [Times: user=1.69 sys=0.00, real=0.47 secs] 
Heap after GC invocations=104 (full 19):
 par new generation   total 1747648K, used 346572K [0x00000005fae00000, 0x000000067ae00000, 0x000000067ae00000)
  eden space 1398144K,   0% used [0x00000005fae00000, 0x00000005fae00000, 0x0000000650360000)
  from space 349504K,  99% used [0x0000000650360000, 0x00000006655d3300, 0x00000006658b0000)
  to   space 349504K,   0% used [0x00000006658b0000, 0x00000006658b0000, 0x000000067ae00000)
 concurrent mark-sweep generation total 6291456K, used 4404459K [0x000000067ae00000, 0x00000007fae00000, 0x00000007fae00000)
 concurrent-mark-sweep perm gen total 56112K, used 33641K [0x00000007fae00000, 0x00000007fe4cc000, 0x0000000800000000)
}
Total time for which application threads were stopped: 0.4800690 seconds
{Heap before GC invocations=104 (full 19):
 par new generation   total 1747648K, used 1744716K [0x00000005fae00000, 0x000000067ae00000, 0x000000067ae00000)
  eden space 1398144K, 100% used [0x00000005fae00000, 0x0000000650360000, 0x0000000650360000)
  from space 349504K,  99% used [0x0000000650360000, 0x00000006655d3300, 0x00000006658b0000)
  to   space 349504K,   0% used [0x00000006658b0000, 0x00000006658b0000, 0x000000067ae00000)
 concurrent mark-sweep generation total 6291456K, used 4404459K [0x000000067ae00000, 0x00000007fae00000, 0x00000007fae00000)
 concurrent-mark-sweep perm gen total 56112K, used 33641K [0x00000007fae00000, 0x00000007fe4cc000, 0x0000000800000000)
2016-09-06T16:02:51.621+0800: 572.293: [GC 572.295: [ParNew
Desired survivor size 322102880 bytes, new threshold 8 (max 8)
- age   1:  248338168 bytes,  248338168 total
: 1744716K->327784K(1747648K), 0.4514900 secs] 6149175K->5010467K(8039104K), 0.4635020 secs] [Times: user=1.57 sys=0.01, real=0.46 secs] 
Heap after GC invocations=105 (full 19):
 par new generation   total 1747648K, used 327784K [0x00000005fae00000, 0x000000067ae00000, 0x000000067ae00000)
  eden space 1398144K,   0% used [0x00000005fae00000, 0x00000005fae00000, 0x0000000650360000)
  from space 349504K,  93% used [0x00000006658b0000, 0x00000006798ca080, 0x000000067ae00000)
  to   space 349504K,   0% used [0x0000000650360000, 0x0000000650360000, 0x00000006658b0000)
 concurrent mark-sweep generation total 6291456K, used 4682683K [0x000000067ae00000, 0x00000007fae00000, 0x00000007fae00000)
 concurrent-mark-sweep perm gen total 56112K, used 33641K [0x00000007fae00000, 0x00000007fe4cc000, 0x0000000800000000)
}
Total time for which application threads were stopped: 0.4693970 seconds
{Heap before GC invocations=105 (full 19):
 par new generation   total 1747648K, used 1725928K [0x00000005fae00000, 0x000000067ae00000, 0x000000067ae00000)
  eden space 1398144K, 100% used [0x00000005fae00000, 0x0000000650360000, 0x0000000650360000)
  from space 349504K,  93% used [0x00000006658b0000, 0x00000006798ca080, 0x000000067ae00000)
  to   space 349504K,   0% used [0x0000000650360000, 0x0000000650360000, 0x00000006658b0000)
 concurrent mark-sweep generation total 6291456K, used 4682683K [0x000000067ae00000, 0x00000007fae00000, 0x00000007fae00000)
 concurrent-mark-sweep perm gen total 56112K, used 33642K [0x00000007fae00000, 0x00000007fe4cc000, 0x0000000800000000)
2016-09-06T16:02:52.892+0800: 573.563: [GC 573.565: [ParNew
Desired survivor size 322102880 bytes, new threshold 2 (max 8)
- age   1:  233847808 bytes,  233847808 total
- age   2:  124040040 bytes,  357887848 total
: 1725928K->349504K(1747648K), 0.4385660 secs] 6408611K->5183013K(8039104K), 0.4415560 secs] [Times: user=1.64 sys=0.00, real=0.44 secs] 
Heap after GC invocations=106 (full 19):
 par new generation   total 1747648K, used 349504K [0x00000005fae00000, 0x000000067ae00000, 0x000000067ae00000)
  eden space 1398144K,   0% used [0x00000005fae00000, 0x00000005fae00000, 0x0000000650360000)
  from space 349504K, 100% used [0x0000000650360000, 0x00000006658b0000, 0x00000006658b0000)
  to   space 349504K,   0% used [0x00000006658b0000, 0x00000006658b0000, 0x000000067ae00000)
 concurrent mark-sweep generation total 6291456K, used 4833509K [0x000000067ae00000, 0x00000007fae00000, 0x00000007fae00000)
 concurrent-mark-sweep perm gen total 56112K, used 33642K [0x00000007fae00000, 0x00000007fe4cc000, 0x0000000800000000)
}
Total time for which application threads were stopped: 0.4664780 seconds
Total time for which application threads were stopped: 0.0221260 seconds
Total time for which application threads were stopped: 0.0260610 seconds
{Heap before GC invocations=106 (full 19):
 par new generation   total 1747648K, used 1747648K [0x00000005fae00000, 0x000000067ae00000, 0x000000067ae00000)
  eden space 1398144K, 100% used [0x00000005fae00000, 0x0000000650360000, 0x0000000650360000)
  from space 349504K, 100% used [0x0000000650360000, 0x00000006658b0000, 0x00000006658b0000)
  to   space 349504K,   0% used [0x00000006658b0000, 0x00000006658b0000, 0x000000067ae00000)
 concurrent mark-sweep generation total 6291456K, used 4833509K [0x000000067ae00000, 0x00000007fae00000, 0x00000007fae00000)
 concurrent-mark-sweep perm gen total 56112K, used 33656K [0x00000007fae00000, 0x00000007fe4cc000, 0x0000000800000000)
2016-09-06T16:02:54.465+0800: 575.136: [GC 575.138: [ParNew
Desired survivor size 322102880 bytes, new threshold 2 (max 8)
- age   1:  191392312 bytes,  191392312 total
- age   2:  166471528 bytes,  357863840 total
: 1747648K->349504K(1747648K), 0.5259290 secs] 6581157K->5471732K(8039104K), 0.5295050 secs] [Times: user=1.88 sys=0.01, real=0.53 secs] 
Heap after GC invocations=107 (full 19):
 par new generation   total 1747648K, used 349504K [0x00000005fae00000, 0x000000067ae00000, 0x000000067ae00000)
  eden space 1398144K,   0% used [0x00000005fae00000, 0x00000005fae00000, 0x0000000650360000)
  from space 349504K, 100% used [0x00000006658b0000, 0x000000067ae00000, 0x000000067ae00000)
  to   space 349504K,   0% used [0x0000000650360000, 0x0000000650360000, 0x00000006658b0000)
 concurrent mark-sweep generation total 6291456K, used 5122228K [0x000000067ae00000, 0x00000007fae00000, 0x00000007fae00000)
 concurrent-mark-sweep perm gen total 56112K, used 33656K [0x00000007fae00000, 0x00000007fe4cc000, 0x0000000800000000)
}
Total time for which application threads were stopped: 0.5419180 seconds
{Heap before GC invocations=107 (full 19):
 par new generation   total 1747648K, used 1747648K [0x00000005fae00000, 0x000000067ae00000, 0x000000067ae00000)
  eden space 1398144K, 100% used [0x00000005fae00000, 0x0000000650360000, 0x0000000650360000)
  from space 349504K, 100% used [0x00000006658b0000, 0x000000067ae00000, 0x000000067ae00000)
  to   space 349504K,   0% used [0x0000000650360000, 0x0000000650360000, 0x00000006658b0000)
 concurrent mark-sweep generation total 6291456K, used 5122228K [0x000000067ae00000, 0x00000007fae00000, 0x00000007fae00000)
 concurrent-mark-sweep perm gen total 56112K, used 33657K [0x00000007fae00000, 0x00000007fe4cc000, 0x0000000800000000)
2016-09-06T16:02:55.573+0800: 576.244: [GC 576.245: [ParNew
Desired survivor size 322102880 bytes, new threshold 2 (max 8)
- age   1:  242370712 bytes,  242370712 total
- age   2:  115520704 bytes,  357891416 total
: 1747648K->349504K(1747648K), 0.6112710 secs] 6869876K->5873635K(8039104K), 0.6145140 secs] [Times: user=2.23 sys=0.01, real=0.61 secs] 
Heap after GC invocations=108 (full 19):
 par new generation   total 1747648K, used 349504K [0x00000005fae00000, 0x000000067ae00000, 0x000000067ae00000)
  eden space 1398144K,   0% used [0x00000005fae00000, 0x00000005fae00000, 0x0000000650360000)
  from space 349504K, 100% used [0x0000000650360000, 0x00000006658b0000, 0x00000006658b0000)
  to   space 349504K,   0% used [0x00000006658b0000, 0x00000006658b0000, 0x000000067ae00000)
 concurrent mark-sweep generation total 6291456K, used 5524131K [0x000000067ae00000, 0x00000007fae00000, 0x00000007fae00000)
 concurrent-mark-sweep perm gen total 56112K, used 33657K [0x00000007fae00000, 0x00000007fe4cc000, 0x0000000800000000)
}
Total time for which application threads were stopped: 0.6231000 seconds
{Heap before GC invocations=108 (full 19):
 par new generation   total 1747648K, used 1747648K [0x00000005fae00000, 0x000000067ae00000, 0x000000067ae00000)
  eden space 1398144K, 100% used [0x00000005fae00000, 0x0000000650360000, 0x0000000650360000)
  from space 349504K, 100% used [0x0000000650360000, 0x00000006658b0000, 0x00000006658b0000)
  to   space 349504K,   0% used [0x00000006658b0000, 0x00000006658b0000, 0x000000067ae00000)
 concurrent mark-sweep generation total 6291456K, used 5524131K [0x000000067ae00000, 0x00000007fae00000, 0x00000007fae00000)
 concurrent-mark-sweep perm gen total 56112K, used 33657K [0x00000007fae00000, 0x00000007fe4cc000, 0x0000000800000000)
2016-09-06T16:02:56.736+0800: 577.408: [GC 577.409: [ParNew
Desired survivor size 322102880 bytes, new threshold 2 (max 8)
- age   1:  194791184 bytes,  194791184 total
- age   2:  163100680 bytes,  357891864 total
: 1747648K->349504K(1747648K), 0.5832810 secs] 7271779K->6233654K(8039104K), 0.5868480 secs] [Times: user=2.08 sys=0.01, real=0.59 secs] 
Heap after GC invocations=109 (full 19):
 par new generation   total 1747648K, used 349504K [0x00000005fae00000, 0x000000067ae00000, 0x000000067ae00000)
  eden space 1398144K,   0% used [0x00000005fae00000, 0x00000005fae00000, 0x0000000650360000)
  from space 349504K, 100% used [0x00000006658b0000, 0x000000067ae00000, 0x000000067ae00000)
  to   space 349504K,   0% used [0x0000000650360000, 0x0000000650360000, 0x00000006658b0000)
 concurrent mark-sweep generation total 6291456K, used 5884150K [0x000000067ae00000, 0x00000007fae00000, 0x00000007fae00000)
 concurrent-mark-sweep perm gen total 56112K, used 33657K [0x00000007fae00000, 0x00000007fe4cc000, 0x0000000800000000)
}
Total time for which application threads were stopped: 0.5936500 seconds
{Heap before GC invocations=109 (full 19):
 par new generation   total 1747648K, used 1747648K [0x00000005fae00000, 0x000000067ae00000, 0x000000067ae00000)
  eden space 1398144K, 100% used [0x00000005fae00000, 0x0000000650360000, 0x0000000650360000)
  from space 349504K, 100% used [0x00000006658b0000, 0x000000067ae00000, 0x000000067ae00000)
  to   space 349504K,   0% used [0x0000000650360000, 0x0000000650360000, 0x00000006658b0000)
 concurrent mark-sweep generation total 6291456K, used 5884150K [0x000000067ae00000, 0x00000007fae00000, 0x00000007fae00000)
 concurrent-mark-sweep perm gen total 56112K, used 33657K [0x00000007fae00000, 0x00000007fe4cc000, 0x0000000800000000)
2016-09-06T16:02:57.845+0800: 578.516: [GC 578.518: [ParNew: 1747648K->1747648K(1747648K), 0.0000210 secs]578.518: [CMS2016-09-06T16:02:58.704+0800: 579.374: [CMS-concurrent-mark: 6.683/11.109 secs] [Times: user=52.01 sys=1.56, real=11.11 secs] 
 (concurrent mode failure): 5884150K->4259552K(6291456K), 9.9834470 secs] 7631798K->4259552K(8039104K), [CMS Perm : 33657K->33656K(56112K)], 9.9863470 secs] [Times: user=11.91 sys=0.01, real=9.99 secs] 
Heap after GC invocations=110 (full 20):
 par new generation   total 1747648K, used 0K [0x00000005fae00000, 0x000000067ae00000, 0x000000067ae00000)
  eden space 1398144K,   0% used [0x00000005fae00000, 0x00000005fae00000, 0x0000000650360000)
  from space 349504K,   0% used [0x00000006658b0000, 0x00000006658b0000, 0x000000067ae00000)
  to   space 349504K,   0% used [0x0000000650360000, 0x0000000650360000, 0x00000006658b0000)
 concurrent mark-sweep generation total 6291456K, used 4259552K [0x000000067ae00000, 0x00000007fae00000, 0x00000007fae00000)
 concurrent-mark-sweep perm gen total 56112K, used 33656K [0x00000007fae00000, 0x00000007fe4cc000, 0x0000000800000000)
}
Total time for which application threads were stopped: 9.9914030 seconds
{Heap before GC invocations=110 (full 20):
 par new generation   total 1747648K, used 1398144K [0x00000005fae00000, 0x000000067ae00000, 0x000000067ae00000)
  eden space 1398144K, 100% used [0x00000005fae00000, 0x0000000650360000, 0x0000000650360000)
  from space 349504K,   0% used [0x00000006658b0000, 0x00000006658b0000, 0x000000067ae00000)
  to   space 349504K,   0% used [0x0000000650360000, 0x0000000650360000, 0x00000006658b0000)
 concurrent mark-sweep generation total 6291456K, used 4259552K [0x000000067ae00000, 0x00000007fae00000, 0x00000007fae00000)
 concurrent-mark-sweep perm gen total 56112K, used 33656K [0x00000007fae00000, 0x00000007fe4cc000, 0x0000000800000000)
2016-09-06T16:03:08.301+0800: 588.972: [GC 588.974: [ParNew
Desired survivor size 322102880 bytes, new threshold 1 (max 8)
- age   1:  356236672 bytes,  356236672 total
: 1398144K->349504K(1747648K), 0.2752920 secs] 5657696K->4626112K(8039104K), 0.2784970 secs] [Times: user=1.08 sys=0.00, real=0.28 secs] 
Heap after GC invocations=111 (full 20):
 par new generation   total 1747648K, used 349504K [0x00000005fae00000, 0x000000067ae00000, 0x000000067ae00000)
  eden space 1398144K,   0% used [0x00000005fae00000, 0x00000005fae00000, 0x0000000650360000)
  from space 349504K, 100% used [0x0000000650360000, 0x00000006658b0000, 0x00000006658b0000)
  to   space 349504K,   0% used [0x00000006658b0000, 0x00000006658b0000, 0x000000067ae00000)
 concurrent mark-sweep generation total 6291456K, used 4276608K [0x000000067ae00000, 0x00000007fae00000, 0x00000007fae00000)
 concurrent-mark-sweep perm gen total 56112K, used 33656K [0x00000007fae00000, 0x00000007fe4cc000, 0x0000000800000000)
}
Total time for which application threads were stopped: 0.2853100 seconds
2016-09-06T16:03:08.589+0800: 589.260: [GC [1 CMS-initial-mark: 4276608K(6291456K)] 4637232K(8039104K), 0.2634600 secs] [Times: user=0.26 sys=0.00, real=0.27 secs] 
Total time for which application threads were stopped: 0.2684790 seconds
2016-09-06T16:03:08.855+0800: 589.526: [CMS-concurrent-mark-start]
{Heap before GC invocations=111 (full 21):
 par new generation   total 1747648K, used 1747648K [0x00000005fae00000, 0x000000067ae00000, 0x000000067ae00000)
  eden space 1398144K, 100% used [0x00000005fae00000, 0x0000000650360000, 0x0000000650360000)
  from space 349504K, 100% used [0x0000000650360000, 0x00000006658b0000, 0x00000006658b0000)
  to   space 349504K,   0% used [0x00000006658b0000, 0x00000006658b0000, 0x000000067ae00000)
 concurrent mark-sweep generation total 6291456K, used 4276608K [0x000000067ae00000, 0x00000007fae00000, 0x00000007fae00000)
 concurrent-mark-sweep perm gen total 56112K, used 33656K [0x00000007fae00000, 0x00000007fe4cc000, 0x0000000800000000)
2016-09-06T16:03:09.377+0800: 590.048: [GC 590.049: [ParNew
Desired survivor size 322102880 bytes, new threshold 8 (max 8)
- age   1:  318680384 bytes,  318680384 total
: 1747648K->348118K(1747648K), 0.5265590 secs] 6024256K->4999859K(8039104K), 0.5297050 secs] [Times: user=1.90 sys=0.01, real=0.53 secs] 
Heap after GC invocations=112 (full 21):
 par new generation   total 1747648K, used 348118K [0x00000005fae00000, 0x000000067ae00000, 0x000000067ae00000)
  eden space 1398144K,   0% used [0x00000005fae00000, 0x00000005fae00000, 0x0000000650360000)
  from space 349504K,  99% used [0x00000006658b0000, 0x000000067aca5aa0, 0x000000067ae00000)
  to   space 349504K,   0% used [0x0000000650360000, 0x0000000650360000, 0x00000006658b0000)
 concurrent mark-sweep generation total 6291456K, used 4651740K [0x000000067ae00000, 0x00000007fae00000, 0x00000007fae00000)
 concurrent-mark-sweep perm gen total 56112K, used 33656K [0x00000007fae00000, 0x00000007fe4cc000, 0x0000000800000000)
}
Total time for which application threads were stopped: 0.5420300 seconds
Total time for which application threads were stopped: 0.0304930 seconds
{Heap before GC invocations=112 (full 21):
 par new generation   total 1747648K, used 1746262K [0x00000005fae00000, 0x000000067ae00000, 0x000000067ae00000)
  eden space 1398144K, 100% used [0x00000005fae00000, 0x0000000650360000, 0x0000000650360000)
  from space 349504K,  99% used [0x00000006658b0000, 0x000000067aca5aa0, 0x000000067ae00000)
  to   space 349504K,   0% used [0x0000000650360000, 0x0000000650360000, 0x00000006658b0000)
 concurrent mark-sweep generation total 6291456K, used 4651740K [0x000000067ae00000, 0x00000007fae00000, 0x00000007fae00000)
 concurrent-mark-sweep perm gen total 56112K, used 33659K [0x00000007fae00000, 0x00000007fe4cc000, 0x0000000800000000)
2016-09-06T16:03:10.500+0800: 591.171: [GC 591.173: [ParNew
Desired survivor size 322102880 bytes, new threshold 2 (max 8)
- age   1:  176247184 bytes,  176247184 total
- age   2:  181643472 bytes,  357890656 total
: 1746262K->349504K(1747648K), 0.5969700 secs] 6398003K->5278478K(8039104K), 0.6003890 secs] [Times: user=2.16 sys=0.00, real=0.60 secs] 
Heap after GC invocations=113 (full 21):
 par new generation   total 1747648K, used 349504K [0x00000005fae00000, 0x000000067ae00000, 0x000000067ae00000)
  eden space 1398144K,   0% used [0x00000005fae00000, 0x00000005fae00000, 0x0000000650360000)
  from space 349504K, 100% used [0x0000000650360000, 0x00000006658b0000, 0x00000006658b0000)
  to   space 349504K,   0% used [0x00000006658b0000, 0x00000006658b0000, 0x000000067ae00000)
 concurrent mark-sweep generation total 6291456K, used 4928974K [0x000000067ae00000, 0x00000007fae00000, 0x00000007fae00000)
 concurrent-mark-sweep perm gen total 56112K, used 33659K [0x00000007fae00000, 0x00000007fe4cc000, 0x0000000800000000)
}
Total time for which application threads were stopped: 0.6055090 seconds
Total time for which application threads were stopped: 0.0241290 seconds
{Heap before GC invocations=113 (full 21):
 par new generation   total 1747648K, used 1747648K [0x00000005fae00000, 0x000000067ae00000, 0x000000067ae00000)
  eden space 1398144K, 100% used [0x00000005fae00000, 0x0000000650360000, 0x0000000650360000)
  from space 349504K, 100% used [0x0000000650360000, 0x00000006658b0000, 0x00000006658b0000)
  to   space 349504K,   0% used [0x00000006658b0000, 0x00000006658b0000, 0x000000067ae00000)
 concurrent mark-sweep generation total 6291456K, used 4928974K [0x000000067ae00000, 0x00000007fae00000, 0x00000007fae00000)
 concurrent-mark-sweep perm gen total 56112K, used 33660K [0x00000007fae00000, 0x00000007fe4cc000, 0x0000000800000000)
2016-09-06T16:03:12.494+0800: 593.165: [GC 593.167: [ParNew
Desired survivor size 322102880 bytes, new threshold 2 (max 8)
- age   1:  204533112 bytes,  204533112 total
- age   2:  153358752 bytes,  357891864 total
: 1747648K->349504K(1747648K), 0.5857940 secs] 6676622K->5629771K(8039104K), 0.5891890 secs] [Times: user=2.13 sys=0.00, real=0.59 secs] 
Heap after GC invocations=114 (full 21):
 par new generation   total 1747648K, used 349504K [0x00000005fae00000, 0x000000067ae00000, 0x000000067ae00000)
  eden space 1398144K,   0% used [0x00000005fae00000, 0x00000005fae00000, 0x0000000650360000)
  from space 349504K, 100% used [0x00000006658b0000, 0x000000067ae00000, 0x000000067ae00000)
  to   space 349504K,   0% used [0x0000000650360000, 0x0000000650360000, 0x00000006658b0000)
 concurrent mark-sweep generation total 6291456K, used 5280267K [0x000000067ae00000, 0x00000007fae00000, 0x00000007fae00000)
 concurrent-mark-sweep perm gen total 56112K, used 33660K [0x00000007fae00000, 0x00000007fe4cc000, 0x0000000800000000)
}
Total time for which application threads were stopped: 0.6019250 seconds
{Heap before GC invocations=114 (full 21):
 par new generation   total 1747648K, used 1747648K [0x00000005fae00000, 0x000000067ae00000, 0x000000067ae00000)
  eden space 1398144K, 100% used [0x00000005fae00000, 0x0000000650360000, 0x0000000650360000)
  from space 349504K, 100% used [0x00000006658b0000, 0x000000067ae00000, 0x000000067ae00000)
  to   space 349504K,   0% used [0x0000000650360000, 0x0000000650360000, 0x00000006658b0000)
 concurrent mark-sweep generation total 6291456K, used 5280267K [0x000000067ae00000, 0x00000007fae00000, 0x00000007fae00000)
 concurrent-mark-sweep perm gen total 56112K, used 33660K [0x00000007fae00000, 0x00000007fe4cc000, 0x0000000800000000)
2016-09-06T16:03:13.606+0800: 594.277: [GC 594.279: [ParNew
Desired survivor size 322102880 bytes, new threshold 2 (max 8)
- age   1:  206317128 bytes,  206317128 total
- age   2:  151574720 bytes,  357891848 total
: 1747648K->349504K(1747648K), 0.5901960 secs] 7027915K->5980654K(8039104K), 0.5935880 secs] [Times: user=2.14 sys=0.01, real=0.59 secs] 
Heap after GC invocations=115 (full 21):
 par new generation   total 1747648K, used 349504K [0x00000005fae00000, 0x000000067ae00000, 0x000000067ae00000)
  eden space 1398144K,   0% used [0x00000005fae00000, 0x00000005fae00000, 0x0000000650360000)
  from space 349504K, 100% used [0x0000000650360000, 0x00000006658b0000, 0x00000006658b0000)
  to   space 349504K,   0% used [0x00000006658b0000, 0x00000006658b0000, 0x000000067ae00000)
 concurrent mark-sweep generation total 6291456K, used 5631150K [0x000000067ae00000, 0x00000007fae00000, 0x00000007fae00000)
 concurrent-mark-sweep perm gen total 56112K, used 33660K [0x00000007fae00000, 0x00000007fe4cc000, 0x0000000800000000)
}
Total time for which application threads were stopped: 0.6068700 seconds
{Heap before GC invocations=115 (full 21):
 par new generation   total 1747648K, used 1747648K [0x00000005fae00000, 0x000000067ae00000, 0x000000067ae00000)
  eden space 1398144K, 100% used [0x00000005fae00000, 0x0000000650360000, 0x0000000650360000)
  from space 349504K, 100% used [0x0000000650360000, 0x00000006658b0000, 0x00000006658b0000)
  to   space 349504K,   0% used [0x00000006658b0000, 0x00000006658b0000, 0x000000067ae00000)
 concurrent mark-sweep generation total 6291456K, used 5631150K [0x000000067ae00000, 0x00000007fae00000, 0x00000007fae00000)
 concurrent-mark-sweep perm gen total 56112K, used 33677K [0x00000007fae00000, 0x00000007fe4cc000, 0x0000000800000000)
2016-09-06T16:03:14.689+0800: 595.361: [GC 595.362: [ParNew
Desired survivor size 322102880 bytes, new threshold 2 (max 8)
- age   1:  241749352 bytes,  241749352 total
- age   2:  116142416 bytes,  357891768 total
: 1747648K->349504K(1747648K), 0.5973490 secs] 7378798K->6397790K(8039104K), 0.6002160 secs] [Times: user=2.14 sys=0.00, real=0.60 secs] 
Heap after GC invocations=116 (full 21):
 par new generation   total 1747648K, used 349504K [0x00000005fae00000, 0x000000067ae00000, 0x000000067ae00000)
  eden space 1398144K,   0% used [0x00000005fae00000, 0x00000005fae00000, 0x0000000650360000)
  from space 349504K, 100% used [0x00000006658b0000, 0x000000067ae00000, 0x000000067ae00000)
  to   space 349504K,   0% used [0x0000000650360000, 0x0000000650360000, 0x00000006658b0000)
 concurrent mark-sweep generation total 6291456K, used 6048286K [0x000000067ae00000, 0x00000007fae00000, 0x00000007fae00000)
 concurrent-mark-sweep perm gen total 56112K, used 33677K [0x00000007fae00000, 0x00000007fe4cc000, 0x0000000800000000)
}
Total time for which application threads were stopped: 0.6052400 seconds
{Heap before GC invocations=116 (full 21):
 par new generation   total 1747648K, used 1747648K [0x00000005fae00000, 0x000000067ae00000, 0x000000067ae00000)
  eden space 1398144K, 100% used [0x00000005fae00000, 0x0000000650360000, 0x0000000650360000)
  from space 349504K, 100% used [0x00000006658b0000, 0x000000067ae00000, 0x000000067ae00000)
  to   space 349504K,   0% used [0x0000000650360000, 0x0000000650360000, 0x00000006658b0000)
 concurrent mark-sweep generation total 6291456K, used 6048286K [0x000000067ae00000, 0x00000007fae00000, 0x00000007fae00000)
 concurrent-mark-sweep perm gen total 56112K, used 33680K [0x00000007fae00000, 0x00000007fe4cc000, 0x0000000800000000)
2016-09-06T16:03:16.527+0800: 597.199: [GC 597.201: [ParNew: 1747648K->1747648K(1747648K), 0.0000240 secs]597.201: [CMS2016-09-06T16:03:16.982+0800: 597.653: [CMS-concurrent-mark: 4.849/8.127 secs] [Times: user=38.73 sys=0.99, real=8.12 secs] 
 (concurrent mode failure): 6048286K->4890301K(6291456K), 11.4728760 secs] 7795934K->4890301K(8039104K), [CMS Perm : 33680K->33680K(56112K)], 11.4766880 secs] [Times: user=12.54 sys=0.02, real=11.48 secs] 
Heap after GC invocations=117 (full 22):
 par new generation   total 1747648K, used 0K [0x00000005fae00000, 0x000000067ae00000, 0x000000067ae00000)
  eden space 1398144K,   0% used [0x00000005fae00000, 0x00000005fae00000, 0x0000000650360000)
  from space 349504K,   0% used [0x00000006658b0000, 0x00000006658b0000, 0x000000067ae00000)
  to   space 349504K,   0% used [0x0000000650360000, 0x0000000650360000, 0x00000006658b0000)
 concurrent mark-sweep generation total 6291456K, used 4890301K [0x000000067ae00000, 0x00000007fae00000, 0x00000007fae00000)
 concurrent-mark-sweep perm gen total 56304K, used 33680K [0x00000007fae00000, 0x00000007fe4fc000, 0x0000000800000000)
}
Total time for which application threads were stopped: 11.5053690 seconds
{Heap before GC invocations=117 (full 22):
 par new generation   total 1747648K, used 1398144K [0x00000005fae00000, 0x000000067ae00000, 0x000000067ae00000)
  eden space 1398144K, 100% used [0x00000005fae00000, 0x0000000650360000, 0x0000000650360000)
  from space 349504K,   0% used [0x00000006658b0000, 0x00000006658b0000, 0x000000067ae00000)
  to   space 349504K,   0% used [0x0000000650360000, 0x0000000650360000, 0x00000006658b0000)
 concurrent mark-sweep generation total 6291456K, used 4890301K [0x000000067ae00000, 0x00000007fae00000, 0x00000007fae00000)
 concurrent-mark-sweep perm gen total 56304K, used 33680K [0x00000007fae00000, 0x00000007fe4fc000, 0x0000000800000000)
2016-09-06T16:03:28.644+0800: 609.315: [GC 609.317: [ParNew
Desired survivor size 322102880 bytes, new threshold 1 (max 8)
- age   1:  354679960 bytes,  354679960 total
: 1398144K->349504K(1747648K), 0.2532370 secs] 6288445K->5242216K(8039104K), 0.2563560 secs] [Times: user=1.01 sys=0.00, real=0.26 secs] 
Heap after GC invocations=118 (full 22):
 par new generation   total 1747648K, used 349504K [0x00000005fae00000, 0x000000067ae00000, 0x000000067ae00000)
  eden space 1398144K,   0% used [0x00000005fae00000, 0x00000005fae00000, 0x0000000650360000)
  from space 349504K, 100% used [0x0000000650360000, 0x00000006658b0000, 0x00000006658b0000)
  to   space 349504K,   0% used [0x00000006658b0000, 0x00000006658b0000, 0x000000067ae00000)
 concurrent mark-sweep generation total 6291456K, used 4892712K [0x000000067ae00000, 0x00000007fae00000, 0x00000007fae00000)
 concurrent-mark-sweep perm gen total 56304K, used 33680K [0x00000007fae00000, 0x00000007fe4fc000, 0x0000000800000000)
}
Total time for which application threads were stopped: 0.2615830 seconds
2016-09-06T16:03:28.906+0800: 609.578: [GC [1 CMS-initial-mark: 4892712K(6291456K)] 5243773K(8039104K), 0.2393970 secs] [Times: user=0.24 sys=0.00, real=0.24 secs] 
Total time for which application threads were stopped: 0.2433570 seconds
2016-09-06T16:03:29.148+0800: 609.819: [CMS-concurrent-mark-start]
{Heap before GC invocations=118 (full 23):
 par new generation   total 1747648K, used 1747648K [0x00000005fae00000, 0x000000067ae00000, 0x000000067ae00000)
  eden space 1398144K, 100% used [0x00000005fae00000, 0x0000000650360000, 0x0000000650360000)
  from space 349504K, 100% used [0x0000000650360000, 0x00000006658b0000, 0x00000006658b0000)
  to   space 349504K,   0% used [0x00000006658b0000, 0x00000006658b0000, 0x000000067ae00000)
 concurrent mark-sweep generation total 6291456K, used 4892712K [0x000000067ae00000, 0x00000007fae00000, 0x00000007fae00000)
 concurrent-mark-sweep perm gen total 56304K, used 33680K [0x00000007fae00000, 0x00000007fe4fc000, 0x0000000800000000)
2016-09-06T16:03:29.724+0800: 610.395: [GC 610.396: [ParNew
Desired survivor size 322102880 bytes, new threshold 1 (max 8)
- age   1:  354140064 bytes,  354140064 total
: 1747648K->349504K(1747648K), 0.5147680 secs] 6640360K->5629956K(8039104K), 0.5178330 secs] [Times: user=1.83 sys=0.00, real=0.52 secs] 
Heap after GC invocations=119 (full 23):
 par new generation   total 1747648K, used 349504K [0x00000005fae00000, 0x000000067ae00000, 0x000000067ae00000)
  eden space 1398144K,   0% used [0x00000005fae00000, 0x00000005fae00000, 0x0000000650360000)
  from space 349504K, 100% used [0x00000006658b0000, 0x000000067ae00000, 0x000000067ae00000)
  to   space 349504K,   0% used [0x0000000650360000, 0x0000000650360000, 0x00000006658b0000)
 concurrent mark-sweep generation total 6291456K, used 5280452K [0x000000067ae00000, 0x00000007fae00000, 0x00000007fae00000)
 concurrent-mark-sweep perm gen total 56304K, used 33680K [0x00000007fae00000, 0x00000007fe4fc000, 0x0000000800000000)
}
Total time for which application threads were stopped: 0.5237320 seconds
{Heap before GC invocations=119 (full 23):
 par new generation   total 1747648K, used 1747648K [0x00000005fae00000, 0x000000067ae00000, 0x000000067ae00000)
  eden space 1398144K, 100% used [0x00000005fae00000, 0x0000000650360000, 0x0000000650360000)
  from space 349504K, 100% used [0x00000006658b0000, 0x000000067ae00000, 0x000000067ae00000)
  to   space 349504K,   0% used [0x0000000650360000, 0x0000000650360000, 0x00000006658b0000)
 concurrent mark-sweep generation total 6291456K, used 5280452K [0x000000067ae00000, 0x00000007fae00000, 0x00000007fae00000)
 concurrent-mark-sweep perm gen total 56304K, used 33680K [0x00000007fae00000, 0x00000007fe4fc000, 0x0000000800000000)
2016-09-06T16:03:30.707+0800: 611.378: [GC 611.380: [ParNew
Desired survivor size 322102880 bytes, new threshold 1 (max 8)
- age   1:  344363480 bytes,  344363480 total
: 1747648K->349504K(1747648K), 0.5203950 secs] 7028100K->6002172K(8039104K), 0.5234510 secs] [Times: user=1.86 sys=0.01, real=0.52 secs] 
Heap after GC invocations=120 (full 23):
 par new generation   total 1747648K, used 349504K [0x00000005fae00000, 0x000000067ae00000, 0x000000067ae00000)
  eden space 1398144K,   0% used [0x00000005fae00000, 0x00000005fae00000, 0x0000000650360000)
  from space 349504K, 100% used [0x0000000650360000, 0x00000006658b0000, 0x00000006658b0000)
  to   space 349504K,   0% used [0x00000006658b0000, 0x00000006658b0000, 0x000000067ae00000)
 concurrent mark-sweep generation total 6291456K, used 5652668K [0x000000067ae00000, 0x00000007fae00000, 0x00000007fae00000)
 concurrent-mark-sweep perm gen total 56304K, used 33680K [0x00000007fae00000, 0x00000007fe4fc000, 0x0000000800000000)
}
Total time for which application threads were stopped: 0.5282650 seconds
{Heap before GC invocations=120 (full 23):
 par new generation   total 1747648K, used 1747648K [0x00000005fae00000, 0x000000067ae00000, 0x000000067ae00000)
  eden space 1398144K, 100% used [0x00000005fae00000, 0x0000000650360000, 0x0000000650360000)
  from space 349504K, 100% used [0x0000000650360000, 0x00000006658b0000, 0x00000006658b0000)
  to   space 349504K,   0% used [0x00000006658b0000, 0x00000006658b0000, 0x000000067ae00000)
 concurrent mark-sweep generation total 6291456K, used 5652668K [0x000000067ae00000, 0x00000007fae00000, 0x00000007fae00000)
 concurrent-mark-sweep perm gen total 56304K, used 33680K [0x00000007fae00000, 0x00000007fe4fc000, 0x0000000800000000)
2016-09-06T16:03:31.904+0800: 612.575: [GC 612.577: [ParNew
Desired survivor size 322102880 bytes, new threshold 8 (max 8)
- age   1:  172045344 bytes,  172045344 total
: 1747648K->338759K(1747648K), 0.3928500 secs] 7400316K->6289715K(8039104K), 0.3959340 secs] [Times: user=1.39 sys=0.00, real=0.40 secs] 
Heap after GC invocations=121 (full 23):
 par new generation   total 1747648K, used 338759K [0x00000005fae00000, 0x000000067ae00000, 0x000000067ae00000)
  eden space 1398144K,   0% used [0x00000005fae00000, 0x00000005fae00000, 0x0000000650360000)
  from space 349504K,  96% used [0x00000006658b0000, 0x000000067a381e00, 0x000000067ae00000)
  to   space 349504K,   0% used [0x0000000650360000, 0x0000000650360000, 0x00000006658b0000)
 concurrent mark-sweep generation total 6291456K, used 5950955K [0x000000067ae00000, 0x00000007fae00000, 0x00000007fae00000)
 concurrent-mark-sweep perm gen total 56304K, used 33680K [0x00000007fae00000, 0x00000007fe4fc000, 0x0000000800000000)
}
Total time for which application threads were stopped: 0.4080690 seconds
{Heap before GC invocations=121 (full 23):
 par new generation   total 1747648K, used 1736903K [0x00000005fae00000, 0x000000067ae00000, 0x000000067ae00000)
  eden space 1398144K, 100% used [0x00000005fae00000, 0x0000000650360000, 0x0000000650360000)
  from space 349504K,  96% used [0x00000006658b0000, 0x000000067a381e00, 0x000000067ae00000)
  to   space 349504K,   0% used [0x0000000650360000, 0x0000000650360000, 0x00000006658b0000)
 concurrent mark-sweep generation total 6291456K, used 5950955K [0x000000067ae00000, 0x00000007fae00000, 0x00000007fae00000)
 concurrent-mark-sweep perm gen total 56304K, used 33680K [0x00000007fae00000, 0x00000007fe4fc000, 0x0000000800000000)
2016-09-06T16:03:33.571+0800: 614.242: [GC 614.244: [ParNew: 1736903K->1736903K(1747648K), 0.0000350 secs]614.250: [CMS2016-09-06T16:03:34.946+0800: 615.617: [CMS-concurrent-mark: 4.228/5.798 secs] [Times: user=27.31 sys=0.55, real=5.80 secs] 
 (concurrent mode failure): 5950955K->4955304K(6291456K), 11.6890100 secs] 7687859K->4955304K(8039104K), [CMS Perm : 33680K->33680K(56304K)], 11.6985610 secs] [Times: user=15.40 sys=0.02, real=11.70 secs] 
Heap after GC invocations=122 (full 24):
 par new generation   total 1747648K, used 0K [0x00000005fae00000, 0x000000067ae00000, 0x000000067ae00000)
  eden space 1398144K,   0% used [0x00000005fae00000, 0x00000005fae00000, 0x0000000650360000)
  from space 349504K,   0% used [0x00000006658b0000, 0x00000006658b0000, 0x000000067ae00000)
  to   space 349504K,   0% used [0x0000000650360000, 0x0000000650360000, 0x00000006658b0000)
 concurrent mark-sweep generation total 6291456K, used 4955304K [0x000000067ae00000, 0x00000007fae00000, 0x00000007fae00000)
 concurrent-mark-sweep perm gen total 56304K, used 33680K [0x00000007fae00000, 0x00000007fe4fc000, 0x0000000800000000)
}
Total time for which application threads were stopped: 11.7127350 seconds
{Heap before GC invocations=122 (full 24):
 par new generation   total 1747648K, used 1398144K [0x00000005fae00000, 0x000000067ae00000, 0x000000067ae00000)
  eden space 1398144K, 100% used [0x00000005fae00000, 0x0000000650360000, 0x0000000650360000)
  from space 349504K,   0% used [0x00000006658b0000, 0x00000006658b0000, 0x000000067ae00000)
  to   space 349504K,   0% used [0x0000000650360000, 0x0000000650360000, 0x00000006658b0000)
 concurrent mark-sweep generation total 6291456K, used 4955304K [0x000000067ae00000, 0x00000007fae00000, 0x00000007fae00000)
 concurrent-mark-sweep perm gen total 56304K, used 33680K [0x00000007fae00000, 0x00000007fe4fc000, 0x0000000800000000)
2016-09-06T16:03:45.722+0800: 626.393: [GC 626.395: [ParNew
Desired survivor size 322102880 bytes, new threshold 1 (max 8)
- age   1:  338636896 bytes,  338636896 total
: 1398144K->349504K(1747648K), 0.2337290 secs] 6353448K->5304808K(8039104K), 0.2370060 secs] [Times: user=0.93 sys=0.00, real=0.24 secs] 
Heap after GC invocations=123 (full 24):
 par new generation   total 1747648K, used 349504K [0x00000005fae00000, 0x000000067ae00000, 0x000000067ae00000)
  eden space 1398144K,   0% used [0x00000005fae00000, 0x00000005fae00000, 0x0000000650360000)
  from space 349504K, 100% used [0x0000000650360000, 0x00000006658b0000, 0x00000006658b0000)
  to   space 349504K,   0% used [0x00000006658b0000, 0x00000006658b0000, 0x000000067ae00000)
 concurrent mark-sweep generation total 6291456K, used 4955304K [0x000000067ae00000, 0x00000007fae00000, 0x00000007fae00000)
 concurrent-mark-sweep perm gen total 56304K, used 33680K [0x00000007fae00000, 0x00000007fe4fc000, 0x0000000800000000)
}
Total time for which application threads were stopped: 0.2454330 seconds
2016-09-06T16:03:45.963+0800: 626.635: [GC [1 CMS-initial-mark: 4955304K(6291456K)] 5305249K(8039104K), 0.2382250 secs] [Times: user=0.24 sys=0.00, real=0.24 secs] 
Total time for which application threads were stopped: 0.2419980 seconds
2016-09-06T16:03:46.206+0800: 626.877: [CMS-concurrent-mark-start]
{Heap before GC invocations=123 (full 25):
 par new generation   total 1747648K, used 1747648K [0x00000005fae00000, 0x000000067ae00000, 0x000000067ae00000)
  eden space 1398144K, 100% used [0x00000005fae00000, 0x0000000650360000, 0x0000000650360000)
  from space 349504K, 100% used [0x0000000650360000, 0x00000006658b0000, 0x00000006658b0000)
  to   space 349504K,   0% used [0x00000006658b0000, 0x00000006658b0000, 0x000000067ae00000)
 concurrent mark-sweep generation total 6291456K, used 4955304K [0x000000067ae00000, 0x00000007fae00000, 0x00000007fae00000)
 concurrent-mark-sweep perm gen total 56304K, used 33680K [0x00000007fae00000, 0x00000007fe4fc000, 0x0000000800000000)
2016-09-06T16:03:46.815+0800: 627.486: [GC 627.488: [ParNew
Desired survivor size 322102880 bytes, new threshold 1 (max 8)
- age   1:  327696824 bytes,  327696824 total
: 1747648K->349504K(1747648K), 0.5352560 secs] 6702952K->5719599K(8039104K), 0.5385010 secs] [Times: user=1.91 sys=0.00, real=0.54 secs] 
Heap after GC invocations=124 (full 25):
 par new generation   total 1747648K, used 349504K [0x00000005fae00000, 0x000000067ae00000, 0x000000067ae00000)
  eden space 1398144K,   0% used [0x00000005fae00000, 0x00000005fae00000, 0x0000000650360000)
  from space 349504K, 100% used [0x00000006658b0000, 0x000000067ae00000, 0x000000067ae00000)
  to   space 349504K,   0% used [0x0000000650360000, 0x0000000650360000, 0x00000006658b0000)
 concurrent mark-sweep generation total 6291456K, used 5370095K [0x000000067ae00000, 0x00000007fae00000, 0x00000007fae00000)
 concurrent-mark-sweep perm gen total 56304K, used 33680K [0x00000007fae00000, 0x00000007fe4fc000, 0x0000000800000000)
}
Total time for which application threads were stopped: 0.5721320 seconds
{Heap before GC invocations=124 (full 25):
 par new generation   total 1747648K, used 1747648K [0x00000005fae00000, 0x000000067ae00000, 0x000000067ae00000)
  eden space 1398144K, 100% used [0x00000005fae00000, 0x0000000650360000, 0x0000000650360000)
  from space 349504K, 100% used [0x00000006658b0000, 0x000000067ae00000, 0x000000067ae00000)
  to   space 349504K,   0% used [0x0000000650360000, 0x0000000650360000, 0x00000006658b0000)
 concurrent mark-sweep generation total 6291456K, used 5370095K [0x000000067ae00000, 0x00000007fae00000, 0x00000007fae00000)
 concurrent-mark-sweep perm gen total 56304K, used 33681K [0x00000007fae00000, 0x00000007fe4fc000, 0x0000000800000000)
2016-09-06T16:03:47.823+0800: 628.495: [GC 628.496: [ParNew
Desired survivor size 322102880 bytes, new threshold 1 (max 8)
- age   1:  326984032 bytes,  326984032 total
: 1747648K->349504K(1747648K), 0.4746100 secs] 7117743K->6051952K(8039104K), 0.4783300 secs] [Times: user=1.70 sys=0.00, real=0.48 secs] 
Heap after GC invocations=125 (full 25):
 par new generation   total 1747648K, used 349504K [0x00000005fae00000, 0x000000067ae00000, 0x000000067ae00000)
  eden space 1398144K,   0% used [0x00000005fae00000, 0x00000005fae00000, 0x0000000650360000)
  from space 349504K, 100% used [0x0000000650360000, 0x00000006658b0000, 0x00000006658b0000)
  to   space 349504K,   0% used [0x00000006658b0000, 0x00000006658b0000, 0x000000067ae00000)
 concurrent mark-sweep generation total 6291456K, used 5702448K [0x000000067ae00000, 0x00000007fae00000, 0x00000007fae00000)
 concurrent-mark-sweep perm gen total 56304K, used 33681K [0x00000007fae00000, 0x00000007fe4fc000, 0x0000000800000000)
}
Total time for which application threads were stopped: 0.4855160 seconds
Total time for which application threads were stopped: 0.0067180 seconds
Total time for which application threads were stopped: 0.0033780 seconds
Total time for which application threads were stopped: 0.0042710 seconds
{Heap before GC invocations=125 (full 25):
 par new generation   total 1747648K, used 1747648K [0x00000005fae00000, 0x000000067ae00000, 0x000000067ae00000)
  eden space 1398144K, 100% used [0x00000005fae00000, 0x0000000650360000, 0x0000000650360000)
  from space 349504K, 100% used [0x0000000650360000, 0x00000006658b0000, 0x00000006658b0000)
  to   space 349504K,   0% used [0x00000006658b0000, 0x00000006658b0000, 0x000000067ae00000)
 concurrent mark-sweep generation total 6291456K, used 5702448K [0x000000067ae00000, 0x00000007fae00000, 0x00000007fae00000)
 concurrent-mark-sweep perm gen total 56304K, used 33681K [0x00000007fae00000, 0x00000007fe4fc000, 0x0000000800000000)
2016-09-06T16:03:48.768+0800: 629.439: [GC 629.441: [ParNew
Desired survivor size 322102880 bytes, new threshold 1 (max 8)
- age   1:  344180416 bytes,  344180416 total
: 1747648K->349504K(1747648K), 0.5011090 secs] 7450096K->6380890K(8039104K), 0.5042000 secs] [Times: user=1.74 sys=0.00, real=0.51 secs] 
Heap after GC invocations=126 (full 25):
 par new generation   total 1747648K, used 349504K [0x00000005fae00000, 0x000000067ae00000, 0x000000067ae00000)
  eden space 1398144K,   0% used [0x00000005fae00000, 0x00000005fae00000, 0x0000000650360000)
  from space 349504K, 100% used [0x00000006658b0000, 0x000000067ae00000, 0x000000067ae00000)
  to   space 349504K,   0% used [0x0000000650360000, 0x0000000650360000, 0x00000006658b0000)
 concurrent mark-sweep generation total 6291456K, used 6031386K [0x000000067ae00000, 0x00000007fae00000, 0x00000007fae00000)
 concurrent-mark-sweep perm gen total 56304K, used 33681K [0x00000007fae00000, 0x00000007fe4fc000, 0x0000000800000000)
}
Total time for which application threads were stopped: 0.5101670 seconds
Total time for which application threads were stopped: 0.0326360 seconds
Total time for which application threads were stopped: 0.0037060 seconds
Total time for which application threads were stopped: 0.0033130 seconds
Total time for which application threads were stopped: 0.0037160 seconds
Total time for which application threads were stopped: 0.0088710 seconds
Total time for which application threads were stopped: 0.0041060 seconds
Total time for which application threads were stopped: 0.0040820 seconds
Total time for which application threads were stopped: 0.0025210 seconds
Total time for which application threads were stopped: 0.0027840 seconds
Total time for which application threads were stopped: 0.0020870 seconds
Total time for which application threads were stopped: 0.0021390 seconds
Total time for which application threads were stopped: 0.0023440 seconds
Total time for which application threads were stopped: 0.0023310 seconds
{Heap before GC invocations=126 (full 25):
 par new generation   total 1747648K, used 1747648K [0x00000005fae00000, 0x000000067ae00000, 0x000000067ae00000)
  eden space 1398144K, 100% used [0x00000005fae00000, 0x0000000650360000, 0x0000000650360000)
  from space 349504K, 100% used [0x00000006658b0000, 0x000000067ae00000, 0x000000067ae00000)
  to   space 349504K,   0% used [0x0000000650360000, 0x0000000650360000, 0x00000006658b0000)
 concurrent mark-sweep generation total 6291456K, used 6031386K [0x000000067ae00000, 0x00000007fae00000, 0x00000007fae00000)
 concurrent-mark-sweep perm gen total 56304K, used 33681K [0x00000007fae00000, 0x00000007fe4fc000, 0x0000000800000000)
2016-09-06T16:03:50.681+0800: 631.352: [GC 631.354: [ParNew: 1747648K->1747648K(1747648K), 0.0000200 secs]631.354: [CMS2016-09-06T16:03:51.818+0800: 632.489: [CMS-concurrent-mark: 3.799/5.611 secs] [Times: user=25.45 sys=0.79, real=5.61 secs] 
 (concurrent mode failure): 6031386K->4187032K(6291456K), 10.0107190 secs] 7779034K->4187032K(8039104K), [CMS Perm : 33681K->33680K(56304K)], 10.0142350 secs] [Times: user=12.76 sys=0.02, real=10.01 secs] 
Heap after GC invocations=127 (full 26):
 par new generation   total 1747648K, used 0K [0x00000005fae00000, 0x000000067ae00000, 0x000000067ae00000)
  eden space 1398144K,   0% used [0x00000005fae00000, 0x00000005fae00000, 0x0000000650360000)
  from space 349504K,   0% used [0x00000006658b0000, 0x00000006658b0000, 0x000000067ae00000)
  to   space 349504K,   0% used [0x0000000650360000, 0x0000000650360000, 0x00000006658b0000)
 concurrent mark-sweep generation total 6291456K, used 4187032K [0x000000067ae00000, 0x00000007fae00000, 0x00000007fae00000)
 concurrent-mark-sweep perm gen total 56304K, used 33680K [0x00000007fae00000, 0x00000007fe4fc000, 0x0000000800000000)
}
Total time for which application threads were stopped: 10.0195130 seconds
Total time for which application threads were stopped: 0.0050430 seconds
2016-09-06T16:04:01.091+0800: 641.762: [GC [1 CMS-initial-mark: 4187032K(6291456K)] 5241876K(8039104K), 0.5736520 secs] [Times: user=0.57 sys=0.00, real=0.57 secs] 
Total time for which application threads were stopped: 0.5775170 seconds
2016-09-06T16:04:01.668+0800: 642.338: [CMS-concurrent-mark-start]
{Heap before GC invocations=127 (full 27):
 par new generation   total 1747648K, used 1398144K [0x00000005fae00000, 0x000000067ae00000, 0x000000067ae00000)
  eden space 1398144K, 100% used [0x00000005fae00000, 0x0000000650360000, 0x0000000650360000)
  from space 349504K,   0% used [0x00000006658b0000, 0x00000006658b0000, 0x000000067ae00000)
  to   space 349504K,   0% used [0x0000000650360000, 0x0000000650360000, 0x00000006658b0000)
 concurrent mark-sweep generation total 6291456K, used 4187032K [0x000000067ae00000, 0x00000007fae00000, 0x00000007fae00000)
 concurrent-mark-sweep perm gen total 56304K, used 33680K [0x00000007fae00000, 0x00000007fe4fc000, 0x0000000800000000)
2016-09-06T16:04:01.783+0800: 642.454: [GC 642.456: [ParNew
Desired survivor size 322102880 bytes, new threshold 1 (max 8)
- age   1:  324594560 bytes,  324594560 total
: 1398144K->349504K(1747648K), 0.2490750 secs] 5585176K->4540791K(8039104K), 0.2523340 secs] [Times: user=0.98 sys=0.00, real=0.25 secs] 
Heap after GC invocations=128 (full 27):
 par new generation   total 1747648K, used 349504K [0x00000005fae00000, 0x000000067ae00000, 0x000000067ae00000)
  eden space 1398144K,   0% used [0x00000005fae00000, 0x00000005fae00000, 0x0000000650360000)
  from space 349504K, 100% used [0x0000000650360000, 0x00000006658b0000, 0x00000006658b0000)
  to   space 349504K,   0% used [0x00000006658b0000, 0x00000006658b0000, 0x000000067ae00000)
 concurrent mark-sweep generation total 6291456K, used 4191287K [0x000000067ae00000, 0x00000007fae00000, 0x00000007fae00000)
 concurrent-mark-sweep perm gen total 56304K, used 33680K [0x00000007fae00000, 0x00000007fe4fc000, 0x0000000800000000)
}
Total time for which application threads were stopped: 0.2612390 seconds
{Heap before GC invocations=128 (full 27):
 par new generation   total 1747648K, used 1747648K [0x00000005fae00000, 0x000000067ae00000, 0x000000067ae00000)
  eden space 1398144K, 100% used [0x00000005fae00000, 0x0000000650360000, 0x0000000650360000)
  from space 349504K, 100% used [0x0000000650360000, 0x00000006658b0000, 0x00000006658b0000)
  to   space 349504K,   0% used [0x00000006658b0000, 0x00000006658b0000, 0x000000067ae00000)
 concurrent mark-sweep generation total 6291456K, used 4191287K [0x000000067ae00000, 0x00000007fae00000, 0x00000007fae00000)
 concurrent-mark-sweep perm gen total 56304K, used 33680K [0x00000007fae00000, 0x00000007fe4fc000, 0x0000000800000000)
2016-09-06T16:04:02.528+0800: 643.199: [GC 643.201: [ParNew
Desired survivor size 322102880 bytes, new threshold 8 (max 8)
- age   1:  305949512 bytes,  305949512 total
: 1747648K->320562K(1747648K), 0.4365890 secs] 5938935K->4828262K(8039104K), 0.4400880 secs] [Times: user=1.58 sys=0.01, real=0.44 secs] 
Heap after GC invocations=129 (full 27):
 par new generation   total 1747648K, used 320562K [0x00000005fae00000, 0x000000067ae00000, 0x000000067ae00000)
  eden space 1398144K,   0% used [0x00000005fae00000, 0x00000005fae00000, 0x0000000650360000)
  from space 349504K,  91% used [0x00000006658b0000, 0x00000006791bc800, 0x000000067ae00000)
  to   space 349504K,   0% used [0x0000000650360000, 0x0000000650360000, 0x00000006658b0000)
 concurrent mark-sweep generation total 6291456K, used 4507700K [0x000000067ae00000, 0x00000007fae00000, 0x00000007fae00000)
 concurrent-mark-sweep perm gen total 56304K, used 33680K [0x00000007fae00000, 0x00000007fe4fc000, 0x0000000800000000)
}
Total time for which application threads were stopped: 0.4508570 seconds
Total time for which application threads were stopped: 0.1038200 seconds
{Heap before GC invocations=129 (full 27):
 par new generation   total 1747648K, used 1718706K [0x00000005fae00000, 0x000000067ae00000, 0x000000067ae00000)
  eden space 1398144K, 100% used [0x00000005fae00000, 0x0000000650360000, 0x0000000650360000)
  from space 349504K,  91% used [0x00000006658b0000, 0x00000006791bc800, 0x000000067ae00000)
  to   space 349504K,   0% used [0x0000000650360000, 0x0000000650360000, 0x00000006658b0000)
 concurrent mark-sweep generation total 6291456K, used 4507700K [0x000000067ae00000, 0x00000007fae00000, 0x00000007fae00000)
 concurrent-mark-sweep perm gen total 56304K, used 33680K [0x00000007fae00000, 0x00000007fe4fc000, 0x0000000800000000)
2016-09-06T16:04:03.558+0800: 644.230: [GC 644.231: [ParNew
Desired survivor size 322102880 bytes, new threshold 2 (max 8)
- age   1:  209841560 bytes,  209841560 total
- age   2:  148050352 bytes,  357891912 total
: 1718706K->349504K(1747648K), 0.4874350 secs] 6226406K->5141689K(8039104K), 0.4909300 secs] [Times: user=1.77 sys=0.00, real=0.49 secs] 
Heap after GC invocations=130 (full 27):
 par new generation   total 1747648K, used 349504K [0x00000005fae00000, 0x000000067ae00000, 0x000000067ae00000)
  eden space 1398144K,   0% used [0x00000005fae00000, 0x00000005fae00000, 0x0000000650360000)
  from space 349504K, 100% used [0x0000000650360000, 0x00000006658b0000, 0x00000006658b0000)
  to   space 349504K,   0% used [0x00000006658b0000, 0x00000006658b0000, 0x000000067ae00000)
 concurrent mark-sweep generation total 6291456K, used 4792185K [0x000000067ae00000, 0x00000007fae00000, 0x00000007fae00000)
 concurrent-mark-sweep perm gen total 56304K, used 33680K [0x00000007fae00000, 0x00000007fe4fc000, 0x0000000800000000)
}
Total time for which application threads were stopped: 0.5063780 seconds
{Heap before GC invocations=130 (full 27):
 par new generation   total 1747648K, used 1747648K [0x00000005fae00000, 0x000000067ae00000, 0x000000067ae00000)
  eden space 1398144K, 100% used [0x00000005fae00000, 0x0000000650360000, 0x0000000650360000)
  from space 349504K, 100% used [0x0000000650360000, 0x00000006658b0000, 0x00000006658b0000)
  to   space 349504K,   0% used [0x00000006658b0000, 0x00000006658b0000, 0x000000067ae00000)
 concurrent mark-sweep generation total 6291456K, used 4792185K [0x000000067ae00000, 0x00000007fae00000, 0x00000007fae00000)
 concurrent-mark-sweep perm gen total 56304K, used 33680K [0x00000007fae00000, 0x00000007fe4fc000, 0x0000000800000000)
2016-09-06T16:04:04.535+0800: 645.206: [GC 645.208: [ParNew
Desired survivor size 322102880 bytes, new threshold 2 (max 8)
- age   1:  190623048 bytes,  190623048 total
- age   2:  167268728 bytes,  357891776 total
: 1747648K->349504K(1747648K), 0.4784100 secs] 6539833K->5438352K(8039104K), 0.4817580 secs] [Times: user=1.73 sys=0.00, real=0.48 secs] 
Heap after GC invocations=131 (full 27):
 par new generation   total 1747648K, used 349504K [0x00000005fae00000, 0x000000067ae00000, 0x000000067ae00000)
  eden space 1398144K,   0% used [0x00000005fae00000, 0x00000005fae00000, 0x0000000650360000)
  from space 349504K, 100% used [0x00000006658b0000, 0x000000067ae00000, 0x000000067ae00000)
  to   space 349504K,   0% used [0x0000000650360000, 0x0000000650360000, 0x00000006658b0000)
 concurrent mark-sweep generation total 6291456K, used 5088848K [0x000000067ae00000, 0x00000007fae00000, 0x00000007fae00000)
 concurrent-mark-sweep perm gen total 56304K, used 33680K [0x00000007fae00000, 0x00000007fe4fc000, 0x0000000800000000)
}
Total time for which application threads were stopped: 0.4879610 seconds
{Heap before GC invocations=131 (full 27):
 par new generation   total 1747648K, used 1747648K [0x00000005fae00000, 0x000000067ae00000, 0x000000067ae00000)
  eden space 1398144K, 100% used [0x00000005fae00000, 0x0000000650360000, 0x0000000650360000)
  from space 349504K, 100% used [0x00000006658b0000, 0x000000067ae00000, 0x000000067ae00000)
  to   space 349504K,   0% used [0x0000000650360000, 0x0000000650360000, 0x00000006658b0000)
 concurrent mark-sweep generation total 6291456K, used 5088848K [0x000000067ae00000, 0x00000007fae00000, 0x00000007fae00000)
 concurrent-mark-sweep perm gen total 56304K, used 33682K [0x00000007fae00000, 0x00000007fe4fc000, 0x0000000800000000)
2016-09-06T16:04:05.794+0800: 646.465: [GC 646.466: [ParNew
Desired survivor size 322102880 bytes, new threshold 2 (max 8)
- age   1:  201495736 bytes,  201495736 total
- age   2:  156395992 bytes,  357891728 total
: 1747648K->349504K(1747648K), 0.4533130 secs] 6836496K->5675353K(8039104K), 0.4564470 secs] [Times: user=1.67 sys=0.01, real=0.45 secs] 
Heap after GC invocations=132 (full 27):
 par new generation   total 1747648K, used 349504K [0x00000005fae00000, 0x000000067ae00000, 0x000000067ae00000)
  eden space 1398144K,   0% used [0x00000005fae00000, 0x00000005fae00000, 0x0000000650360000)
  from space 349504K, 100% used [0x0000000650360000, 0x00000006658b0000, 0x00000006658b0000)
  to   space 349504K,   0% used [0x00000006658b0000, 0x00000006658b0000, 0x000000067ae00000)
 concurrent mark-sweep generation total 6291456K, used 5325849K [0x000000067ae00000, 0x00000007fae00000, 0x00000007fae00000)
 concurrent-mark-sweep perm gen total 56304K, used 33682K [0x00000007fae00000, 0x00000007fe4fc000, 0x0000000800000000)
}
Total time for which application threads were stopped: 0.4620020 seconds
Total time for which application threads were stopped: 0.0276060 seconds
{Heap before GC invocations=132 (full 27):
 par new generation   total 1747648K, used 1747648K [0x00000005fae00000, 0x000000067ae00000, 0x000000067ae00000)
  eden space 1398144K, 100% used [0x00000005fae00000, 0x0000000650360000, 0x0000000650360000)
  from space 349504K, 100% used [0x0000000650360000, 0x00000006658b0000, 0x00000006658b0000)
  to   space 349504K,   0% used [0x00000006658b0000, 0x00000006658b0000, 0x000000067ae00000)
 concurrent mark-sweep generation total 6291456K, used 5325849K [0x000000067ae00000, 0x00000007fae00000, 0x00000007fae00000)
 concurrent-mark-sweep perm gen total 56304K, used 33682K [0x00000007fae00000, 0x00000007fe4fc000, 0x0000000800000000)
2016-09-06T16:04:07.137+0800: 647.809: [GC 647.810: [ParNew
Desired survivor size 322102880 bytes, new threshold 2 (max 8)
- age   1:  221742664 bytes,  221742664 total
- age   2:  136149208 bytes,  357891872 total
: 1747648K->349504K(1747648K), 0.5435250 secs] 7073497K->6024569K(8039104K), 0.5470210 secs] [Times: user=1.97 sys=0.01, real=0.55 secs] 
Heap after GC invocations=133 (full 27):
 par new generation   total 1747648K, used 349504K [0x00000005fae00000, 0x000000067ae00000, 0x000000067ae00000)
  eden space 1398144K,   0% used [0x00000005fae00000, 0x00000005fae00000, 0x0000000650360000)
  from space 349504K, 100% used [0x00000006658b0000, 0x000000067ae00000, 0x000000067ae00000)
  to   space 349504K,   0% used [0x0000000650360000, 0x0000000650360000, 0x00000006658b0000)
 concurrent mark-sweep generation total 6291456K, used 5675065K [0x000000067ae00000, 0x00000007fae00000, 0x00000007fae00000)
 concurrent-mark-sweep perm gen total 56304K, used 33682K [0x00000007fae00000, 0x00000007fe4fc000, 0x0000000800000000)
}
Total time for which application threads were stopped: 0.5588250 seconds
{Heap before GC invocations=133 (full 27):
 par new generation   total 1747648K, used 1747648K [0x00000005fae00000, 0x000000067ae00000, 0x000000067ae00000)
  eden space 1398144K, 100% used [0x00000005fae00000, 0x0000000650360000, 0x0000000650360000)
  from space 349504K, 100% used [0x00000006658b0000, 0x000000067ae00000, 0x000000067ae00000)
  to   space 349504K,   0% used [0x0000000650360000, 0x0000000650360000, 0x00000006658b0000)
 concurrent mark-sweep generation total 6291456K, used 5675065K [0x000000067ae00000, 0x00000007fae00000, 0x00000007fae00000)
 concurrent-mark-sweep perm gen total 56304K, used 33682K [0x00000007fae00000, 0x00000007fe4fc000, 0x0000000800000000)
2016-09-06T16:04:08.224+0800: 648.896: [GC 648.897: [ParNew
Desired survivor size 322102880 bytes, new threshold 2 (max 8)
- age   1:  199042712 bytes,  199042712 total
- age   2:  158844776 bytes,  357887488 total
: 1747648K->349504K(1747648K), 0.5246610 secs] 7422713K->6377905K(8039104K), 0.5280970 secs] [Times: user=1.86 sys=0.01, real=0.53 secs] 
Heap after GC invocations=134 (full 27):
 par new generation   total 1747648K, used 349504K [0x00000005fae00000, 0x000000067ae00000, 0x000000067ae00000)
  eden space 1398144K,   0% used [0x00000005fae00000, 0x00000005fae00000, 0x0000000650360000)
  from space 349504K, 100% used [0x0000000650360000, 0x00000006658b0000, 0x00000006658b0000)
  to   space 349504K,   0% used [0x00000006658b0000, 0x00000006658b0000, 0x000000067ae00000)
 concurrent mark-sweep generation total 6291456K, used 6028401K [0x000000067ae00000, 0x00000007fae00000, 0x00000007fae00000)
 concurrent-mark-sweep perm gen total 56304K, used 33682K [0x00000007fae00000, 0x00000007fe4fc000, 0x0000000800000000)
}
Total time for which application threads were stopped: 0.5341700 seconds
{Heap before GC invocations=134 (full 27):
 par new generation   total 1747648K, used 1747648K [0x00000005fae00000, 0x000000067ae00000, 0x000000067ae00000)
  eden space 1398144K, 100% used [0x00000005fae00000, 0x0000000650360000, 0x0000000650360000)
  from space 349504K, 100% used [0x0000000650360000, 0x00000006658b0000, 0x00000006658b0000)
  to   space 349504K,   0% used [0x00000006658b0000, 0x00000006658b0000, 0x000000067ae00000)
 concurrent mark-sweep generation total 6291456K, used 6028401K [0x000000067ae00000, 0x00000007fae00000, 0x00000007fae00000)
 concurrent-mark-sweep perm gen total 56304K, used 33682K [0x00000007fae00000, 0x00000007fe4fc000, 0x0000000800000000)
2016-09-06T16:04:09.202+0800: 649.873: [GC 649.875: [ParNew: 1747648K->1747648K(1747648K), 0.0000230 secs]649.875: [CMS2016-09-06T16:04:10.322+0800: 650.993: [CMS-concurrent-mark: 5.138/8.655 secs] [Times: user=39.53 sys=1.07, real=8.66 secs] 
 (concurrent mode failure): 6028401K->4855756K(6291456K), 10.7926400 secs] 7776049K->4855756K(8039104K), [CMS Perm : 33682K->33681K(56304K)], 10.7959040 secs] [Times: user=13.82 sys=0.01, real=10.79 secs] 
Heap after GC invocations=135 (full 28):
 par new generation   total 1747648K, used 0K [0x00000005fae00000, 0x000000067ae00000, 0x000000067ae00000)
  eden space 1398144K,   0% used [0x00000005fae00000, 0x00000005fae00000, 0x0000000650360000)
  from space 349504K,   0% used [0x0000000650360000, 0x0000000650360000, 0x00000006658b0000)
  to   space 349504K,   0% used [0x00000006658b0000, 0x00000006658b0000, 0x000000067ae00000)
 concurrent mark-sweep generation total 6291456K, used 4855756K [0x000000067ae00000, 0x00000007fae00000, 0x00000007fae00000)
 concurrent-mark-sweep perm gen total 56304K, used 33681K [0x00000007fae00000, 0x00000007fe4fc000, 0x0000000800000000)
}
Total time for which application threads were stopped: 10.8097320 seconds
Total time for which application threads were stopped: 0.0044050 seconds
Total time for which application threads were stopped: 0.0032990 seconds
Total time for which application threads were stopped: 0.0044980 seconds
Total time for which application threads were stopped: 0.0044620 seconds
2016-09-06T16:04:20.391+0800: 661.063: [GC [1 CMS-initial-mark: 4855756K(6291456K)] 5614853K(8039104K), 0.3592640 secs] [Times: user=0.37 sys=0.00, real=0.36 secs] 
Total time for which application threads were stopped: 0.3650170 seconds
2016-09-06T16:04:20.754+0800: 661.425: [CMS-concurrent-mark-start]
{Heap before GC invocations=135 (full 29):
 par new generation   total 1747648K, used 1398144K [0x00000005fae00000, 0x000000067ae00000, 0x000000067ae00000)
  eden space 1398144K, 100% used [0x00000005fae00000, 0x0000000650360000, 0x0000000650360000)
  from space 349504K,   0% used [0x0000000650360000, 0x0000000650360000, 0x00000006658b0000)
  to   space 349504K,   0% used [0x00000006658b0000, 0x00000006658b0000, 0x000000067ae00000)
 concurrent mark-sweep generation total 6291456K, used 4855756K [0x000000067ae00000, 0x00000007fae00000, 0x00000007fae00000)
 concurrent-mark-sweep perm gen total 56304K, used 33682K [0x00000007fae00000, 0x00000007fe4fc000, 0x0000000800000000)
2016-09-06T16:04:21.214+0800: 661.886: [GC 661.888: [ParNew
Desired survivor size 322102880 bytes, new threshold 8 (max 8)
- age   1:  291714600 bytes,  291714600 total
: 1398144K->349456K(1747648K), 0.2463000 secs] 6253900K->5205212K(8039104K), 0.2503850 secs] [Times: user=0.98 sys=0.01, real=0.25 secs] 
Heap after GC invocations=136 (full 29):
 par new generation   total 1747648K, used 349456K [0x00000005fae00000, 0x000000067ae00000, 0x000000067ae00000)
  eden space 1398144K,   0% used [0x00000005fae00000, 0x00000005fae00000, 0x0000000650360000)
  from space 349504K,  99% used [0x00000006658b0000, 0x000000067adf4160, 0x000000067ae00000)
  to   space 349504K,   0% used [0x0000000650360000, 0x0000000650360000, 0x00000006658b0000)
 concurrent mark-sweep generation total 6291456K, used 4855756K [0x000000067ae00000, 0x00000007fae00000, 0x00000007fae00000)
 concurrent-mark-sweep perm gen total 56304K, used 33682K [0x00000007fae00000, 0x00000007fe4fc000, 0x0000000800000000)
}
Total time for which application threads were stopped: 0.2627300 seconds
{Heap before GC invocations=136 (full 29):
 par new generation   total 1747648K, used 1747600K [0x00000005fae00000, 0x000000067ae00000, 0x000000067ae00000)
  eden space 1398144K, 100% used [0x00000005fae00000, 0x0000000650360000, 0x0000000650360000)
  from space 349504K,  99% used [0x00000006658b0000, 0x000000067adf4160, 0x000000067ae00000)
  to   space 349504K,   0% used [0x0000000650360000, 0x0000000650360000, 0x00000006658b0000)
 concurrent mark-sweep generation total 6291456K, used 4855756K [0x000000067ae00000, 0x00000007fae00000, 0x00000007fae00000)
 concurrent-mark-sweep perm gen total 56304K, used 33682K [0x00000007fae00000, 0x00000007fe4fc000, 0x0000000800000000)
2016-09-06T16:04:22.047+0800: 662.718: [GC 662.720: [ParNew
Desired survivor size 322102880 bytes, new threshold 2 (max 8)
- age   1:  213797344 bytes,  213797344 total
- age   2:  144092960 bytes,  357890304 total
: 1747600K->349504K(1747648K), 0.5453190 secs] 6603356K->5470145K(8039104K), 0.5487780 secs] [Times: user=2.06 sys=0.01, real=0.55 secs] 
Heap after GC invocations=137 (full 29):
 par new generation   total 1747648K, used 349504K [0x00000005fae00000, 0x000000067ae00000, 0x000000067ae00000)
  eden space 1398144K,   0% used [0x00000005fae00000, 0x00000005fae00000, 0x0000000650360000)
  from space 349504K, 100% used [0x0000000650360000, 0x00000006658b0000, 0x00000006658b0000)
  to   space 349504K,   0% used [0x00000006658b0000, 0x00000006658b0000, 0x000000067ae00000)
 concurrent mark-sweep generation total 6291456K, used 5120641K [0x000000067ae00000, 0x00000007fae00000, 0x00000007fae00000)
 concurrent-mark-sweep perm gen total 56304K, used 33682K [0x00000007fae00000, 0x00000007fe4fc000, 0x0000000800000000)
}
Total time for which application threads were stopped: 0.5794430 seconds
{Heap before GC invocations=137 (full 29):
 par new generation   total 1747648K, used 1747648K [0x00000005fae00000, 0x000000067ae00000, 0x000000067ae00000)
  eden space 1398144K, 100% used [0x00000005fae00000, 0x0000000650360000, 0x0000000650360000)
  from space 349504K, 100% used [0x0000000650360000, 0x00000006658b0000, 0x00000006658b0000)
  to   space 349504K,   0% used [0x00000006658b0000, 0x00000006658b0000, 0x000000067ae00000)
 concurrent mark-sweep generation total 6291456K, used 5120641K [0x000000067ae00000, 0x00000007fae00000, 0x00000007fae00000)
 concurrent-mark-sweep perm gen total 56304K, used 33682K [0x00000007fae00000, 0x00000007fe4fc000, 0x0000000800000000)
2016-09-06T16:04:23.645+0800: 664.316: [GC 664.318: [ParNew
Desired survivor size 322102880 bytes, new threshold 2 (max 8)
- age   1:  231010496 bytes,  231010496 total
- age   2:  126881232 bytes,  357891728 total
: 1747648K->349504K(1747648K), 0.7196610 secs] 6868289K->5908188K(8039104K), 0.7231630 secs] [Times: user=2.63 sys=0.02, real=0.72 secs] 
Heap after GC invocations=138 (full 29):
 par new generation   total 1747648K, used 349504K [0x00000005fae00000, 0x000000067ae00000, 0x000000067ae00000)
  eden space 1398144K,   0% used [0x00000005fae00000, 0x00000005fae00000, 0x0000000650360000)
  from space 349504K, 100% used [0x00000006658b0000, 0x000000067ae00000, 0x000000067ae00000)
  to   space 349504K,   0% used [0x0000000650360000, 0x0000000650360000, 0x00000006658b0000)
 concurrent mark-sweep generation total 6291456K, used 5558684K [0x000000067ae00000, 0x00000007fae00000, 0x00000007fae00000)
 concurrent-mark-sweep perm gen total 56304K, used 33682K [0x00000007fae00000, 0x00000007fe4fc000, 0x0000000800000000)
}
Total time for which application threads were stopped: 0.7282500 seconds
Total time for which application threads were stopped: 0.0054370 seconds
Total time for which application threads were stopped: 0.0038070 seconds
Total time for which application threads were stopped: 0.0038950 seconds
Total time for which application threads were stopped: 0.0047070 seconds
Total time for which application threads were stopped: 0.0030950 seconds
Total time for which application threads were stopped: 0.0041110 seconds
{Heap before GC invocations=138 (full 29):
 par new generation   total 1747648K, used 1747648K [0x00000005fae00000, 0x000000067ae00000, 0x000000067ae00000)
  eden space 1398144K, 100% used [0x00000005fae00000, 0x0000000650360000, 0x0000000650360000)
  from space 349504K, 100% used [0x00000006658b0000, 0x000000067ae00000, 0x000000067ae00000)
  to   space 349504K,   0% used [0x0000000650360000, 0x0000000650360000, 0x00000006658b0000)
 concurrent mark-sweep generation total 6291456K, used 5558684K [0x000000067ae00000, 0x00000007fae00000, 0x00000007fae00000)
 concurrent-mark-sweep perm gen total 56304K, used 33682K [0x00000007fae00000, 0x00000007fe4fc000, 0x0000000800000000)
2016-09-06T16:04:25.194+0800: 665.866: [GC 665.868: [ParNew
Desired survivor size 322102880 bytes, new threshold 2 (max 8)
- age   1:  224785920 bytes,  224785920 total
- age   2:  133095328 bytes,  357881248 total
: 1747648K->349504K(1747648K), 0.6363650 secs] 7306332K->6194713K(8039104K), 0.6403540 secs] [Times: user=2.28 sys=0.00, real=0.64 secs] 
Heap after GC invocations=139 (full 29):
 par new generation   total 1747648K, used 349504K [0x00000005fae00000, 0x000000067ae00000, 0x000000067ae00000)
  eden space 1398144K,   0% used [0x00000005fae00000, 0x00000005fae00000, 0x0000000650360000)
  from space 349504K, 100% used [0x0000000650360000, 0x00000006658b0000, 0x00000006658b0000)
  to   space 349504K,   0% used [0x00000006658b0000, 0x00000006658b0000, 0x000000067ae00000)
 concurrent mark-sweep generation total 6291456K, used 5845209K [0x000000067ae00000, 0x00000007fae00000, 0x00000007fae00000)
 concurrent-mark-sweep perm gen total 56304K, used 33682K [0x00000007fae00000, 0x00000007fe4fc000, 0x0000000800000000)
}
Total time for which application threads were stopped: 0.6466590 seconds
{Heap before GC invocations=139 (full 29):
 par new generation   total 1747648K, used 1747648K [0x00000005fae00000, 0x000000067ae00000, 0x000000067ae00000)
  eden space 1398144K, 100% used [0x00000005fae00000, 0x0000000650360000, 0x0000000650360000)
  from space 349504K, 100% used [0x0000000650360000, 0x00000006658b0000, 0x00000006658b0000)
  to   space 349504K,   0% used [0x00000006658b0000, 0x00000006658b0000, 0x000000067ae00000)
 concurrent mark-sweep generation total 6291456K, used 5845209K [0x000000067ae00000, 0x00000007fae00000, 0x00000007fae00000)
 concurrent-mark-sweep perm gen total 56304K, used 33683K [0x00000007fae00000, 0x00000007fe4fc000, 0x0000000800000000)
2016-09-06T16:04:26.470+0800: 667.141: [GC 667.143: [ParNew: 1747648K->1747648K(1747648K), 0.0000210 secs]667.143: [CMS2016-09-06T16:04:26.992+0800: 667.663: [CMS-concurrent-mark: 3.752/6.238 secs] [Times: user=29.14 sys=0.91, real=6.23 secs] 
 (concurrent mode failure): 5845209K->5558759K(6291456K), 11.0209690 secs] 7592857K->5558759K(8039104K), [CMS Perm : 33683K->33682K(56304K)], 11.0246260 secs] [Times: user=12.05 sys=0.04, real=11.02 secs] 
Heap after GC invocations=140 (full 30):
 par new generation   total 1747648K, used 0K [0x00000005fae00000, 0x000000067ae00000, 0x000000067ae00000)
  eden space 1398144K,   0% used [0x00000005fae00000, 0x00000005fae00000, 0x0000000650360000)
  from space 349504K,   0% used [0x0000000650360000, 0x0000000650360000, 0x00000006658b0000)
  to   space 349504K,   0% used [0x00000006658b0000, 0x00000006658b0000, 0x000000067ae00000)
 concurrent mark-sweep generation total 6291456K, used 5558759K [0x000000067ae00000, 0x00000007fae00000, 0x00000007fae00000)
 concurrent-mark-sweep perm gen total 56304K, used 33682K [0x00000007fae00000, 0x00000007fe4fc000, 0x0000000800000000)
}
Total time for which application threads were stopped: 11.0589190 seconds
{Heap before GC invocations=140 (full 30):
 par new generation   total 1747648K, used 1398144K [0x00000005fae00000, 0x000000067ae00000, 0x000000067ae00000)
  eden space 1398144K, 100% used [0x00000005fae00000, 0x0000000650360000, 0x0000000650360000)
  from space 349504K,   0% used [0x0000000650360000, 0x0000000650360000, 0x00000006658b0000)
  to   space 349504K,   0% used [0x00000006658b0000, 0x00000006658b0000, 0x000000067ae00000)
 concurrent mark-sweep generation total 6291456K, used 5558759K [0x000000067ae00000, 0x00000007fae00000, 0x00000007fae00000)
 concurrent-mark-sweep perm gen total 56304K, used 33682K [0x00000007fae00000, 0x00000007fe4fc000, 0x0000000800000000)
2016-09-06T16:04:37.941+0800: 678.612: [GC 678.614: [ParNew
Desired survivor size 322102880 bytes, new threshold 1 (max 8)
- age   1:  357891464 bytes,  357891464 total
: 1398144K->349504K(1747648K), 0.3038250 secs] 6956903K->5957258K(8039104K), 0.3079610 secs] [Times: user=1.18 sys=0.00, real=0.31 secs] 
Heap after GC invocations=141 (full 30):
 par new generation   total 1747648K, used 349504K [0x00000005fae00000, 0x000000067ae00000, 0x000000067ae00000)
  eden space 1398144K,   0% used [0x00000005fae00000, 0x00000005fae00000, 0x0000000650360000)
  from space 349504K, 100% used [0x00000006658b0000, 0x000000067ae00000, 0x000000067ae00000)
  to   space 349504K,   0% used [0x0000000650360000, 0x0000000650360000, 0x00000006658b0000)
 concurrent mark-sweep generation total 6291456K, used 5607754K [0x000000067ae00000, 0x00000007fae00000, 0x00000007fae00000)
 concurrent-mark-sweep perm gen total 56304K, used 33682K [0x00000007fae00000, 0x00000007fe4fc000, 0x0000000800000000)
}
Total time for which application threads were stopped: 0.3154330 seconds
2016-09-06T16:04:38.257+0800: 678.929: [GC [1 CMS-initial-mark: 5607754K(6291456K)] 5959864K(8039104K), 0.2671270 secs] [Times: user=0.27 sys=0.00, real=0.26 secs] 
Total time for which application threads were stopped: 0.2727900 seconds
2016-09-06T16:04:38.528+0800: 679.199: [CMS-concurrent-mark-start]
{Heap before GC invocations=141 (full 31):
 par new generation   total 1747648K, used 1747648K [0x00000005fae00000, 0x000000067ae00000, 0x000000067ae00000)
  eden space 1398144K, 100% used [0x00000005fae00000, 0x0000000650360000, 0x0000000650360000)
  from space 349504K, 100% used [0x00000006658b0000, 0x000000067ae00000, 0x000000067ae00000)
  to   space 349504K,   0% used [0x0000000650360000, 0x0000000650360000, 0x00000006658b0000)
 concurrent mark-sweep generation total 6291456K, used 5607754K [0x000000067ae00000, 0x00000007fae00000, 0x00000007fae00000)
 concurrent-mark-sweep perm gen total 56304K, used 33685K [0x00000007fae00000, 0x00000007fe4fc000, 0x0000000800000000)
2016-09-06T16:04:39.088+0800: 679.759: [GC 679.761: [ParNew
Desired survivor size 322102880 bytes, new threshold 1 (max 8)
- age   1:  333765856 bytes,  333765856 total
: 1747648K->349504K(1747648K), 0.5134430 secs] 7355402K->6323588K(8039104K), 0.5172270 secs] [Times: user=1.87 sys=0.01, real=0.51 secs] 
Heap after GC invocations=142 (full 31):
 par new generation   total 1747648K, used 349504K [0x00000005fae00000, 0x000000067ae00000, 0x000000067ae00000)
  eden space 1398144K,   0% used [0x00000005fae00000, 0x00000005fae00000, 0x0000000650360000)
  from space 349504K, 100% used [0x0000000650360000, 0x00000006658b0000, 0x00000006658b0000)
  to   space 349504K,   0% used [0x00000006658b0000, 0x00000006658b0000, 0x000000067ae00000)
 concurrent mark-sweep generation total 6291456K, used 5974084K [0x000000067ae00000, 0x00000007fae00000, 0x00000007fae00000)
 concurrent-mark-sweep perm gen total 56304K, used 33685K [0x00000007fae00000, 0x00000007fe4fc000, 0x0000000800000000)
}
Total time for which application threads were stopped: 0.5231130 seconds
{Heap before GC invocations=142 (full 31):
 par new generation   total 1747648K, used 1747648K [0x00000005fae00000, 0x000000067ae00000, 0x000000067ae00000)
  eden space 1398144K, 100% used [0x00000005fae00000, 0x0000000650360000, 0x0000000650360000)
  from space 349504K, 100% used [0x0000000650360000, 0x00000006658b0000, 0x00000006658b0000)
  to   space 349504K,   0% used [0x00000006658b0000, 0x00000006658b0000, 0x000000067ae00000)
 concurrent mark-sweep generation total 6291456K, used 5974084K [0x000000067ae00000, 0x00000007fae00000, 0x00000007fae00000)
 concurrent-mark-sweep perm gen total 56304K, used 33685K [0x00000007fae00000, 0x00000007fe4fc000, 0x0000000800000000)
2016-09-06T16:04:40.345+0800: 681.016: [GC 681.019: [ParNew: 1747648K->1747648K(1747648K), 0.0000270 secs]681.019: [CMS2016-09-06T16:04:41.741+0800: 682.412: [CMS-concurrent-mark: 2.525/3.213 secs] [Times: user=14.22 sys=0.35, real=3.21 secs] 
 (concurrent mode failure): 5974084K->5652612K(6291456K), 12.7720580 secs] 7721732K->5652612K(8039104K), [CMS Perm : 33685K->33684K(56304K)], 12.7766530 secs] [Times: user=16.56 sys=0.01, real=12.78 secs] 
Heap after GC invocations=143 (full 32):
 par new generation   total 1747648K, used 0K [0x00000005fae00000, 0x000000067ae00000, 0x000000067ae00000)
  eden space 1398144K,   0% used [0x00000005fae00000, 0x00000005fae00000, 0x0000000650360000)
  from space 349504K,   0% used [0x0000000650360000, 0x0000000650360000, 0x00000006658b0000)
  to   space 349504K,   0% used [0x00000006658b0000, 0x00000006658b0000, 0x000000067ae00000)
 concurrent mark-sweep generation total 6291456K, used 5652612K [0x000000067ae00000, 0x00000007fae00000, 0x00000007fae00000)
 concurrent-mark-sweep perm gen total 56304K, used 33684K [0x00000007fae00000, 0x00000007fe4fc000, 0x0000000800000000)
}
Total time for which application threads were stopped: 12.8121560 seconds
{Heap before GC invocations=143 (full 32):
 par new generation   total 1747648K, used 1398144K [0x00000005fae00000, 0x000000067ae00000, 0x000000067ae00000)
  eden space 1398144K, 100% used [0x00000005fae00000, 0x0000000650360000, 0x0000000650360000)
  from space 349504K,   0% used [0x0000000650360000, 0x0000000650360000, 0x00000006658b0000)
  to   space 349504K,   0% used [0x00000006658b0000, 0x00000006658b0000, 0x000000067ae00000)
 concurrent mark-sweep generation total 6291456K, used 5652612K [0x000000067ae00000, 0x00000007fae00000, 0x00000007fae00000)
 concurrent-mark-sweep perm gen total 56304K, used 33685K [0x00000007fae00000, 0x00000007fe4fc000, 0x0000000800000000)
2016-09-06T16:04:53.585+0800: 694.257: [GC 694.259: [ParNew
Desired survivor size 322102880 bytes, new threshold 1 (max 8)
- age   1:  357891752 bytes,  357891752 total
: 1398144K->349504K(1747648K), 0.2853240 secs] 7050756K->6056109K(8039104K), 0.2895010 secs] [Times: user=1.10 sys=0.00, real=0.29 secs] 
Heap after GC invocations=144 (full 32):
 par new generation   total 1747648K, used 349504K [0x00000005fae00000, 0x000000067ae00000, 0x000000067ae00000)
  eden space 1398144K,   0% used [0x00000005fae00000, 0x00000005fae00000, 0x0000000650360000)
  from space 349504K, 100% used [0x00000006658b0000, 0x000000067ae00000, 0x000000067ae00000)
  to   space 349504K,   0% used [0x0000000650360000, 0x0000000650360000, 0x00000006658b0000)
 concurrent mark-sweep generation total 6291456K, used 5706605K [0x000000067ae00000, 0x00000007fae00000, 0x00000007fae00000)
 concurrent-mark-sweep perm gen total 56304K, used 33685K [0x00000007fae00000, 0x00000007fe4fc000, 0x0000000800000000)
}
Total time for which application threads were stopped: 0.2962130 seconds
2016-09-06T16:04:53.880+0800: 694.552: [GC [1 CMS-initial-mark: 5706605K(6291456K)] 6056127K(8039104K), 0.2663330 secs] [Times: user=0.27 sys=0.00, real=0.26 secs] 
Total time for which application threads were stopped: 0.2713960 seconds
2016-09-06T16:04:54.152+0800: 694.822: [CMS-concurrent-mark-start]
{Heap before GC invocations=144 (full 33):
 par new generation   total 1747648K, used 1747648K [0x00000005fae00000, 0x000000067ae00000, 0x000000067ae00000)
  eden space 1398144K, 100% used [0x00000005fae00000, 0x0000000650360000, 0x0000000650360000)
  from space 349504K, 100% used [0x00000006658b0000, 0x000000067ae00000, 0x000000067ae00000)
  to   space 349504K,   0% used [0x0000000650360000, 0x0000000650360000, 0x00000006658b0000)
 concurrent mark-sweep generation total 6291456K, used 5706605K [0x000000067ae00000, 0x00000007fae00000, 0x00000007fae00000)
 concurrent-mark-sweep perm gen total 56304K, used 33685K [0x00000007fae00000, 0x00000007fe4fc000, 0x0000000800000000)
2016-09-06T16:04:54.750+0800: 695.421: [GC 695.423: [ParNew
Desired survivor size 322102880 bytes, new threshold 1 (max 8)
- age   1:  357317856 bytes,  357317856 total
: 1747648K->349504K(1747648K), 0.5487910 secs] 7454253K->6445936K(8039104K), 0.5528490 secs] [Times: user=1.97 sys=0.02, real=0.55 secs] 
Heap after GC invocations=145 (full 33):
 par new generation   total 1747648K, used 349504K [0x00000005fae00000, 0x000000067ae00000, 0x000000067ae00000)
  eden space 1398144K,   0% used [0x00000005fae00000, 0x00000005fae00000, 0x0000000650360000)
  from space 349504K, 100% used [0x0000000650360000, 0x00000006658b0000, 0x00000006658b0000)
  to   space 349504K,   0% used [0x00000006658b0000, 0x00000006658b0000, 0x000000067ae00000)
 concurrent mark-sweep generation total 6291456K, used 6096432K [0x000000067ae00000, 0x00000007fae00000, 0x00000007fae00000)
 concurrent-mark-sweep perm gen total 56304K, used 33685K [0x00000007fae00000, 0x00000007fe4fc000, 0x0000000800000000)
}
Total time for which application threads were stopped: 0.5599940 seconds
{Heap before GC invocations=145 (full 33):
 par new generation   total 1747648K, used 1747648K [0x00000005fae00000, 0x000000067ae00000, 0x000000067ae00000)
  eden space 1398144K, 100% used [0x00000005fae00000, 0x0000000650360000, 0x0000000650360000)
  from space 349504K, 100% used [0x0000000650360000, 0x00000006658b0000, 0x00000006658b0000)
  to   space 349504K,   0% used [0x00000006658b0000, 0x00000006658b0000, 0x000000067ae00000)
 concurrent mark-sweep generation total 6291456K, used 6096432K [0x000000067ae00000, 0x00000007fae00000, 0x00000007fae00000)
 concurrent-mark-sweep perm gen total 56304K, used 33685K [0x00000007fae00000, 0x00000007fe4fc000, 0x0000000800000000)
2016-09-06T16:04:55.917+0800: 696.589: [GC 696.590: [ParNew: 1747648K->1747648K(1747648K), 0.0000200 secs]696.590: [CMS2016-09-06T16:04:57.520+0800: 698.191: [CMS-concurrent-mark: 2.653/3.369 secs] [Times: user=14.63 sys=0.52, real=3.37 secs] 
 (concurrent mode failure): 6096432K->6029525K(6291456K), 13.0924990 secs] 7844080K->6029525K(8039104K), [CMS Perm : 33685K->33684K(56304K)], 13.0962700 secs] [Times: user=17.43 sys=0.02, real=13.10 secs] 
Heap after GC invocations=146 (full 34):
 par new generation   total 1747648K, used 0K [0x00000005fae00000, 0x000000067ae00000, 0x000000067ae00000)
  eden space 1398144K,   0% used [0x00000005fae00000, 0x00000005fae00000, 0x0000000650360000)
  from space 349504K,   0% used [0x0000000650360000, 0x0000000650360000, 0x00000006658b0000)
  to   space 349504K,   0% used [0x00000006658b0000, 0x00000006658b0000, 0x000000067ae00000)
 concurrent mark-sweep generation total 6291456K, used 6029525K [0x000000067ae00000, 0x00000007fae00000, 0x00000007fae00000)
 concurrent-mark-sweep perm gen total 56304K, used 33684K [0x00000007fae00000, 0x00000007fe4fc000, 0x0000000800000000)
}
Total time for which application threads were stopped: 13.1026330 seconds
{Heap before GC invocations=146 (full 34):
 par new generation   total 1747648K, used 1398144K [0x00000005fae00000, 0x000000067ae00000, 0x000000067ae00000)
  eden space 1398144K, 100% used [0x00000005fae00000, 0x0000000650360000, 0x0000000650360000)
  from space 349504K,   0% used [0x0000000650360000, 0x0000000650360000, 0x00000006658b0000)
  to   space 349504K,   0% used [0x00000006658b0000, 0x00000006658b0000, 0x000000067ae00000)
 concurrent mark-sweep generation total 6291456K, used 6029525K [0x000000067ae00000, 0x00000007fae00000, 0x00000007fae00000)
 concurrent-mark-sweep perm gen total 56304K, used 33686K [0x00000007fae00000, 0x00000007fe4fc000, 0x0000000800000000)
2016-09-06T16:05:09.501+0800: 710.173: [GC 710.174: [ParNew: 1398144K->1398144K(1747648K), 0.0000220 secs]710.174: [CMS: 6029525K->6175265K(6291456K), 11.8010130 secs] 7427669K->6175265K(8039104K), [CMS Perm : 33686K->33686K(56304K)], 11.8048970 secs] [Times: user=11.82 sys=0.00, real=11.80 secs] 
Heap after GC invocations=147 (full 35):
 par new generation   total 1747648K, used 0K [0x00000005fae00000, 0x000000067ae00000, 0x000000067ae00000)
  eden space 1398144K,   0% used [0x00000005fae00000, 0x00000005fae00000, 0x0000000650360000)
  from space 349504K,   0% used [0x0000000650360000, 0x0000000650360000, 0x00000006658b0000)
  to   space 349504K,   0% used [0x00000006658b0000, 0x00000006658b0000, 0x000000067ae00000)
 concurrent mark-sweep generation total 6291456K, used 6175265K [0x000000067ae00000, 0x00000007fae00000, 0x00000007fae00000)
 concurrent-mark-sweep perm gen total 56304K, used 33686K [0x00000007fae00000, 0x00000007fe4fc000, 0x0000000800000000)
}
Total time for which application threads were stopped: 11.8180220 seconds
2016-09-06T16:05:21.443+0800: 722.114: [GC [1 CMS-initial-mark: 6175265K(6291456K)] 6422705K(8039104K), 0.1995000 secs] [Times: user=0.20 sys=0.00, real=0.20 secs] 
Total time for which application threads were stopped: 0.2069430 seconds
2016-09-06T16:05:21.646+0800: 722.317: [CMS-concurrent-mark-start]
{Heap before GC invocations=147 (full 36):
 par new generation   total 1747648K, used 1398144K [0x00000005fae00000, 0x000000067ae00000, 0x000000067ae00000)
  eden space 1398144K, 100% used [0x00000005fae00000, 0x0000000650360000, 0x0000000650360000)
  from space 349504K,   0% used [0x0000000650360000, 0x0000000650360000, 0x00000006658b0000)
  to   space 349504K,   0% used [0x00000006658b0000, 0x00000006658b0000, 0x000000067ae00000)
 concurrent mark-sweep generation total 6291456K, used 6175265K [0x000000067ae00000, 0x00000007fae00000, 0x00000007fae00000)
 concurrent-mark-sweep perm gen total 56304K, used 33686K [0x00000007fae00000, 0x00000007fe4fc000, 0x0000000800000000)
2016-09-06T16:05:22.151+0800: 722.823: [GC 722.825: [ParNew: 1398144K->1398144K(1747648K), 0.0000210 secs]722.825: [CMS2016-09-06T16:05:24.091+0800: 724.761: [CMS-concurrent-mark: 2.295/2.444 secs] [Times: user=10.18 sys=0.11, real=2.44 secs] 
 (concurrent mode failure): 6175265K->6176851K(6291456K), 13.7697210 secs] 7573409K->6176851K(8039104K), [CMS Perm : 33686K->33686K(56304K)], 13.7735710 secs] [Times: user=19.15 sys=0.01, real=13.78 secs] 
Heap after GC invocations=148 (full 37):
 par new generation   total 1747648K, used 0K [0x00000005fae00000, 0x000000067ae00000, 0x000000067ae00000)
  eden space 1398144K,   0% used [0x00000005fae00000, 0x00000005fae00000, 0x0000000650360000)
  from space 349504K,   0% used [0x0000000650360000, 0x0000000650360000, 0x00000006658b0000)
  to   space 349504K,   0% used [0x00000006658b0000, 0x00000006658b0000, 0x000000067ae00000)
 concurrent mark-sweep generation total 6291456K, used 6176851K [0x000000067ae00000, 0x00000007fae00000, 0x00000007fae00000)
 concurrent-mark-sweep perm gen total 56304K, used 33686K [0x00000007fae00000, 0x00000007fe4fc000, 0x0000000800000000)
}
Total time for which application threads were stopped: 13.7846940 seconds
{Heap before GC invocations=148 (full 37):
 par new generation   total 1747648K, used 1398144K [0x00000005fae00000, 0x000000067ae00000, 0x000000067ae00000)
  eden space 1398144K, 100% used [0x00000005fae00000, 0x0000000650360000, 0x0000000650360000)
  from space 349504K,   0% used [0x0000000650360000, 0x0000000650360000, 0x00000006658b0000)
  to   space 349504K,   0% used [0x00000006658b0000, 0x00000006658b0000, 0x000000067ae00000)
 concurrent mark-sweep generation total 6291456K, used 6176851K [0x000000067ae00000, 0x00000007fae00000, 0x00000007fae00000)
 concurrent-mark-sweep perm gen total 56304K, used 33686K [0x00000007fae00000, 0x00000007fe4fc000, 0x0000000800000000)
2016-09-06T16:05:36.451+0800: 737.122: [GC 737.124: [ParNew: 1398144K->1398144K(1747648K), 0.0000220 secs]737.124: [CMS: 6176851K->6291455K(6291456K), 12.4985520 secs] 7574995K->6304710K(8039104K), [CMS Perm : 33686K->33686K(56304K)], 12.5024830 secs] [Times: user=12.51 sys=0.01, real=12.50 secs] 
Heap after GC invocations=149 (full 38):
 par new generation   total 1747648K, used 13255K [0x00000005fae00000, 0x000000067ae00000, 0x000000067ae00000)
  eden space 1398144K,   0% used [0x00000005fae00000, 0x00000005fbaf1c78, 0x0000000650360000)
  from space 349504K,   0% used [0x0000000650360000, 0x0000000650360000, 0x00000006658b0000)
  to   space 349504K,   0% used [0x00000006658b0000, 0x00000006658b0000, 0x000000067ae00000)
 concurrent mark-sweep generation total 6291456K, used 6291455K [0x000000067ae00000, 0x00000007fae00000, 0x00000007fae00000)
 concurrent-mark-sweep perm gen total 56304K, used 33686K [0x00000007fae00000, 0x00000007fe4fc000, 0x0000000800000000)
}
Total time for which application threads were stopped: 12.5145060 seconds
2016-09-06T16:05:49.767+0800: 750.438: [GC [1 CMS-initial-mark: 6291455K(6291456K)] 7732160K(8039104K), 0.8235670 secs] [Times: user=0.83 sys=0.00, real=0.82 secs] 
Total time for which application threads were stopped: 0.8360380 seconds
2016-09-06T16:05:50.594+0800: 751.265: [CMS-concurrent-mark-start]
{Heap before GC invocations=149 (full 39):
 par new generation   total 1747648K, used 1747648K [0x00000005fae00000, 0x000000067ae00000, 0x000000067ae00000)
  eden space 1398144K, 100% used [0x00000005fae00000, 0x0000000650360000, 0x0000000650360000)
  from space 349504K, 100% used [0x0000000650360000, 0x00000006658b0000, 0x00000006658b0000)
  to   space 349504K,   0% used [0x00000006658b0000, 0x00000006658b0000, 0x000000067ae00000)
 concurrent mark-sweep generation total 6291456K, used 6291456K [0x000000067ae00000, 0x00000007fae00000, 0x00000007fae00000)
 concurrent-mark-sweep perm gen total 56304K, used 33690K [0x00000007fae00000, 0x00000007fe4fc000, 0x0000000800000000)
2016-09-06T16:05:52.491+0800: 753.163: [Full GC 753.164: [CMS2016-09-06T16:05:53.448+0800: 754.119: [CMS-concurrent-mark: 2.709/2.855 secs] [Times: user=14.05 sys=0.49, real=2.86 secs] 
 (concurrent mode failure): 6291456K->6125807K(6291456K), 12.5858200 secs] 8039104K->6125807K(8039104K), [CMS Perm : 33690K->33690K(56304K)], 12.5896740 secs] [Times: user=14.95 sys=0.01, real=12.59 secs] 
Heap after GC invocations=150 (full 40):
 par new generation   total 1747648K, used 0K [0x00000005fae00000, 0x000000067ae00000, 0x000000067ae00000)
  eden space 1398144K,   0% used [0x00000005fae00000, 0x00000005fae00000, 0x0000000650360000)
  from space 349504K,   0% used [0x0000000650360000, 0x0000000650360000, 0x00000006658b0000)
  to   space 349504K,   0% used [0x00000006658b0000, 0x00000006658b0000, 0x000000067ae00000)
 concurrent mark-sweep generation total 6291456K, used 6125807K [0x000000067ae00000, 0x00000007fae00000, 0x00000007fae00000)
 concurrent-mark-sweep perm gen total 56304K, used 33690K [0x00000007fae00000, 0x00000007fe4fc000, 0x0000000800000000)
}
Total time for which application threads were stopped: 12.5955520 seconds
{Heap before GC invocations=150 (full 40):
 par new generation   total 1747648K, used 1398144K [0x00000005fae00000, 0x000000067ae00000, 0x000000067ae00000)
  eden space 1398144K, 100% used [0x00000005fae00000, 0x0000000650360000, 0x0000000650360000)
  from space 349504K,   0% used [0x0000000650360000, 0x0000000650360000, 0x00000006658b0000)
  to   space 349504K,   0% used [0x00000006658b0000, 0x00000006658b0000, 0x000000067ae00000)
 concurrent mark-sweep generation total 6291456K, used 6125807K [0x000000067ae00000, 0x00000007fae00000, 0x00000007fae00000)
 concurrent-mark-sweep perm gen total 56304K, used 33690K [0x00000007fae00000, 0x00000007fe4fc000, 0x0000000800000000)
2016-09-06T16:06:05.647+0800: 766.319: [GC 766.321: [ParNew: 1398144K->1398144K(1747648K), 0.0000220 secs]766.321: [CMS: 6125807K->6291455K(6291456K), 11.4064370 secs] 7523951K->6293785K(8039104K), [CMS Perm : 33690K->33690K(56304K)], 11.4113660 secs] [Times: user=11.41 sys=0.01, real=11.41 secs] 
Heap after GC invocations=151 (full 41):
 par new generation   total 1747648K, used 2329K [0x00000005fae00000, 0x000000067ae00000, 0x000000067ae00000)
  eden space 1398144K,   0% used [0x00000005fae00000, 0x00000005fb0464f8, 0x0000000650360000)
  from space 349504K,   0% used [0x0000000650360000, 0x0000000650360000, 0x00000006658b0000)
  to   space 349504K,   0% used [0x00000006658b0000, 0x00000006658b0000, 0x000000067ae00000)
 concurrent mark-sweep generation total 6291456K, used 6291455K [0x000000067ae00000, 0x00000007fae00000, 0x00000007fae00000)
 concurrent-mark-sweep perm gen total 56304K, used 33690K [0x00000007fae00000, 0x00000007fe4fc000, 0x0000000800000000)
}
Total time for which application threads were stopped: 11.4182970 seconds
2016-09-06T16:06:17.149+0800: 777.820: [GC [1 CMS-initial-mark: 6291455K(6291456K)] 6471330K(8039104K), 0.1632100 secs] [Times: user=0.16 sys=0.00, real=0.17 secs] 
Total time for which application threads were stopped: 0.1791820 seconds
2016-09-06T16:06:17.315+0800: 777.986: [CMS-concurrent-mark-start]
{Heap before GC invocations=151 (full 42):
 par new generation   total 1747648K, used 1747647K [0x00000005fae00000, 0x000000067ae00000, 0x000000067ae00000)
  eden space 1398144K, 100% used [0x00000005fae00000, 0x0000000650360000, 0x0000000650360000)
  from space 349504K,  99% used [0x0000000650360000, 0x00000006658aff90, 0x00000006658b0000)
  to   space 349504K,   0% used [0x00000006658b0000, 0x00000006658b0000, 0x000000067ae00000)
 concurrent mark-sweep generation total 6291456K, used 6291455K [0x000000067ae00000, 0x00000007fae00000, 0x00000007fae00000)
 concurrent-mark-sweep perm gen total 56304K, used 33690K [0x00000007fae00000, 0x00000007fe4fc000, 0x0000000800000000)
2016-09-06T16:06:19.839+0800: 780.511: [Full GC 780.513: [CMS2016-09-06T16:06:20.483+0800: 781.154: [CMS-concurrent-mark: 2.995/3.168 secs] [Times: user=16.15 sys=0.65, real=3.17 secs] 
 (concurrent mode failure): 6291455K->6291455K(6291456K), 12.5329990 secs] 8039103K->6345815K(8039104K), [CMS Perm : 33690K->33690K(56304K)], 12.5377430 secs] [Times: user=13.97 sys=0.01, real=12.54 secs] 
Heap after GC invocations=152 (full 43):
 par new generation   total 1747648K, used 54359K [0x00000005fae00000, 0x000000067ae00000, 0x000000067ae00000)
  eden space 1398144K,   3% used [0x00000005fae00000, 0x00000005fe315e08, 0x0000000650360000)
  from space 349504K,   0% used [0x0000000650360000, 0x0000000650360000, 0x00000006658b0000)
  to   space 349504K,   0% used [0x00000006658b0000, 0x00000006658b0000, 0x000000067ae00000)
 concurrent mark-sweep generation total 6291456K, used 6291455K [0x000000067ae00000, 0x00000007fae00000, 0x00000007fae00000)
 concurrent-mark-sweep perm gen total 56304K, used 33690K [0x00000007fae00000, 0x00000007fe4fc000, 0x0000000800000000)
}
Total time for which application threads were stopped: 12.5447070 seconds
{Heap before GC invocations=152 (full 43):
 par new generation   total 1747648K, used 1747648K [0x00000005fae00000, 0x000000067ae00000, 0x000000067ae00000)
  eden space 1398144K, 100% used [0x00000005fae00000, 0x0000000650360000, 0x0000000650360000)
  from space 349504K, 100% used [0x0000000650360000, 0x00000006658b0000, 0x00000006658b0000)
  to   space 349504K,   0% used [0x00000006658b0000, 0x00000006658b0000, 0x000000067ae00000)
 concurrent mark-sweep generation total 6291456K, used 6291455K [0x000000067ae00000, 0x00000007fae00000, 0x00000007fae00000)
 concurrent-mark-sweep perm gen total 56304K, used 33690K [0x00000007fae00000, 0x00000007fe4fc000, 0x0000000800000000)
2016-09-06T16:06:34.366+0800: 795.038: [Full GC 795.040: [CMS: 6291455K->6291455K(6291456K), 12.0214750 secs] 8039103K->6544662K(8039104K), [CMS Perm : 33690K->33690K(56304K)], 12.0259940 secs] [Times: user=12.03 sys=0.00, real=12.02 secs] 
Heap after GC invocations=153 (full 44):
 par new generation   total 1747648K, used 253206K [0x00000005fae00000, 0x000000067ae00000, 0x000000067ae00000)
  eden space 1398144K,  18% used [0x00000005fae00000, 0x000000060a545898, 0x0000000650360000)
  from space 349504K,   0% used [0x0000000650360000, 0x0000000650360000, 0x00000006658b0000)
  to   space 349504K,   0% used [0x00000006658b0000, 0x00000006658b0000, 0x000000067ae00000)
 concurrent mark-sweep generation total 6291456K, used 6291455K [0x000000067ae00000, 0x00000007fae00000, 0x00000007fae00000)
 concurrent-mark-sweep perm gen total 56304K, used 33690K [0x00000007fae00000, 0x00000007fe4fc000, 0x0000000800000000)
}
Total time for which application threads were stopped: 12.0334450 seconds
2016-09-06T16:06:46.476+0800: 807.148: [GC [1 CMS-initial-mark: 6291455K(6291456K)] 6618615K(8039104K), 0.2636610 secs] [Times: user=0.27 sys=0.00, real=0.26 secs] 
Total time for which application threads were stopped: 0.2769520 seconds
2016-09-06T16:06:46.744+0800: 807.415: [CMS-concurrent-mark-start]
Total time for which application threads were stopped: 0.0392660 seconds
{Heap before GC invocations=153 (full 45):
 par new generation   total 1747648K, used 1747647K [0x00000005fae00000, 0x000000067ae00000, 0x000000067ae00000)
  eden space 1398144K, 100% used [0x00000005fae00000, 0x0000000650360000, 0x0000000650360000)
  from space 349504K,  99% used [0x0000000650360000, 0x00000006658afff8, 0x00000006658b0000)
  to   space 349504K,   0% used [0x00000006658b0000, 0x00000006658b0000, 0x000000067ae00000)
 concurrent mark-sweep generation total 6291456K, used 6291456K [0x000000067ae00000, 0x00000007fae00000, 0x00000007fae00000)
 concurrent-mark-sweep perm gen total 56304K, used 33736K [0x00000007fae00000, 0x00000007fe4fc000, 0x0000000800000000)
2016-09-06T16:06:48.674+0800: 809.346: [Full GC 809.348: [CMS2016-09-06T16:06:49.384+0800: 810.055: [CMS-concurrent-mark: 2.373/2.640 secs] [Times: user=12.80 sys=0.62, real=2.64 secs] 
 (concurrent mode failure): 6291456K->6291455K(6291456K), 12.9895510 secs] 8039103K->6778725K(8039104K), [CMS Perm : 33736K->33735K(56304K)], 12.9943380 secs] [Times: user=14.67 sys=0.01, real=13.00 secs] 
Heap after GC invocations=154 (full 46):
 par new generation   total 1747648K, used 487269K [0x00000005fae00000, 0x000000067ae00000, 0x000000067ae00000)
  eden space 1398144K,  34% used [0x00000005fae00000, 0x00000006189d9648, 0x0000000650360000)
  from space 349504K,   0% used [0x0000000650360000, 0x0000000650360000, 0x00000006658b0000)
  to   space 349504K,   0% used [0x00000006658b0000, 0x00000006658b0000, 0x000000067ae00000)
 concurrent mark-sweep generation total 6291456K, used 6291455K [0x000000067ae00000, 0x00000007fae00000, 0x00000007fae00000)
 concurrent-mark-sweep perm gen total 56304K, used 33735K [0x00000007fae00000, 0x00000007fe4fc000, 0x0000000800000000)
}
Total time for which application threads were stopped: 13.0012430 seconds
Total time for which application threads were stopped: 0.0057490 seconds
Total time for which application threads were stopped: 0.0055100 seconds
2016-09-06T16:07:02.346+0800: 823.018: [GC [1 CMS-initial-mark: 6291455K(6291456K)] 7759702K(8039104K), 0.7925750 secs] [Times: user=0.80 sys=0.00, real=0.80 secs] 
Total time for which application threads were stopped: 0.7994230 seconds
2016-09-06T16:07:03.143+0800: 823.814: [CMS-concurrent-mark-start]
Total time for which application threads were stopped: 0.0057100 seconds
{Heap before GC invocations=154 (full 47):
 par new generation   total 1747648K, used 1747647K [0x00000005fae00000, 0x000000067ae00000, 0x000000067ae00000)
  eden space 1398144K, 100% used [0x00000005fae00000, 0x0000000650360000, 0x0000000650360000)
  from space 349504K,  99% used [0x0000000650360000, 0x00000006658affc8, 0x00000006658b0000)
  to   space 349504K,   0% used [0x00000006658b0000, 0x00000006658b0000, 0x000000067ae00000)
 concurrent mark-sweep generation total 6291456K, used 6291455K [0x000000067ae00000, 0x00000007fae00000, 0x00000007fae00000)
 concurrent-mark-sweep perm gen total 56304K, used 33741K [0x00000007fae00000, 0x00000007fe4fc000, 0x0000000800000000)
2016-09-06T16:07:04.178+0800: 824.850: [Full GC 824.852: [CMS2016-09-06T16:07:05.322+0800: 825.993: [CMS-concurrent-mark: 1.999/2.179 secs] [Times: user=9.66 sys=0.26, real=2.18 secs] 
 (concurrent mode failure): 6291455K->6291455K(6291456K), 13.6428400 secs] 8039103K->6968902K(8039104K), [CMS Perm : 33741K->33741K(56304K)], 13.6475410 secs] [Times: user=16.55 sys=0.03, real=13.64 secs] 
Heap after GC invocations=155 (full 48):
 par new generation   total 1747648K, used 677446K [0x00000005fae00000, 0x000000067ae00000, 0x000000067ae00000)
  eden space 1398144K,  48% used [0x00000005fae00000, 0x0000000624391bd0, 0x0000000650360000)
  from space 349504K,   0% used [0x0000000650360000, 0x0000000650360000, 0x00000006658b0000)
  to   space 349504K,   0% used [0x00000006658b0000, 0x00000006658b0000, 0x000000067ae00000)
 concurrent mark-sweep generation total 6291456K, used 6291455K [0x000000067ae00000, 0x00000007fae00000, 0x00000007fae00000)
 concurrent-mark-sweep perm gen total 56304K, used 33741K [0x00000007fae00000, 0x00000007fe4fc000, 0x0000000800000000)
}
Total time for which application threads were stopped: 13.6546570 seconds
Total time for which application threads were stopped: 0.0433720 seconds
2016-09-06T16:07:18.902+0800: 839.574: [GC [1 CMS-initial-mark: 6291455K(6291456K)] 7873261K(8039104K), 0.8705260 secs] [Times: user=0.87 sys=0.00, real=0.87 secs] 
Total time for which application threads were stopped: 0.8775370 seconds
2016-09-06T16:07:19.777+0800: 840.448: [CMS-concurrent-mark-start]
{Heap before GC invocations=155 (full 49):
 par new generation   total 1747648K, used 1747648K [0x00000005fae00000, 0x000000067ae00000, 0x000000067ae00000)
  eden space 1398144K, 100% used [0x00000005fae00000, 0x0000000650360000, 0x0000000650360000)
  from space 349504K, 100% used [0x0000000650360000, 0x00000006658b0000, 0x00000006658b0000)
  to   space 349504K,   0% used [0x00000006658b0000, 0x00000006658b0000, 0x000000067ae00000)
 concurrent mark-sweep generation total 6291456K, used 6291455K [0x000000067ae00000, 0x00000007fae00000, 0x00000007fae00000)
 concurrent-mark-sweep perm gen total 56304K, used 33742K [0x00000007fae00000, 0x00000007fe4fc000, 0x0000000800000000)
2016-09-06T16:07:20.404+0800: 841.076: [Full GC 841.079: [CMS2016-09-06T16:07:21.820+0800: 842.491: [CMS-concurrent-mark: 1.862/2.043 secs] [Times: user=8.55 sys=0.18, real=2.04 secs] 
 (concurrent mode failure): 6291455K->6291455K(6291456K), 14.1579180 secs] 8039103K->7164745K(8039104K), [CMS Perm : 33742K->33741K(56304K)], 14.1626140 secs] [Times: user=17.87 sys=0.02, real=14.16 secs] 
Heap after GC invocations=156 (full 50):
 par new generation   total 1747648K, used 873289K [0x00000005fae00000, 0x000000067ae00000, 0x000000067ae00000)
  eden space 1398144K,  62% used [0x00000005fae00000, 0x00000006302d25b8, 0x0000000650360000)
  from space 349504K,   0% used [0x0000000650360000, 0x0000000650360000, 0x00000006658b0000)
  to   space 349504K,   0% used [0x00000006658b0000, 0x00000006658b0000, 0x000000067ae00000)
 concurrent mark-sweep generation total 6291456K, used 6291455K [0x000000067ae00000, 0x00000007fae00000, 0x00000007fae00000)
 concurrent-mark-sweep perm gen total 56304K, used 33741K [0x00000007fae00000, 0x00000007fe4fc000, 0x0000000800000000)
}
Total time for which application threads were stopped: 14.1699530 seconds
{Heap before GC invocations=156 (full 50):
 par new generation   total 1747648K, used 1747647K [0x00000005fae00000, 0x000000067ae00000, 0x000000067ae00000)
  eden space 1398144K, 100% used [0x00000005fae00000, 0x0000000650360000, 0x0000000650360000)
  from space 349504K,  99% used [0x0000000650360000, 0x00000006658affe8, 0x00000006658b0000)
  to   space 349504K,   0% used [0x00000006658b0000, 0x00000006658b0000, 0x000000067ae00000)
 concurrent mark-sweep generation total 6291456K, used 6291455K [0x000000067ae00000, 0x00000007fae00000, 0x00000007fae00000)
 concurrent-mark-sweep perm gen total 56304K, used 33742K [0x00000007fae00000, 0x00000007fe4fc000, 0x0000000800000000)
2016-09-06T16:07:36.215+0800: 856.886: [Full GC 856.889: [CMS: 6291455K->6291455K(6291456K), 13.1938670 secs] 8039103K->7384424K(8039104K), [CMS Perm : 33742K->33742K(56304K)], 13.1986310 secs] [Times: user=13.20 sys=0.01, real=13.19 secs] 
Heap after GC invocations=157 (full 51):
 par new generation   total 1747648K, used 1092968K [0x00000005fae00000, 0x000000067ae00000, 0x000000067ae00000)
  eden space 1398144K,  78% used [0x00000005fae00000, 0x000000063d95a290, 0x0000000650360000)
  from space 349504K,   0% used [0x0000000650360000, 0x0000000650360000, 0x00000006658b0000)
  to   space 349504K,   0% used [0x00000006658b0000, 0x00000006658b0000, 0x000000067ae00000)
 concurrent mark-sweep generation total 6291456K, used 6291455K [0x000000067ae00000, 0x00000007fae00000, 0x00000007fae00000)
 concurrent-mark-sweep perm gen total 56304K, used 33742K [0x00000007fae00000, 0x00000007fe4fc000, 0x0000000800000000)
}
Total time for which application threads were stopped: 13.2057230 seconds
2016-09-06T16:07:49.820+0800: 870.492: [GC [1 CMS-initial-mark: 6291455K(6291456K)] 7738051K(8039104K), 0.8690880 secs] [Times: user=0.87 sys=0.00, real=0.87 secs] 
Total time for which application threads were stopped: 0.8761160 seconds
2016-09-06T16:07:50.694+0800: 871.364: [CMS-concurrent-mark-start]
{Heap before GC invocations=157 (full 52):
 par new generation   total 1747648K, used 1747647K [0x00000005fae00000, 0x000000067ae00000, 0x000000067ae00000)
  eden space 1398144K, 100% used [0x00000005fae00000, 0x0000000650360000, 0x0000000650360000)
  from space 349504K,  99% used [0x0000000650360000, 0x00000006658afff8, 0x00000006658b0000)
  to   space 349504K,   0% used [0x00000006658b0000, 0x00000006658b0000, 0x000000067ae00000)
 concurrent mark-sweep generation total 6291456K, used 6291455K [0x000000067ae00000, 0x00000007fae00000, 0x00000007fae00000)
 concurrent-mark-sweep perm gen total 56304K, used 33742K [0x00000007fae00000, 0x00000007fe4fc000, 0x0000000800000000)
2016-09-06T16:07:51.856+0800: 872.527: [Full GC 872.530: [CMS2016-09-06T16:07:52.941+0800: 873.611: [CMS-concurrent-mark: 2.078/2.247 secs] [Times: user=10.20 sys=0.30, real=2.25 secs] 
 (concurrent mode failure): 6291455K->6291456K(6291456K), 13.9609260 secs] 8039103K->7521347K(8039104K), [CMS Perm : 33742K->33742K(56304K)], 13.9653250 secs] [Times: user=16.71 sys=0.01, real=13.96 secs] 
Heap after GC invocations=158 (full 53):
 par new generation   total 1747648K, used 1229891K [0x00000005fae00000, 0x000000067ae00000, 0x000000067ae00000)
  eden space 1398144K,  87% used [0x00000005fae00000, 0x0000000645f10d38, 0x0000000650360000)
  from space 349504K,   0% used [0x0000000650360000, 0x0000000650360000, 0x00000006658b0000)
  to   space 349504K,   0% used [0x00000006658b0000, 0x00000006658b0000, 0x000000067ae00000)
 concurrent mark-sweep generation total 6291456K, used 6291456K [0x000000067ae00000, 0x00000007fae00000, 0x00000007fae00000)
 concurrent-mark-sweep perm gen total 56304K, used 33742K [0x00000007fae00000, 0x00000007fe4fc000, 0x0000000800000000)
}
Total time for which application threads were stopped: 13.9726250 seconds
Total time for which application threads were stopped: 0.0059340 seconds
2016-09-06T16:08:06.525+0800: 887.197: [GC [1 CMS-initial-mark: 6291456K(6291456K)] 7798732K(8039104K), 0.9128790 secs] [Times: user=0.91 sys=0.01, real=0.92 secs] 
Total time for which application threads were stopped: 0.9196720 seconds
2016-09-06T16:08:07.442+0800: 888.113: [CMS-concurrent-mark-start]
{Heap before GC invocations=158 (full 54):
 par new generation   total 1747648K, used 1747647K [0x00000005fae00000, 0x000000067ae00000, 0x000000067ae00000)
  eden space 1398144K, 100% used [0x00000005fae00000, 0x0000000650360000, 0x0000000650360000)
  from space 349504K,  99% used [0x0000000650360000, 0x00000006658affe0, 0x00000006658b0000)
  to   space 349504K,   0% used [0x00000006658b0000, 0x00000006658b0000, 0x000000067ae00000)
 concurrent mark-sweep generation total 6291456K, used 6291456K [0x000000067ae00000, 0x00000007fae00000, 0x00000007fae00000)
 concurrent-mark-sweep perm gen total 56304K, used 33753K [0x00000007fae00000, 0x00000007fe4fc000, 0x0000000800000000)
2016-09-06T16:08:08.549+0800: 889.220: [Full GC 889.223: [CMS2016-09-06T16:08:09.726+0800: 890.397: [CMS-concurrent-mark: 2.102/2.284 secs] [Times: user=9.85 sys=0.26, real=2.28 secs] 
 (concurrent mode failure): 6291456K->6291455K(6291456K), 14.7983580 secs] 8039103K->7625409K(8039104K), [CMS Perm : 33753K->33753K(56304K)], 14.8031370 secs] [Times: user=17.50 sys=0.03, real=14.80 secs] 
Heap after GC invocations=159 (full 55):
 par new generation   total 1747648K, used 1333953K [0x00000005fae00000, 0x000000067ae00000, 0x000000067ae00000)
  eden space 1398144K,  95% used [0x00000005fae00000, 0x000000064c4b0450, 0x0000000650360000)
  from space 349504K,   0% used [0x0000000650360000, 0x0000000650360000, 0x00000006658b0000)
  to   space 349504K,   0% used [0x00000006658b0000, 0x00000006658b0000, 0x000000067ae00000)
 concurrent mark-sweep generation total 6291456K, used 6291455K [0x000000067ae00000, 0x00000007fae00000, 0x00000007fae00000)
 concurrent-mark-sweep perm gen total 56304K, used 33753K [0x00000007fae00000, 0x00000007fe4fc000, 0x0000000800000000)
}
Total time for which application threads were stopped: 14.8105610 seconds
{Heap before GC invocations=159 (full 55):
 par new generation   total 1747648K, used 1747647K [0x00000005fae00000, 0x000000067ae00000, 0x000000067ae00000)
  eden space 1398144K, 100% used [0x00000005fae00000, 0x0000000650360000, 0x0000000650360000)
  from space 349504K,  99% used [0x0000000650360000, 0x00000006658aff98, 0x00000006658b0000)
  to   space 349504K,   0% used [0x00000006658b0000, 0x00000006658b0000, 0x000000067ae00000)
 concurrent mark-sweep generation total 6291456K, used 6291455K [0x000000067ae00000, 0x00000007fae00000, 0x00000007fae00000)
 concurrent-mark-sweep perm gen total 56304K, used 33753K [0x00000007fae00000, 0x00000007fe4fc000, 0x0000000800000000)
2016-09-06T16:08:25.017+0800: 905.689: [Full GC 905.691: [CMS: 6291455K->6291455K(6291456K), 13.7639430 secs] 8039103K->7691514K(8039104K), [CMS Perm : 33753K->33753K(56304K)], 13.7682700 secs] [Times: user=13.77 sys=0.01, real=13.77 secs] 
Heap after GC invocations=160 (full 56):
 par new generation   total 1747648K, used 1400058K [0x00000005fae00000, 0x000000067ae00000, 0x000000067ae00000)
  eden space 1398144K,  99% used [0x00000005fae00000, 0x000000065035fff0, 0x0000000650360000)
  from space 349504K,   0% used [0x0000000650360000, 0x000000065053eba8, 0x00000006658b0000)
  to   space 349504K,   0% used [0x00000006658b0000, 0x00000006658b0000, 0x000000067ae00000)
 concurrent mark-sweep generation total 6291456K, used 6291455K [0x000000067ae00000, 0x00000007fae00000, 0x00000007fae00000)
 concurrent-mark-sweep perm gen total 56304K, used 33753K [0x00000007fae00000, 0x00000007fe4fc000, 0x0000000800000000)
}
Total time for which application threads were stopped: 13.7755730 seconds
2016-09-06T16:08:39.046+0800: 919.717: [GC [1 CMS-initial-mark: 6291455K(6291456K)] 7738662K(8039104K), 0.8869350 secs] [Times: user=0.89 sys=0.00, real=0.89 secs] 
Total time for which application threads were stopped: 0.8941340 seconds
2016-09-06T16:08:39.937+0800: 920.608: [CMS-concurrent-mark-start]
{Heap before GC invocations=160 (full 57):
 par new generation   total 1747648K, used 1747648K [0x00000005fae00000, 0x000000067ae00000, 0x000000067ae00000)
  eden space 1398144K, 100% used [0x00000005fae00000, 0x0000000650360000, 0x0000000650360000)
  from space 349504K, 100% used [0x0000000650360000, 0x00000006658b0000, 0x00000006658b0000)
  to   space 349504K,   0% used [0x00000006658b0000, 0x00000006658b0000, 0x000000067ae00000)
 concurrent mark-sweep generation total 6291456K, used 6291455K [0x000000067ae00000, 0x00000007fae00000, 0x00000007fae00000)
 concurrent-mark-sweep perm gen total 56304K, used 33753K [0x00000007fae00000, 0x00000007fe4fc000, 0x0000000800000000)
2016-09-06T16:08:41.319+0800: 921.991: [Full GC 921.993: [CMS2016-09-06T16:08:42.284+0800: 922.954: [CMS-concurrent-mark: 2.170/2.346 secs] [Times: user=11.04 sys=0.28, real=2.35 secs] 
 (concurrent mode failure): 6291455K->6291455K(6291456K), 14.6775610 secs] 8039103K->7763371K(8039104K), [CMS Perm : 33753K->33753K(56304K)], 14.6817840 secs] [Times: user=17.05 sys=0.01, real=14.68 secs] 
Heap after GC invocations=161 (full 58):
 par new generation   total 1747648K, used 1471915K [0x00000005fae00000, 0x000000067ae00000, 0x000000067ae00000)
  eden space 1398144K,  99% used [0x00000005fae00000, 0x000000065035fe60, 0x0000000650360000)
  from space 349504K,  21% used [0x0000000650360000, 0x0000000654b6ae50, 0x00000006658b0000)
  to   space 349504K,   0% used [0x00000006658b0000, 0x00000006658b0000, 0x000000067ae00000)
 concurrent mark-sweep generation total 6291456K, used 6291455K [0x000000067ae00000, 0x00000007fae00000, 0x00000007fae00000)
 concurrent-mark-sweep perm gen total 56304K, used 33753K [0x00000007fae00000, 0x00000007fe4fc000, 0x0000000800000000)
}
Total time for which application threads were stopped: 14.6891960 seconds
{Heap before GC invocations=161 (full 58):
 par new generation   total 1747648K, used 1747648K [0x00000005fae00000, 0x000000067ae00000, 0x000000067ae00000)
  eden space 1398144K, 100% used [0x00000005fae00000, 0x0000000650360000, 0x0000000650360000)
  from space 349504K, 100% used [0x0000000650360000, 0x00000006658b0000, 0x00000006658b0000)
  to   space 349504K,   0% used [0x00000006658b0000, 0x00000006658b0000, 0x000000067ae00000)
 concurrent mark-sweep generation total 6291456K, used 6291456K [0x000000067ae00000, 0x00000007fae00000, 0x00000007fae00000)
 concurrent-mark-sweep perm gen total 56304K, used 33753K [0x00000007fae00000, 0x00000007fe4fc000, 0x0000000800000000)
2016-09-06T16:08:57.344+0800: 938.016: [Full GC 938.018: [CMS: 6291456K->6291455K(6291456K), 13.9811300 secs] 8039104K->7825262K(8039104K), [CMS Perm : 33753K->33753K(56304K)], 13.9853400 secs] [Times: user=13.96 sys=0.02, real=13.99 secs] 
Heap after GC invocations=162 (full 59):
 par new generation   total 1747648K, used 1533807K [0x00000005fae00000, 0x000000067ae00000, 0x000000067ae00000)
  eden space 1398144K,  99% used [0x00000005fae00000, 0x000000065035ff38, 0x0000000650360000)
  from space 349504K,  38% used [0x0000000650360000, 0x00000006587dbce0, 0x00000006658b0000)
  to   space 349504K,   0% used [0x00000006658b0000, 0x00000006658b0000, 0x000000067ae00000)
 concurrent mark-sweep generation total 6291456K, used 6291455K [0x000000067ae00000, 0x00000007fae00000, 0x00000007fae00000)
 concurrent-mark-sweep perm gen total 56304K, used 33753K [0x00000007fae00000, 0x00000007fe4fc000, 0x0000000800000000)
}
Total time for which application threads were stopped: 13.9924550 seconds
2016-09-06T16:09:11.559+0800: 952.231: [GC [1 CMS-initial-mark: 6291455K(6291456K)] 7876297K(8039104K), 0.9691090 secs] [Times: user=0.97 sys=0.00, real=0.97 secs] 
Total time for which application threads were stopped: 0.9760560 seconds
2016-09-06T16:09:12.533+0800: 953.203: [CMS-concurrent-mark-start]
{Heap before GC invocations=162 (full 60):
 par new generation   total 1747648K, used 1747648K [0x00000005fae00000, 0x000000067ae00000, 0x000000067ae00000)
  eden space 1398144K, 100% used [0x00000005fae00000, 0x0000000650360000, 0x0000000650360000)
  from space 349504K, 100% used [0x0000000650360000, 0x00000006658b0000, 0x00000006658b0000)
  to   space 349504K,   0% used [0x00000006658b0000, 0x00000006658b0000, 0x000000067ae00000)
 concurrent mark-sweep generation total 6291456K, used 6291456K [0x000000067ae00000, 0x00000007fae00000, 0x00000007fae00000)
 concurrent-mark-sweep perm gen total 56304K, used 33753K [0x00000007fae00000, 0x00000007fe4fc000, 0x0000000800000000)
2016-09-06T16:09:13.148+0800: 953.820: [Full GC 953.822: [CMS2016-09-06T16:09:14.615+0800: 955.286: [CMS-concurrent-mark: 1.888/2.082 secs] [Times: user=8.37 sys=0.10, real=2.08 secs] 
 (concurrent mode failure): 6291456K->6291456K(6291456K), 15.3630670 secs] 8039104K->7854800K(8039104K), [CMS Perm : 33753K->33753K(56304K)], 15.3672900 secs] [Times: user=18.89 sys=0.02, real=15.36 secs] 
Heap after GC invocations=163 (full 61):
 par new generation   total 1747648K, used 1563344K [0x00000005fae00000, 0x000000067ae00000, 0x000000067ae00000)
  eden space 1398144K,  99% used [0x00000005fae00000, 0x000000065035ffe0, 0x0000000650360000)
  from space 349504K,  47% used [0x0000000650360000, 0x000000065a4b4070, 0x00000006658b0000)
  to   space 349504K,   0% used [0x00000006658b0000, 0x00000006658b0000, 0x000000067ae00000)
 concurrent mark-sweep generation total 6291456K, used 6291456K [0x000000067ae00000, 0x00000007fae00000, 0x00000007fae00000)
 concurrent-mark-sweep perm gen total 56304K, used 33753K [0x00000007fae00000, 0x00000007fe4fc000, 0x0000000800000000)
}
Total time for which application threads were stopped: 15.3745030 seconds
{Heap before GC invocations=163 (full 61):
 par new generation   total 1747648K, used 1747647K [0x00000005fae00000, 0x000000067ae00000, 0x000000067ae00000)
  eden space 1398144K,  99% used [0x00000005fae00000, 0x000000065035fff8, 0x0000000650360000)
  from space 349504K, 100% used [0x0000000650360000, 0x00000006658b0000, 0x00000006658b0000)
  to   space 349504K,   0% used [0x00000006658b0000, 0x00000006658b0000, 0x000000067ae00000)
 concurrent mark-sweep generation total 6291456K, used 6291456K [0x000000067ae00000, 0x00000007fae00000, 0x00000007fae00000)
 concurrent-mark-sweep perm gen total 56304K, used 33753K [0x00000007fae00000, 0x00000007fe4fc000, 0x0000000800000000)
2016-09-06T16:09:29.372+0800: 970.043: [Full GC 970.045: [CMS: 6291456K->6291455K(6291456K), 14.1337350 secs] 8039103K->7874614K(8039104K), [CMS Perm : 33753K->33753K(56304K)], 14.1379750 secs] [Times: user=14.15 sys=0.00, real=14.13 secs] 
Heap after GC invocations=164 (full 62):
 par new generation   total 1747648K, used 1583158K [0x00000005fae00000, 0x000000067ae00000, 0x000000067ae00000)
  eden space 1398144K, 100% used [0x00000005fae00000, 0x0000000650360000, 0x0000000650360000)
  from space 349504K,  52% used [0x0000000650360000, 0x000000065b80d828, 0x00000006658b0000)
  to   space 349504K,   0% used [0x00000006658b0000, 0x00000006658b0000, 0x000000067ae00000)
 concurrent mark-sweep generation total 6291456K, used 6291455K [0x000000067ae00000, 0x00000007fae00000, 0x00000007fae00000)
 concurrent-mark-sweep perm gen total 56304K, used 33753K [0x00000007fae00000, 0x00000007fe4fc000, 0x0000000800000000)
}
Total time for which application threads were stopped: 14.1451990 seconds
2016-09-06T16:09:43.576+0800: 984.248: [GC [1 CMS-initial-mark: 6291455K(6291456K)] 7886395K(8039104K), 0.9679850 secs] [Times: user=0.97 sys=0.00, real=0.97 secs] 
Total time for which application threads were stopped: 0.9750250 seconds
2016-09-06T16:09:44.548+0800: 985.219: [CMS-concurrent-mark-start]
{Heap before GC invocations=164 (full 63):
 par new generation   total 1747648K, used 1747648K [0x00000005fae00000, 0x000000067ae00000, 0x000000067ae00000)
  eden space 1398144K, 100% used [0x00000005fae00000, 0x0000000650360000, 0x0000000650360000)
  from space 349504K, 100% used [0x0000000650360000, 0x00000006658b0000, 0x00000006658b0000)
  to   space 349504K,   0% used [0x00000006658b0000, 0x00000006658b0000, 0x000000067ae00000)
 concurrent mark-sweep generation total 6291456K, used 6291456K [0x000000067ae00000, 0x00000007fae00000, 0x00000007fae00000)
 concurrent-mark-sweep perm gen total 56304K, used 33753K [0x00000007fae00000, 0x00000007fe4fc000, 0x0000000800000000)
2016-09-06T16:09:45.246+0800: 985.918: [Full GC 985.920: [CMS2016-09-06T16:09:46.602+0800: 987.273: [CMS-concurrent-mark: 1.868/2.054 secs] [Times: user=8.44 sys=0.09, real=2.06 secs] 
 (concurrent mode failure): 6291456K->6291455K(6291456K), 15.4251140 secs] 8039104K->7886696K(8039104K), [CMS Perm : 33753K->33753K(56304K)], 15.4293320 secs] [Times: user=18.75 sys=0.01, real=15.43 secs] 
Heap after GC invocations=165 (full 64):
 par new generation   total 1747648K, used 1595240K [0x00000005fae00000, 0x000000067ae00000, 0x000000067ae00000)
  eden space 1398144K,  99% used [0x00000005fae00000, 0x000000065035fea0, 0x0000000650360000)
  from space 349504K,  56% used [0x0000000650360000, 0x000000065c3da410, 0x00000006658b0000)
  to   space 349504K,   0% used [0x00000006658b0000, 0x00000006658b0000, 0x000000067ae00000)
 concurrent mark-sweep generation total 6291456K, used 6291455K [0x000000067ae00000, 0x00000007fae00000, 0x00000007fae00000)
 concurrent-mark-sweep perm gen total 56304K, used 33753K [0x00000007fae00000, 0x00000007fe4fc000, 0x0000000800000000)
}
Total time for which application threads were stopped: 15.4366440 seconds
{Heap before GC invocations=165 (full 64):
 par new generation   total 1747648K, used 1747648K [0x00000005fae00000, 0x000000067ae00000, 0x000000067ae00000)
  eden space 1398144K, 100% used [0x00000005fae00000, 0x0000000650360000, 0x0000000650360000)
  from space 349504K, 100% used [0x0000000650360000, 0x00000006658b0000, 0x00000006658b0000)
  to   space 349504K,   0% used [0x00000006658b0000, 0x00000006658b0000, 0x000000067ae00000)
 concurrent mark-sweep generation total 6291456K, used 6291456K [0x000000067ae00000, 0x00000007fae00000, 0x00000007fae00000)
 concurrent-mark-sweep perm gen total 56304K, used 33753K [0x00000007fae00000, 0x00000007fe4fc000, 0x0000000800000000)
2016-09-06T16:10:01.486+0800: 1002.158: [Full GC 1002.160: [CMS: 6291456K->6291455K(6291456K), 14.2465520 secs] 8039104K->7915535K(8039104K), [CMS Perm : 33753K->33753K(56304K)], 14.2507640 secs] [Times: user=14.25 sys=0.01, real=14.25 secs] 
Heap after GC invocations=166 (full 65):
 par new generation   total 1747648K, used 1624079K [0x00000005fae00000, 0x000000067ae00000, 0x000000067ae00000)
  eden space 1398144K,  99% used [0x00000005fae00000, 0x000000065035ffe0, 0x0000000650360000)
  from space 349504K,  64% used [0x0000000650360000, 0x000000065e003cd0, 0x00000006658b0000)
  to   space 349504K,   0% used [0x00000006658b0000, 0x00000006658b0000, 0x000000067ae00000)
 concurrent mark-sweep generation total 6291456K, used 6291455K [0x000000067ae00000, 0x00000007fae00000, 0x00000007fae00000)
 concurrent-mark-sweep perm gen total 56304K, used 33753K [0x00000007fae00000, 0x00000007fe4fc000, 0x0000000800000000)
}
Total time for which application threads were stopped: 14.2578290 seconds
2016-09-06T16:10:15.744+0800: 1016.415: [GC [1 CMS-initial-mark: 6291455K(6291456K)] 7915535K(8039104K), 0.9897810 secs] [Times: user=0.99 sys=0.00, real=0.99 secs] 
Total time for which application threads were stopped: 0.9958960 seconds
2016-09-06T16:10:16.738+0800: 1017.408: [CMS-concurrent-mark-start]
{Heap before GC invocations=166 (full 66):
 par new generation   total 1747648K, used 1747647K [0x00000005fae00000, 0x000000067ae00000, 0x000000067ae00000)
  eden space 1398144K, 100% used [0x00000005fae00000, 0x0000000650360000, 0x0000000650360000)
  from space 349504K,  99% used [0x0000000650360000, 0x00000006658affe8, 0x00000006658b0000)
  to   space 349504K,   0% used [0x00000006658b0000, 0x00000006658b0000, 0x000000067ae00000)
 concurrent mark-sweep generation total 6291456K, used 6291455K [0x000000067ae00000, 0x00000007fae00000, 0x00000007fae00000)
 concurrent-mark-sweep perm gen total 56304K, used 33753K [0x00000007fae00000, 0x00000007fe4fc000, 0x0000000800000000)
2016-09-06T16:10:17.213+0800: 1017.885: [Full GC 1017.887: [CMS2016-09-06T16:10:18.728+0800: 1019.398: [CMS-concurrent-mark: 1.808/1.990 secs] [Times: user=8.14 sys=0.09, real=2.00 secs] 
 (concurrent mode failure): 6291455K->6291438K(6291456K), 15.5859630 secs] 8039103K->7942947K(8039104K), [CMS Perm : 33753K->33753K(56304K)], 15.5901690 secs] [Times: user=19.61 sys=0.01, real=15.59 secs] 
Heap after GC invocations=167 (full 67):
 par new generation   total 1747648K, used 1651508K [0x00000005fae00000, 0x000000067ae00000, 0x000000067ae00000)
  eden space 1398144K,  99% used [0x00000005fae00000, 0x000000065035fff8, 0x0000000650360000)
  from space 349504K,  72% used [0x0000000650360000, 0x000000065facd0e0, 0x00000006658b0000)
  to   space 349504K,   0% used [0x00000006658b0000, 0x00000006658b0000, 0x000000067ae00000)
 concurrent mark-sweep generation total 6291456K, used 6291438K [0x000000067ae00000, 0x00000007fae00000, 0x00000007fae00000)
 concurrent-mark-sweep perm gen total 56304K, used 33753K [0x00000007fae00000, 0x00000007fe4fc000, 0x0000000800000000)
}
Total time for which application threads were stopped: 15.5975830 seconds
{Heap before GC invocations=167 (full 67):
 par new generation   total 1747648K, used 1747647K [0x00000005fae00000, 0x000000067ae00000, 0x000000067ae00000)
  eden space 1398144K,  99% used [0x00000005fae00000, 0x000000065035fff8, 0x0000000650360000)
  from space 349504K,  99% used [0x0000000650360000, 0x00000006658afff8, 0x00000006658b0000)
  to   space 349504K,   0% used [0x00000006658b0000, 0x00000006658b0000, 0x000000067ae00000)
 concurrent mark-sweep generation total 6291456K, used 6291456K [0x000000067ae00000, 0x00000007fae00000, 0x00000007fae00000)
 concurrent-mark-sweep perm gen total 56304K, used 33753K [0x00000007fae00000, 0x00000007fe4fc000, 0x0000000800000000)
2016-09-06T16:10:33.286+0800: 1033.958: [Full GC 1033.960: [CMS: 6291456K->6291455K(6291456K), 14.2288290 secs] 8039103K->7944399K(8039104K), [CMS Perm : 33753K->33753K(56304K)], 14.2330240 secs] [Times: user=14.24 sys=0.01, real=14.23 secs] 
Heap after GC invocations=168 (full 68):
 par new generation   total 1747648K, used 1652943K [0x00000005fae00000, 0x000000067ae00000, 0x000000067ae00000)
  eden space 1398144K, 100% used [0x00000005fae00000, 0x0000000650360000, 0x0000000650360000)
  from space 349504K,  72% used [0x0000000650360000, 0x000000065fc33f60, 0x00000006658b0000)
  to   space 349504K,   0% used [0x00000006658b0000, 0x00000006658b0000, 0x000000067ae00000)
 concurrent mark-sweep generation total 6291456K, used 6291455K [0x000000067ae00000, 0x00000007fae00000, 0x00000007fae00000)
 concurrent-mark-sweep perm gen total 56304K, used 33753K [0x00000007fae00000, 0x00000007fe4fc000, 0x0000000800000000)
}
Total time for which application threads were stopped: 14.2401940 seconds
2016-09-06T16:10:47.561+0800: 1048.233: [GC [1 CMS-initial-mark: 6291455K(6291456K)] 7951290K(8039104K), 1.0198410 secs] [Times: user=1.02 sys=0.00, real=1.03 secs] 
Total time for which application threads were stopped: 1.0270770 seconds
2016-09-06T16:10:48.585+0800: 1049.256: [CMS-concurrent-mark-start]
{Heap before GC invocations=168 (full 69):
 par new generation   total 1747648K, used 1747647K [0x00000005fae00000, 0x000000067ae00000, 0x000000067ae00000)
  eden space 1398144K, 100% used [0x00000005fae00000, 0x0000000650360000, 0x0000000650360000)
  from space 349504K,  99% used [0x0000000650360000, 0x00000006658affe8, 0x00000006658b0000)
  to   space 349504K,   0% used [0x00000006658b0000, 0x00000006658b0000, 0x000000067ae00000)
 concurrent mark-sweep generation total 6291456K, used 6291455K [0x000000067ae00000, 0x00000007fae00000, 0x00000007fae00000)
 concurrent-mark-sweep perm gen total 56304K, used 33753K [0x00000007fae00000, 0x00000007fe4fc000, 0x0000000800000000)
2016-09-06T16:10:49.022+0800: 1049.693: [Full GC 1049.695: [CMS2016-09-06T16:10:50.536+0800: 1051.207: [CMS-concurrent-mark: 1.769/1.951 secs] [Times: user=7.92 sys=0.06, real=1.95 secs] 
 (concurrent mode failure): 6291455K->6291451K(6291456K), 15.8708250 secs] 8039103K->7941653K(8039104K), [CMS Perm : 33753K->33753K(56304K)], 15.8750420 secs] [Times: user=19.88 sys=0.02, real=15.87 secs] 
Heap after GC invocations=169 (full 70):
 par new generation   total 1747648K, used 1650201K [0x00000005fae00000, 0x000000067ae00000, 0x000000067ae00000)
  eden space 1398144K,  99% used [0x00000005fae00000, 0x000000065035fe08, 0x0000000650360000)
  from space 349504K,  72% used [0x0000000650360000, 0x000000065f9868b8, 0x00000006658b0000)
  to   space 349504K,   0% used [0x00000006658b0000, 0x00000006658b0000, 0x000000067ae00000)
 concurrent mark-sweep generation total 6291456K, used 6291451K [0x000000067ae00000, 0x00000007fae00000, 0x00000007fae00000)
 concurrent-mark-sweep perm gen total 56304K, used 33753K [0x00000007fae00000, 0x00000007fe4fc000, 0x0000000800000000)
}
Total time for which application threads were stopped: 15.8823550 seconds
{Heap before GC invocations=169 (full 70):
 par new generation   total 1747648K, used 1747648K [0x00000005fae00000, 0x000000067ae00000, 0x000000067ae00000)
  eden space 1398144K, 100% used [0x00000005fae00000, 0x0000000650360000, 0x0000000650360000)
  from space 349504K, 100% used [0x0000000650360000, 0x00000006658b0000, 0x00000006658b0000)
  to   space 349504K,   0% used [0x00000006658b0000, 0x00000006658b0000, 0x000000067ae00000)
 concurrent mark-sweep generation total 6291456K, used 6291456K [0x000000067ae00000, 0x00000007fae00000, 0x00000007fae00000)
 concurrent-mark-sweep perm gen total 56304K, used 33753K [0x00000007fae00000, 0x00000007fe4fc000, 0x0000000800000000)
2016-09-06T16:11:05.441+0800: 1066.113: [Full GC 1066.115: [CMS: 6291456K->6291456K(6291456K), 14.2127400 secs] 8039104K->7950787K(8039104K), [CMS Perm : 33753K->33753K(56304K)], 14.2169180 secs] [Times: user=14.23 sys=0.01, real=14.22 secs] 
Heap after GC invocations=170 (full 71):
 par new generation   total 1747648K, used 1659331K [0x00000005fae00000, 0x000000067ae00000, 0x000000067ae00000)
  eden space 1398144K,  99% used [0x00000005fae00000, 0x000000065035ffa0, 0x0000000650360000)
  from space 349504K,  74% used [0x0000000650360000, 0x0000000660271000, 0x00000006658b0000)
  to   space 349504K,   0% used [0x00000006658b0000, 0x00000006658b0000, 0x000000067ae00000)
 concurrent mark-sweep generation total 6291456K, used 6291456K [0x000000067ae00000, 0x00000007fae00000, 0x00000007fae00000)
 concurrent-mark-sweep perm gen total 56304K, used 33753K [0x00000007fae00000, 0x00000007fe4fc000, 0x0000000800000000)
}
Total time for which application threads were stopped: 14.2240340 seconds
2016-09-06T16:11:19.834+0800: 1080.506: [GC [1 CMS-initial-mark: 6291456K(6291456K)] 7982258K(8039104K), 1.0410110 secs] [Times: user=1.04 sys=0.00, real=1.04 secs] 
Total time for which application threads were stopped: 1.0480760 seconds
2016-09-06T16:11:20.879+0800: 1081.550: [CMS-concurrent-mark-start]
{Heap before GC invocations=170 (full 72):
 par new generation   total 1747648K, used 1747648K [0x00000005fae00000, 0x000000067ae00000, 0x000000067ae00000)
  eden space 1398144K, 100% used [0x00000005fae00000, 0x0000000650360000, 0x0000000650360000)
  from space 349504K, 100% used [0x0000000650360000, 0x00000006658b0000, 0x00000006658b0000)
  to   space 349504K,   0% used [0x00000006658b0000, 0x00000006658b0000, 0x000000067ae00000)
 concurrent mark-sweep generation total 6291456K, used 6291456K [0x000000067ae00000, 0x00000007fae00000, 0x00000007fae00000)
 concurrent-mark-sweep perm gen total 56304K, used 33753K [0x00000007fae00000, 0x00000007fe4fc000, 0x0000000800000000)
2016-09-06T16:11:21.185+0800: 1081.857: [Full GC 1081.859: [CMS2016-09-06T16:11:22.774+0800: 1083.445: [CMS-concurrent-mark: 1.713/1.895 secs] [Times: user=7.43 sys=0.05, real=1.89 secs] 
 (concurrent mode failure): 6291456K->6291456K(6291456K), 15.7086040 secs] 8039104K->7939069K(8039104K), [CMS Perm : 33753K->33753K(56304K)], 15.7127900 secs] [Times: user=19.94 sys=0.00, real=15.71 secs] 
Heap after GC invocations=171 (full 73):
 par new generation   total 1747648K, used 1647613K [0x00000005fae00000, 0x000000067ae00000, 0x000000067ae00000)
  eden space 1398144K, 100% used [0x00000005fae00000, 0x0000000650360000, 0x0000000650360000)
  from space 349504K,  71% used [0x0000000650360000, 0x000000065f6ff6c0, 0x00000006658b0000)
  to   space 349504K,   0% used [0x00000006658b0000, 0x00000006658b0000, 0x000000067ae00000)
 concurrent mark-sweep generation total 6291456K, used 6291456K [0x000000067ae00000, 0x00000007fae00000, 0x00000007fae00000)
 concurrent-mark-sweep perm gen total 56304K, used 33753K [0x00000007fae00000, 0x00000007fe4fc000, 0x0000000800000000)
}
Total time for which application threads were stopped: 15.7202050 seconds
{Heap before GC invocations=171 (full 73):
 par new generation   total 1747648K, used 1747648K [0x00000005fae00000, 0x000000067ae00000, 0x000000067ae00000)
  eden space 1398144K, 100% used [0x00000005fae00000, 0x0000000650360000, 0x0000000650360000)
  from space 349504K, 100% used [0x0000000650360000, 0x00000006658b0000, 0x00000006658b0000)
  to   space 349504K,   0% used [0x00000006658b0000, 0x00000006658b0000, 0x000000067ae00000)
 concurrent mark-sweep generation total 6291456K, used 6291456K [0x000000067ae00000, 0x00000007fae00000, 0x00000007fae00000)
 concurrent-mark-sweep perm gen total 56304K, used 33753K [0x00000007fae00000, 0x00000007fe4fc000, 0x0000000800000000)
2016-09-06T16:11:37.436+0800: 1098.108: [Full GC 1098.110: [CMS: 6291456K->6291455K(6291456K), 14.2856410 secs] 8039104K->7945349K(8039104K), [CMS Perm : 33753K->33753K(56304K)], 14.6436480 secs] [Times: user=14.30 sys=0.00, real=14.64 secs] 
Heap after GC invocations=172 (full 74):
 par new generation   total 1747648K, used 1653893K [0x00000005fae00000, 0x000000067ae00000, 0x000000067ae00000)
  eden space 1398144K,  99% used [0x00000005fae00000, 0x000000065035ffe8, 0x0000000650360000)
  from space 349504K,  73% used [0x0000000650360000, 0x000000065fd21518, 0x00000006658b0000)
  to   space 349504K,   0% used [0x00000006658b0000, 0x00000006658b0000, 0x000000067ae00000)
 concurrent mark-sweep generation total 6291456K, used 6291455K [0x000000067ae00000, 0x00000007fae00000, 0x00000007fae00000)
 concurrent-mark-sweep perm gen total 56304K, used 33753K [0x00000007fae00000, 0x00000007fe4fc000, 0x0000000800000000)
}
Total time for which application threads were stopped: 14.6510190 seconds
2016-09-06T16:11:52.161+0800: 1112.833: [GC [1 CMS-initial-mark: 6291455K(6291456K)] 7959251K(8039104K), 1.0334830 secs] [Times: user=1.04 sys=0.00, real=1.03 secs] 
Total time for which application threads were stopped: 1.0405380 seconds
2016-09-06T16:11:53.199+0800: 1113.870: [CMS-concurrent-mark-start]
{Heap before GC invocations=172 (full 75):
 par new generation   total 1747648K, used 1747648K [0x00000005fae00000, 0x000000067ae00000, 0x000000067ae00000)
  eden space 1398144K, 100% used [0x00000005fae00000, 0x0000000650360000, 0x0000000650360000)
  from space 349504K, 100% used [0x0000000650360000, 0x00000006658b0000, 0x00000006658b0000)
  to   space 349504K,   0% used [0x00000006658b0000, 0x00000006658b0000, 0x000000067ae00000)
 concurrent mark-sweep generation total 6291456K, used 6291456K [0x000000067ae00000, 0x00000007fae00000, 0x00000007fae00000)
 concurrent-mark-sweep perm gen total 56304K, used 33753K [0x00000007fae00000, 0x00000007fe4fc000, 0x0000000800000000)
2016-09-06T16:11:53.626+0800: 1114.297: [Full GC 1114.299: [CMS2016-09-06T16:11:55.418+0800: 1116.089: [CMS-concurrent-mark: 2.034/2.218 secs] [Times: user=7.73 sys=0.06, real=2.22 secs] 
 (concurrent mode failure): 6291456K->6291456K(6291456K), 16.0219430 secs] 8039104K->7951837K(8039104K), [CMS Perm : 33753K->33753K(56304K)], 16.0260770 secs] [Times: user=19.67 sys=0.01, real=16.02 secs] 
Heap after GC invocations=173 (full 76):
 par new generation   total 1747648K, used 1660381K [0x00000005fae00000, 0x000000067ae00000, 0x000000067ae00000)
  eden space 1398144K,  99% used [0x00000005fae00000, 0x000000065035ff28, 0x0000000650360000)
  from space 349504K,  75% used [0x0000000650360000, 0x00000006603777f8, 0x00000006658b0000)
  to   space 349504K,   0% used [0x00000006658b0000, 0x00000006658b0000, 0x000000067ae00000)
 concurrent mark-sweep generation total 6291456K, used 6291456K [0x000000067ae00000, 0x00000007fae00000, 0x00000007fae00000)
 concurrent-mark-sweep perm gen total 56304K, used 33753K [0x00000007fae00000, 0x00000007fe4fc000, 0x0000000800000000)
}
Total time for which application threads were stopped: 16.0334350 seconds
{Heap before GC invocations=173 (full 76):
 par new generation   total 1747648K, used 1747648K [0x00000005fae00000, 0x000000067ae00000, 0x000000067ae00000)
  eden space 1398144K, 100% used [0x00000005fae00000, 0x0000000650360000, 0x0000000650360000)
  from space 349504K, 100% used [0x0000000650360000, 0x00000006658b0000, 0x00000006658b0000)
  to   space 349504K,   0% used [0x00000006658b0000, 0x00000006658b0000, 0x000000067ae00000)
 concurrent mark-sweep generation total 6291456K, used 6291456K [0x000000067ae00000, 0x00000007fae00000, 0x00000007fae00000)
 concurrent-mark-sweep perm gen total 56304K, used 33753K [0x00000007fae00000, 0x00000007fe4fc000, 0x0000000800000000)
2016-09-06T16:12:10.141+0800: 1130.813: [Full GC 1130.815: [CMS: 6291456K->6291451K(6291456K), 14.3210730 secs] 8039104K->7981589K(8039104K), [CMS Perm : 33753K->33753K(56304K)], 14.3252380 secs] [Times: user=14.32 sys=0.00, real=14.33 secs] 
Heap after GC invocations=174 (full 77):
 par new generation   total 1747648K, used 1690138K [0x00000005fae00000, 0x000000067ae00000, 0x000000067ae00000)
  eden space 1398144K,  99% used [0x00000005fae00000, 0x000000065035ffd0, 0x0000000650360000)
  from space 349504K,  83% used [0x0000000650360000, 0x0000000662086b40, 0x00000006658b0000)
  to   space 349504K,   0% used [0x00000006658b0000, 0x00000006658b0000, 0x000000067ae00000)
 concurrent mark-sweep generation total 6291456K, used 6291451K [0x000000067ae00000, 0x00000007fae00000, 0x00000007fae00000)
 concurrent-mark-sweep perm gen total 56304K, used 33753K [0x00000007fae00000, 0x00000007fe4fc000, 0x0000000800000000)
}
Total time for which application threads were stopped: 14.3326260 seconds
2016-09-06T16:12:24.523+0800: 1145.194: [GC [1 CMS-initial-mark: 6291451K(6291456K)] 7990266K(8039104K), 1.0543170 secs] [Times: user=1.05 sys=0.00, real=1.06 secs] 
Total time for which application threads were stopped: 1.0605090 seconds
2016-09-06T16:12:25.581+0800: 1146.252: [CMS-concurrent-mark-start]
{Heap before GC invocations=174 (full 78):
 par new generation   total 1747648K, used 1747647K [0x00000005fae00000, 0x000000067ae00000, 0x000000067ae00000)
  eden space 1398144K, 100% used [0x00000005fae00000, 0x0000000650360000, 0x0000000650360000)
  from space 349504K,  99% used [0x0000000650360000, 0x00000006658afff8, 0x00000006658b0000)
  to   space 349504K,   0% used [0x00000006658b0000, 0x00000006658b0000, 0x000000067ae00000)
 concurrent mark-sweep generation total 6291456K, used 6291456K [0x000000067ae00000, 0x00000007fae00000, 0x00000007fae00000)
 concurrent-mark-sweep perm gen total 56304K, used 33753K [0x00000007fae00000, 0x00000007fe4fc000, 0x0000000800000000)
2016-09-06T16:12:25.855+0800: 1146.527: [Full GC 1146.529: [CMS2016-09-06T16:12:27.528+0800: 1148.199: [CMS-concurrent-mark: 1.768/1.948 secs] [Times: user=7.45 sys=0.08, real=1.95 secs] 
 (concurrent mode failure): 6291456K->6291455K(6291456K), 15.5857150 secs] 8039103K->8000732K(8039104K), [CMS Perm : 33753K->33753K(56304K)], 15.5899810 secs] [Times: user=20.00 sys=0.01, real=15.59 secs] 
Heap after GC invocations=175 (full 79):
 par new generation   total 1747648K, used 1709276K [0x00000005fae00000, 0x000000067ae00000, 0x000000067ae00000)
  eden space 1398144K,  99% used [0x00000005fae00000, 0x000000065035ffa0, 0x0000000650360000)
  from space 349504K,  89% used [0x0000000650360000, 0x00000006633372c0, 0x00000006658b0000)
  to   space 349504K,   0% used [0x00000006658b0000, 0x00000006658b0000, 0x000000067ae00000)
 concurrent mark-sweep generation total 6291456K, used 6291455K [0x000000067ae00000, 0x00000007fae00000, 0x00000007fae00000)
 concurrent-mark-sweep perm gen total 56304K, used 33753K [0x00000007fae00000, 0x00000007fe4fc000, 0x0000000800000000)
}
Total time for which application threads were stopped: 15.5966410 seconds
{Heap before GC invocations=175 (full 79):
 par new generation   total 1747648K, used 1747648K [0x00000005fae00000, 0x000000067ae00000, 0x000000067ae00000)
  eden space 1398144K, 100% used [0x00000005fae00000, 0x0000000650360000, 0x0000000650360000)
  from space 349504K, 100% used [0x0000000650360000, 0x00000006658b0000, 0x00000006658b0000)
  to   space 349504K,   0% used [0x00000006658b0000, 0x00000006658b0000, 0x000000067ae00000)
 concurrent mark-sweep generation total 6291456K, used 6291456K [0x000000067ae00000, 0x00000007fae00000, 0x00000007fae00000)
 concurrent-mark-sweep perm gen total 56304K, used 33753K [0x00000007fae00000, 0x00000007fe4fc000, 0x0000000800000000)
2016-09-06T16:12:41.639+0800: 1162.311: [Full GC 1162.313: [CMS: 6291456K->6291456K(6291456K), 14.4373180 secs] 8039104K->7998503K(8039104K), [CMS Perm : 33753K->33753K(56304K)], 14.4415230 secs] [Times: user=14.45 sys=0.00, real=14.45 secs] 
Heap after GC invocations=176 (full 80):
 par new generation   total 1747648K, used 1707047K [0x00000005fae00000, 0x000000067ae00000, 0x000000067ae00000)
  eden space 1398144K,  99% used [0x00000005fae00000, 0x000000065035ff78, 0x0000000650360000)
  from space 349504K,  88% used [0x0000000650360000, 0x000000066310a078, 0x00000006658b0000)
  to   space 349504K,   0% used [0x00000006658b0000, 0x00000006658b0000, 0x000000067ae00000)
 concurrent mark-sweep generation total 6291456K, used 6291456K [0x000000067ae00000, 0x00000007fae00000, 0x00000007fae00000)
 concurrent-mark-sweep perm gen total 56304K, used 33753K [0x00000007fae00000, 0x00000007fe4fc000, 0x0000000800000000)
}
Total time for which application threads were stopped: 14.4488440 seconds
2016-09-06T16:12:56.134+0800: 1176.806: [GC [1 CMS-initial-mark: 6291456K(6291456K)] 8010472K(8039104K), 1.0731920 secs] [Times: user=1.08 sys=0.01, real=1.07 secs] 
Total time for which application threads were stopped: 1.0802900 seconds
2016-09-06T16:12:57.212+0800: 1177.883: [CMS-concurrent-mark-start]
{Heap before GC invocations=176 (full 81):
 par new generation   total 1747648K, used 1747648K [0x00000005fae00000, 0x000000067ae00000, 0x000000067ae00000)
  eden space 1398144K, 100% used [0x00000005fae00000, 0x0000000650360000, 0x0000000650360000)
  from space 349504K, 100% used [0x0000000650360000, 0x00000006658b0000, 0x00000006658b0000)
  to   space 349504K,   0% used [0x00000006658b0000, 0x00000006658b0000, 0x000000067ae00000)
 concurrent mark-sweep generation total 6291456K, used 6291456K [0x000000067ae00000, 0x00000007fae00000, 0x00000007fae00000)
 concurrent-mark-sweep perm gen total 56304K, used 33753K [0x00000007fae00000, 0x00000007fe4fc000, 0x0000000800000000)
2016-09-06T16:12:57.337+0800: 1178.008: [Full GC 1178.010: [CMS2016-09-06T16:12:59.067+0800: 1179.738: [CMS-concurrent-mark: 1.672/1.855 secs] [Times: user=7.03 sys=0.02, real=1.86 secs] 
 (concurrent mode failure): 6291456K->6291455K(6291456K), 16.0299660 secs] 8039104K->7989659K(8039104K), [CMS Perm : 33753K->33753K(56304K)], 16.0340880 secs] [Times: user=20.69 sys=0.02, real=16.03 secs] 
Heap after GC invocations=177 (full 82):
 par new generation   total 1747648K, used 1698203K [0x00000005fae00000, 0x000000067ae00000, 0x000000067ae00000)
  eden space 1398144K,  99% used [0x00000005fae00000, 0x000000065035ffc0, 0x0000000650360000)
  from space 349504K,  85% used [0x0000000650360000, 0x0000000662866ff0, 0x00000006658b0000)
  to   space 349504K,   0% used [0x00000006658b0000, 0x00000006658b0000, 0x000000067ae00000)
 concurrent mark-sweep generation total 6291456K, used 6291455K [0x000000067ae00000, 0x00000007fae00000, 0x00000007fae00000)
 concurrent-mark-sweep perm gen total 56304K, used 33753K [0x00000007fae00000, 0x00000007fe4fc000, 0x0000000800000000)
}
Total time for which application threads were stopped: 16.0414370 seconds
{Heap before GC invocations=177 (full 82):
 par new generation   total 1747648K, used 1747647K [0x00000005fae00000, 0x000000067ae00000, 0x000000067ae00000)
  eden space 1398144K,  99% used [0x00000005fae00000, 0x000000065035fff8, 0x0000000650360000)
  from space 349504K, 100% used [0x0000000650360000, 0x00000006658b0000, 0x00000006658b0000)
  to   space 349504K,   0% used [0x00000006658b0000, 0x00000006658b0000, 0x000000067ae00000)
 concurrent mark-sweep generation total 6291456K, used 6291456K [0x000000067ae00000, 0x00000007fae00000, 0x00000007fae00000)
 concurrent-mark-sweep perm gen total 56304K, used 33753K [0x00000007fae00000, 0x00000007fe4fc000, 0x0000000800000000)
2016-09-06T16:13:13.615+0800: 1194.287: [Full GC 1194.289: [CMS: 6291456K->6291456K(6291456K), 14.3944980 secs] 8039103K->7996627K(8039104K), [CMS Perm : 33753K->33753K(56304K)], 14.3986650 secs] [Times: user=14.41 sys=0.00, real=14.39 secs] 
Heap after GC invocations=178 (full 83):
 par new generation   total 1747648K, used 1705171K [0x00000005fae00000, 0x000000067ae00000, 0x000000067ae00000)
  eden space 1398144K,  99% used [0x00000005fae00000, 0x000000065035ffd8, 0x0000000650360000)
  from space 349504K,  87% used [0x0000000650360000, 0x0000000662f34d08, 0x00000006658b0000)
  to   space 349504K,   0% used [0x00000006658b0000, 0x00000006658b0000, 0x000000067ae00000)
 concurrent mark-sweep generation total 6291456K, used 6291456K [0x000000067ae00000, 0x00000007fae00000, 0x00000007fae00000)
 concurrent-mark-sweep perm gen total 56304K, used 33753K [0x00000007fae00000, 0x00000007fe4fc000, 0x0000000800000000)
}
Total time for which application threads were stopped: 14.4061730 seconds
2016-09-06T16:13:28.068+0800: 1208.740: [GC [1 CMS-initial-mark: 6291456K(6291456K)] 8005501K(8039104K), 1.0668510 secs] [Times: user=1.07 sys=0.00, real=1.06 secs] 
Total time for which application threads were stopped: 1.0739200 seconds
2016-09-06T16:13:29.139+0800: 1209.810: [CMS-concurrent-mark-start]
{Heap before GC invocations=178 (full 84):
 par new generation   total 1747648K, used 1747647K [0x00000005fae00000, 0x000000067ae00000, 0x000000067ae00000)
  eden space 1398144K,  99% used [0x00000005fae00000, 0x000000065035fff8, 0x0000000650360000)
  from space 349504K, 100% used [0x0000000650360000, 0x00000006658b0000, 0x00000006658b0000)
  to   space 349504K,   0% used [0x00000006658b0000, 0x00000006658b0000, 0x000000067ae00000)
 concurrent mark-sweep generation total 6291456K, used 6291456K [0x000000067ae00000, 0x00000007fae00000, 0x00000007fae00000)
 concurrent-mark-sweep perm gen total 56304K, used 33753K [0x00000007fae00000, 0x00000007fe4fc000, 0x0000000800000000)
2016-09-06T16:13:29.308+0800: 1209.979: [Full GC 1209.981: [CMS2016-09-06T16:13:31.011+0800: 1211.681: [CMS-concurrent-mark: 1.689/1.871 secs] [Times: user=7.11 sys=0.05, real=1.87 secs] 
 (concurrent mode failure): 6291456K->6291455K(6291456K), 16.0288370 secs] 8039103K->7995494K(8039104K), [CMS Perm : 33753K->33753K(56304K)], 16.0329990 secs] [Times: user=20.62 sys=0.01, real=16.03 secs] 
Heap after GC invocations=179 (full 85):
 par new generation   total 1747648K, used 1704038K [0x00000005fae00000, 0x000000067ae00000, 0x000000067ae00000)
  eden space 1398144K,  99% used [0x00000005fae00000, 0x000000065035ffd0, 0x0000000650360000)
  from space 349504K,  87% used [0x0000000650360000, 0x0000000662e19a60, 0x00000006658b0000)
  to   space 349504K,   0% used [0x00000006658b0000, 0x00000006658b0000, 0x000000067ae00000)
 concurrent mark-sweep generation total 6291456K, used 6291455K [0x000000067ae00000, 0x00000007fae00000, 0x00000007fae00000)
 concurrent-mark-sweep perm gen total 56304K, used 33753K [0x00000007fae00000, 0x00000007fe4fc000, 0x0000000800000000)
}
Total time for which application threads were stopped: 16.0404070 seconds
{Heap before GC invocations=179 (full 85):
 par new generation   total 1747648K, used 1747647K [0x00000005fae00000, 0x000000067ae00000, 0x000000067ae00000)
  eden space 1398144K, 100% used [0x00000005fae00000, 0x0000000650360000, 0x0000000650360000)
  from space 349504K,  99% used [0x0000000650360000, 0x00000006658afff8, 0x00000006658b0000)
  to   space 349504K,   0% used [0x00000006658b0000, 0x00000006658b0000, 0x000000067ae00000)
 concurrent mark-sweep generation total 6291456K, used 6291456K [0x000000067ae00000, 0x00000007fae00000, 0x00000007fae00000)
 concurrent-mark-sweep perm gen total 56304K, used 33753K [0x00000007fae00000, 0x00000007fe4fc000, 0x0000000800000000)
2016-09-06T16:13:45.557+0800: 1226.229: [Full GC 1226.231: [CMS: 6291456K->6291455K(6291456K), 14.5141200 secs] 8039103K->7997282K(8039104K), [CMS Perm : 33753K->33753K(56304K)], 14.5182930 secs] [Times: user=14.53 sys=0.00, real=14.52 secs] 
Heap after GC invocations=180 (full 86):
 par new generation   total 1747648K, used 1705826K [0x00000005fae00000, 0x000000067ae00000, 0x000000067ae00000)
  eden space 1398144K,  99% used [0x00000005fae00000, 0x000000065035fff0, 0x0000000650360000)
  from space 349504K,  88% used [0x0000000650360000, 0x0000000662fd8b90, 0x00000006658b0000)
  to   space 349504K,   0% used [0x00000006658b0000, 0x00000006658b0000, 0x000000067ae00000)
 concurrent mark-sweep generation total 6291456K, used 6291455K [0x000000067ae00000, 0x00000007fae00000, 0x00000007fae00000)
 concurrent-mark-sweep perm gen total 56304K, used 33753K [0x00000007fae00000, 0x00000007fe4fc000, 0x0000000800000000)
}
Total time for which application threads were stopped: 14.5257610 seconds
2016-09-06T16:14:00.110+0800: 1240.782: [GC [1 CMS-initial-mark: 6291455K(6291456K)] 8003510K(8039104K), 1.0710330 secs] [Times: user=1.07 sys=0.00, real=1.08 secs] 
Total time for which application threads were stopped: 1.0780630 seconds
2016-09-06T16:14:01.186+0800: 1241.856: [CMS-concurrent-mark-start]
{Heap before GC invocations=180 (full 87):
 par new generation   total 1747648K, used 1747648K [0x00000005fae00000, 0x000000067ae00000, 0x000000067ae00000)
  eden space 1398144K, 100% used [0x00000005fae00000, 0x0000000650360000, 0x0000000650360000)
  from space 349504K, 100% used [0x0000000650360000, 0x00000006658b0000, 0x00000006658b0000)
  to   space 349504K,   0% used [0x00000006658b0000, 0x00000006658b0000, 0x000000067ae00000)
 concurrent mark-sweep generation total 6291456K, used 6291456K [0x000000067ae00000, 0x00000007fae00000, 0x00000007fae00000)
 concurrent-mark-sweep perm gen total 56304K, used 33753K [0x00000007fae00000, 0x00000007fe4fc000, 0x0000000800000000)
2016-09-06T16:14:01.337+0800: 1242.008: [Full GC 1242.010: [CMS2016-09-06T16:14:03.071+0800: 1243.742: [CMS-concurrent-mark: 1.705/1.886 secs] [Times: user=7.18 sys=0.03, real=1.89 secs] 
 (concurrent mode failure): 6291456K->6291456K(6291456K), 16.0573920 secs] 8039104K->8003119K(8039104K), [CMS Perm : 33753K->33753K(56304K)], 16.0615490 secs] [Times: user=20.70 sys=0.01, real=16.06 secs] 
Heap after GC invocations=181 (full 88):
 par new generation   total 1747648K, used 1711663K [0x00000005fae00000, 0x000000067ae00000, 0x000000067ae00000)
  eden space 1398144K,  99% used [0x00000005fae00000, 0x000000065035fff0, 0x0000000650360000)
  from space 349504K,  89% used [0x0000000650360000, 0x000000066358be60, 0x00000006658b0000)
  to   space 349504K,   0% used [0x00000006658b0000, 0x00000006658b0000, 0x000000067ae00000)
 concurrent mark-sweep generation total 6291456K, used 6291456K [0x000000067ae00000, 0x00000007fae00000, 0x00000007fae00000)
 concurrent-mark-sweep perm gen total 56304K, used 33753K [0x00000007fae00000, 0x00000007fe4fc000, 0x0000000800000000)
}
Total time for which application threads were stopped: 16.0691490 seconds
{Heap before GC invocations=181 (full 88):
 par new generation   total 1747648K, used 1747648K [0x00000005fae00000, 0x000000067ae00000, 0x000000067ae00000)
  eden space 1398144K, 100% used [0x00000005fae00000, 0x0000000650360000, 0x0000000650360000)
  from space 349504K, 100% used [0x0000000650360000, 0x00000006658b0000, 0x00000006658b0000)
  to   space 349504K,   0% used [0x00000006658b0000, 0x00000006658b0000, 0x000000067ae00000)
 concurrent mark-sweep generation total 6291456K, used 6291456K [0x000000067ae00000, 0x00000007fae00000, 0x00000007fae00000)
 concurrent-mark-sweep perm gen total 56304K, used 33753K [0x00000007fae00000, 0x00000007fe4fc000, 0x0000000800000000)
2016-09-06T16:14:17.566+0800: 1258.237: [Full GC 1258.239: [CMS: 6291456K->6291455K(6291456K), 14.4421800 secs] 8039104K->8012612K(8039104K), [CMS Perm : 33753K->33753K(56304K)], 14.4463300 secs] [Times: user=14.46 sys=0.01, real=14.44 secs] 
Heap after GC invocations=182 (full 89):
 par new generation   total 1747648K, used 1721156K [0x00000005fae00000, 0x000000067ae00000, 0x000000067ae00000)
  eden space 1398144K, 100% used [0x00000005fae00000, 0x0000000650360000, 0x0000000650360000)
  from space 349504K,  92% used [0x0000000650360000, 0x0000000663ed1360, 0x00000006658b0000)
  to   space 349504K,   0% used [0x00000006658b0000, 0x00000006658b0000, 0x000000067ae00000)
 concurrent mark-sweep generation total 6291456K, used 6291455K [0x000000067ae00000, 0x00000007fae00000, 0x00000007fae00000)
 concurrent-mark-sweep perm gen total 56304K, used 33753K [0x00000007fae00000, 0x00000007fe4fc000, 0x0000000800000000)
}
Total time for which application threads were stopped: 14.4537470 seconds
2016-09-06T16:14:32.087+0800: 1272.758: [GC [1 CMS-initial-mark: 6291455K(6291456K)] 8030133K(8039104K), 1.0918620 secs] [Times: user=1.09 sys=0.00, real=1.09 secs] 
Total time for which application threads were stopped: 1.0989370 seconds
2016-09-06T16:14:33.183+0800: 1273.854: [CMS-concurrent-mark-start]
{Heap before GC invocations=182 (full 90):
 par new generation   total 1747648K, used 1747648K [0x00000005fae00000, 0x000000067ae00000, 0x000000067ae00000)
  eden space 1398144K, 100% used [0x00000005fae00000, 0x0000000650360000, 0x0000000650360000)
  from space 349504K, 100% used [0x0000000650360000, 0x00000006658b0000, 0x00000006658b0000)
  to   space 349504K,   0% used [0x00000006658b0000, 0x00000006658b0000, 0x000000067ae00000)
 concurrent mark-sweep generation total 6291456K, used 6291456K [0x000000067ae00000, 0x00000007fae00000, 0x00000007fae00000)
 concurrent-mark-sweep perm gen total 56304K, used 33753K [0x00000007fae00000, 0x00000007fe4fc000, 0x0000000800000000)
2016-09-06T16:14:33.230+0800: 1273.902: [Full GC 1273.904: [CMS2016-09-06T16:14:35.000+0800: 1275.671: [CMS-concurrent-mark: 1.635/1.817 secs] [Times: user=6.75 sys=0.01, real=1.82 secs] 
 (concurrent mode failure): 6291456K->6291455K(6291456K), 16.0599450 secs] 8039104K->8017480K(8039104K), [CMS Perm : 33753K->33753K(56304K)], 16.0640560 secs] [Times: user=20.83 sys=0.01, real=16.06 secs] 
Heap after GC invocations=183 (full 91):
 par new generation   total 1747648K, used 1726024K [0x00000005fae00000, 0x000000067ae00000, 0x000000067ae00000)
  eden space 1398144K,  99% used [0x00000005fae00000, 0x000000065035ff90, 0x0000000650360000)
  from space 349504K,  93% used [0x0000000650360000, 0x00000006643921e8, 0x00000006658b0000)
  to   space 349504K,   0% used [0x00000006658b0000, 0x00000006658b0000, 0x000000067ae00000)
 concurrent mark-sweep generation total 6291456K, used 6291455K [0x000000067ae00000, 0x00000007fae00000, 0x00000007fae00000)
 concurrent-mark-sweep perm gen total 56304K, used 33753K [0x00000007fae00000, 0x00000007fe4fc000, 0x0000000800000000)
}
Total time for which application threads were stopped: 16.0713720 seconds
{Heap before GC invocations=183 (full 91):
 par new generation   total 1747648K, used 1747647K [0x00000005fae00000, 0x000000067ae00000, 0x000000067ae00000)
  eden space 1398144K, 100% used [0x00000005fae00000, 0x0000000650360000, 0x0000000650360000)
  from space 349504K,  99% used [0x0000000650360000, 0x00000006658afff8, 0x00000006658b0000)
  to   space 349504K,   0% used [0x00000006658b0000, 0x00000006658b0000, 0x000000067ae00000)
 concurrent mark-sweep generation total 6291456K, used 6291455K [0x000000067ae00000, 0x00000007fae00000, 0x00000007fae00000)
 concurrent-mark-sweep perm gen total 56304K, used 33753K [0x00000007fae00000, 0x00000007fe4fc000, 0x0000000800000000)
2016-09-06T16:14:49.389+0800: 1290.060: [Full GC 1290.062: [CMS: 6291455K->6291455K(6291456K), 14.4181530 secs] 8039103K->8015301K(8039104K), [CMS Perm : 33753K->33753K(56304K)], 14.4223600 secs] [Times: user=14.42 sys=0.01, real=14.42 secs] 
Heap after GC invocations=184 (full 92):
 par new generation   total 1747648K, used 1723845K [0x00000005fae00000, 0x000000067ae00000, 0x000000067ae00000)
  eden space 1398144K,  99% used [0x00000005fae00000, 0x000000065035fff8, 0x0000000650360000)
  from space 349504K,  93% used [0x0000000650360000, 0x0000000664171708, 0x00000006658b0000)
  to   space 349504K,   0% used [0x00000006658b0000, 0x00000006658b0000, 0x000000067ae00000)
 concurrent mark-sweep generation total 6291456K, used 6291455K [0x000000067ae00000, 0x00000007fae00000, 0x00000007fae00000)
 concurrent-mark-sweep perm gen total 56304K, used 33753K [0x00000007fae00000, 0x00000007fe4fc000, 0x0000000800000000)
}
Total time for which application threads were stopped: 14.4297330 seconds
2016-09-06T16:15:03.825+0800: 1304.496: [GC [1 CMS-initial-mark: 6291455K(6291456K)] 8016795K(8039104K), 1.0775240 secs] [Times: user=1.08 sys=0.00, real=1.08 secs] 
Total time for which application threads were stopped: 1.0844230 seconds
2016-09-06T16:15:04.907+0800: 1305.578: [CMS-concurrent-mark-start]
{Heap before GC invocations=184 (full 93):
 par new generation   total 1747648K, used 1747647K [0x00000005fae00000, 0x000000067ae00000, 0x000000067ae00000)
  eden space 1398144K,  99% used [0x00000005fae00000, 0x000000065035fff8, 0x0000000650360000)
  from space 349504K,  99% used [0x0000000650360000, 0x00000006658afff8, 0x00000006658b0000)
  to   space 349504K,   0% used [0x00000006658b0000, 0x00000006658b0000, 0x000000067ae00000)
 concurrent mark-sweep generation total 6291456K, used 6291456K [0x000000067ae00000, 0x00000007fae00000, 0x00000007fae00000)
 concurrent-mark-sweep perm gen total 56304K, used 33753K [0x00000007fae00000, 0x00000007fe4fc000, 0x0000000800000000)
2016-09-06T16:15:05.007+0800: 1305.678: [Full GC 1305.680: [CMS2016-09-06T16:15:06.745+0800: 1307.416: [CMS-concurrent-mark: 1.656/1.838 secs] [Times: user=6.93 sys=0.02, real=1.84 secs] 
 (concurrent mode failure): 6291456K->6291455K(6291456K), 16.1602030 secs] 8039103K->8011700K(8039104K), [CMS Perm : 33753K->33753K(56304K)], 16.1643190 secs] [Times: user=20.85 sys=0.01, real=16.16 secs] 
Heap after GC invocations=185 (full 94):
 par new generation   total 1747648K, used 1720244K [0x00000005fae00000, 0x000000067ae00000, 0x000000067ae00000)
  eden space 1398144K,  99% used [0x00000005fae00000, 0x000000065035fff8, 0x0000000650360000)
  from space 349504K,  92% used [0x0000000650360000, 0x0000000663ded2c8, 0x00000006658b0000)
  to   space 349504K,   0% used [0x00000006658b0000, 0x00000006658b0000, 0x000000067ae00000)
 concurrent mark-sweep generation total 6291456K, used 6291455K [0x000000067ae00000, 0x00000007fae00000, 0x00000007fae00000)
 concurrent-mark-sweep perm gen total 56304K, used 33753K [0x00000007fae00000, 0x00000007fe4fc000, 0x0000000800000000)
}
Total time for which application threads were stopped: 16.1717880 seconds
{Heap before GC invocations=185 (full 94):
 par new generation   total 1747648K, used 1747647K [0x00000005fae00000, 0x000000067ae00000, 0x000000067ae00000)
  eden space 1398144K,  99% used [0x00000005fae00000, 0x000000065035fff8, 0x0000000650360000)
  from space 349504K,  99% used [0x0000000650360000, 0x00000006658afff8, 0x00000006658b0000)
  to   space 349504K,   0% used [0x00000006658b0000, 0x00000006658b0000, 0x000000067ae00000)
 concurrent mark-sweep generation total 6291456K, used 6291456K [0x000000067ae00000, 0x00000007fae00000, 0x00000007fae00000)
 concurrent-mark-sweep perm gen total 56304K, used 33753K [0x00000007fae00000, 0x00000007fe4fc000, 0x0000000800000000)
2016-09-06T16:15:21.300+0800: 1321.972: [Full GC 1321.974: [CMS: 6291456K->6291455K(6291456K), 14.5271590 secs] 8039103K->8015236K(8039104K), [CMS Perm : 33753K->33753K(56304K)], 14.5313370 secs] [Times: user=14.54 sys=0.01, real=14.53 secs] 
Heap after GC invocations=186 (full 95):
 par new generation   total 1747648K, used 1723780K [0x00000005fae00000, 0x000000067ae00000, 0x000000067ae00000)
  eden space 1398144K, 100% used [0x00000005fae00000, 0x0000000650360000, 0x0000000650360000)
  from space 349504K,  93% used [0x0000000650360000, 0x0000000664161110, 0x00000006658b0000)
  to   space 349504K,   0% used [0x00000006658b0000, 0x00000006658b0000, 0x000000067ae00000)
 concurrent mark-sweep generation total 6291456K, used 6291455K [0x000000067ae00000, 0x00000007fae00000, 0x00000007fae00000)
 concurrent-mark-sweep perm gen total 56304K, used 33753K [0x00000007fae00000, 0x00000007fe4fc000, 0x0000000800000000)
}
Total time for which application threads were stopped: 14.5387770 seconds
{Heap before GC invocations=186 (full 95):
 par new generation   total 1747648K, used 1747648K [0x00000005fae00000, 0x000000067ae00000, 0x000000067ae00000)
  eden space 1398144K, 100% used [0x00000005fae00000, 0x0000000650360000, 0x0000000650360000)
  from space 349504K, 100% used [0x0000000650360000, 0x00000006658b0000, 0x00000006658b0000)
  to   space 349504K,   0% used [0x00000006658b0000, 0x00000006658b0000, 0x000000067ae00000)
 concurrent mark-sweep generation total 6291456K, used 6291456K [0x000000067ae00000, 0x00000007fae00000, 0x00000007fae00000)
 concurrent-mark-sweep perm gen total 56304K, used 33753K [0x00000007fae00000, 0x00000007fe4fc000, 0x0000000800000000)
2016-09-06T16:15:35.934+0800: 1336.605: [Full GC 1336.607: [CMS: 6291456K->6291455K(6291456K), 14.5084140 secs] 8039104K->8022666K(8039104K), [CMS Perm : 33753K->33753K(56304K)], 14.5125290 secs] [Times: user=14.52 sys=0.01, real=14.51 secs] 
Heap after GC invocations=187 (full 96):
 par new generation   total 1747648K, used 1731210K [0x00000005fae00000, 0x000000067ae00000, 0x000000067ae00000)
  eden space 1398144K,  99% used [0x00000005fae00000, 0x000000065035fff8, 0x0000000650360000)
  from space 349504K,  95% used [0x0000000650360000, 0x00000006648a2ab8, 0x00000006658b0000)
  to   space 349504K,   0% used [0x00000006658b0000, 0x00000006658b0000, 0x000000067ae00000)
 concurrent mark-sweep generation total 6291456K, used 6291455K [0x000000067ae00000, 0x00000007fae00000, 0x00000007fae00000)
 concurrent-mark-sweep perm gen total 56304K, used 33753K [0x00000007fae00000, 0x00000007fe4fc000, 0x0000000800000000)
}
Total time for which application threads were stopped: 14.5199530 seconds
2016-09-06T16:15:50.457+0800: 1351.128: [GC [1 CMS-initial-mark: 6291455K(6291456K)] 8023277K(8039104K), 1.0897120 secs] [Times: user=1.09 sys=0.00, real=1.09 secs] 
Total time for which application threads were stopped: 1.0960600 seconds
2016-09-06T16:15:51.551+0800: 1352.221: [CMS-concurrent-mark-start]
{Heap before GC invocations=187 (full 97):
 par new generation   total 1747648K, used 1747647K [0x00000005fae00000, 0x000000067ae00000, 0x000000067ae00000)
  eden space 1398144K,  99% used [0x00000005fae00000, 0x000000065035fff8, 0x0000000650360000)
  from space 349504K, 100% used [0x0000000650360000, 0x00000006658b0000, 0x00000006658b0000)
  to   space 349504K,   0% used [0x00000006658b0000, 0x00000006658b0000, 0x000000067ae00000)
 concurrent mark-sweep generation total 6291456K, used 6291456K [0x000000067ae00000, 0x00000007fae00000, 0x00000007fae00000)
 concurrent-mark-sweep perm gen total 56304K, used 33753K [0x00000007fae00000, 0x00000007fe4fc000, 0x0000000800000000)
2016-09-06T16:15:51.622+0800: 1352.294: [Full GC 1352.296: [CMS2016-09-06T16:15:53.395+0800: 1354.066: [CMS-concurrent-mark: 1.663/1.844 secs] [Times: user=6.90 sys=0.02, real=1.84 secs] 
 (concurrent mode failure): 6291456K->6291455K(6291456K), 16.0314990 secs] 8039103K->8026554K(8039104K), [CMS Perm : 33753K->33753K(56304K)], 16.0356150 secs] [Times: user=20.80 sys=0.01, real=16.03 secs] 
Heap after GC invocations=188 (full 98):
 par new generation   total 1747648K, used 1735098K [0x00000005fae00000, 0x000000067ae00000, 0x000000067ae00000)
  eden space 1398144K,  99% used [0x00000005fae00000, 0x000000065035fff0, 0x0000000650360000)
  from space 349504K,  96% used [0x0000000650360000, 0x0000000664c6ea20, 0x00000006658b0000)
  to   space 349504K,   0% used [0x00000006658b0000, 0x00000006658b0000, 0x000000067ae00000)
 concurrent mark-sweep generation total 6291456K, used 6291455K [0x000000067ae00000, 0x00000007fae00000, 0x00000007fae00000)
 concurrent-mark-sweep perm gen total 56304K, used 33753K [0x00000007fae00000, 0x00000007fe4fc000, 0x0000000800000000)
}
Total time for which application threads were stopped: 16.0428820 seconds
{Heap before GC invocations=188 (full 98):
 par new generation   total 1747648K, used 1747647K [0x00000005fae00000, 0x000000067ae00000, 0x000000067ae00000)
  eden space 1398144K, 100% used [0x00000005fae00000, 0x0000000650360000, 0x0000000650360000)
  from space 349504K,  99% used [0x0000000650360000, 0x00000006658aff70, 0x00000006658b0000)
  to   space 349504K,   0% used [0x00000006658b0000, 0x00000006658b0000, 0x000000067ae00000)
 concurrent mark-sweep generation total 6291456K, used 6291455K [0x000000067ae00000, 0x00000007fae00000, 0x00000007fae00000)
 concurrent-mark-sweep perm gen total 56304K, used 33753K [0x00000007fae00000, 0x00000007fe4fc000, 0x0000000800000000)
2016-09-06T16:16:07.734+0800: 1368.405: [Full GC 1368.407: [CMS: 6291455K->6291455K(6291456K), 14.3710870 secs] 8039103K->8030594K(8039104K), [CMS Perm : 33753K->33753K(56304K)], 14.3752240 secs] [Times: user=14.38 sys=0.01, real=14.37 secs] 
Heap after GC invocations=189 (full 99):
 par new generation   total 1747648K, used 1739138K [0x00000005fae00000, 0x000000067ae00000, 0x000000067ae00000)
  eden space 1398144K,  99% used [0x00000005fae00000, 0x000000065035fff0, 0x0000000650360000)
  from space 349504K,  97% used [0x0000000650360000, 0x0000000665060b80, 0x00000006658b0000)
  to   space 349504K,   0% used [0x00000006658b0000, 0x00000006658b0000, 0x000000067ae00000)
 concurrent mark-sweep generation total 6291456K, used 6291455K [0x000000067ae00000, 0x00000007fae00000, 0x00000007fae00000)
 concurrent-mark-sweep perm gen total 56304K, used 33753K [0x00000007fae00000, 0x00000007fe4fc000, 0x0000000800000000)
}
Total time for which application threads were stopped: 14.3824400 seconds
2016-09-06T16:16:22.129+0800: 1382.801: [GC [1 CMS-initial-mark: 6291455K(6291456K)] 8032937K(8039104K), 1.0927650 secs] [Times: user=1.09 sys=0.00, real=1.10 secs] 
Total time for which application threads were stopped: 1.0992820 seconds
2016-09-06T16:16:23.226+0800: 1383.897: [CMS-concurrent-mark-start]
{Heap before GC invocations=189 (full 100):
 par new generation   total 1747648K, used 1747648K [0x00000005fae00000, 0x000000067ae00000, 0x000000067ae00000)
  eden space 1398144K, 100% used [0x00000005fae00000, 0x0000000650360000, 0x0000000650360000)
  from space 349504K, 100% used [0x0000000650360000, 0x00000006658b0000, 0x00000006658b0000)
  to   space 349504K,   0% used [0x00000006658b0000, 0x00000006658b0000, 0x000000067ae00000)
 concurrent mark-sweep generation total 6291456K, used 6291456K [0x000000067ae00000, 0x00000007fae00000, 0x00000007fae00000)
 concurrent-mark-sweep perm gen total 56304K, used 33753K [0x00000007fae00000, 0x00000007fe4fc000, 0x0000000800000000)
2016-09-06T16:16:23.269+0800: 1383.940: [Full GC 1383.942: [CMS2016-09-06T16:16:25.059+0800: 1385.730: [CMS-concurrent-mark: 1.650/1.833 secs] [Times: user=6.80 sys=0.02, real=1.83 secs] 
 (concurrent mode failure): 6291456K->6291456K(6291456K), 16.2996390 secs] 8039104K->8029608K(8039104K), [CMS Perm : 33753K->33753K(56304K)], 16.3037500 secs] [Times: user=21.15 sys=0.02, real=16.30 secs] 
Heap after GC invocations=190 (full 101):
 par new generation   total 1747648K, used 1738152K [0x00000005fae00000, 0x000000067ae00000, 0x000000067ae00000)
  eden space 1398144K,  99% used [0x00000005fae00000, 0x000000065035ffc0, 0x0000000650360000)
  from space 349504K,  97% used [0x0000000650360000, 0x0000000664f6a2d0, 0x00000006658b0000)
  to   space 349504K,   0% used [0x00000006658b0000, 0x00000006658b0000, 0x000000067ae00000)
 concurrent mark-sweep generation total 6291456K, used 6291456K [0x000000067ae00000, 0x00000007fae00000, 0x00000007fae00000)
 concurrent-mark-sweep perm gen total 56304K, used 33753K [0x00000007fae00000, 0x00000007fe4fc000, 0x0000000800000000)
}
Total time for which application threads were stopped: 16.3110700 seconds
{Heap before GC invocations=190 (full 101):
 par new generation   total 1747648K, used 1747647K [0x00000005fae00000, 0x000000067ae00000, 0x000000067ae00000)
  eden space 1398144K, 100% used [0x00000005fae00000, 0x0000000650360000, 0x0000000650360000)
  from space 349504K,  99% used [0x0000000650360000, 0x00000006658aff98, 0x00000006658b0000)
  to   space 349504K,   0% used [0x00000006658b0000, 0x00000006658b0000, 0x000000067ae00000)
 concurrent mark-sweep generation total 6291456K, used 6291456K [0x000000067ae00000, 0x00000007fae00000, 0x00000007fae00000)
 concurrent-mark-sweep perm gen total 56304K, used 33753K [0x00000007fae00000, 0x00000007fe4fc000, 0x0000000800000000)
2016-09-06T16:16:39.631+0800: 1400.303: [Full GC 1400.305: [CMS: 6291456K->6291456K(6291456K), 14.5660950 secs] 8039103K->8025111K(8039104K), [CMS Perm : 33753K->33753K(56304K)], 14.5702780 secs] [Times: user=14.57 sys=0.00, real=14.57 secs] 
Heap after GC invocations=191 (full 102):
 par new generation   total 1747648K, used 1733655K [0x00000005fae00000, 0x000000067ae00000, 0x000000067ae00000)
  eden space 1398144K,  99% used [0x00000005fae00000, 0x000000065035ff10, 0x0000000650360000)
  from space 349504K,  95% used [0x0000000650360000, 0x0000000664b060c8, 0x00000006658b0000)
  to   space 349504K,   0% used [0x00000006658b0000, 0x00000006658b0000, 0x000000067ae00000)
 concurrent mark-sweep generation total 6291456K, used 6291456K [0x000000067ae00000, 0x00000007fae00000, 0x00000007fae00000)
 concurrent-mark-sweep perm gen total 56304K, used 33753K [0x00000007fae00000, 0x00000007fe4fc000, 0x0000000800000000)
}
Total time for which application threads were stopped: 14.5774730 seconds
2016-09-06T16:16:54.211+0800: 1414.883: [GC [1 CMS-initial-mark: 6291456K(6291456K)] 8025641K(8039104K), 1.0890180 secs] [Times: user=1.09 sys=0.01, real=1.09 secs] 
Total time for which application threads were stopped: 1.0954230 seconds
2016-09-06T16:16:55.304+0800: 1415.975: [CMS-concurrent-mark-start]
{Heap before GC invocations=191 (full 103):
 par new generation   total 1747648K, used 1747647K [0x00000005fae00000, 0x000000067ae00000, 0x000000067ae00000)
  eden space 1398144K, 100% used [0x00000005fae00000, 0x0000000650360000, 0x0000000650360000)
  from space 349504K,  99% used [0x0000000650360000, 0x00000006658afe78, 0x00000006658b0000)
  to   space 349504K,   0% used [0x00000006658b0000, 0x00000006658b0000, 0x000000067ae00000)
 concurrent mark-sweep generation total 6291456K, used 6291456K [0x000000067ae00000, 0x00000007fae00000, 0x00000007fae00000)
 concurrent-mark-sweep perm gen total 56304K, used 33754K [0x00000007fae00000, 0x00000007fe4fc000, 0x0000000800000000)
2016-09-06T16:16:55.373+0800: 1416.045: [Full GC 1416.047: [CMS2016-09-06T16:16:57.172+0800: 1417.842: [CMS-concurrent-mark: 1.686/1.867 secs] [Times: user=6.98 sys=0.01, real=1.87 secs] 
 (concurrent mode failure): 6291456K->6291456K(6291456K), 15.7311930 secs] 8039103K->8029219K(8039104K), [CMS Perm : 33754K->33754K(56304K)], 15.7350580 secs] [Times: user=20.56 sys=0.00, real=15.73 secs] 
Heap after GC invocations=192 (full 104):
 par new generation   total 1747648K, used 1737763K [0x00000005fae00000, 0x000000067ae00000, 0x000000067ae00000)
  eden space 1398144K, 100% used [0x00000005fae00000, 0x0000000650360000, 0x0000000650360000)
  from space 349504K,  97% used [0x0000000650360000, 0x0000000664f08c98, 0x00000006658b0000)
  to   space 349504K,   0% used [0x00000006658b0000, 0x00000006658b0000, 0x000000067ae00000)
 concurrent mark-sweep generation total 6291456K, used 6291456K [0x000000067ae00000, 0x00000007fae00000, 0x00000007fae00000)
 concurrent-mark-sweep perm gen total 56304K, used 33754K [0x00000007fae00000, 0x00000007fe4fc000, 0x0000000800000000)
}
Total time for which application threads were stopped: 15.7421900 seconds
{Heap before GC invocations=192 (full 104):
 par new generation   total 1747648K, used 1747648K [0x00000005fae00000, 0x000000067ae00000, 0x000000067ae00000)
  eden space 1398144K, 100% used [0x00000005fae00000, 0x0000000650360000, 0x0000000650360000)
  from space 349504K, 100% used [0x0000000650360000, 0x00000006658b0000, 0x00000006658b0000)
  to   space 349504K,   0% used [0x00000006658b0000, 0x00000006658b0000, 0x000000067ae00000)
 concurrent mark-sweep generation total 6291456K, used 6291456K [0x000000067ae00000, 0x00000007fae00000, 0x00000007fae00000)
 concurrent-mark-sweep perm gen total 56304K, used 33754K [0x00000007fae00000, 0x00000007fe4fc000, 0x0000000800000000)
2016-09-06T16:17:11.172+0800: 1431.844: [Full GC 1431.845: [CMS: 6291456K->6291455K(6291456K), 13.8414700 secs] 8039104K->8028453K(8039104K), [CMS Perm : 33754K->33754K(56304K)], 13.8452040 secs] [Times: user=13.85 sys=0.00, real=13.84 secs] 
Heap after GC invocations=193 (full 105):
 par new generation   total 1747648K, used 1736997K [0x00000005fae00000, 0x000000067ae00000, 0x000000067ae00000)
  eden space 1398144K,  99% used [0x00000005fae00000, 0x000000065035fee8, 0x0000000650360000)
  from space 349504K,  96% used [0x0000000650360000, 0x0000000664e497c8, 0x00000006658b0000)
  to   space 349504K,   0% used [0x00000006658b0000, 0x00000006658b0000, 0x000000067ae00000)
 concurrent mark-sweep generation total 6291456K, used 6291455K [0x000000067ae00000, 0x00000007fae00000, 0x00000007fae00000)
 concurrent-mark-sweep perm gen total 56304K, used 33754K [0x00000007fae00000, 0x00000007fe4fc000, 0x0000000800000000)
}
Total time for which application threads were stopped: 13.8518610 seconds
{Heap before GC invocations=193 (full 105):
 par new generation   total 1747648K, used 1747648K [0x00000005fae00000, 0x000000067ae00000, 0x000000067ae00000)
  eden space 1398144K, 100% used [0x00000005fae00000, 0x0000000650360000, 0x0000000650360000)
  from space 349504K, 100% used [0x0000000650360000, 0x00000006658b0000, 0x00000006658b0000)
  to   space 349504K,   0% used [0x00000006658b0000, 0x00000006658b0000, 0x000000067ae00000)
 concurrent mark-sweep generation total 6291456K, used 6291456K [0x000000067ae00000, 0x00000007fae00000, 0x00000007fae00000)
 concurrent-mark-sweep perm gen total 56304K, used 33754K [0x00000007fae00000, 0x00000007fe4fc000, 0x0000000800000000)
2016-09-06T16:17:25.088+0800: 1445.759: [Full GC 1445.761: [CMS: 6291456K->6291455K(6291456K), 13.8532080 secs] 8039104K->8028301K(8039104K), [CMS Perm : 33754K->33754K(56304K)], 13.8568860 secs] [Times: user=13.85 sys=0.00, real=13.86 secs] 
Heap after GC invocations=194 (full 106):
 par new generation   total 1747648K, used 1736845K [0x00000005fae00000, 0x000000067ae00000, 0x000000067ae00000)
  eden space 1398144K,  99% used [0x00000005fae00000, 0x000000065035fe20, 0x0000000650360000)
  from space 349504K,  96% used [0x0000000650360000, 0x0000000664e239d8, 0x00000006658b0000)
  to   space 349504K,   0% used [0x00000006658b0000, 0x00000006658b0000, 0x000000067ae00000)
 concurrent mark-sweep generation total 6291456K, used 6291455K [0x000000067ae00000, 0x00000007fae00000, 0x00000007fae00000)
 concurrent-mark-sweep perm gen total 56304K, used 33754K [0x00000007fae00000, 0x00000007fe4fc000, 0x0000000800000000)
}
Total time for which application threads were stopped: 13.8633130 seconds
2016-09-06T16:17:38.964+0800: 1459.636: [GC [1 CMS-initial-mark: 6291455K(6291456K)] 8030859K(8039104K), 1.0608010 secs] [Times: user=1.06 sys=0.00, real=1.07 secs] 
Total time for which application threads were stopped: 1.0669680 seconds
2016-09-06T16:17:40.029+0800: 1460.700: [CMS-concurrent-mark-start]
{Heap before GC invocations=194 (full 107):
 par new generation   total 1747648K, used 1747648K [0x00000005fae00000, 0x000000067ae00000, 0x000000067ae00000)
  eden space 1398144K, 100% used [0x00000005fae00000, 0x0000000650360000, 0x0000000650360000)
  from space 349504K, 100% used [0x0000000650360000, 0x00000006658b0000, 0x00000006658b0000)
  to   space 349504K,   0% used [0x00000006658b0000, 0x00000006658b0000, 0x000000067ae00000)
 concurrent mark-sweep generation total 6291456K, used 6291456K [0x000000067ae00000, 0x00000007fae00000, 0x00000007fae00000)
 concurrent-mark-sweep perm gen total 56304K, used 33754K [0x00000007fae00000, 0x00000007fe4fc000, 0x0000000800000000)
2016-09-06T16:17:40.094+0800: 1460.765: [Full GC 1460.767: [CMS2016-09-06T16:17:41.857+0800: 1462.528: [CMS-concurrent-mark: 1.652/1.828 secs] [Times: user=6.82 sys=0.02, real=1.83 secs] 
 (concurrent mode failure): 6291456K->6291455K(6291456K), 16.2089490 secs] 8039104K->8028843K(8039104K), [CMS Perm : 33754K->33754K(56304K)], 16.2128900 secs] [Times: user=21.02 sys=0.00, real=16.22 secs] 
Heap after GC invocations=195 (full 108):
 par new generation   total 1747648K, used 1737387K [0x00000005fae00000, 0x000000067ae00000, 0x000000067ae00000)
  eden space 1398144K,  99% used [0x00000005fae00000, 0x000000065035fff8, 0x0000000650360000)
  from space 349504K,  97% used [0x0000000650360000, 0x0000000664eaac98, 0x00000006658b0000)
  to   space 349504K,   0% used [0x00000006658b0000, 0x00000006658b0000, 0x000000067ae00000)
 concurrent mark-sweep generation total 6291456K, used 6291455K [0x000000067ae00000, 0x00000007fae00000, 0x00000007fae00000)
 concurrent-mark-sweep perm gen total 56304K, used 33754K [0x00000007fae00000, 0x00000007fe4fc000, 0x0000000800000000)
}
Total time for which application threads were stopped: 16.2195840 seconds
{Heap before GC invocations=195 (full 108):
 par new generation   total 1747648K, used 1747647K [0x00000005fae00000, 0x000000067ae00000, 0x000000067ae00000)
  eden space 1398144K,  99% used [0x00000005fae00000, 0x000000065035fff8, 0x0000000650360000)
  from space 349504K, 100% used [0x0000000650360000, 0x00000006658b0000, 0x00000006658b0000)
  to   space 349504K,   0% used [0x00000006658b0000, 0x00000006658b0000, 0x000000067ae00000)
 concurrent mark-sweep generation total 6291456K, used 6291456K [0x000000067ae00000, 0x00000007fae00000, 0x00000007fae00000)
 concurrent-mark-sweep perm gen total 56304K, used 33754K [0x00000007fae00000, 0x00000007fe4fc000, 0x0000000800000000)
2016-09-06T16:17:56.389+0800: 1477.060: [Full GC 1477.062: [CMS: 6291456K->6291455K(6291456K), 14.5029450 secs] 8039103K->8030584K(8039104K), [CMS Perm : 33754K->33754K(56304K)], 14.5070400 secs] [Times: user=14.51 sys=0.00, real=14.50 secs] 
Heap after GC invocations=196 (full 109):
 par new generation   total 1747648K, used 1739129K [0x00000005fae00000, 0x000000067ae00000, 0x000000067ae00000)
  eden space 1398144K,  99% used [0x00000005fae00000, 0x000000065035ffb8, 0x0000000650360000)
  from space 349504K,  97% used [0x0000000650360000, 0x000000066505e468, 0x00000006658b0000)
  to   space 349504K,   0% used [0x00000006658b0000, 0x00000006658b0000, 0x000000067ae00000)
 concurrent mark-sweep generation total 6291456K, used 6291455K [0x000000067ae00000, 0x00000007fae00000, 0x00000007fae00000)
 concurrent-mark-sweep perm gen total 56304K, used 33754K [0x00000007fae00000, 0x00000007fe4fc000, 0x0000000800000000)
}
Total time for which application threads were stopped: 14.5141900 seconds
2016-09-06T16:18:10.906+0800: 1491.577: [GC [1 CMS-initial-mark: 6291455K(6291456K)] 8031021K(8039104K), 1.0686070 secs] [Times: user=1.07 sys=0.00, real=1.07 secs] 
Total time for which application threads were stopped: 1.0746330 seconds
2016-09-06T16:18:11.978+0800: 1492.648: [CMS-concurrent-mark-start]
{Heap before GC invocations=196 (full 110):
 par new generation   total 1747648K, used 1747647K [0x00000005fae00000, 0x000000067ae00000, 0x000000067ae00000)
  eden space 1398144K, 100% used [0x00000005fae00000, 0x0000000650360000, 0x0000000650360000)
  from space 349504K,  99% used [0x0000000650360000, 0x00000006658afff8, 0x00000006658b0000)
  to   space 349504K,   0% used [0x00000006658b0000, 0x00000006658b0000, 0x000000067ae00000)
 concurrent mark-sweep generation total 6291456K, used 6291456K [0x000000067ae00000, 0x00000007fae00000, 0x00000007fae00000)
 concurrent-mark-sweep perm gen total 56304K, used 33754K [0x00000007fae00000, 0x00000007fe4fc000, 0x0000000800000000)
2016-09-06T16:18:12.035+0800: 1492.707: [Full GC 1492.709: [CMS2016-09-06T16:18:13.804+0800: 1494.474: [CMS-concurrent-mark: 1.657/1.826 secs] [Times: user=6.87 sys=0.02, real=1.83 secs] 
 (concurrent mode failure): 6291456K->6291455K(6291456K), 15.5360950 secs] 8039103K->8030518K(8039104K), [CMS Perm : 33754K->33754K(56304K)], 15.5398010 secs] [Times: user=20.35 sys=0.01, real=15.54 secs] 
Heap after GC invocations=197 (full 111):
 par new generation   total 1747648K, used 1739062K [0x00000005fae00000, 0x000000067ae00000, 0x000000067ae00000)
  eden space 1398144K,  99% used [0x00000005fae00000, 0x000000065035ffa8, 0x0000000650360000)
  from space 349504K,  97% used [0x0000000650360000, 0x000000066504dc50, 0x00000006658b0000)
  to   space 349504K,   0% used [0x00000006658b0000, 0x00000006658b0000, 0x000000067ae00000)
 concurrent mark-sweep generation total 6291456K, used 6291455K [0x000000067ae00000, 0x00000007fae00000, 0x00000007fae00000)
 concurrent-mark-sweep perm gen total 56304K, used 33754K [0x00000007fae00000, 0x00000007fe4fc000, 0x0000000800000000)
}
Total time for which application threads were stopped: 15.5461680 seconds
{Heap before GC invocations=197 (full 111):
 par new generation   total 1747648K, used 1747647K [0x00000005fae00000, 0x000000067ae00000, 0x000000067ae00000)
  eden space 1398144K, 100% used [0x00000005fae00000, 0x0000000650360000, 0x0000000650360000)
  from space 349504K,  99% used [0x0000000650360000, 0x00000006658afff8, 0x00000006658b0000)
  to   space 349504K,   0% used [0x00000006658b0000, 0x00000006658b0000, 0x000000067ae00000)
 concurrent mark-sweep generation total 6291456K, used 6291456K [0x000000067ae00000, 0x00000007fae00000, 0x00000007fae00000)
 concurrent-mark-sweep perm gen total 56304K, used 33754K [0x00000007fae00000, 0x00000007fe4fc000, 0x0000000800000000)
2016-09-06T16:18:27.638+0800: 1508.309: [Full GC 1508.311: [CMS: 6291456K->6291455K(6291456K), 13.1216060 secs] 8039103K->8031448K(8039104K), [CMS Perm : 33754K->33754K(56304K)], 13.1255780 secs] [Times: user=13.13 sys=0.00, real=13.13 secs] 
Heap after GC invocations=198 (full 112):
 par new generation   total 1747648K, used 1739992K [0x00000005fae00000, 0x000000067ae00000, 0x000000067ae00000)
  eden space 1398144K,  99% used [0x00000005fae00000, 0x000000065035fff0, 0x0000000650360000)
  from space 349504K,  97% used [0x0000000650360000, 0x00000006651363b8, 0x00000006658b0000)
  to   space 349504K,   0% used [0x00000006658b0000, 0x00000006658b0000, 0x000000067ae00000)
 concurrent mark-sweep generation total 6291456K, used 6291455K [0x000000067ae00000, 0x00000007fae00000, 0x00000007fae00000)
 concurrent-mark-sweep perm gen total 56304K, used 33754K [0x00000007fae00000, 0x00000007fe4fc000, 0x0000000800000000)
}
Total time for which application threads were stopped: 13.1321000 seconds
2016-09-06T16:18:40.799+0800: 1521.470: [GC [1 CMS-initial-mark: 6291455K(6291456K)] 8036900K(8039104K), 1.0952860 secs] [Times: user=1.09 sys=0.01, real=1.10 secs] 
Total time for which application threads were stopped: 1.1017940 seconds
2016-09-06T16:18:41.898+0800: 1522.569: [CMS-concurrent-mark-start]
{Heap before GC invocations=198 (full 113):
 par new generation   total 1747648K, used 1747648K [0x00000005fae00000, 0x000000067ae00000, 0x000000067ae00000)
  eden space 1398144K, 100% used [0x00000005fae00000, 0x0000000650360000, 0x0000000650360000)
  from space 349504K, 100% used [0x0000000650360000, 0x00000006658b0000, 0x00000006658b0000)
  to   space 349504K,   0% used [0x00000006658b0000, 0x00000006658b0000, 0x000000067ae00000)
 concurrent mark-sweep generation total 6291456K, used 6291456K [0x000000067ae00000, 0x00000007fae00000, 0x00000007fae00000)
 concurrent-mark-sweep perm gen total 56304K, used 33754K [0x00000007fae00000, 0x00000007fe4fc000, 0x0000000800000000)
2016-09-06T16:18:41.929+0800: 1522.601: [Full GC 1522.603: [CMS2016-09-06T16:18:43.730+0800: 1524.401: [CMS-concurrent-mark: 1.656/1.832 secs] [Times: user=6.74 sys=0.02, real=1.83 secs] 
 (concurrent mode failure): 6291456K->6291444K(6291456K), 15.7033870 secs] 8039104K->8032358K(8039104K), [CMS Perm : 33754K->33754K(56304K)], 15.7074780 secs] [Times: user=20.59 sys=0.01, real=15.71 secs] 
Heap after GC invocations=199 (full 114):
 par new generation   total 1747648K, used 1740914K [0x00000005fae00000, 0x000000067ae00000, 0x000000067ae00000)
  eden space 1398144K,  99% used [0x00000005fae00000, 0x000000065035ff78, 0x0000000650360000)
  from space 349504K,  98% used [0x0000000650360000, 0x000000066521ca48, 0x00000006658b0000)
  to   space 349504K,   0% used [0x00000006658b0000, 0x00000006658b0000, 0x000000067ae00000)
 concurrent mark-sweep generation total 6291456K, used 6291444K [0x000000067ae00000, 0x00000007fae00000, 0x00000007fae00000)
 concurrent-mark-sweep perm gen total 56304K, used 33754K [0x00000007fae00000, 0x00000007fe4fc000, 0x0000000800000000)
}
Total time for which application threads were stopped: 15.7143200 seconds
{Heap before GC invocations=199 (full 114):
 par new generation   total 1747648K, used 1747648K [0x00000005fae00000, 0x000000067ae00000, 0x000000067ae00000)
  eden space 1398144K, 100% used [0x00000005fae00000, 0x0000000650360000, 0x0000000650360000)
  from space 349504K, 100% used [0x0000000650360000, 0x00000006658b0000, 0x00000006658b0000)
  to   space 349504K,   0% used [0x00000006658b0000, 0x00000006658b0000, 0x000000067ae00000)
 concurrent mark-sweep generation total 6291456K, used 6291456K [0x000000067ae00000, 0x00000007fae00000, 0x00000007fae00000)
 concurrent-mark-sweep perm gen total 56304K, used 33754K [0x00000007fae00000, 0x00000007fe4fc000, 0x0000000800000000)
2016-09-06T16:18:57.682+0800: 1538.353: [Full GC 1538.355: [CMS: 6291456K->6291454K(6291456K), 14.3655090 secs] 8039104K->8033486K(8039104K), [CMS Perm : 33754K->33754K(56304K)], 14.3696120 secs] [Times: user=14.38 sys=0.01, real=14.37 secs] 
Heap after GC invocations=200 (full 115):
 par new generation   total 1747648K, used 1742032K [0x00000005fae00000, 0x000000067ae00000, 0x000000067ae00000)
  eden space 1398144K,  99% used [0x00000005fae00000, 0x000000065035fff8, 0x0000000650360000)
  from space 349504K,  98% used [0x0000000650360000, 0x0000000665334270, 0x00000006658b0000)
  to   space 349504K,   0% used [0x00000006658b0000, 0x00000006658b0000, 0x000000067ae00000)
 concurrent mark-sweep generation total 6291456K, used 6291454K [0x000000067ae00000, 0x00000007fae00000, 0x00000007fae00000)
 concurrent-mark-sweep perm gen total 56304K, used 33754K [0x00000007fae00000, 0x00000007fe4fc000, 0x0000000800000000)
}
Total time for which application threads were stopped: 14.3766620 seconds
2016-09-06T16:19:12.081+0800: 1552.752: [GC [1 CMS-initial-mark: 6291454K(6291456K)] 8037423K(8039104K), 1.0955560 secs] [Times: user=1.10 sys=0.00, real=1.09 secs] 
Total time for which application threads were stopped: 1.1021040 seconds
2016-09-06T16:19:13.180+0800: 1553.851: [CMS-concurrent-mark-start]
{Heap before GC invocations=200 (full 116):
 par new generation   total 1747648K, used 1747647K [0x00000005fae00000, 0x000000067ae00000, 0x000000067ae00000)
  eden space 1398144K,  99% used [0x00000005fae00000, 0x000000065035fff8, 0x0000000650360000)
  from space 349504K,  99% used [0x0000000650360000, 0x00000006658afff8, 0x00000006658b0000)
  to   space 349504K,   0% used [0x00000006658b0000, 0x00000006658b0000, 0x000000067ae00000)
 concurrent mark-sweep generation total 6291456K, used 6291456K [0x000000067ae00000, 0x00000007fae00000, 0x00000007fae00000)
 concurrent-mark-sweep perm gen total 56304K, used 33754K [0x00000007fae00000, 0x00000007fe4fc000, 0x0000000800000000)
2016-09-06T16:19:13.193+0800: 1553.865: [Full GC 1553.867: [CMS2016-09-06T16:19:14.991+0800: 1555.661: [CMS-concurrent-mark: 1.636/1.810 secs] [Times: user=6.72 sys=0.01, real=1.81 secs] 
 (concurrent mode failure): 6291456K->6291455K(6291456K), 16.1243860 secs] 8039103K->8033415K(8039104K), [CMS Perm : 33754K->33754K(56304K)], 16.1284850 secs] [Times: user=21.01 sys=0.01, real=16.13 secs] 
Heap after GC invocations=201 (full 117):
 par new generation   total 1747648K, used 1741959K [0x00000005fae00000, 0x000000067ae00000, 0x000000067ae00000)
  eden space 1398144K,  99% used [0x00000005fae00000, 0x000000065035ffe0, 0x0000000650360000)
  from space 349504K,  98% used [0x0000000650360000, 0x0000000665321f78, 0x00000006658b0000)
  to   space 349504K,   0% used [0x00000006658b0000, 0x00000006658b0000, 0x000000067ae00000)
 concurrent mark-sweep generation total 6291456K, used 6291455K [0x000000067ae00000, 0x00000007fae00000, 0x00000007fae00000)
 concurrent-mark-sweep perm gen total 56304K, used 33754K [0x00000007fae00000, 0x00000007fe4fc000, 0x0000000800000000)
}
Total time for which application threads were stopped: 16.1353450 seconds
{Heap before GC invocations=201 (full 117):
 par new generation   total 1747648K, used 1747648K [0x00000005fae00000, 0x000000067ae00000, 0x000000067ae00000)
  eden space 1398144K, 100% used [0x00000005fae00000, 0x0000000650360000, 0x0000000650360000)
  from space 349504K, 100% used [0x0000000650360000, 0x00000006658b0000, 0x00000006658b0000)
  to   space 349504K,   0% used [0x00000006658b0000, 0x00000006658b0000, 0x000000067ae00000)
 concurrent mark-sweep generation total 6291456K, used 6291456K [0x000000067ae00000, 0x00000007fae00000, 0x00000007fae00000)
 concurrent-mark-sweep perm gen total 56304K, used 33754K [0x00000007fae00000, 0x00000007fe4fc000, 0x0000000800000000)
2016-09-06T16:19:29.360+0800: 1570.031: [Full GC 1570.033: [CMS: 6291456K->6291455K(6291456K), 14.5409370 secs] 8039104K->8034354K(8039104K), [CMS Perm : 33754K->33754K(56304K)], 14.5450500 secs] [Times: user=14.55 sys=0.01, real=14.55 secs] 
Heap after GC invocations=202 (full 118):
 par new generation   total 1747648K, used 1742898K [0x00000005fae00000, 0x000000067ae00000, 0x000000067ae00000)
  eden space 1398144K,  99% used [0x00000005fae00000, 0x000000065035fff8, 0x0000000650360000)
  from space 349504K,  98% used [0x0000000650360000, 0x000000066540cba8, 0x00000006658b0000)
  to   space 349504K,   0% used [0x00000006658b0000, 0x00000006658b0000, 0x000000067ae00000)
 concurrent mark-sweep generation total 6291456K, used 6291455K [0x000000067ae00000, 0x00000007fae00000, 0x00000007fae00000)
 concurrent-mark-sweep perm gen total 56304K, used 33754K [0x00000007fae00000, 0x00000007fe4fc000, 0x0000000800000000)
}
Total time for which application threads were stopped: 14.5522080 seconds
2016-09-06T16:19:43.918+0800: 1584.589: [GC [1 CMS-initial-mark: 6291455K(6291456K)] 8035416K(8039104K), 1.0982160 secs] [Times: user=1.10 sys=0.00, real=1.10 secs] 
Total time for which application threads were stopped: 1.1045960 seconds
2016-09-06T16:19:45.020+0800: 1585.691: [CMS-concurrent-mark-start]
{Heap before GC invocations=202 (full 119):
 par new generation   total 1747648K, used 1747647K [0x00000005fae00000, 0x000000067ae00000, 0x000000067ae00000)
  eden space 1398144K,  99% used [0x00000005fae00000, 0x000000065035fff8, 0x0000000650360000)
  from space 349504K,  99% used [0x0000000650360000, 0x00000006658aff98, 0x00000006658b0000)
  to   space 349504K,   0% used [0x00000006658b0000, 0x00000006658b0000, 0x000000067ae00000)
 concurrent mark-sweep generation total 6291456K, used 6291455K [0x000000067ae00000, 0x00000007fae00000, 0x00000007fae00000)
 concurrent-mark-sweep perm gen total 56304K, used 33754K [0x00000007fae00000, 0x00000007fe4fc000, 0x0000000800000000)
2016-09-06T16:19:45.048+0800: 1585.720: [Full GC 1585.722: [CMS2016-09-06T16:19:46.839+0800: 1587.510: [CMS-concurrent-mark: 1.644/1.819 secs] [Times: user=6.78 sys=0.01, real=1.82 secs] 
 (concurrent mode failure): 6291455K->6291455K(6291456K), 15.3049390 secs] 8039103K->8035433K(8039104K), [CMS Perm : 33754K->33754K(56304K)], 15.3090310 secs] [Times: user=20.18 sys=0.00, real=15.31 secs] 
Heap after GC invocations=203 (full 120):
 par new generation   total 1747648K, used 1743978K [0x00000005fae00000, 0x000000067ae00000, 0x000000067ae00000)
  eden space 1398144K,  99% used [0x00000005fae00000, 0x000000065035ffe8, 0x0000000650360000)
  from space 349504K,  98% used [0x0000000650360000, 0x000000066551a850, 0x00000006658b0000)
  to   space 349504K,   0% used [0x00000006658b0000, 0x00000006658b0000, 0x000000067ae00000)
 concurrent mark-sweep generation total 6291456K, used 6291455K [0x000000067ae00000, 0x00000007fae00000, 0x00000007fae00000)
 concurrent-mark-sweep perm gen total 56304K, used 33754K [0x00000007fae00000, 0x00000007fe4fc000, 0x0000000800000000)
}
Total time for which application threads were stopped: 15.3163510 seconds
{Heap before GC invocations=203 (full 120):
 par new generation   total 1747648K, used 1747647K [0x00000005fae00000, 0x000000067ae00000, 0x000000067ae00000)
  eden space 1398144K,  99% used [0x00000005fae00000, 0x000000065035fff8, 0x0000000650360000)
  from space 349504K,  99% used [0x0000000650360000, 0x00000006658affe8, 0x00000006658b0000)
  to   space 349504K,   0% used [0x00000006658b0000, 0x00000006658b0000, 0x000000067ae00000)
 concurrent mark-sweep generation total 6291456K, used 6291455K [0x000000067ae00000, 0x00000007fae00000, 0x00000007fae00000)
 concurrent-mark-sweep perm gen total 56304K, used 33754K [0x00000007fae00000, 0x00000007fe4fc000, 0x0000000800000000)
2016-09-06T16:20:00.383+0800: 1601.054: [Full GC 1601.056: [CMS: 6291455K->6291455K(6291456K), 14.5759610 secs] 8039103K->8036140K(8039104K), [CMS Perm : 33754K->33754K(56304K)], 14.5800670 secs] [Times: user=14.59 sys=0.01, real=14.58 secs] 
Heap after GC invocations=204 (full 121):
 par new generation   total 1747648K, used 1744684K [0x00000005fae00000, 0x000000067ae00000, 0x000000067ae00000)
  eden space 1398144K,  99% used [0x00000005fae00000, 0x000000065035fff8, 0x0000000650360000)
  from space 349504K,  99% used [0x0000000650360000, 0x00000006655cb208, 0x00000006658b0000)
  to   space 349504K,   0% used [0x00000006658b0000, 0x00000006658b0000, 0x000000067ae00000)
 concurrent mark-sweep generation total 6291456K, used 6291455K [0x000000067ae00000, 0x00000007fae00000, 0x00000007fae00000)
 concurrent-mark-sweep perm gen total 56304K, used 33754K [0x00000007fae00000, 0x00000007fe4fc000, 0x0000000800000000)
}
Total time for which application threads were stopped: 14.5871770 seconds
2016-09-06T16:20:14.993+0800: 1615.665: [GC [1 CMS-initial-mark: 6291455K(6291456K)] 8039103K(8039104K), 1.1009350 secs] [Times: user=1.10 sys=0.00, real=1.10 secs] 
Total time for which application threads were stopped: 1.1146400 seconds
2016-09-06T16:20:16.098+0800: 1616.769: [CMS-concurrent-mark-start]
{Heap before GC invocations=204 (full 122):
 par new generation   total 1747648K, used 1747647K [0x00000005fae00000, 0x000000067ae00000, 0x000000067ae00000)
  eden space 1398144K,  99% used [0x00000005fae00000, 0x000000065035fff8, 0x0000000650360000)
  from space 349504K,  99% used [0x0000000650360000, 0x00000006658afff0, 0x00000006658b0000)
  to   space 349504K,   0% used [0x00000006658b0000, 0x00000006658b0000, 0x000000067ae00000)
 concurrent mark-sweep generation total 6291456K, used 6291456K [0x000000067ae00000, 0x00000007fae00000, 0x00000007fae00000)
 concurrent-mark-sweep perm gen total 56304K, used 33754K [0x00000007fae00000, 0x00000007fe4fc000, 0x0000000800000000)
2016-09-06T16:20:16.102+0800: 1616.774: [Full GC 1616.775: [CMS2016-09-06T16:20:17.959+0800: 1618.630: [CMS-concurrent-mark: 1.686/1.861 secs] [Times: user=6.72 sys=0.00, real=1.87 secs] 
 (concurrent mode failure): 6291456K->6291455K(6291456K), 16.3389800 secs] 8039103K->8036549K(8039104K), [CMS Perm : 33754K->33754K(56304K)], 16.3430330 secs] [Times: user=21.21 sys=0.01, real=16.34 secs] 
Heap after GC invocations=205 (full 123):
 par new generation   total 1747648K, used 1745093K [0x00000005fae00000, 0x000000067ae00000, 0x000000067ae00000)
  eden space 1398144K,  99% used [0x00000005fae00000, 0x000000065035ffa8, 0x0000000650360000)
  from space 349504K,  99% used [0x0000000650360000, 0x0000000665631580, 0x00000006658b0000)
  to   space 349504K,   0% used [0x00000006658b0000, 0x00000006658b0000, 0x000000067ae00000)
 concurrent mark-sweep generation total 6291456K, used 6291455K [0x000000067ae00000, 0x00000007fae00000, 0x00000007fae00000)
 concurrent-mark-sweep perm gen total 56304K, used 33754K [0x00000007fae00000, 0x00000007fe4fc000, 0x0000000800000000)
}
Total time for which application threads were stopped: 16.3490590 seconds
{Heap before GC invocations=205 (full 123):
 par new generation   total 1747648K, used 1747647K [0x00000005fae00000, 0x000000067ae00000, 0x000000067ae00000)
  eden space 1398144K, 100% used [0x00000005fae00000, 0x0000000650360000, 0x0000000650360000)
  from space 349504K,  99% used [0x0000000650360000, 0x00000006658affc0, 0x00000006658b0000)
  to   space 349504K,   0% used [0x00000006658b0000, 0x00000006658b0000, 0x000000067ae00000)
 concurrent mark-sweep generation total 6291456K, used 6291455K [0x000000067ae00000, 0x00000007fae00000, 0x00000007fae00000)
 concurrent-mark-sweep perm gen total 56304K, used 33754K [0x00000007fae00000, 0x00000007fe4fc000, 0x0000000800000000)
2016-09-06T16:20:32.466+0800: 1633.137: [Full GC 1633.139: [CMS: 6291455K->6291455K(6291456K), 14.3787100 secs] 8039103K->8036828K(8039104K), [CMS Perm : 33754K->33754K(56304K)], 14.3827850 secs] [Times: user=14.38 sys=0.01, real=14.38 secs] 
Heap after GC invocations=206 (full 124):
 par new generation   total 1747648K, used 1745372K [0x00000005fae00000, 0x000000067ae00000, 0x000000067ae00000)
  eden space 1398144K,  99% used [0x00000005fae00000, 0x000000065035ffc8, 0x0000000650360000)
  from space 349504K,  99% used [0x0000000650360000, 0x0000000665677190, 0x00000006658b0000)
  to   space 349504K,   0% used [0x00000006658b0000, 0x00000006658b0000, 0x000000067ae00000)
 concurrent mark-sweep generation total 6291456K, used 6291455K [0x000000067ae00000, 0x00000007fae00000, 0x00000007fae00000)
 concurrent-mark-sweep perm gen total 56304K, used 33754K [0x00000007fae00000, 0x00000007fe4fc000, 0x0000000800000000)
}
Total time for which application threads were stopped: 14.3896600 seconds
2016-09-06T16:20:46.864+0800: 1647.536: [GC [1 CMS-initial-mark: 6291455K(6291456K)] 8038455K(8039104K), 1.1000260 secs] [Times: user=1.10 sys=0.00, real=1.10 secs] 
Total time for which application threads were stopped: 1.1064120 seconds
2016-09-06T16:20:47.969+0800: 1648.640: [CMS-concurrent-mark-start]
{Heap before GC invocations=206 (full 125):
 par new generation   total 1747648K, used 1747648K [0x00000005fae00000, 0x000000067ae00000, 0x000000067ae00000)
  eden space 1398144K, 100% used [0x00000005fae00000, 0x0000000650360000, 0x0000000650360000)
  from space 349504K, 100% used [0x0000000650360000, 0x00000006658b0000, 0x00000006658b0000)
  to   space 349504K,   0% used [0x00000006658b0000, 0x00000006658b0000, 0x000000067ae00000)
 concurrent mark-sweep generation total 6291456K, used 6291456K [0x000000067ae00000, 0x00000007fae00000, 0x00000007fae00000)
 concurrent-mark-sweep perm gen total 56304K, used 33754K [0x00000007fae00000, 0x00000007fe4fc000, 0x0000000800000000)
2016-09-06T16:20:47.981+0800: 1648.652: [Full GC 1648.654: [CMS2016-09-06T16:20:49.918+0800: 1650.589: [CMS-concurrent-mark: 1.774/1.949 secs] [Times: user=6.73 sys=0.00, real=1.95 secs] 
 (concurrent mode failure): 6291456K->6291455K(6291456K), 16.3159430 secs] 8039104K->8037131K(8039104K), [CMS Perm : 33754K->33754K(56304K)], 16.3200060 secs] [Times: user=21.09 sys=0.01, real=16.32 secs] 
Heap after GC invocations=207 (full 126):
 par new generation   total 1747648K, used 1745675K [0x00000005fae00000, 0x000000067ae00000, 0x000000067ae00000)
  eden space 1398144K,  99% used [0x00000005fae00000, 0x000000065035fff0, 0x0000000650360000)
  from space 349504K,  99% used [0x0000000650360000, 0x00000006656c2d48, 0x00000006658b0000)
  to   space 349504K,   0% used [0x00000006658b0000, 0x00000006658b0000, 0x000000067ae00000)
 concurrent mark-sweep generation total 6291456K, used 6291455K [0x000000067ae00000, 0x00000007fae00000, 0x00000007fae00000)
 concurrent-mark-sweep perm gen total 56304K, used 33754K [0x00000007fae00000, 0x00000007fe4fc000, 0x0000000800000000)
}
Total time for which application threads were stopped: 16.3266260 seconds
{Heap before GC invocations=207 (full 126):
 par new generation   total 1747648K, used 1747648K [0x00000005fae00000, 0x000000067ae00000, 0x000000067ae00000)
  eden space 1398144K, 100% used [0x00000005fae00000, 0x0000000650360000, 0x0000000650360000)
  from space 349504K, 100% used [0x0000000650360000, 0x00000006658b0000, 0x00000006658b0000)
  to   space 349504K,   0% used [0x00000006658b0000, 0x00000006658b0000, 0x000000067ae00000)
 concurrent mark-sweep generation total 6291456K, used 6291455K [0x000000067ae00000, 0x00000007fae00000, 0x00000007fae00000)
 concurrent-mark-sweep perm gen total 56304K, used 33754K [0x00000007fae00000, 0x00000007fe4fc000, 0x0000000800000000)
2016-09-06T16:21:04.320+0800: 1664.991: [Full GC 1664.993: [CMS: 6291455K->6291455K(6291456K), 14.3891640 secs] 8039103K->8037586K(8039104K), [CMS Perm : 33754K->33754K(56304K)], 14.3932090 secs] [Times: user=14.40 sys=0.01, real=14.39 secs] 
Heap after GC invocations=208 (full 127):
 par new generation   total 1747648K, used 1746130K [0x00000005fae00000, 0x000000067ae00000, 0x000000067ae00000)
  eden space 1398144K, 100% used [0x00000005fae00000, 0x0000000650360000, 0x0000000650360000)
  from space 349504K,  99% used [0x0000000650360000, 0x0000000665734a70, 0x00000006658b0000)
  to   space 349504K,   0% used [0x00000006658b0000, 0x00000006658b0000, 0x000000067ae00000)
 concurrent mark-sweep generation total 6291456K, used 6291455K [0x000000067ae00000, 0x00000007fae00000, 0x00000007fae00000)
 concurrent-mark-sweep perm gen total 56304K, used 33754K [0x00000007fae00000, 0x00000007fe4fc000, 0x0000000800000000)
}
Total time for which application threads were stopped: 14.3997120 seconds
2016-09-06T16:21:18.723+0800: 1679.395: [GC [1 CMS-initial-mark: 6291455K(6291456K)] 8038286K(8039104K), 1.0998800 secs] [Times: user=1.10 sys=0.00, real=1.10 secs] 
Total time for which application threads were stopped: 1.1061700 seconds
2016-09-06T16:21:19.828+0800: 1680.498: [CMS-concurrent-mark-start]
{Heap before GC invocations=208 (full 128):
 par new generation   total 1747648K, used 1747647K [0x00000005fae00000, 0x000000067ae00000, 0x000000067ae00000)
  eden space 1398144K, 100% used [0x00000005fae00000, 0x0000000650360000, 0x0000000650360000)
  from space 349504K,  99% used [0x0000000650360000, 0x00000006658affb8, 0x00000006658b0000)
  to   space 349504K,   0% used [0x00000006658b0000, 0x00000006658b0000, 0x000000067ae00000)
 concurrent mark-sweep generation total 6291456K, used 6291455K [0x000000067ae00000, 0x00000007fae00000, 0x00000007fae00000)
 concurrent-mark-sweep perm gen total 56304K, used 33754K [0x00000007fae00000, 0x00000007fe4fc000, 0x0000000800000000)
2016-09-06T16:21:19.834+0800: 1680.505: [Full GC 1680.507: [CMS2016-09-06T16:21:21.637+0800: 1682.308: [CMS-concurrent-mark: 1.641/1.809 secs] [Times: user=6.73 sys=0.01, real=1.81 secs] 
 (concurrent mode failure): 6291455K->6291455K(6291456K), 15.6815020 secs] 8039103K->8036410K(8039104K), [CMS Perm : 33754K->33754K(56304K)], 15.6852180 secs] [Times: user=20.59 sys=0.01, real=15.68 secs] 
Heap after GC invocations=209 (full 129):
 par new generation   total 1747648K, used 1744954K [0x00000005fae00000, 0x000000067ae00000, 0x000000067ae00000)
  eden space 1398144K,  99% used [0x00000005fae00000, 0x000000065035ffa0, 0x0000000650360000)
  from space 349504K,  99% used [0x0000000650360000, 0x000000066560e9a8, 0x00000006658b0000)
  to   space 349504K,   0% used [0x00000006658b0000, 0x00000006658b0000, 0x000000067ae00000)
 concurrent mark-sweep generation total 6291456K, used 6291455K [0x000000067ae00000, 0x00000007fae00000, 0x00000007fae00000)
 concurrent-mark-sweep perm gen total 56304K, used 33754K [0x00000007fae00000, 0x00000007fe4fc000, 0x0000000800000000)
}
Total time for which application threads were stopped: 15.6915400 seconds
{Heap before GC invocations=209 (full 129):
 par new generation   total 1747648K, used 1747648K [0x00000005fae00000, 0x000000067ae00000, 0x000000067ae00000)
  eden space 1398144K, 100% used [0x00000005fae00000, 0x0000000650360000, 0x0000000650360000)
  from space 349504K, 100% used [0x0000000650360000, 0x00000006658b0000, 0x00000006658b0000)
  to   space 349504K,   0% used [0x00000006658b0000, 0x00000006658b0000, 0x000000067ae00000)
 concurrent mark-sweep generation total 6291456K, used 6291456K [0x000000067ae00000, 0x00000007fae00000, 0x00000007fae00000)
 concurrent-mark-sweep perm gen total 56304K, used 33754K [0x00000007fae00000, 0x00000007fe4fc000, 0x0000000800000000)
2016-09-06T16:21:35.540+0800: 1696.212: [Full GC 1696.213: [CMS: 6291456K->6291455K(6291456K), 13.8174260 secs] 8039104K->8036748K(8039104K), [CMS Perm : 33754K->33754K(56304K)], 13.8211620 secs] [Times: user=13.83 sys=0.00, real=13.82 secs] 
Heap after GC invocations=210 (full 130):
 par new generation   total 1747648K, used 1745292K [0x00000005fae00000, 0x000000067ae00000, 0x000000067ae00000)
  eden space 1398144K,  99% used [0x00000005fae00000, 0x000000065035ffe8, 0x0000000650360000)
  from space 349504K,  99% used [0x0000000650360000, 0x00000006656632f0, 0x00000006658b0000)
  to   space 349504K,   0% used [0x00000006658b0000, 0x00000006658b0000, 0x000000067ae00000)
 concurrent mark-sweep generation total 6291456K, used 6291455K [0x000000067ae00000, 0x00000007fae00000, 0x00000007fae00000)
 concurrent-mark-sweep perm gen total 56304K, used 33754K [0x00000007fae00000, 0x00000007fe4fc000, 0x0000000800000000)
}
Total time for which application threads were stopped: 13.8272610 seconds
2016-09-06T16:21:49.372+0800: 1710.044: [GC [1 CMS-initial-mark: 6291455K(6291456K)] 8037719K(8039104K), 1.0602950 secs] [Times: user=1.06 sys=0.00, real=1.07 secs] 
Total time for which application threads were stopped: 1.0660360 seconds
2016-09-06T16:21:50.436+0800: 1711.107: [CMS-concurrent-mark-start]
{Heap before GC invocations=210 (full 131):
 par new generation   total 1747648K, used 1747647K [0x00000005fae00000, 0x000000067ae00000, 0x000000067ae00000)
  eden space 1398144K, 100% used [0x00000005fae00000, 0x0000000650360000, 0x0000000650360000)
  from space 349504K,  99% used [0x0000000650360000, 0x00000006658afff8, 0x00000006658b0000)
  to   space 349504K,   0% used [0x00000006658b0000, 0x00000006658b0000, 0x000000067ae00000)
 concurrent mark-sweep generation total 6291456K, used 6291456K [0x000000067ae00000, 0x00000007fae00000, 0x00000007fae00000)
 concurrent-mark-sweep perm gen total 56304K, used 33754K [0x00000007fae00000, 0x00000007fe4fc000, 0x0000000800000000)
2016-09-06T16:21:50.448+0800: 1711.119: [Full GC 1711.121: [CMS2016-09-06T16:21:52.235+0800: 1712.905: [CMS-concurrent-mark: 1.630/1.798 secs] [Times: user=6.65 sys=0.01, real=1.80 secs] 
 (concurrent mode failure): 6291456K->6291455K(6291456K), 15.5548750 secs] 8039103K->8034511K(8039104K), [CMS Perm : 33754K->33754K(56304K)], 15.5585850 secs] [Times: user=20.38 sys=0.01, real=15.56 secs] 
Heap after GC invocations=211 (full 132):
 par new generation   total 1747648K, used 1743055K [0x00000005fae00000, 0x000000067ae00000, 0x000000067ae00000)
  eden space 1398144K,  99% used [0x00000005fae00000, 0x000000065035ff88, 0x0000000650360000)
  from space 349504K,  98% used [0x0000000650360000, 0x0000000665433ff0, 0x00000006658b0000)
  to   space 349504K,   0% used [0x00000006658b0000, 0x00000006658b0000, 0x000000067ae00000)
 concurrent mark-sweep generation total 6291456K, used 6291455K [0x000000067ae00000, 0x00000007fae00000, 0x00000007fae00000)
 concurrent-mark-sweep perm gen total 56304K, used 33754K [0x00000007fae00000, 0x00000007fe4fc000, 0x0000000800000000)
}
Total time for which application threads were stopped: 15.5647500 seconds
{Heap before GC invocations=211 (full 132):
 par new generation   total 1747648K, used 1747647K [0x00000005fae00000, 0x000000067ae00000, 0x000000067ae00000)
  eden space 1398144K,  99% used [0x00000005fae00000, 0x000000065035fff8, 0x0000000650360000)
  from space 349504K,  99% used [0x0000000650360000, 0x00000006658afff8, 0x00000006658b0000)
  to   space 349504K,   0% used [0x00000006658b0000, 0x00000006658b0000, 0x000000067ae00000)
 concurrent mark-sweep generation total 6291456K, used 6291456K [0x000000067ae00000, 0x00000007fae00000, 0x00000007fae00000)
 concurrent-mark-sweep perm gen total 56304K, used 33754K [0x00000007fae00000, 0x00000007fe4fc000, 0x0000000800000000)
2016-09-06T16:22:06.037+0800: 1726.709: [Full GC 1726.710: [CMS: 6291456K->6291455K(6291456K), 13.6373440 secs] 8039103K->8034459K(8039104K), [CMS Perm : 33754K->33754K(56304K)], 13.6410720 secs] [Times: user=13.64 sys=0.00, real=13.64 secs] 
Heap after GC invocations=212 (full 133):
 par new generation   total 1747648K, used 1743003K [0x00000005fae00000, 0x000000067ae00000, 0x000000067ae00000)
  eden space 1398144K,  99% used [0x00000005fae00000, 0x000000065035fba0, 0x0000000650360000)
  from space 349504K,  98% used [0x0000000650360000, 0x0000000665427180, 0x00000006658b0000)
  to   space 349504K,   0% used [0x00000006658b0000, 0x00000006658b0000, 0x000000067ae00000)
 concurrent mark-sweep generation total 6291456K, used 6291455K [0x000000067ae00000, 0x00000007fae00000, 0x00000007fae00000)
 concurrent-mark-sweep perm gen total 56304K, used 33754K [0x00000007fae00000, 0x00000007fe4fc000, 0x0000000800000000)
}
Total time for which application threads were stopped: 13.6473050 seconds
{Heap before GC invocations=212 (full 133):
 par new generation   total 1747648K, used 1747648K [0x00000005fae00000, 0x000000067ae00000, 0x000000067ae00000)
  eden space 1398144K, 100% used [0x00000005fae00000, 0x0000000650360000, 0x0000000650360000)
  from space 349504K, 100% used [0x0000000650360000, 0x00000006658b0000, 0x00000006658b0000)
  to   space 349504K,   0% used [0x00000006658b0000, 0x00000006658b0000, 0x000000067ae00000)
 concurrent mark-sweep generation total 6291456K, used 6291456K [0x000000067ae00000, 0x00000007fae00000, 0x00000007fae00000)
 concurrent-mark-sweep perm gen total 56304K, used 33754K [0x00000007fae00000, 0x00000007fe4fc000, 0x0000000800000000)
2016-09-06T16:22:19.710+0800: 1740.382: [Full GC 1740.384: [CMS: 6291456K->6291455K(6291456K), 13.6846350 secs] 8039104K->8034359K(8039104K), [CMS Perm : 33754K->33754K(56304K)], 13.6883830 secs] [Times: user=13.70 sys=0.00, real=13.69 secs] 
Heap after GC invocations=213 (full 134):
 par new generation   total 1747648K, used 1742903K [0x00000005fae00000, 0x000000067ae00000, 0x000000067ae00000)
  eden space 1398144K,  99% used [0x00000005fae00000, 0x000000065035ffe8, 0x0000000650360000)
  from space 349504K,  98% used [0x0000000650360000, 0x000000066540dd00, 0x00000006658b0000)
  to   space 349504K,   0% used [0x00000006658b0000, 0x00000006658b0000, 0x000000067ae00000)
 concurrent mark-sweep generation total 6291456K, used 6291455K [0x000000067ae00000, 0x00000007fae00000, 0x00000007fae00000)
 concurrent-mark-sweep perm gen total 56304K, used 33754K [0x00000007fae00000, 0x00000007fe4fc000, 0x0000000800000000)
}
Total time for which application threads were stopped: 13.6946250 seconds
2016-09-06T16:22:33.406+0800: 1754.077: [GC [1 CMS-initial-mark: 6291455K(6291456K)] 8034536K(8039104K), 1.0581160 secs] [Times: user=1.06 sys=0.00, real=1.06 secs] 
Total time for which application threads were stopped: 1.0637650 seconds
2016-09-06T16:22:34.468+0800: 1755.138: [CMS-concurrent-mark-start]
{Heap before GC invocations=213 (full 135):
 par new generation   total 1747648K, used 1747648K [0x00000005fae00000, 0x000000067ae00000, 0x000000067ae00000)
  eden space 1398144K, 100% used [0x00000005fae00000, 0x0000000650360000, 0x0000000650360000)
  from space 349504K, 100% used [0x0000000650360000, 0x00000006658b0000, 0x00000006658b0000)
  to   space 349504K,   0% used [0x00000006658b0000, 0x00000006658b0000, 0x000000067ae00000)
 concurrent mark-sweep generation total 6291456K, used 6291456K [0x000000067ae00000, 0x00000007fae00000, 0x00000007fae00000)
 concurrent-mark-sweep perm gen total 56304K, used 33754K [0x00000007fae00000, 0x00000007fe4fc000, 0x0000000800000000)
2016-09-06T16:22:34.496+0800: 1755.168: [Full GC 1755.170: [CMS2016-09-06T16:22:36.266+0800: 1756.937: [CMS-concurrent-mark: 1.629/1.798 secs] [Times: user=6.71 sys=0.01, real=1.80 secs] 
 (concurrent mode failure): 6291456K->6291455K(6291456K), 16.2425760 secs] 8039104K->8033024K(8039104K), [CMS Perm : 33754K->33754K(56304K)], 16.2465080 secs] [Times: user=21.06 sys=0.01, real=16.25 secs] 
Heap after GC invocations=214 (full 136):
 par new generation   total 1747648K, used 1741568K [0x00000005fae00000, 0x000000067ae00000, 0x000000067ae00000)
  eden space 1398144K,  99% used [0x00000005fae00000, 0x000000065035fff8, 0x0000000650360000)
  from space 349504K,  98% used [0x0000000650360000, 0x00000006652c03f0, 0x00000006658b0000)
  to   space 349504K,   0% used [0x00000006658b0000, 0x00000006658b0000, 0x000000067ae00000)
 concurrent mark-sweep generation total 6291456K, used 6291455K [0x000000067ae00000, 0x00000007fae00000, 0x00000007fae00000)
 concurrent-mark-sweep perm gen total 56304K, used 33754K [0x00000007fae00000, 0x00000007fe4fc000, 0x0000000800000000)
}
Total time for which application threads were stopped: 16.2532810 seconds
{Heap before GC invocations=214 (full 136):
 par new generation   total 1747648K, used 1747647K [0x00000005fae00000, 0x000000067ae00000, 0x000000067ae00000)
  eden space 1398144K,  99% used [0x00000005fae00000, 0x000000065035fff8, 0x0000000650360000)
  from space 349504K,  99% used [0x0000000650360000, 0x00000006658afeb8, 0x00000006658b0000)
  to   space 349504K,   0% used [0x00000006658b0000, 0x00000006658b0000, 0x000000067ae00000)
 concurrent mark-sweep generation total 6291456K, used 6291455K [0x000000067ae00000, 0x00000007fae00000, 0x00000007fae00000)
 concurrent-mark-sweep perm gen total 56304K, used 33754K [0x00000007fae00000, 0x00000007fe4fc000, 0x0000000800000000)
2016-09-06T16:22:50.781+0800: 1771.453: [Full GC 1771.455: [CMS: 6291455K->6291455K(6291456K), 14.3835600 secs] 8039103K->8034618K(8039104K), [CMS Perm : 33754K->33754K(56304K)], 14.3876510 secs] [Times: user=14.40 sys=0.00, real=14.38 secs] 
Heap after GC invocations=215 (full 137):
 par new generation   total 1747648K, used 1743163K [0x00000005fae00000, 0x000000067ae00000, 0x000000067ae00000)
  eden space 1398144K,  99% used [0x00000005fae00000, 0x000000065035fff8, 0x0000000650360000)
  from space 349504K,  98% used [0x0000000650360000, 0x000000066544ec28, 0x00000006658b0000)
  to   space 349504K,   0% used [0x00000006658b0000, 0x00000006658b0000, 0x000000067ae00000)
 concurrent mark-sweep generation total 6291456K, used 6291455K [0x000000067ae00000, 0x00000007fae00000, 0x00000007fae00000)
 concurrent-mark-sweep perm gen total 56304K, used 33754K [0x00000007fae00000, 0x00000007fe4fc000, 0x0000000800000000)
}
Total time for which application threads were stopped: 14.3948240 seconds
2016-09-06T16:23:05.193+0800: 1785.865: [GC [1 CMS-initial-mark: 6291455K(6291456K)] 8037816K(8039104K), 1.0918910 secs] [Times: user=1.09 sys=0.00, real=1.10 secs] 
Total time for which application threads were stopped: 1.0982000 seconds
2016-09-06T16:23:06.289+0800: 1786.960: [CMS-concurrent-mark-start]
{Heap before GC invocations=215 (full 138):
 par new generation   total 1747648K, used 1747647K [0x00000005fae00000, 0x000000067ae00000, 0x000000067ae00000)
  eden space 1398144K,  99% used [0x00000005fae00000, 0x000000065035fff8, 0x0000000650360000)
  from space 349504K, 100% used [0x0000000650360000, 0x00000006658b0000, 0x00000006658b0000)
  to   space 349504K,   0% used [0x00000006658b0000, 0x00000006658b0000, 0x000000067ae00000)
 concurrent mark-sweep generation total 6291456K, used 6291456K [0x000000067ae00000, 0x00000007fae00000, 0x00000007fae00000)
 concurrent-mark-sweep perm gen total 56304K, used 33754K [0x00000007fae00000, 0x00000007fe4fc000, 0x0000000800000000)
2016-09-06T16:23:06.300+0800: 1786.972: [Full GC 1786.974: [CMS2016-09-06T16:23:08.130+0800: 1788.801: [CMS-concurrent-mark: 1.666/1.841 secs] [Times: user=6.74 sys=0.01, real=1.84 secs] 
 (concurrent mode failure): 6291456K->6291455K(6291456K), 16.0873880 secs] 8039103K->8035673K(8039104K), [CMS Perm : 33754K->33754K(56304K)], 16.0914590 secs] [Times: user=20.97 sys=0.01, real=16.09 secs] 
Heap after GC invocations=216 (full 139):
 par new generation   total 1747648K, used 1744217K [0x00000005fae00000, 0x000000067ae00000, 0x000000067ae00000)
  eden space 1398144K,  99% used [0x00000005fae00000, 0x000000065035ffc8, 0x0000000650360000)
  from space 349504K,  99% used [0x0000000650360000, 0x00000006655566a8, 0x00000006658b0000)
  to   space 349504K,   0% used [0x00000006658b0000, 0x00000006658b0000, 0x000000067ae00000)
 concurrent mark-sweep generation total 6291456K, used 6291455K [0x000000067ae00000, 0x00000007fae00000, 0x00000007fae00000)
 concurrent-mark-sweep perm gen total 56304K, used 33754K [0x00000007fae00000, 0x00000007fe4fc000, 0x0000000800000000)
}
Total time for which application threads were stopped: 16.0979600 seconds
{Heap before GC invocations=216 (full 139):
 par new generation   total 1747648K, used 1747647K [0x00000005fae00000, 0x000000067ae00000, 0x000000067ae00000)
  eden space 1398144K, 100% used [0x00000005fae00000, 0x0000000650360000, 0x0000000650360000)
  from space 349504K,  99% used [0x0000000650360000, 0x00000006658afff8, 0x00000006658b0000)
  to   space 349504K,   0% used [0x00000006658b0000, 0x00000006658b0000, 0x000000067ae00000)
 concurrent mark-sweep generation total 6291456K, used 6291456K [0x000000067ae00000, 0x00000007fae00000, 0x00000007fae00000)
 concurrent-mark-sweep perm gen total 56304K, used 33755K [0x00000007fae00000, 0x00000007fe4fc000, 0x0000000800000000)
2016-09-06T16:23:22.417+0800: 1803.088: [Full GC 1803.090: [CMS: 6291456K->6291455K(6291456K), 14.5738410 secs] 8039103K->8036246K(8039104K), [CMS Perm : 33755K->33755K(56304K)], 14.5779040 secs] [Times: user=14.59 sys=0.00, real=14.57 secs] 
Heap after GC invocations=217 (full 140):
 par new generation   total 1747648K, used 1744790K [0x00000005fae00000, 0x000000067ae00000, 0x000000067ae00000)
  eden space 1398144K,  99% used [0x00000005fae00000, 0x000000065035ff90, 0x0000000650360000)
  from space 349504K,  99% used [0x0000000650360000, 0x00000006655e5c30, 0x00000006658b0000)
  to   space 349504K,   0% used [0x00000006658b0000, 0x00000006658b0000, 0x000000067ae00000)
 concurrent mark-sweep generation total 6291456K, used 6291455K [0x000000067ae00000, 0x00000007fae00000, 0x00000007fae00000)
 concurrent-mark-sweep perm gen total 56304K, used 33755K [0x00000007fae00000, 0x00000007fe4fc000, 0x0000000800000000)
}
Total time for which application threads were stopped: 14.5846890 seconds
2016-09-06T16:23:37.004+0800: 1817.675: [GC [1 CMS-initial-mark: 6291455K(6291456K)] 8036649K(8039104K), 1.0919490 secs] [Times: user=1.09 sys=0.00, real=1.09 secs] 
Total time for which application threads were stopped: 1.0979500 seconds
2016-09-06T16:23:38.100+0800: 1818.771: [CMS-concurrent-mark-start]
{Heap before GC invocations=217 (full 141):
 par new generation   total 1747648K, used 1747647K [0x00000005fae00000, 0x000000067ae00000, 0x000000067ae00000)
  eden space 1398144K, 100% used [0x00000005fae00000, 0x0000000650360000, 0x0000000650360000)
  from space 349504K,  99% used [0x0000000650360000, 0x00000006658affc8, 0x00000006658b0000)
  to   space 349504K,   0% used [0x00000006658b0000, 0x00000006658b0000, 0x000000067ae00000)
 concurrent mark-sweep generation total 6291456K, used 6291455K [0x000000067ae00000, 0x00000007fae00000, 0x00000007fae00000)
 concurrent-mark-sweep perm gen total 56304K, used 33755K [0x00000007fae00000, 0x00000007fe4fc000, 0x0000000800000000)
2016-09-06T16:23:38.123+0800: 1818.795: [Full GC 1818.797: [CMS2016-09-06T16:23:39.955+0800: 1820.625: [CMS-concurrent-mark: 1.680/1.855 secs] [Times: user=6.75 sys=0.00, real=1.85 secs] 
 (concurrent mode failure): 6291455K->6291455K(6291456K), 16.2502410 secs] 8039103K->8036806K(8039104K), [CMS Perm : 33755K->33755K(56304K)], 16.2542910 secs] [Times: user=21.06 sys=0.01, real=16.25 secs] 
Heap after GC invocations=218 (full 142):
 par new generation   total 1747648K, used 1745350K [0x00000005fae00000, 0x000000067ae00000, 0x000000067ae00000)
  eden space 1398144K,  99% used [0x00000005fae00000, 0x000000065035fff0, 0x0000000650360000)
  from space 349504K,  99% used [0x0000000650360000, 0x0000000665671ac0, 0x00000006658b0000)
  to   space 349504K,   0% used [0x00000006658b0000, 0x00000006658b0000, 0x000000067ae00000)
 concurrent mark-sweep generation total 6291456K, used 6291455K [0x000000067ae00000, 0x00000007fae00000, 0x00000007fae00000)
 concurrent-mark-sweep perm gen total 56304K, used 33755K [0x00000007fae00000, 0x00000007fe4fc000, 0x0000000800000000)
}
Total time for which application threads were stopped: 16.2614060 seconds
{Heap before GC invocations=218 (full 142):
 par new generation   total 1747648K, used 1747648K [0x00000005fae00000, 0x000000067ae00000, 0x000000067ae00000)
  eden space 1398144K, 100% used [0x00000005fae00000, 0x0000000650360000, 0x0000000650360000)
  from space 349504K, 100% used [0x0000000650360000, 0x00000006658b0000, 0x00000006658b0000)
  to   space 349504K,   0% used [0x00000006658b0000, 0x00000006658b0000, 0x000000067ae00000)
 concurrent mark-sweep generation total 6291456K, used 6291456K [0x000000067ae00000, 0x00000007fae00000, 0x00000007fae00000)
 concurrent-mark-sweep perm gen total 56304K, used 33755K [0x00000007fae00000, 0x00000007fe4fc000, 0x0000000800000000)
2016-09-06T16:23:54.401+0800: 1835.072: [Full GC 1835.074: [CMS: 6291456K->6291455K(6291456K), 14.4730830 secs] 8039104K->8037015K(8039104K), [CMS Perm : 33755K->33755K(56304K)], 14.4771250 secs] [Times: user=14.48 sys=0.00, real=14.48 secs] 
Heap after GC invocations=219 (full 143):
 par new generation   total 1747648K, used 1745559K [0x00000005fae00000, 0x000000067ae00000, 0x000000067ae00000)
  eden space 1398144K,  99% used [0x00000005fae00000, 0x000000065035ffd0, 0x0000000650360000)
  from space 349504K,  99% used [0x0000000650360000, 0x00000006656a5d70, 0x00000006658b0000)
  to   space 349504K,   0% used [0x00000006658b0000, 0x00000006658b0000, 0x000000067ae00000)
 concurrent mark-sweep generation total 6291456K, used 6291455K [0x000000067ae00000, 0x00000007fae00000, 0x00000007fae00000)
 concurrent-mark-sweep perm gen total 56304K, used 33755K [0x00000007fae00000, 0x00000007fe4fc000, 0x0000000800000000)
}
Total time for which application threads were stopped: 14.4839380 seconds
{Heap before GC invocations=219 (full 143):
 par new generation   total 1747648K, used 1747647K [0x00000005fae00000, 0x000000067ae00000, 0x000000067ae00000)
  eden space 1398144K, 100% used [0x00000005fae00000, 0x0000000650360000, 0x0000000650360000)
  from space 349504K,  99% used [0x0000000650360000, 0x00000006658afff8, 0x00000006658b0000)
  to   space 349504K,   0% used [0x00000006658b0000, 0x00000006658b0000, 0x000000067ae00000)
 concurrent mark-sweep generation total 6291456K, used 6291455K [0x000000067ae00000, 0x00000007fae00000, 0x00000007fae00000)
 concurrent-mark-sweep perm gen total 56304K, used 33755K [0x00000007fae00000, 0x00000007fe4fc000, 0x0000000800000000)
2016-09-06T16:24:08.899+0800: 1849.570: [Full GC 1849.572: [CMS: 6291455K->6291456K(6291456K), 14.4116020 secs] 8039103K->8037046K(8039104K), [CMS Perm : 33755K->33755K(56304K)], 14.4156090 secs] [Times: user=14.43 sys=0.00, real=14.41 secs] 
Heap after GC invocations=220 (full 144):
 par new generation   total 1747648K, used 1745590K [0x00000005fae00000, 0x000000067ae00000, 0x000000067ae00000)
  eden space 1398144K,  99% used [0x00000005fae00000, 0x000000065035ffe8, 0x0000000650360000)
  from space 349504K,  99% used [0x0000000650360000, 0x00000006656adb90, 0x00000006658b0000)
  to   space 349504K,   0% used [0x00000006658b0000, 0x00000006658b0000, 0x000000067ae00000)
 concurrent mark-sweep generation total 6291456K, used 6291456K [0x000000067ae00000, 0x00000007fae00000, 0x00000007fae00000)
 concurrent-mark-sweep perm gen total 56304K, used 33755K [0x00000007fae00000, 0x00000007fe4fc000, 0x0000000800000000)
}
Total time for which application threads were stopped: 14.4222850 seconds
2016-09-06T16:24:23.330+0800: 1864.002: [GC [1 CMS-initial-mark: 6291456K(6291456K)] 8038774K(8039104K), 1.0912930 secs] [Times: user=1.10 sys=0.00, real=1.09 secs] 
Total time for which application threads were stopped: 1.0978200 seconds
2016-09-06T16:24:24.426+0800: 1865.097: [CMS-concurrent-mark-start]
{Heap before GC invocations=220 (full 145):
 par new generation   total 1747648K, used 1747648K [0x00000005fae00000, 0x000000067ae00000, 0x000000067ae00000)
  eden space 1398144K, 100% used [0x00000005fae00000, 0x0000000650360000, 0x0000000650360000)
  from space 349504K, 100% used [0x0000000650360000, 0x00000006658b0000, 0x00000006658b0000)
  to   space 349504K,   0% used [0x00000006658b0000, 0x00000006658b0000, 0x000000067ae00000)
 concurrent mark-sweep generation total 6291456K, used 6291456K [0x000000067ae00000, 0x00000007fae00000, 0x00000007fae00000)
 concurrent-mark-sweep perm gen total 56304K, used 33755K [0x00000007fae00000, 0x00000007fe4fc000, 0x0000000800000000)
2016-09-06T16:24:24.430+0800: 1865.102: [Full GC 1865.104: [CMS2016-09-06T16:24:26.241+0800: 1866.912: [CMS-concurrent-mark: 1.643/1.815 secs] [Times: user=6.74 sys=0.01, real=1.82 secs] 
 (concurrent mode failure): 6291456K->6291455K(6291456K), 16.1769720 secs] 8039104K->8036979K(8039104K), [CMS Perm : 33755K->33755K(56304K)], 16.1810180 secs] [Times: user=21.10 sys=0.01, real=16.18 secs] 
Heap after GC invocations=221 (full 146):
 par new generation   total 1747648K, used 1745523K [0x00000005fae00000, 0x000000067ae00000, 0x000000067ae00000)
  eden space 1398144K,  99% used [0x00000005fae00000, 0x000000065035ff88, 0x0000000650360000)
  from space 349504K,  99% used [0x0000000650360000, 0x000000066569cd38, 0x00000006658b0000)
  to   space 349504K,   0% used [0x00000006658b0000, 0x00000006658b0000, 0x000000067ae00000)
 concurrent mark-sweep generation total 6291456K, used 6291455K [0x000000067ae00000, 0x00000007fae00000, 0x00000007fae00000)
 concurrent-mark-sweep perm gen total 56304K, used 33755K [0x00000007fae00000, 0x00000007fe4fc000, 0x0000000800000000)
}
Total time for which application threads were stopped: 16.1875530 seconds
{Heap before GC invocations=221 (full 146):
 par new generation   total 1747648K, used 1747647K [0x00000005fae00000, 0x000000067ae00000, 0x000000067ae00000)
  eden space 1398144K,  99% used [0x00000005fae00000, 0x000000065035fff8, 0x0000000650360000)
  from space 349504K,  99% used [0x0000000650360000, 0x00000006658afff8, 0x00000006658b0000)
  to   space 349504K,   0% used [0x00000006658b0000, 0x00000006658b0000, 0x000000067ae00000)
 concurrent mark-sweep generation total 6291456K, used 6291456K [0x000000067ae00000, 0x00000007fae00000, 0x00000007fae00000)
 concurrent-mark-sweep perm gen total 56304K, used 33755K [0x00000007fae00000, 0x00000007fe4fc000, 0x0000000800000000)
2016-09-06T16:24:40.633+0800: 1881.305: [Full GC 1881.307: [CMS: 6291456K->6291455K(6291456K), 14.4776060 secs] 8039103K->8036907K(8039104K), [CMS Perm : 33755K->33755K(56304K)], 14.4816680 secs] [Times: user=14.49 sys=0.00, real=14.48 secs] 
Heap after GC invocations=222 (full 147):
 par new generation   total 1747648K, used 1745451K [0x00000005fae00000, 0x000000067ae00000, 0x000000067ae00000)
  eden space 1398144K,  99% used [0x00000005fae00000, 0x000000065035ffe8, 0x0000000650360000)
  from space 349504K,  99% used [0x0000000650360000, 0x000000066568acc0, 0x00000006658b0000)
  to   space 349504K,   0% used [0x00000006658b0000, 0x00000006658b0000, 0x000000067ae00000)
 concurrent mark-sweep generation total 6291456K, used 6291455K [0x000000067ae00000, 0x00000007fae00000, 0x00000007fae00000)
 concurrent-mark-sweep perm gen total 56304K, used 33755K [0x00000007fae00000, 0x00000007fe4fc000, 0x0000000800000000)
}
Total time for which application threads were stopped: 14.4885580 seconds
{Heap before GC invocations=222 (full 147):
 par new generation   total 1747648K, used 1747648K [0x00000005fae00000, 0x000000067ae00000, 0x000000067ae00000)
  eden space 1398144K, 100% used [0x00000005fae00000, 0x0000000650360000, 0x0000000650360000)
  from space 349504K, 100% used [0x0000000650360000, 0x00000006658b0000, 0x00000006658b0000)
  to   space 349504K,   0% used [0x00000006658b0000, 0x00000006658b0000, 0x000000067ae00000)
 concurrent mark-sweep generation total 6291456K, used 6291456K [0x000000067ae00000, 0x00000007fae00000, 0x00000007fae00000)
 concurrent-mark-sweep perm gen total 56304K, used 33755K [0x00000007fae00000, 0x00000007fe4fc000, 0x0000000800000000)
2016-09-06T16:24:55.134+0800: 1895.806: [Full GC 1895.808: [CMS: 6291456K->6291455K(6291456K), 14.4123810 secs] 8039104K->8037218K(8039104K), [CMS Perm : 33755K->33755K(56304K)], 14.4163820 secs] [Times: user=14.42 sys=0.00, real=14.41 secs] 
Heap after GC invocations=223 (full 148):
 par new generation   total 1747648K, used 1745762K [0x00000005fae00000, 0x000000067ae00000, 0x000000067ae00000)
  eden space 1398144K,  99% used [0x00000005fae00000, 0x000000065035ffc0, 0x0000000650360000)
  from space 349504K,  99% used [0x0000000650360000, 0x00000006656d8aa8, 0x00000006658b0000)
  to   space 349504K,   0% used [0x00000006658b0000, 0x00000006658b0000, 0x000000067ae00000)
 concurrent mark-sweep generation total 6291456K, used 6291455K [0x000000067ae00000, 0x00000007fae00000, 0x00000007fae00000)
 concurrent-mark-sweep perm gen total 56304K, used 33755K [0x00000007fae00000, 0x00000007fe4fc000, 0x0000000800000000)
}
Total time for which application threads were stopped: 14.4228920 seconds
2016-09-06T16:25:09.562+0800: 1910.234: [GC [1 CMS-initial-mark: 6291455K(6291456K)] 8037772K(8039104K), 1.0774760 secs] [Times: user=1.07 sys=0.00, real=1.08 secs] 
Total time for which application threads were stopped: 1.0836760 seconds
2016-09-06T16:25:10.643+0800: 1911.314: [CMS-concurrent-mark-start]
{Heap before GC invocations=223 (full 149):
 par new generation   total 1747648K, used 1747647K [0x00000005fae00000, 0x000000067ae00000, 0x000000067ae00000)
  eden space 1398144K, 100% used [0x00000005fae00000, 0x0000000650360000, 0x0000000650360000)
  from space 349504K,  99% used [0x0000000650360000, 0x00000006658afff8, 0x00000006658b0000)
  to   space 349504K,   0% used [0x00000006658b0000, 0x00000006658b0000, 0x000000067ae00000)
 concurrent mark-sweep generation total 6291456K, used 6291455K [0x000000067ae00000, 0x00000007fae00000, 0x00000007fae00000)
 concurrent-mark-sweep perm gen total 56304K, used 33755K [0x00000007fae00000, 0x00000007fe4fc000, 0x0000000800000000)
2016-09-06T16:25:10.654+0800: 1911.326: [Full GC 1911.328: [CMS2016-09-06T16:25:12.460+0800: 1913.131: [CMS-concurrent-mark: 1.643/1.817 secs] [Times: user=6.74 sys=0.00, real=1.82 secs] 
 (concurrent mode failure): 6291455K->6291455K(6291456K), 16.1827940 secs] 8039103K->8038039K(8039104K), [CMS Perm : 33755K->33755K(56304K)], 16.1868370 secs] [Times: user=21.08 sys=0.00, real=16.18 secs] 
Heap after GC invocations=224 (full 150):
 par new generation   total 1747648K, used 1746583K [0x00000005fae00000, 0x000000067ae00000, 0x000000067ae00000)
  eden space 1398144K, 100% used [0x00000005fae00000, 0x0000000650360000, 0x0000000650360000)
  from space 349504K,  99% used [0x0000000650360000, 0x00000006657a5d28, 0x00000006658b0000)
  to   space 349504K,   0% used [0x00000006658b0000, 0x00000006658b0000, 0x000000067ae00000)
 concurrent mark-sweep generation total 6291456K, used 6291455K [0x000000067ae00000, 0x00000007fae00000, 0x00000007fae00000)
 concurrent-mark-sweep perm gen total 56304K, used 33755K [0x00000007fae00000, 0x00000007fe4fc000, 0x0000000800000000)
}
Total time for which application threads were stopped: 16.1935970 seconds
{Heap before GC invocations=224 (full 150):
 par new generation   total 1747648K, used 1747647K [0x00000005fae00000, 0x000000067ae00000, 0x000000067ae00000)
  eden space 1398144K, 100% used [0x00000005fae00000, 0x0000000650360000, 0x0000000650360000)
  from space 349504K,  99% used [0x0000000650360000, 0x00000006658afff0, 0x00000006658b0000)
  to   space 349504K,   0% used [0x00000006658b0000, 0x00000006658b0000, 0x000000067ae00000)
 concurrent mark-sweep generation total 6291456K, used 6291456K [0x000000067ae00000, 0x00000007fae00000, 0x00000007fae00000)
 concurrent-mark-sweep perm gen total 56304K, used 33755K [0x00000007fae00000, 0x00000007fe4fc000, 0x0000000800000000)
2016-09-06T16:25:26.854+0800: 1927.525: [Full GC 1927.527: [CMS: 6291456K->6291455K(6291456K), 14.2442840 secs] 8039103K->8037331K(8039104K), [CMS Perm : 33755K->33755K(56304K)], 14.2483730 secs] [Times: user=14.25 sys=0.00, real=14.25 secs] 
Heap after GC invocations=225 (full 151):
 par new generation   total 1747648K, used 1745875K [0x00000005fae00000, 0x000000067ae00000, 0x000000067ae00000)
  eden space 1398144K,  99% used [0x00000005fae00000, 0x000000065035ffc0, 0x0000000650360000)
  from space 349504K,  99% used [0x0000000650360000, 0x00000006656f4cb0, 0x00000006658b0000)
  to   space 349504K,   0% used [0x00000006658b0000, 0x00000006658b0000, 0x000000067ae00000)
 concurrent mark-sweep generation total 6291456K, used 6291455K [0x000000067ae00000, 0x00000007fae00000, 0x00000007fae00000)
 concurrent-mark-sweep perm gen total 56304K, used 33755K [0x00000007fae00000, 0x00000007fe4fc000, 0x0000000800000000)
}
Total time for which application threads were stopped: 14.2547210 seconds
2016-09-06T16:25:41.119+0800: 1941.790: [GC [1 CMS-initial-mark: 6291455K(6291456K)] 8039103K(8039104K), 1.0908630 secs] [Times: user=1.09 sys=0.00, real=1.09 secs] 
Total time for which application threads were stopped: 1.0972480 seconds
2016-09-06T16:25:42.214+0800: 1942.885: [CMS-concurrent-mark-start]
{Heap before GC invocations=225 (full 152):
 par new generation   total 1747648K, used 1747648K [0x00000005fae00000, 0x000000067ae00000, 0x000000067ae00000)
  eden space 1398144K, 100% used [0x00000005fae00000, 0x0000000650360000, 0x0000000650360000)
  from space 349504K, 100% used [0x0000000650360000, 0x00000006658b0000, 0x00000006658b0000)
  to   space 349504K,   0% used [0x00000006658b0000, 0x00000006658b0000, 0x000000067ae00000)
 concurrent mark-sweep generation total 6291456K, used 6291456K [0x000000067ae00000, 0x00000007fae00000, 0x00000007fae00000)
 concurrent-mark-sweep perm gen total 56304K, used 33755K [0x00000007fae00000, 0x00000007fe4fc000, 0x0000000800000000)
2016-09-06T16:25:42.222+0800: 1942.894: [Full GC 1942.896: [CMS2016-09-06T16:25:44.020+0800: 1944.691: [CMS-concurrent-mark: 1.635/1.806 secs] [Times: user=6.71 sys=0.00, real=1.81 secs] 
 (concurrent mode failure): 6291456K->6291456K(6291456K), 14.4623230 secs] 8039104K->8037371K(8039104K), [CMS Perm : 33755K->33755K(56304K)], 14.4664100 secs] [Times: user=19.36 sys=0.00, real=14.47 secs] 
Heap after GC invocations=226 (full 153):
 par new generation   total 1747648K, used 1745915K [0x00000005fae00000, 0x000000067ae00000, 0x000000067ae00000)
  eden space 1398144K,  99% used [0x00000005fae00000, 0x000000065035ffd8, 0x0000000650360000)
  from space 349504K,  99% used [0x0000000650360000, 0x00000006656fec38, 0x00000006658b0000)
  to   space 349504K,   0% used [0x00000006658b0000, 0x00000006658b0000, 0x000000067ae00000)
 concurrent mark-sweep generation total 6291456K, used 6291456K [0x000000067ae00000, 0x00000007fae00000, 0x00000007fae00000)
 concurrent-mark-sweep perm gen total 56304K, used 33755K [0x00000007fae00000, 0x00000007fe4fc000, 0x0000000800000000)
}
Total time for which application threads were stopped: 14.4729840 seconds
{Heap before GC invocations=226 (full 153):
 par new generation   total 1747648K, used 1747648K [0x00000005fae00000, 0x000000067ae00000, 0x000000067ae00000)
  eden space 1398144K, 100% used [0x00000005fae00000, 0x0000000650360000, 0x0000000650360000)
  from space 349504K, 100% used [0x0000000650360000, 0x00000006658b0000, 0x00000006658b0000)
  to   space 349504K,   0% used [0x00000006658b0000, 0x00000006658b0000, 0x000000067ae00000)
 concurrent mark-sweep generation total 6291456K, used 6291456K [0x000000067ae00000, 0x00000007fae00000, 0x00000007fae00000)
 concurrent-mark-sweep perm gen total 56304K, used 33755K [0x00000007fae00000, 0x00000007fe4fc000, 0x0000000800000000)
2016-09-06T16:25:56.711+0800: 1957.382: [Full GC 1957.384: [CMS: 6291456K->6291455K(6291456K), 13.7676430 secs] 8039104K->8037997K(8039104K), [CMS Perm : 33755K->33755K(56304K)], 13.7715150 secs] [Times: user=13.78 sys=0.00, real=13.77 secs] 
Heap after GC invocations=227 (full 154):
 par new generation   total 1747648K, used 1746541K [0x00000005fae00000, 0x000000067ae00000, 0x000000067ae00000)
  eden space 1398144K,  99% used [0x00000005fae00000, 0x000000065035ff28, 0x0000000650360000)
  from space 349504K,  99% used [0x0000000650360000, 0x000000066579b5a0, 0x00000006658b0000)
  to   space 349504K,   0% used [0x00000006658b0000, 0x00000006658b0000, 0x000000067ae00000)
 concurrent mark-sweep generation total 6291456K, used 6291455K [0x000000067ae00000, 0x00000007fae00000, 0x00000007fae00000)
 concurrent-mark-sweep perm gen total 56304K, used 33755K [0x00000007fae00000, 0x00000007fe4fc000, 0x0000000800000000)
}
Total time for which application threads were stopped: 13.7779210 seconds
{Heap before GC invocations=227 (full 154):
 par new generation   total 1747648K, used 1747648K [0x00000005fae00000, 0x000000067ae00000, 0x000000067ae00000)
  eden space 1398144K, 100% used [0x00000005fae00000, 0x0000000650360000, 0x0000000650360000)
  from space 349504K, 100% used [0x0000000650360000, 0x00000006658b0000, 0x00000006658b0000)
  to   space 349504K,   0% used [0x00000006658b0000, 0x00000006658b0000, 0x000000067ae00000)
 concurrent mark-sweep generation total 6291456K, used 6291456K [0x000000067ae00000, 0x00000007fae00000, 0x00000007fae00000)
 concurrent-mark-sweep perm gen total 56304K, used 33755K [0x00000007fae00000, 0x00000007fe4fc000, 0x0000000800000000)
2016-09-06T16:26:10.493+0800: 1971.165: [Full GC 1971.167: [CMS: 6291456K->6291456K(6291456K), 12.6929450 secs] 8039104K->8038110K(8039104K), [CMS Perm : 33755K->33755K(56304K)], 12.6969380 secs] [Times: user=12.71 sys=0.00, real=12.69 secs] 
Heap after GC invocations=228 (full 155):
 par new generation   total 1747648K, used 1746654K [0x00000005fae00000, 0x000000067ae00000, 0x000000067ae00000)
  eden space 1398144K,  99% used [0x00000005fae00000, 0x000000065035ff88, 0x0000000650360000)
  from space 349504K,  99% used [0x0000000650360000, 0x00000006657b7920, 0x00000006658b0000)
  to   space 349504K,   0% used [0x00000006658b0000, 0x00000006658b0000, 0x000000067ae00000)
 concurrent mark-sweep generation total 6291456K, used 6291456K [0x000000067ae00000, 0x00000007fae00000, 0x00000007fae00000)
 concurrent-mark-sweep perm gen total 56304K, used 33755K [0x00000007fae00000, 0x00000007fe4fc000, 0x0000000800000000)
}
Total time for which application threads were stopped: 12.7030230 seconds
2016-09-06T16:26:23.197+0800: 1983.869: [GC [1 CMS-initial-mark: 6291456K(6291456K)] 8038214K(8039104K), 1.0987110 secs] [Times: user=1.10 sys=0.00, real=1.10 secs] 
Total time for which application threads were stopped: 1.1043560 seconds
2016-09-06T16:26:24.300+0800: 1984.971: [CMS-concurrent-mark-start]
{Heap before GC invocations=228 (full 156):
 par new generation   total 1747648K, used 1747647K [0x00000005fae00000, 0x000000067ae00000, 0x000000067ae00000)
  eden space 1398144K,  99% used [0x00000005fae00000, 0x000000065035fff8, 0x0000000650360000)
  from space 349504K, 100% used [0x0000000650360000, 0x00000006658b0000, 0x00000006658b0000)
  to   space 349504K,   0% used [0x00000006658b0000, 0x00000006658b0000, 0x000000067ae00000)
 concurrent mark-sweep generation total 6291456K, used 6291456K [0x000000067ae00000, 0x00000007fae00000, 0x00000007fae00000)
 concurrent-mark-sweep perm gen total 56304K, used 33755K [0x00000007fae00000, 0x00000007fe4fc000, 0x0000000800000000)
2016-09-06T16:26:24.308+0800: 1984.979: [Full GC 1984.981: [CMS2016-09-06T16:26:26.104+0800: 1986.775: [CMS-concurrent-mark: 1.638/1.804 secs] [Times: user=6.72 sys=0.01, real=1.80 secs] 
 (concurrent mode failure): 6291456K->6291456K(6291456K), 13.6965320 secs] 8039103K->8038381K(8039104K), [CMS Perm : 33755K->33755K(56304K)], 13.7002410 secs] [Times: user=18.61 sys=0.00, real=13.70 secs] 
Heap after GC invocations=229 (full 157):
 par new generation   total 1747648K, used 1746925K [0x00000005fae00000, 0x000000067ae00000, 0x000000067ae00000)
  eden space 1398144K,  99% used [0x00000005fae00000, 0x000000065035ffe8, 0x0000000650360000)
  from space 349504K,  99% used [0x0000000650360000, 0x00000006657fb718, 0x00000006658b0000)
  to   space 349504K,   0% used [0x00000006658b0000, 0x00000006658b0000, 0x000000067ae00000)
 concurrent mark-sweep generation total 6291456K, used 6291456K [0x000000067ae00000, 0x00000007fae00000, 0x00000007fae00000)
 concurrent-mark-sweep perm gen total 56304K, used 33755K [0x00000007fae00000, 0x00000007fe4fc000, 0x0000000800000000)
}
Total time for which application threads were stopped: 13.7062470 seconds
{Heap before GC invocations=229 (full 157):
 par new generation   total 1747648K, used 1747648K [0x00000005fae00000, 0x000000067ae00000, 0x000000067ae00000)
  eden space 1398144K, 100% used [0x00000005fae00000, 0x0000000650360000, 0x0000000650360000)
  from space 349504K, 100% used [0x0000000650360000, 0x00000006658b0000, 0x00000006658b0000)
  to   space 349504K,   0% used [0x00000006658b0000, 0x00000006658b0000, 0x000000067ae00000)
 concurrent mark-sweep generation total 6291456K, used 6291456K [0x000000067ae00000, 0x00000007fae00000, 0x00000007fae00000)
 concurrent-mark-sweep perm gen total 56304K, used 33755K [0x00000007fae00000, 0x00000007fe4fc000, 0x0000000800000000)
2016-09-06T16:26:38.021+0800: 1998.693: [Full GC 1998.694: [CMS: 6291456K->6291456K(6291456K), 11.8846270 secs] 8039104K->8038505K(8039104K), [CMS Perm : 33755K->33755K(56304K)], 11.8883980 secs] [Times: user=11.90 sys=0.00, real=11.89 secs] 
Heap after GC invocations=230 (full 158):
 par new generation   total 1747648K, used 1747049K [0x00000005fae00000, 0x000000067ae00000, 0x000000067ae00000)
  eden space 1398144K,  99% used [0x00000005fae00000, 0x000000065035fff0, 0x0000000650360000)
  from space 349504K,  99% used [0x0000000650360000, 0x000000066581a630, 0x00000006658b0000)
  to   space 349504K,   0% used [0x00000006658b0000, 0x00000006658b0000, 0x000000067ae00000)
 concurrent mark-sweep generation total 6291456K, used 6291456K [0x000000067ae00000, 0x00000007fae00000, 0x00000007fae00000)
 concurrent-mark-sweep perm gen total 56304K, used 33755K [0x00000007fae00000, 0x00000007fe4fc000, 0x0000000800000000)
}
Total time for which application threads were stopped: 11.8944090 seconds
2016-09-06T16:26:49.917+0800: 2010.589: [GC [1 CMS-initial-mark: 6291456K(6291456K)] 8038804K(8039104K), 1.0624610 secs] [Times: user=1.06 sys=0.00, real=1.07 secs] 
Total time for which application threads were stopped: 1.0675540 seconds
2016-09-06T16:26:50.983+0800: 2011.654: [CMS-concurrent-mark-start]
{Heap before GC invocations=230 (full 159):
 par new generation   total 1747648K, used 1747648K [0x00000005fae00000, 0x000000067ae00000, 0x000000067ae00000)
  eden space 1398144K, 100% used [0x00000005fae00000, 0x0000000650360000, 0x0000000650360000)
  from space 349504K, 100% used [0x0000000650360000, 0x00000006658b0000, 0x00000006658b0000)
  to   space 349504K,   0% used [0x00000006658b0000, 0x00000006658b0000, 0x000000067ae00000)
 concurrent mark-sweep generation total 6291456K, used 6291456K [0x000000067ae00000, 0x00000007fae00000, 0x00000007fae00000)
 concurrent-mark-sweep perm gen total 56304K, used 33755K [0x00000007fae00000, 0x00000007fe4fc000, 0x0000000800000000)
2016-09-06T16:26:50.988+0800: 2011.659: [Full GC 2011.661: [CMS2016-09-06T16:26:52.798+0800: 2013.469: [CMS-concurrent-mark: 1.649/1.815 secs] [Times: user=6.73 sys=0.00, real=1.81 secs] 
 (concurrent mode failure): 6291456K->6291456K(6291456K), 15.3471300 secs] 8039104K->8037440K(8039104K), [CMS Perm : 33755K->33755K(56304K)], 15.3508160 secs] [Times: user=20.25 sys=0.00, real=15.35 secs] 
Heap after GC invocations=231 (full 160):
 par new generation   total 1747648K, used 1745984K [0x00000005fae00000, 0x000000067ae00000, 0x000000067ae00000)
  eden space 1398144K,  99% used [0x00000005fae00000, 0x000000065035fe50, 0x0000000650360000)
  from space 349504K,  99% used [0x0000000650360000, 0x00000006657102d0, 0x00000006658b0000)
  to   space 349504K,   0% used [0x00000006658b0000, 0x00000006658b0000, 0x000000067ae00000)
 concurrent mark-sweep generation total 6291456K, used 6291456K [0x000000067ae00000, 0x00000007fae00000, 0x00000007fae00000)
 concurrent-mark-sweep perm gen total 56304K, used 33755K [0x00000007fae00000, 0x00000007fe4fc000, 0x0000000800000000)
}
Total time for which application threads were stopped: 15.3565740 seconds
{Heap before GC invocations=231 (full 160):
 par new generation   total 1747648K, used 1747648K [0x00000005fae00000, 0x000000067ae00000, 0x000000067ae00000)
  eden space 1398144K, 100% used [0x00000005fae00000, 0x0000000650360000, 0x0000000650360000)
  from space 349504K, 100% used [0x0000000650360000, 0x00000006658b0000, 0x00000006658b0000)
  to   space 349504K,   0% used [0x00000006658b0000, 0x00000006658b0000, 0x000000067ae00000)
 concurrent mark-sweep generation total 6291456K, used 6291456K [0x000000067ae00000, 0x00000007fae00000, 0x00000007fae00000)
 concurrent-mark-sweep perm gen total 56304K, used 33755K [0x00000007fae00000, 0x00000007fe4fc000, 0x0000000800000000)
2016-09-06T16:27:06.356+0800: 2027.027: [Full GC 2027.029: [CMS: 6291456K->6291455K(6291456K), 13.0716610 secs] 8039104K->8037585K(8039104K), [CMS Perm : 33755K->33755K(56304K)], 13.0753670 secs] [Times: user=13.08 sys=0.00, real=13.07 secs] 
Heap after GC invocations=232 (full 161):
 par new generation   total 1747648K, used 1746129K [0x00000005fae00000, 0x000000067ae00000, 0x000000067ae00000)
  eden space 1398144K,  99% used [0x00000005fae00000, 0x000000065035ffc0, 0x0000000650360000)
  from space 349504K,  99% used [0x0000000650360000, 0x0000000665734758, 0x00000006658b0000)
  to   space 349504K,   0% used [0x00000006658b0000, 0x00000006658b0000, 0x000000067ae00000)
 concurrent mark-sweep generation total 6291456K, used 6291455K [0x000000067ae00000, 0x00000007fae00000, 0x00000007fae00000)
 concurrent-mark-sweep perm gen total 56304K, used 33755K [0x00000007fae00000, 0x00000007fe4fc000, 0x0000000800000000)
}
Total time for which application threads were stopped: 13.0812070 seconds
{Heap before GC invocations=232 (full 161):
 par new generation   total 1747648K, used 1747647K [0x00000005fae00000, 0x000000067ae00000, 0x000000067ae00000)
  eden space 1398144K, 100% used [0x00000005fae00000, 0x0000000650360000, 0x0000000650360000)
  from space 349504K,  99% used [0x0000000650360000, 0x00000006658afff8, 0x00000006658b0000)
  to   space 349504K,   0% used [0x00000006658b0000, 0x00000006658b0000, 0x000000067ae00000)
 concurrent mark-sweep generation total 6291456K, used 6291456K [0x000000067ae00000, 0x00000007fae00000, 0x00000007fae00000)
 concurrent-mark-sweep perm gen total 56304K, used 33755K [0x00000007fae00000, 0x00000007fe4fc000, 0x0000000800000000)
2016-09-06T16:27:19.447+0800: 2040.118: [Full GC 2040.120: [CMS: 6291456K->6291456K(6291456K), 12.6399360 secs] 8039103K->8037892K(8039104K), [CMS Perm : 33755K->33755K(56304K)], 12.6438230 secs] [Times: user=12.65 sys=0.00, real=12.64 secs] 
Heap after GC invocations=233 (full 162):
 par new generation   total 1747648K, used 1746436K [0x00000005fae00000, 0x000000067ae00000, 0x000000067ae00000)
  eden space 1398144K, 100% used [0x00000005fae00000, 0x0000000650360000, 0x0000000650360000)
  from space 349504K,  99% used [0x0000000650360000, 0x00000006657810a8, 0x00000006658b0000)
  to   space 349504K,   0% used [0x00000006658b0000, 0x00000006658b0000, 0x000000067ae00000)
 concurrent mark-sweep generation total 6291456K, used 6291456K [0x000000067ae00000, 0x00000007fae00000, 0x00000007fae00000)
 concurrent-mark-sweep perm gen total 56304K, used 33755K [0x00000007fae00000, 0x00000007fe4fc000, 0x0000000800000000)
}
Total time for which application threads were stopped: 12.6504590 seconds
2016-09-06T16:27:32.097+0800: 2052.769: [GC [1 CMS-initial-mark: 6291456K(6291456K)] 8037955K(8039104K), 1.0981810 secs] [Times: user=1.09 sys=0.00, real=1.10 secs] 
Total time for which application threads were stopped: 1.1038620 seconds
2016-09-06T16:27:33.200+0800: 2053.870: [CMS-concurrent-mark-start]
{Heap before GC invocations=233 (full 163):
 par new generation   total 1747648K, used 1747648K [0x00000005fae00000, 0x000000067ae00000, 0x000000067ae00000)
  eden space 1398144K, 100% used [0x00000005fae00000, 0x0000000650360000, 0x0000000650360000)
  from space 349504K, 100% used [0x0000000650360000, 0x00000006658b0000, 0x00000006658b0000)
  to   space 349504K,   0% used [0x00000006658b0000, 0x00000006658b0000, 0x000000067ae00000)
 concurrent mark-sweep generation total 6291456K, used 6291456K [0x000000067ae00000, 0x00000007fae00000, 0x00000007fae00000)
 concurrent-mark-sweep perm gen total 56304K, used 33755K [0x00000007fae00000, 0x00000007fe4fc000, 0x0000000800000000)
2016-09-06T16:27:33.214+0800: 2053.885: [Full GC 2053.887: [CMS2016-09-06T16:27:35.004+0800: 2055.675: [CMS-concurrent-mark: 1.632/1.805 secs] [Times: user=6.70 sys=0.00, real=1.81 secs] 
 (concurrent mode failure): 6291456K->6291455K(6291456K), 15.9606020 secs] 8039104K->8036951K(8039104K), [CMS Perm : 33755K->33755K(56304K)], 15.9647170 secs] [Times: user=20.82 sys=0.00, real=15.97 secs] 
Heap after GC invocations=234 (full 164):
 par new generation   total 1747648K, used 1745495K [0x00000005fae00000, 0x000000067ae00000, 0x000000067ae00000)
  eden space 1398144K,  99% used [0x00000005fae00000, 0x000000065035fff8, 0x0000000650360000)
  from space 349504K,  99% used [0x0000000650360000, 0x0000000665695d38, 0x00000006658b0000)
  to   space 349504K,   0% used [0x00000006658b0000, 0x00000006658b0000, 0x000000067ae00000)
 concurrent mark-sweep generation total 6291456K, used 6291455K [0x000000067ae00000, 0x00000007fae00000, 0x00000007fae00000)
 concurrent-mark-sweep perm gen total 56304K, used 33755K [0x00000007fae00000, 0x00000007fe4fc000, 0x0000000800000000)
}
Total time for which application threads were stopped: 15.9713390 seconds
{Heap before GC invocations=234 (full 164):
 par new generation   total 1747648K, used 1747647K [0x00000005fae00000, 0x000000067ae00000, 0x000000067ae00000)
  eden space 1398144K,  99% used [0x00000005fae00000, 0x000000065035fff8, 0x0000000650360000)
  from space 349504K, 100% used [0x0000000650360000, 0x00000006658b0000, 0x00000006658b0000)
  to   space 349504K,   0% used [0x00000006658b0000, 0x00000006658b0000, 0x000000067ae00000)
 concurrent mark-sweep generation total 6291456K, used 6291456K [0x000000067ae00000, 0x00000007fae00000, 0x00000007fae00000)
 concurrent-mark-sweep perm gen total 56304K, used 33755K [0x00000007fae00000, 0x00000007fe4fc000, 0x0000000800000000)
2016-09-06T16:27:49.200+0800: 2069.871: [Full GC 2069.873: [CMS: 6291456K->6291455K(6291456K), 14.3274150 secs] 8039103K->8036458K(8039104K), [CMS Perm : 33755K->33755K(56304K)], 14.3314570 secs] [Times: user=14.34 sys=0.00, real=14.33 secs] 
Heap after GC invocations=235 (full 165):
 par new generation   total 1747648K, used 1745002K [0x00000005fae00000, 0x000000067ae00000, 0x000000067ae00000)
  eden space 1398144K,  99% used [0x00000005fae00000, 0x000000065035fe28, 0x0000000650360000)
  from space 349504K,  99% used [0x0000000650360000, 0x000000066561ab60, 0x00000006658b0000)
  to   space 349504K,   0% used [0x00000006658b0000, 0x00000006658b0000, 0x000000067ae00000)
 concurrent mark-sweep generation total 6291456K, used 6291455K [0x000000067ae00000, 0x00000007fae00000, 0x00000007fae00000)
 concurrent-mark-sweep perm gen total 56304K, used 33755K [0x00000007fae00000, 0x00000007fe4fc000, 0x0000000800000000)
}
Total time for which application threads were stopped: 14.3377850 seconds
2016-09-06T16:28:03.537+0800: 2084.209: [GC [1 CMS-initial-mark: 6291455K(6291456K)] 8036458K(8039104K), 1.0968140 secs] [Times: user=1.10 sys=0.00, real=1.10 secs] 
Total time for which application threads were stopped: 1.1024320 seconds
2016-09-06T16:28:04.638+0800: 2085.309: [CMS-concurrent-mark-start]
{Heap before GC invocations=235 (full 166):
 par new generation   total 1747648K, used 1747647K [0x00000005fae00000, 0x000000067ae00000, 0x000000067ae00000)
  eden space 1398144K, 100% used [0x00000005fae00000, 0x0000000650360000, 0x0000000650360000)
  from space 349504K,  99% used [0x0000000650360000, 0x00000006658affd8, 0x00000006658b0000)
  to   space 349504K,   0% used [0x00000006658b0000, 0x00000006658b0000, 0x000000067ae00000)
 concurrent mark-sweep generation total 6291456K, used 6291455K [0x000000067ae00000, 0x00000007fae00000, 0x00000007fae00000)
 concurrent-mark-sweep perm gen total 56304K, used 33755K [0x00000007fae00000, 0x00000007fe4fc000, 0x0000000800000000)
2016-09-06T16:28:04.654+0800: 2085.326: [Full GC 2085.328: [CMS2016-09-06T16:28:06.442+0800: 2087.113: [CMS-concurrent-mark: 1.631/1.804 secs] [Times: user=6.71 sys=0.01, real=1.81 secs] 
 (concurrent mode failure): 6291455K->6291446K(6291456K), 16.1148400 secs] 8039103K->8033933K(8039104K), [CMS Perm : 33755K->33755K(56304K)], 16.1189400 secs] [Times: user=20.97 sys=0.02, real=16.12 secs] 
Heap after GC invocations=236 (full 167):
 par new generation   total 1747648K, used 1742487K [0x00000005fae00000, 0x000000067ae00000, 0x000000067ae00000)
  eden space 1398144K,  99% used [0x00000005fae00000, 0x000000065035ffa8, 0x0000000650360000)
  from space 349504K,  98% used [0x0000000650360000, 0x00000006653a5c80, 0x00000006658b0000)
  to   space 349504K,   0% used [0x00000006658b0000, 0x00000006658b0000, 0x000000067ae00000)
 concurrent mark-sweep generation total 6291456K, used 6291446K [0x000000067ae00000, 0x00000007fae00000, 0x00000007fae00000)
 concurrent-mark-sweep perm gen total 56304K, used 33755K [0x00000007fae00000, 0x00000007fe4fc000, 0x0000000800000000)
}
Total time for which application threads were stopped: 16.1256760 seconds
{Heap before GC invocations=236 (full 167):
 par new generation   total 1747648K, used 1747648K [0x00000005fae00000, 0x000000067ae00000, 0x000000067ae00000)
  eden space 1398144K, 100% used [0x00000005fae00000, 0x0000000650360000, 0x0000000650360000)
  from space 349504K, 100% used [0x0000000650360000, 0x00000006658b0000, 0x00000006658b0000)
  to   space 349504K,   0% used [0x00000006658b0000, 0x00000006658b0000, 0x000000067ae00000)
 concurrent mark-sweep generation total 6291456K, used 6291455K [0x000000067ae00000, 0x00000007fae00000, 0x00000007fae00000)
 concurrent-mark-sweep perm gen total 56304K, used 33755K [0x00000007fae00000, 0x00000007fe4fc000, 0x0000000800000000)
2016-09-06T16:28:20.812+0800: 2101.484: [Full GC 2101.485: [CMS: 6291455K->6291455K(6291456K), 14.2150820 secs] 8039103K->8034412K(8039104K), [CMS Perm : 33755K->33755K(56304K)], 14.2191710 secs] [Times: user=14.23 sys=0.00, real=14.21 secs] 
Heap after GC invocations=237 (full 168):
 par new generation   total 1747648K, used 1742956K [0x00000005fae00000, 0x000000067ae00000, 0x000000067ae00000)
  eden space 1398144K,  99% used [0x00000005fae00000, 0x000000065035ffe8, 0x0000000650360000)
  from space 349504K,  98% used [0x0000000650360000, 0x000000066541b118, 0x00000006658b0000)
  to   space 349504K,   0% used [0x00000006658b0000, 0x00000006658b0000, 0x000000067ae00000)
 concurrent mark-sweep generation total 6291456K, used 6291455K [0x000000067ae00000, 0x00000007fae00000, 0x00000007fae00000)
 concurrent-mark-sweep perm gen total 56304K, used 33755K [0x00000007fae00000, 0x00000007fe4fc000, 0x0000000800000000)
}
Total time for which application threads were stopped: 14.2259670 seconds
2016-09-06T16:28:35.052+0800: 2115.723: [GC [1 CMS-initial-mark: 6291455K(6291456K)] 8036998K(8039104K), 1.0992600 secs] [Times: user=1.10 sys=0.00, real=1.10 secs] 
Total time for which application threads were stopped: 1.1053640 seconds
2016-09-06T16:28:36.155+0800: 2116.826: [CMS-concurrent-mark-start]
{Heap before GC invocations=237 (full 169):
 par new generation   total 1747648K, used 1747647K [0x00000005fae00000, 0x000000067ae00000, 0x000000067ae00000)
  eden space 1398144K, 100% used [0x00000005fae00000, 0x0000000650360000, 0x0000000650360000)
  from space 349504K,  99% used [0x0000000650360000, 0x00000006658afdf0, 0x00000006658b0000)
  to   space 349504K,   0% used [0x00000006658b0000, 0x00000006658b0000, 0x000000067ae00000)
 concurrent mark-sweep generation total 6291456K, used 6291455K [0x000000067ae00000, 0x00000007fae00000, 0x00000007fae00000)
 concurrent-mark-sweep perm gen total 56304K, used 33755K [0x00000007fae00000, 0x00000007fe4fc000, 0x0000000800000000)
2016-09-06T16:28:36.170+0800: 2116.841: [Full GC 2116.843: [CMS2016-09-06T16:28:37.973+0800: 2118.643: [CMS-concurrent-mark: 1.644/1.817 secs] [Times: user=6.76 sys=0.00, real=1.81 secs] 
 (concurrent mode failure): 6291455K->6291456K(6291456K), 14.5901790 secs] 8039103K->8035774K(8039104K), [CMS Perm : 33755K->33755K(56304K)], 14.5942500 secs] [Times: user=19.49 sys=0.01, real=14.59 secs] 
Heap after GC invocations=238 (full 170):
 par new generation   total 1747648K, used 1744318K [0x00000005fae00000, 0x000000067ae00000, 0x000000067ae00000)
  eden space 1398144K,  99% used [0x00000005fae00000, 0x000000065035ff58, 0x0000000650360000)
  from space 349504K,  99% used [0x0000000650360000, 0x000000066556fc00, 0x00000006658b0000)
  to   space 349504K,   0% used [0x00000006658b0000, 0x00000006658b0000, 0x000000067ae00000)
 concurrent mark-sweep generation total 6291456K, used 6291456K [0x000000067ae00000, 0x00000007fae00000, 0x00000007fae00000)
 concurrent-mark-sweep perm gen total 56304K, used 33755K [0x00000007fae00000, 0x00000007fe4fc000, 0x0000000800000000)
}
Total time for which application threads were stopped: 14.6011450 seconds
{Heap before GC invocations=238 (full 170):
 par new generation   total 1747648K, used 1747648K [0x00000005fae00000, 0x000000067ae00000, 0x000000067ae00000)
  eden space 1398144K, 100% used [0x00000005fae00000, 0x0000000650360000, 0x0000000650360000)
  from space 349504K, 100% used [0x0000000650360000, 0x00000006658b0000, 0x00000006658b0000)
  to   space 349504K,   0% used [0x00000006658b0000, 0x00000006658b0000, 0x000000067ae00000)
 concurrent mark-sweep generation total 6291456K, used 6291456K [0x000000067ae00000, 0x00000007fae00000, 0x00000007fae00000)
 concurrent-mark-sweep perm gen total 56304K, used 33755K [0x00000007fae00000, 0x00000007fe4fc000, 0x0000000800000000)
2016-09-06T16:28:50.789+0800: 2131.461: [Full GC 2131.463: [CMS: 6291456K->6291455K(6291456K), 14.6158830 secs] 8039104K->8035263K(8039104K), [CMS Perm : 33755K->33755K(56304K)], 14.6199690 secs] [Times: user=14.63 sys=0.02, real=14.62 secs] 
Heap after GC invocations=239 (full 171):
 par new generation   total 1747648K, used 1743807K [0x00000005fae00000, 0x000000067ae00000, 0x000000067ae00000)
  eden space 1398144K,  99% used [0x00000005fae00000, 0x000000065035ff78, 0x0000000650360000)
  from space 349504K,  98% used [0x0000000650360000, 0x00000006654eff28, 0x00000006658b0000)
  to   space 349504K,   0% used [0x00000006658b0000, 0x00000006658b0000, 0x000000067ae00000)
 concurrent mark-sweep generation total 6291456K, used 6291455K [0x000000067ae00000, 0x00000007fae00000, 0x00000007fae00000)
 concurrent-mark-sweep perm gen total 56304K, used 33755K [0x00000007fae00000, 0x00000007fe4fc000, 0x0000000800000000)
}
Total time for which application threads were stopped: 14.6267200 seconds
2016-09-06T16:29:05.416+0800: 2146.088: [GC [1 CMS-initial-mark: 6291455K(6291456K)] 8035422K(8039104K), 1.0970620 secs] [Times: user=1.10 sys=0.00, real=1.10 secs] 
Total time for which application threads were stopped: 1.1027380 seconds
2016-09-06T16:29:06.518+0800: 2147.189: [CMS-concurrent-mark-start]
{Heap before GC invocations=239 (full 172):
 par new generation   total 1747648K, used 1747647K [0x00000005fae00000, 0x000000067ae00000, 0x000000067ae00000)
  eden space 1398144K,  99% used [0x00000005fae00000, 0x000000065035fff8, 0x0000000650360000)
  from space 349504K, 100% used [0x0000000650360000, 0x00000006658b0000, 0x00000006658b0000)
  to   space 349504K,   0% used [0x00000006658b0000, 0x00000006658b0000, 0x000000067ae00000)
 concurrent mark-sweep generation total 6291456K, used 6291456K [0x000000067ae00000, 0x00000007fae00000, 0x00000007fae00000)
 concurrent-mark-sweep perm gen total 56304K, used 33755K [0x00000007fae00000, 0x00000007fe4fc000, 0x0000000800000000)
2016-09-06T16:29:06.546+0800: 2147.218: [Full GC 2147.220: [CMS2016-09-06T16:29:08.338+0800: 2149.009: [CMS-concurrent-mark: 1.648/1.820 secs] [Times: user=6.79 sys=0.01, real=1.82 secs] 
 (concurrent mode failure): 6291456K->6291455K(6291456K), 16.3005270 secs] 8039103K->8036080K(8039104K), [CMS Perm : 33755K->33755K(56304K)], 16.3045700 secs] [Times: user=21.17 sys=0.00, real=16.30 secs] 
Heap after GC invocations=240 (full 173):
 par new generation   total 1747648K, used 1744624K [0x00000005fae00000, 0x000000067ae00000, 0x000000067ae00000)
  eden space 1398144K,  99% used [0x00000005fae00000, 0x000000065035ffd8, 0x0000000650360000)
  from space 349504K,  99% used [0x0000000650360000, 0x00000006655bc0e0, 0x00000006658b0000)
  to   space 349504K,   0% used [0x00000006658b0000, 0x00000006658b0000, 0x000000067ae00000)
 concurrent mark-sweep generation total 6291456K, used 6291455K [0x000000067ae00000, 0x00000007fae00000, 0x00000007fae00000)
 concurrent-mark-sweep perm gen total 56304K, used 33755K [0x00000007fae00000, 0x00000007fe4fc000, 0x0000000800000000)
}
Total time for which application threads were stopped: 16.3115930 seconds
{Heap before GC invocations=240 (full 173):
 par new generation   total 1747648K, used 1747647K [0x00000005fae00000, 0x000000067ae00000, 0x000000067ae00000)
  eden space 1398144K,  99% used [0x00000005fae00000, 0x000000065035fff8, 0x0000000650360000)
  from space 349504K,  99% used [0x0000000650360000, 0x00000006658aff98, 0x00000006658b0000)
  to   space 349504K,   0% used [0x00000006658b0000, 0x00000006658b0000, 0x000000067ae00000)
 concurrent mark-sweep generation total 6291456K, used 6291455K [0x000000067ae00000, 0x00000007fae00000, 0x00000007fae00000)
 concurrent-mark-sweep perm gen total 56304K, used 33755K [0x00000007fae00000, 0x00000007fe4fc000, 0x0000000800000000)
2016-09-06T16:29:22.877+0800: 2163.548: [Full GC 2163.550: [CMS: 6291455K->6291455K(6291456K), 13.9058720 secs] 8039103K->8036908K(8039104K), [CMS Perm : 33755K->33755K(56304K)], 13.9099300 secs] [Times: user=13.91 sys=0.00, real=13.91 secs] 
Heap after GC invocations=241 (full 174):
 par new generation   total 1747648K, used 1745452K [0x00000005fae00000, 0x000000067ae00000, 0x000000067ae00000)
  eden space 1398144K,  99% used [0x00000005fae00000, 0x000000065035ffd0, 0x0000000650360000)
  from space 349504K,  99% used [0x0000000650360000, 0x000000066568b1d8, 0x00000006658b0000)
  to   space 349504K,   0% used [0x00000006658b0000, 0x00000006658b0000, 0x000000067ae00000)
 concurrent mark-sweep generation total 6291456K, used 6291455K [0x000000067ae00000, 0x00000007fae00000, 0x00000007fae00000)
 concurrent-mark-sweep perm gen total 56304K, used 33755K [0x00000007fae00000, 0x00000007fe4fc000, 0x0000000800000000)
}
Total time for which application threads were stopped: 13.9168300 seconds
{Heap before GC invocations=241 (full 174):
 par new generation   total 1747648K, used 1747647K [0x00000005fae00000, 0x000000067ae00000, 0x000000067ae00000)
  eden space 1398144K, 100% used [0x00000005fae00000, 0x0000000650360000, 0x0000000650360000)
  from space 349504K,  99% used [0x0000000650360000, 0x00000006658afff8, 0x00000006658b0000)
  to   space 349504K,   0% used [0x00000006658b0000, 0x00000006658b0000, 0x000000067ae00000)
 concurrent mark-sweep generation total 6291456K, used 6291456K [0x000000067ae00000, 0x00000007fae00000, 0x00000007fae00000)
 concurrent-mark-sweep perm gen total 56304K, used 33755K [0x00000007fae00000, 0x00000007fe4fc000, 0x0000000800000000)
2016-09-06T16:29:36.821+0800: 2177.492: [Full GC 2177.494: [CMS: 6291456K->6291455K(6291456K), 12.9222320 secs] 8039103K->8037527K(8039104K), [CMS Perm : 33755K->33755K(56304K)], 12.9262750 secs] [Times: user=12.93 sys=0.00, real=12.93 secs] 
Heap after GC invocations=242 (full 175):
 par new generation   total 1747648K, used 1746071K [0x00000005fae00000, 0x000000067ae00000, 0x000000067ae00000)
  eden space 1398144K, 100% used [0x00000005fae00000, 0x0000000650360000, 0x0000000650360000)
  from space 349504K,  99% used [0x0000000650360000, 0x0000000665725db8, 0x00000006658b0000)
  to   space 349504K,   0% used [0x00000006658b0000, 0x00000006658b0000, 0x000000067ae00000)
 concurrent mark-sweep generation total 6291456K, used 6291455K [0x000000067ae00000, 0x00000007fae00000, 0x00000007fae00000)
 concurrent-mark-sweep perm gen total 56304K, used 33755K [0x00000007fae00000, 0x00000007fe4fc000, 0x0000000800000000)
}
Total time for which application threads were stopped: 12.9328580 seconds
2016-09-06T16:29:49.756+0800: 2190.428: [GC [1 CMS-initial-mark: 6291455K(6291456K)] 8037936K(8039104K), 1.0965780 secs] [Times: user=1.09 sys=0.00, real=1.09 secs] 
Total time for which application threads were stopped: 1.1024280 seconds
2016-09-06T16:29:50.857+0800: 2191.528: [CMS-concurrent-mark-start]
{Heap before GC invocations=242 (full 176):
 par new generation   total 1747648K, used 1747648K [0x00000005fae00000, 0x000000067ae00000, 0x000000067ae00000)
  eden space 1398144K, 100% used [0x00000005fae00000, 0x0000000650360000, 0x0000000650360000)
  from space 349504K, 100% used [0x0000000650360000, 0x00000006658b0000, 0x00000006658b0000)
  to   space 349504K,   0% used [0x00000006658b0000, 0x00000006658b0000, 0x000000067ae00000)
 concurrent mark-sweep generation total 6291456K, used 6291456K [0x000000067ae00000, 0x00000007fae00000, 0x00000007fae00000)
 concurrent-mark-sweep perm gen total 56304K, used 33755K [0x00000007fae00000, 0x00000007fe4fc000, 0x0000000800000000)
2016-09-06T16:29:50.869+0800: 2191.540: [Full GC 2191.542: [CMS2016-09-06T16:29:52.672+0800: 2193.343: [CMS-concurrent-mark: 1.645/1.815 secs] [Times: user=6.72 sys=0.00, real=1.81 secs] 
 (concurrent mode failure): 6291456K->6291456K(6291456K), 14.1966110 secs] 8039104K->8037832K(8039104K), [CMS Perm : 33755K->33755K(56304K)], 14.2006580 secs] [Times: user=19.08 sys=0.01, real=14.20 secs] 
Heap after GC invocations=243 (full 177):
 par new generation   total 1747648K, used 1746376K [0x00000005fae00000, 0x000000067ae00000, 0x000000067ae00000)
  eden space 1398144K,  99% used [0x00000005fae00000, 0x000000065035ffc0, 0x0000000650360000)
  from space 349504K,  99% used [0x0000000650360000, 0x0000000665772050, 0x00000006658b0000)
  to   space 349504K,   0% used [0x00000006658b0000, 0x00000006658b0000, 0x000000067ae00000)
 concurrent mark-sweep generation total 6291456K, used 6291456K [0x000000067ae00000, 0x00000007fae00000, 0x00000007fae00000)
 concurrent-mark-sweep perm gen total 56304K, used 33755K [0x00000007fae00000, 0x00000007fe4fc000, 0x0000000800000000)
}
Total time for which application threads were stopped: 14.2073530 seconds
{Heap before GC invocations=243 (full 177):
 par new generation   total 1747648K, used 1747647K [0x00000005fae00000, 0x000000067ae00000, 0x000000067ae00000)
  eden space 1398144K,  99% used [0x00000005fae00000, 0x000000065035fff8, 0x0000000650360000)
  from space 349504K, 100% used [0x0000000650360000, 0x00000006658b0000, 0x00000006658b0000)
  to   space 349504K,   0% used [0x00000006658b0000, 0x00000006658b0000, 0x000000067ae00000)
 concurrent mark-sweep generation total 6291456K, used 6291456K [0x000000067ae00000, 0x00000007fae00000, 0x00000007fae00000)
 concurrent-mark-sweep perm gen total 56304K, used 33755K [0x00000007fae00000, 0x00000007fe4fc000, 0x0000000800000000)
2016-09-06T16:30:05.084+0800: 2205.756: [Full GC 2205.758: [CMS: 6291456K->6291456K(6291456K), 12.6576810 secs] 8039103K->8038218K(8039104K), [CMS Perm : 33755K->33755K(56304K)], 12.6617030 secs] [Times: user=12.67 sys=0.01, real=12.66 secs] 
Heap after GC invocations=244 (full 178):
 par new generation   total 1747648K, used 1746762K [0x00000005fae00000, 0x000000067ae00000, 0x000000067ae00000)
  eden space 1398144K,  99% used [0x00000005fae00000, 0x000000065035ff98, 0x0000000650360000)
  from space 349504K,  99% used [0x0000000650360000, 0x00000006657d2a68, 0x00000006658b0000)
  to   space 349504K,   0% used [0x00000006658b0000, 0x00000006658b0000, 0x000000067ae00000)
 concurrent mark-sweep generation total 6291456K, used 6291456K [0x000000067ae00000, 0x00000007fae00000, 0x00000007fae00000)
 concurrent-mark-sweep perm gen total 56304K, used 33755K [0x00000007fae00000, 0x00000007fe4fc000, 0x0000000800000000)
}
Total time for which application threads were stopped: 12.6679760 seconds
{Heap before GC invocations=244 (full 178):
 par new generation   total 1747648K, used 1747647K [0x00000005fae00000, 0x000000067ae00000, 0x000000067ae00000)
  eden space 1398144K,  99% used [0x00000005fae00000, 0x000000065035fff8, 0x0000000650360000)
  from space 349504K, 100% used [0x0000000650360000, 0x00000006658b0000, 0x00000006658b0000)
  to   space 349504K,   0% used [0x00000006658b0000, 0x00000006658b0000, 0x000000067ae00000)
 concurrent mark-sweep generation total 6291456K, used 6291456K [0x000000067ae00000, 0x00000007fae00000, 0x00000007fae00000)
 concurrent-mark-sweep perm gen total 56304K, used 33755K [0x00000007fae00000, 0x00000007fe4fc000, 0x0000000800000000)
2016-09-06T16:30:17.760+0800: 2218.431: [Full GC 2218.433: [CMS: 6291456K->6291455K(6291456K), 12.6082230 secs] 8039103K->8038541K(8039104K), [CMS Perm : 33755K->33755K(56304K)], 12.6121920 secs] [Times: user=12.62 sys=0.01, real=12.61 secs] 
Heap after GC invocations=245 (full 179):
 par new generation   total 1747648K, used 1747085K [0x00000005fae00000, 0x000000067ae00000, 0x000000067ae00000)
  eden space 1398144K,  99% used [0x00000005fae00000, 0x000000065035ffb0, 0x0000000650360000)
  from space 349504K,  99% used [0x0000000650360000, 0x0000000665823730, 0x00000006658b0000)
  to   space 349504K,   0% used [0x00000006658b0000, 0x00000006658b0000, 0x000000067ae00000)
 concurrent mark-sweep generation total 6291456K, used 6291455K [0x000000067ae00000, 0x00000007fae00000, 0x00000007fae00000)
 concurrent-mark-sweep perm gen total 56304K, used 33755K [0x00000007fae00000, 0x00000007fe4fc000, 0x0000000800000000)
}
Total time for which application threads were stopped: 12.6184820 seconds
2016-09-06T16:30:30.379+0800: 2231.050: [GC [1 CMS-initial-mark: 6291455K(6291456K)] 8038585K(8039104K), 1.0960060 secs] [Times: user=1.10 sys=0.00, real=1.10 secs] 
Total time for which application threads were stopped: 1.1018260 seconds
2016-09-06T16:30:31.479+0800: 2232.149: [CMS-concurrent-mark-start]
{Heap before GC invocations=245 (full 180):
 par new generation   total 1747648K, used 1747647K [0x00000005fae00000, 0x000000067ae00000, 0x000000067ae00000)
  eden space 1398144K, 100% used [0x00000005fae00000, 0x0000000650360000, 0x0000000650360000)
  from space 349504K,  99% used [0x0000000650360000, 0x00000006658affc0, 0x00000006658b0000)
  to   space 349504K,   0% used [0x00000006658b0000, 0x00000006658b0000, 0x000000067ae00000)
 concurrent mark-sweep generation total 6291456K, used 6291455K [0x000000067ae00000, 0x00000007fae00000, 0x00000007fae00000)
 concurrent-mark-sweep perm gen total 56304K, used 33755K [0x00000007fae00000, 0x00000007fe4fc000, 0x0000000800000000)
2016-09-06T16:30:31.485+0800: 2232.156: [Full GC 2232.158: [CMS2016-09-06T16:30:33.276+0800: 2233.947: [CMS-concurrent-mark: 1.634/1.797 secs] [Times: user=6.70 sys=0.00, real=1.80 secs] 
 (concurrent mode failure): 6291455K->6291455K(6291456K), 14.4948490 secs] 8039103K->8038808K(8039104K), [CMS Perm : 33755K->33755K(56304K)], 14.4985430 secs] [Times: user=19.39 sys=0.01, real=14.50 secs] 
Heap after GC invocations=246 (full 181):
 par new generation   total 1747648K, used 1747352K [0x00000005fae00000, 0x000000067ae00000, 0x000000067ae00000)
  eden space 1398144K,  99% used [0x00000005fae00000, 0x000000065035fff0, 0x0000000650360000)
  from space 349504K,  99% used [0x0000000650360000, 0x0000000665866060, 0x00000006658b0000)
  to   space 349504K,   0% used [0x00000006658b0000, 0x00000006658b0000, 0x000000067ae00000)
 concurrent mark-sweep generation total 6291456K, used 6291455K [0x000000067ae00000, 0x00000007fae00000, 0x00000007fae00000)
 concurrent-mark-sweep perm gen total 56304K, used 33755K [0x00000007fae00000, 0x00000007fe4fc000, 0x0000000800000000)
}
Total time for which application threads were stopped: 14.5048880 seconds
{Heap before GC invocations=246 (full 181):
 par new generation   total 1747648K, used 1747648K [0x00000005fae00000, 0x000000067ae00000, 0x000000067ae00000)
  eden space 1398144K, 100% used [0x00000005fae00000, 0x0000000650360000, 0x0000000650360000)
  from space 349504K, 100% used [0x0000000650360000, 0x00000006658b0000, 0x00000006658b0000)
  to   space 349504K,   0% used [0x00000006658b0000, 0x00000006658b0000, 0x000000067ae00000)
 concurrent mark-sweep generation total 6291456K, used 6291456K [0x000000067ae00000, 0x00000007fae00000, 0x00000007fae00000)
 concurrent-mark-sweep perm gen total 56304K, used 33755K [0x00000007fae00000, 0x00000007fe4fc000, 0x0000000800000000)
2016-09-06T16:30:45.992+0800: 2246.663: [Full GC 2246.665: [CMS: 6291456K->6291456K(6291456K), 11.6654110 secs] 8039104K->8038939K(8039104K), [CMS Perm : 33755K->33755K(56304K)], 11.6690830 secs] [Times: user=11.67 sys=0.00, real=11.67 secs] 
Heap after GC invocations=247 (full 182):
 par new generation   total 1747648K, used 1747483K [0x00000005fae00000, 0x000000067ae00000, 0x000000067ae00000)
  eden space 1398144K,  99% used [0x00000005fae00000, 0x000000065035ffe0, 0x0000000650360000)
  from space 349504K,  99% used [0x0000000650360000, 0x0000000665886dc8, 0x00000006658b0000)
  to   space 349504K,   0% used [0x00000006658b0000, 0x00000006658b0000, 0x000000067ae00000)
 concurrent mark-sweep generation total 6291456K, used 6291456K [0x000000067ae00000, 0x00000007fae00000, 0x00000007fae00000)
 concurrent-mark-sweep perm gen total 56304K, used 33755K [0x00000007fae00000, 0x00000007fe4fc000, 0x0000000800000000)
}
Total time for which application threads were stopped: 11.6747130 seconds
{Heap before GC invocations=247 (full 182):
 par new generation   total 1747648K, used 1747647K [0x00000005fae00000, 0x000000067ae00000, 0x000000067ae00000)
  eden space 1398144K, 100% used [0x00000005fae00000, 0x0000000650360000, 0x0000000650360000)
  from space 349504K,  99% used [0x0000000650360000, 0x00000006658afff0, 0x00000006658b0000)
  to   space 349504K,   0% used [0x00000006658b0000, 0x00000006658b0000, 0x000000067ae00000)
 concurrent mark-sweep generation total 6291456K, used 6291456K [0x000000067ae00000, 0x00000007fae00000, 0x00000007fae00000)
 concurrent-mark-sweep perm gen total 56304K, used 33755K [0x00000007fae00000, 0x00000007fe4fc000, 0x0000000800000000)
2016-09-06T16:30:57.668+0800: 2258.339: [Full GC 2258.341: [CMS: 6291456K->6291456K(6291456K), 11.6390390 secs] 8039103K->8039039K(8039104K), [CMS Perm : 33755K->33755K(56304K)], 11.6426420 secs] [Times: user=11.65 sys=0.00, real=11.64 secs] 
Heap after GC invocations=248 (full 183):
 par new generation   total 1747648K, used 1747583K [0x00000005fae00000, 0x000000067ae00000, 0x000000067ae00000)
  eden space 1398144K,  99% used [0x00000005fae00000, 0x000000065035ffe8, 0x0000000650360000)
  from space 349504K,  99% used [0x0000000650360000, 0x000000066589fd10, 0x00000006658b0000)
  to   space 349504K,   0% used [0x00000006658b0000, 0x00000006658b0000, 0x000000067ae00000)
 concurrent mark-sweep generation total 6291456K, used 6291456K [0x000000067ae00000, 0x00000007fae00000, 0x00000007fae00000)
 concurrent-mark-sweep perm gen total 56304K, used 33755K [0x00000007fae00000, 0x00000007fe4fc000, 0x0000000800000000)
}
Total time for which application threads were stopped: 11.6481320 seconds
{Heap before GC invocations=248 (full 183):
 par new generation   total 1747648K, used 1747647K [0x00000005fae00000, 0x000000067ae00000, 0x000000067ae00000)
  eden space 1398144K, 100% used [0x00000005fae00000, 0x0000000650360000, 0x0000000650360000)
  from space 349504K,  99% used [0x0000000650360000, 0x00000006658affe8, 0x00000006658b0000)
  to   space 349504K,   0% used [0x00000006658b0000, 0x00000006658b0000, 0x000000067ae00000)
 concurrent mark-sweep generation total 6291456K, used 6291456K [0x000000067ae00000, 0x00000007fae00000, 0x00000007fae00000)
 concurrent-mark-sweep perm gen total 56304K, used 33755K [0x00000007fae00000, 0x00000007fe4fc000, 0x0000000800000000)
2016-09-06T16:31:09.317+0800: 2269.988: [Full GC 2269.990: [CMS: 6291456K->6291456K(6291456K), 11.6425690 secs] 8039103K->8039069K(8039104K), [CMS Perm : 33755K->33755K(56304K)], 11.6461660 secs] [Times: user=11.65 sys=0.00, real=11.65 secs] 
Heap after GC invocations=249 (full 184):
 par new generation   total 1747648K, used 1747613K [0x00000005fae00000, 0x000000067ae00000, 0x000000067ae00000)
  eden space 1398144K,  99% used [0x00000005fae00000, 0x000000065035ffe8, 0x0000000650360000)
  from space 349504K,  99% used [0x0000000650360000, 0x00000006658a7650, 0x00000006658b0000)
  to   space 349504K,   0% used [0x00000006658b0000, 0x00000006658b0000, 0x000000067ae00000)
 concurrent mark-sweep generation total 6291456K, used 6291456K [0x000000067ae00000, 0x00000007fae00000, 0x00000007fae00000)
 concurrent-mark-sweep perm gen total 56304K, used 33755K [0x00000007fae00000, 0x00000007fe4fc000, 0x0000000800000000)
}
Total time for which application threads were stopped: 11.6516070 seconds
{Heap before GC invocations=249 (full 184):
 par new generation   total 1747648K, used 1747647K [0x00000005fae00000, 0x000000067ae00000, 0x000000067ae00000)
  eden space 1398144K,  99% used [0x00000005fae00000, 0x000000065035fff8, 0x0000000650360000)
  from space 349504K,  99% used [0x0000000650360000, 0x00000006658aff98, 0x00000006658b0000)
  to   space 349504K,   0% used [0x00000006658b0000, 0x00000006658b0000, 0x000000067ae00000)
 concurrent mark-sweep generation total 6291456K, used 6291456K [0x000000067ae00000, 0x00000007fae00000, 0x00000007fae00000)
 concurrent-mark-sweep perm gen total 56304K, used 33755K [0x00000007fae00000, 0x00000007fe4fc000, 0x0000000800000000)
2016-09-06T16:31:20.969+0800: 2281.640: [Full GC 2281.642: [CMS: 6291456K->6291456K(6291456K), 11.6087130 secs] 8039103K->8039101K(8039104K), [CMS Perm : 33755K->33755K(56304K)], 11.6123030 secs] [Times: user=11.61 sys=0.00, real=11.62 secs] 
Heap after GC invocations=250 (full 185):
 par new generation   total 1747648K, used 1747645K [0x00000005fae00000, 0x000000067ae00000, 0x000000067ae00000)
  eden space 1398144K,  99% used [0x00000005fae00000, 0x000000065035fff8, 0x0000000650360000)
  from space 349504K,  99% used [0x0000000650360000, 0x00000006658af7b8, 0x00000006658b0000)
  to   space 349504K,   0% used [0x00000006658b0000, 0x00000006658b0000, 0x000000067ae00000)
 concurrent mark-sweep generation total 6291456K, used 6291456K [0x000000067ae00000, 0x00000007fae00000, 0x00000007fae00000)
 concurrent-mark-sweep perm gen total 56304K, used 33755K [0x00000007fae00000, 0x00000007fe4fc000, 0x0000000800000000)
}
Total time for which application threads were stopped: 11.6177110 seconds
{Heap before GC invocations=250 (full 185):
 par new generation   total 1747648K, used 1747647K [0x00000005fae00000, 0x000000067ae00000, 0x000000067ae00000)
  eden space 1398144K,  99% used [0x00000005fae00000, 0x000000065035fff8, 0x0000000650360000)
  from space 349504K,  99% used [0x0000000650360000, 0x00000006658afff0, 0x00000006658b0000)
  to   space 349504K,   0% used [0x00000006658b0000, 0x00000006658b0000, 0x000000067ae00000)
 concurrent mark-sweep generation total 6291456K, used 6291456K [0x000000067ae00000, 0x00000007fae00000, 0x00000007fae00000)
 concurrent-mark-sweep perm gen total 56304K, used 33755K [0x00000007fae00000, 0x00000007fe4fc000, 0x0000000800000000)
2016-09-06T16:31:32.586+0800: 2293.258: [Full GC 2293.259: [CMS: 6291456K->6291456K(6291456K), 11.5622870 secs] 8039103K->8039103K(8039104K), [CMS Perm : 33755K->33755K(56304K)], 11.5659160 secs] [Times: user=11.57 sys=0.01, real=11.57 secs] 
Heap after GC invocations=251 (full 186):
 par new generation   total 1747648K, used 1747647K [0x00000005fae00000, 0x000000067ae00000, 0x000000067ae00000)
  eden space 1398144K,  99% used [0x00000005fae00000, 0x000000065035fff8, 0x0000000650360000)
  from space 349504K,  99% used [0x0000000650360000, 0x00000006658afd28, 0x00000006658b0000)
  to   space 349504K,   0% used [0x00000006658b0000, 0x00000006658b0000, 0x000000067ae00000)
 concurrent mark-sweep generation total 6291456K, used 6291456K [0x000000067ae00000, 0x00000007fae00000, 0x00000007fae00000)
 concurrent-mark-sweep perm gen total 56304K, used 33755K [0x00000007fae00000, 0x00000007fe4fc000, 0x0000000800000000)
}
Total time for which application threads were stopped: 11.5712490 seconds
{Heap before GC invocations=251 (full 186):
 par new generation   total 1747648K, used 1747647K [0x00000005fae00000, 0x000000067ae00000, 0x000000067ae00000)
  eden space 1398144K,  99% used [0x00000005fae00000, 0x000000065035fff8, 0x0000000650360000)
  from space 349504K,  99% used [0x0000000650360000, 0x00000006658aff80, 0x00000006658b0000)
  to   space 349504K,   0% used [0x00000006658b0000, 0x00000006658b0000, 0x000000067ae00000)
 concurrent mark-sweep generation total 6291456K, used 6291456K [0x000000067ae00000, 0x00000007fae00000, 0x00000007fae00000)
 concurrent-mark-sweep perm gen total 56304K, used 33755K [0x00000007fae00000, 0x00000007fe4fc000, 0x0000000800000000)
2016-09-06T16:31:44.158+0800: 2304.829: [Full GC 2304.831: [CMS: 6291456K->6291456K(6291456K), 11.5660820 secs] 8039103K->8039103K(8039104K), [CMS Perm : 33755K->33755K(56304K)], 11.5696890 secs] [Times: user=11.57 sys=0.00, real=11.57 secs] 
Heap after GC invocations=252 (full 187):
 par new generation   total 1747648K, used 1747647K [0x00000005fae00000, 0x000000067ae00000, 0x000000067ae00000)
  eden space 1398144K,  99% used [0x00000005fae00000, 0x000000065035fff8, 0x0000000650360000)
  from space 349504K,  99% used [0x0000000650360000, 0x00000006658aff48, 0x00000006658b0000)
  to   space 349504K,   0% used [0x00000006658b0000, 0x00000006658b0000, 0x000000067ae00000)
 concurrent mark-sweep generation total 6291456K, used 6291456K [0x000000067ae00000, 0x00000007fae00000, 0x00000007fae00000)
 concurrent-mark-sweep perm gen total 56304K, used 33755K [0x00000007fae00000, 0x00000007fe4fc000, 0x0000000800000000)
}
Total time for which application threads were stopped: 11.5751430 seconds
{Heap before GC invocations=252 (full 187):
 par new generation   total 1747648K, used 1747647K [0x00000005fae00000, 0x000000067ae00000, 0x000000067ae00000)
  eden space 1398144K,  99% used [0x00000005fae00000, 0x000000065035fff8, 0x0000000650360000)
  from space 349504K,  99% used [0x0000000650360000, 0x00000006658affd8, 0x00000006658b0000)
  to   space 349504K,   0% used [0x00000006658b0000, 0x00000006658b0000, 0x000000067ae00000)
 concurrent mark-sweep generation total 6291456K, used 6291456K [0x000000067ae00000, 0x00000007fae00000, 0x00000007fae00000)
 concurrent-mark-sweep perm gen total 56304K, used 33755K [0x00000007fae00000, 0x00000007fe4fc000, 0x0000000800000000)
2016-09-06T16:31:55.733+0800: 2316.405: [Full GC 2316.406: [CMS: 6291456K->6291456K(6291456K), 11.5613100 secs] 8039103K->8039103K(8039104K), [CMS Perm : 33755K->33755K(56304K)], 11.5649110 secs] [Times: user=11.57 sys=0.00, real=11.57 secs] 
Heap after GC invocations=253 (full 188):
 par new generation   total 1747648K, used 1747647K [0x00000005fae00000, 0x000000067ae00000, 0x000000067ae00000)
  eden space 1398144K,  99% used [0x00000005fae00000, 0x000000065035fff8, 0x0000000650360000)
  from space 349504K,  99% used [0x0000000650360000, 0x00000006658aff98, 0x00000006658b0000)
  to   space 349504K,   0% used [0x00000006658b0000, 0x00000006658b0000, 0x000000067ae00000)
 concurrent mark-sweep generation total 6291456K, used 6291456K [0x000000067ae00000, 0x00000007fae00000, 0x00000007fae00000)
 concurrent-mark-sweep perm gen total 56304K, used 33755K [0x00000007fae00000, 0x00000007fe4fc000, 0x0000000800000000)
}
{Heap before GC invocations=253 (full 188):
 par new generation   total 1747648K, used 1747647K [0x00000005fae00000, 0x000000067ae00000, 0x000000067ae00000)
  eden space 1398144K,  99% used [0x00000005fae00000, 0x000000065035fff8, 0x0000000650360000)
  from space 349504K,  99% used [0x0000000650360000, 0x00000006658aff98, 0x00000006658b0000)
  to   space 349504K,   0% used [0x00000006658b0000, 0x00000006658b0000, 0x000000067ae00000)
 concurrent mark-sweep generation total 6291456K, used 6291456K [0x000000067ae00000, 0x00000007fae00000, 0x00000007fae00000)
 concurrent-mark-sweep perm gen total 56304K, used 33755K [0x00000007fae00000, 0x00000007fe4fc000, 0x0000000800000000)
2016-09-06T16:32:07.300+0800: 2327.971: [Full GC 2327.972: [CMS: 6291456K->6291456K(6291456K), 11.6192490 secs] 8039103K->8039103K(8039104K), [CMS Perm : 33755K->33755K(56304K)], 11.6223900 secs] [Times: user=11.63 sys=0.00, real=11.62 secs] 
Heap after GC invocations=254 (full 189):
 par new generation   total 1747648K, used 1747647K [0x00000005fae00000, 0x000000067ae00000, 0x000000067ae00000)
  eden space 1398144K,  99% used [0x00000005fae00000, 0x000000065035fff8, 0x0000000650360000)
  from space 349504K,  99% used [0x0000000650360000, 0x00000006658aff98, 0x00000006658b0000)
  to   space 349504K,   0% used [0x00000006658b0000, 0x00000006658b0000, 0x000000067ae00000)
 concurrent mark-sweep generation total 6291456K, used 6291456K [0x000000067ae00000, 0x00000007fae00000, 0x00000007fae00000)
 concurrent-mark-sweep perm gen total 56304K, used 33755K [0x00000007fae00000, 0x00000007fe4fc000, 0x0000000800000000)
}
Total time for which application threads were stopped: 23.1939030 seconds
{Heap before GC invocations=254 (full 189):
 par new generation   total 1747648K, used 1747647K [0x00000005fae00000, 0x000000067ae00000, 0x000000067ae00000)
  eden space 1398144K,  99% used [0x00000005fae00000, 0x000000065035fff8, 0x0000000650360000)
  from space 349504K,  99% used [0x0000000650360000, 0x00000006658afff8, 0x00000006658b0000)
  to   space 349504K,   0% used [0x00000006658b0000, 0x00000006658b0000, 0x000000067ae00000)
 concurrent mark-sweep generation total 6291456K, used 6291456K [0x000000067ae00000, 0x00000007fae00000, 0x00000007fae00000)
 concurrent-mark-sweep perm gen total 56304K, used 33755K [0x00000007fae00000, 0x00000007fe4fc000, 0x0000000800000000)
2016-09-06T16:32:18.927+0800: 2339.599: [Full GC 2339.600: [CMS: 6291456K->6291455K(6291456K), 13.3428250 secs] 8039103K->8037975K(8039104K), [CMS Perm : 33755K->33755K(56304K)], 13.3464040 secs] [Times: user=13.35 sys=0.00, real=13.35 secs] 
Heap after GC invocations=255 (full 190):
 par new generation   total 1747648K, used 1746519K [0x00000005fae00000, 0x000000067ae00000, 0x000000067ae00000)
  eden space 1398144K,  99% used [0x00000005fae00000, 0x000000065035ff78, 0x0000000650360000)
  from space 349504K,  99% used [0x0000000650360000, 0x0000000665795d28, 0x00000006658b0000)
  to   space 349504K,   0% used [0x00000006658b0000, 0x00000006658b0000, 0x000000067ae00000)
 concurrent mark-sweep generation total 6291456K, used 6291455K [0x000000067ae00000, 0x00000007fae00000, 0x00000007fae00000)
 concurrent-mark-sweep perm gen total 56304K, used 33755K [0x00000007fae00000, 0x00000007fe4fc000, 0x0000000800000000)
}
Total time for which application threads were stopped: 13.3518230 seconds
{Heap before GC invocations=255 (full 190):
 par new generation   total 1747648K, used 1747647K [0x00000005fae00000, 0x000000067ae00000, 0x000000067ae00000)
  eden space 1398144K, 100% used [0x00000005fae00000, 0x0000000650360000, 0x0000000650360000)
  from space 349504K,  99% used [0x0000000650360000, 0x00000006658affe8, 0x00000006658b0000)
  to   space 349504K,   0% used [0x00000006658b0000, 0x00000006658b0000, 0x000000067ae00000)
 concurrent mark-sweep generation total 6291456K, used 6291455K [0x000000067ae00000, 0x00000007fae00000, 0x00000007fae00000)
 concurrent-mark-sweep perm gen total 56304K, used 33755K [0x00000007fae00000, 0x00000007fe4fc000, 0x0000000800000000)
2016-09-06T16:32:32.287+0800: 2352.958: [Full GC 2352.960: [CMS: 6291455K->6291455K(6291456K), 11.7431910 secs] 8039103K->8038370K(8039104K), [CMS Perm : 33755K->33755K(56304K)], 11.7468500 secs] [Times: user=11.75 sys=0.00, real=11.75 secs] 
Heap after GC invocations=256 (full 191):
 par new generation   total 1747648K, used 1746914K [0x00000005fae00000, 0x000000067ae00000, 0x000000067ae00000)
  eden space 1398144K,  99% used [0x00000005fae00000, 0x000000065035ffe8, 0x0000000650360000)
  from space 349504K,  99% used [0x0000000650360000, 0x00000006657f8980, 0x00000006658b0000)
  to   space 349504K,   0% used [0x00000006658b0000, 0x00000006658b0000, 0x000000067ae00000)
 concurrent mark-sweep generation total 6291456K, used 6291455K [0x000000067ae00000, 0x00000007fae00000, 0x00000007fae00000)
 concurrent-mark-sweep perm gen total 56304K, used 33755K [0x00000007fae00000, 0x00000007fe4fc000, 0x0000000800000000)
}
Total time for which application threads were stopped: 11.7525470 seconds
2016-09-06T16:32:44.046+0800: 2364.718: [GC [1 CMS-initial-mark: 6291456K(6291456K)] 8039103K(8039104K), 1.0616250 secs] [Times: user=1.06 sys=0.00, real=1.06 secs] 
Total time for which application threads were stopped: 1.0669380 seconds
2016-09-06T16:32:45.112+0800: 2365.782: [CMS-concurrent-mark-start]
{Heap before GC invocations=256 (full 192):
 par new generation   total 1747648K, used 1747647K [0x00000005fae00000, 0x000000067ae00000, 0x000000067ae00000)
  eden space 1398144K, 100% used [0x00000005fae00000, 0x0000000650360000, 0x0000000650360000)
  from space 349504K,  99% used [0x0000000650360000, 0x00000006658afff8, 0x00000006658b0000)
  to   space 349504K,   0% used [0x00000006658b0000, 0x00000006658b0000, 0x000000067ae00000)
 concurrent mark-sweep generation total 6291456K, used 6291456K [0x000000067ae00000, 0x00000007fae00000, 0x00000007fae00000)
 concurrent-mark-sweep perm gen total 56304K, used 33755K [0x00000007fae00000, 0x00000007fe4fc000, 0x0000000800000000)
2016-09-06T16:32:45.115+0800: 2365.786: [Full GC 2365.788: [CMS2016-09-06T16:32:46.907+0800: 2367.578: [CMS-concurrent-mark: 1.636/1.796 secs] [Times: user=6.69 sys=0.00, real=1.80 secs] 
 (concurrent mode failure): 6291456K->6291456K(6291456K), 13.6066030 secs] 8039103K->8038663K(8039104K), [CMS Perm : 33755K->33755K(56304K)], 13.6102460 secs] [Times: user=18.51 sys=0.01, real=13.61 secs] 
Heap after GC invocations=257 (full 193):
 par new generation   total 1747648K, used 1747207K [0x00000005fae00000, 0x000000067ae00000, 0x000000067ae00000)
  eden space 1398144K,  99% used [0x00000005fae00000, 0x000000065035fff0, 0x0000000650360000)
  from space 349504K,  99% used [0x0000000650360000, 0x0000000665841d58, 0x00000006658b0000)
  to   space 349504K,   0% used [0x00000006658b0000, 0x00000006658b0000, 0x000000067ae00000)
 concurrent mark-sweep generation total 6291456K, used 6291456K [0x000000067ae00000, 0x00000007fae00000, 0x00000007fae00000)
 concurrent-mark-sweep perm gen total 56304K, used 33755K [0x00000007fae00000, 0x00000007fe4fc000, 0x0000000800000000)
}
Total time for which application threads were stopped: 13.6155530 seconds
{Heap before GC invocations=257 (full 193):
 par new generation   total 1747648K, used 1747647K [0x00000005fae00000, 0x000000067ae00000, 0x000000067ae00000)
  eden space 1398144K, 100% used [0x00000005fae00000, 0x0000000650360000, 0x0000000650360000)
  from space 349504K,  99% used [0x0000000650360000, 0x00000006658afed0, 0x00000006658b0000)
  to   space 349504K,   0% used [0x00000006658b0000, 0x00000006658b0000, 0x000000067ae00000)
 concurrent mark-sweep generation total 6291456K, used 6291456K [0x000000067ae00000, 0x00000007fae00000, 0x00000007fae00000)
 concurrent-mark-sweep perm gen total 56304K, used 33755K [0x00000007fae00000, 0x00000007fe4fc000, 0x0000000800000000)
2016-09-06T16:32:58.733+0800: 2379.405: [Full GC 2379.406: [CMS: 6291456K->6291455K(6291456K), 13.0818610 secs] 8039103K->8038743K(8039104K), [CMS Perm : 33755K->33755K(56304K)], 13.0855220 secs] [Times: user=13.09 sys=0.00, real=13.09 secs] 
Heap after GC invocations=258 (full 194):
 par new generation   total 1747648K, used 1747287K [0x00000005fae00000, 0x000000067ae00000, 0x000000067ae00000)
  eden space 1398144K, 100% used [0x00000005fae00000, 0x0000000650360000, 0x0000000650360000)
  from space 349504K,  99% used [0x0000000650360000, 0x0000000665855ea0, 0x00000006658b0000)
  to   space 349504K,   0% used [0x00000006658b0000, 0x00000006658b0000, 0x000000067ae00000)
 concurrent mark-sweep generation total 6291456K, used 6291455K [0x000000067ae00000, 0x00000007fae00000, 0x00000007fae00000)
 concurrent-mark-sweep perm gen total 56304K, used 33755K [0x00000007fae00000, 0x00000007fe4fc000, 0x0000000800000000)
}
Total time for which application threads were stopped: 13.0911680 seconds
{Heap before GC invocations=258 (full 194):
 par new generation   total 1747648K, used 1747647K [0x00000005fae00000, 0x000000067ae00000, 0x000000067ae00000)
  eden space 1398144K, 100% used [0x00000005fae00000, 0x0000000650360000, 0x0000000650360000)
  from space 349504K,  99% used [0x0000000650360000, 0x00000006658afff8, 0x00000006658b0000)
  to   space 349504K,   0% used [0x00000006658b0000, 0x00000006658b0000, 0x000000067ae00000)
 concurrent mark-sweep generation total 6291456K, used 6291456K [0x000000067ae00000, 0x00000007fae00000, 0x00000007fae00000)
 concurrent-mark-sweep perm gen total 56304K, used 33755K [0x00000007fae00000, 0x00000007fe4fc000, 0x0000000800000000)
2016-09-06T16:33:11.827+0800: 2392.498: [Full GC 2392.500: [CMS: 6291456K->6291456K(6291456K), 11.7522940 secs] 8039103K->8038909K(8039104K), [CMS Perm : 33755K->33755K(56304K)], 11.7559300 secs] [Times: user=11.76 sys=0.00, real=11.75 secs] 
Heap after GC invocations=259 (full 195):
 par new generation   total 1747648K, used 1747453K [0x00000005fae00000, 0x000000067ae00000, 0x000000067ae00000)
  eden space 1398144K,  99% used [0x00000005fae00000, 0x000000065035ffe8, 0x0000000650360000)
  from space 349504K,  99% used [0x0000000650360000, 0x000000066587f568, 0x00000006658b0000)
  to   space 349504K,   0% used [0x00000006658b0000, 0x00000006658b0000, 0x000000067ae00000)
 concurrent mark-sweep generation total 6291456K, used 6291456K [0x000000067ae00000, 0x00000007fae00000, 0x00000007fae00000)
 concurrent-mark-sweep perm gen total 56304K, used 33755K [0x00000007fae00000, 0x00000007fe4fc000, 0x0000000800000000)
}
Total time for which application threads were stopped: 11.7614490 seconds
{Heap before GC invocations=259 (full 195):
 par new generation   total 1747648K, used 1747647K [0x00000005fae00000, 0x000000067ae00000, 0x000000067ae00000)
  eden space 1398144K,  99% used [0x00000005fae00000, 0x000000065035fff8, 0x0000000650360000)
  from space 349504K,  99% used [0x0000000650360000, 0x00000006658afff8, 0x00000006658b0000)
  to   space 349504K,   0% used [0x00000006658b0000, 0x00000006658b0000, 0x000000067ae00000)
 concurrent mark-sweep generation total 6291456K, used 6291456K [0x000000067ae00000, 0x00000007fae00000, 0x00000007fae00000)
 concurrent-mark-sweep perm gen total 56304K, used 33755K [0x00000007fae00000, 0x00000007fe4fc000, 0x0000000800000000)
2016-09-06T16:33:23.590+0800: 2404.261: [Full GC 2404.263: [CMS: 6291456K->6291456K(6291456K), 11.6929480 secs] 8039103K->8038968K(8039104K), [CMS Perm : 33755K->33755K(56304K)], 11.6965370 secs] [Times: user=11.70 sys=0.00, real=11.69 secs] 
Heap after GC invocations=260 (full 196):
 par new generation   total 1747648K, used 1747512K [0x00000005fae00000, 0x000000067ae00000, 0x000000067ae00000)
  eden space 1398144K,  99% used [0x00000005fae00000, 0x000000065035ffd0, 0x0000000650360000)
  from space 349504K,  99% used [0x0000000650360000, 0x000000066588e3c0, 0x00000006658b0000)
  to   space 349504K,   0% used [0x00000006658b0000, 0x00000006658b0000, 0x000000067ae00000)
 concurrent mark-sweep generation total 6291456K, used 6291456K [0x000000067ae00000, 0x00000007fae00000, 0x00000007fae00000)
 concurrent-mark-sweep perm gen total 56304K, used 33755K [0x00000007fae00000, 0x00000007fe4fc000, 0x0000000800000000)
}
Total time for which application threads were stopped: 11.7020030 seconds
2016-09-06T16:33:35.292+0800: 2415.963: [GC [1 CMS-initial-mark: 6291456K(6291456K)] 8038969K(8039104K), 1.0616020 secs] [Times: user=1.06 sys=0.00, real=1.06 secs] 
Total time for which application threads were stopped: 1.0665990 seconds
2016-09-06T16:33:36.357+0800: 2417.028: [CMS-concurrent-mark-start]
{Heap before GC invocations=260 (full 197):
 par new generation   total 1747648K, used 1747647K [0x00000005fae00000, 0x000000067ae00000, 0x000000067ae00000)
  eden space 1398144K, 100% used [0x00000005fae00000, 0x0000000650360000, 0x0000000650360000)
  from space 349504K,  99% used [0x0000000650360000, 0x00000006658affb0, 0x00000006658b0000)
  to   space 349504K,   0% used [0x00000006658b0000, 0x00000006658b0000, 0x000000067ae00000)
 concurrent mark-sweep generation total 6291456K, used 6291456K [0x000000067ae00000, 0x00000007fae00000, 0x00000007fae00000)
 concurrent-mark-sweep perm gen total 56304K, used 33755K [0x00000007fae00000, 0x00000007fe4fc000, 0x0000000800000000)
2016-09-06T16:33:36.359+0800: 2417.031: [Full GC 2417.032: [CMS2016-09-06T16:33:38.150+0800: 2418.821: [CMS-concurrent-mark: 1.633/1.793 secs] [Times: user=6.70 sys=0.01, real=1.79 secs] 
 (concurrent mode failure): 6291456K->6291456K(6291456K), 13.3397980 secs] 8039103K->8038974K(8039104K), [CMS Perm : 33755K->33755K(56304K)], 13.3434700 secs] [Times: user=18.24 sys=0.01, real=13.35 secs] 
Heap after GC invocations=261 (full 198):
 par new generation   total 1747648K, used 1747518K [0x00000005fae00000, 0x000000067ae00000, 0x000000067ae00000)
  eden space 1398144K, 100% used [0x00000005fae00000, 0x0000000650360000, 0x0000000650360000)
  from space 349504K,  99% used [0x0000000650360000, 0x000000066588fb58, 0x00000006658b0000)
  to   space 349504K,   0% used [0x00000006658b0000, 0x00000006658b0000, 0x000000067ae00000)
 concurrent mark-sweep generation total 6291456K, used 6291456K [0x000000067ae00000, 0x00000007fae00000, 0x00000007fae00000)
 concurrent-mark-sweep perm gen total 56304K, used 33755K [0x00000007fae00000, 0x00000007fe4fc000, 0x0000000800000000)
}
Total time for which application threads were stopped: 13.3487420 seconds
{Heap before GC invocations=261 (full 198):
 par new generation   total 1747648K, used 1747648K [0x00000005fae00000, 0x000000067ae00000, 0x000000067ae00000)
  eden space 1398144K, 100% used [0x00000005fae00000, 0x0000000650360000, 0x0000000650360000)
  from space 349504K, 100% used [0x0000000650360000, 0x00000006658b0000, 0x00000006658b0000)
  to   space 349504K,   0% used [0x00000006658b0000, 0x00000006658b0000, 0x000000067ae00000)
 concurrent mark-sweep generation total 6291456K, used 6291456K [0x000000067ae00000, 0x00000007fae00000, 0x00000007fae00000)
 concurrent-mark-sweep perm gen total 56304K, used 33755K [0x00000007fae00000, 0x00000007fe4fc000, 0x0000000800000000)
2016-09-06T16:33:49.709+0800: 2430.381: [Full GC 2430.382: [CMS: 6291456K->6291456K(6291456K), 11.7226510 secs] 8039104K->8039013K(8039104K), [CMS Perm : 33755K->33755K(56304K)], 11.7262910 secs] [Times: user=11.72 sys=0.00, real=11.73 secs] 
Heap after GC invocations=262 (full 199):
 par new generation   total 1747648K, used 1747557K [0x00000005fae00000, 0x000000067ae00000, 0x000000067ae00000)
  eden space 1398144K,  99% used [0x00000005fae00000, 0x000000065035ffe0, 0x0000000650360000)
  from space 349504K,  99% used [0x0000000650360000, 0x00000006658997c8, 0x00000006658b0000)
  to   space 349504K,   0% used [0x00000006658b0000, 0x00000006658b0000, 0x000000067ae00000)
 concurrent mark-sweep generation total 6291456K, used 6291456K [0x000000067ae00000, 0x00000007fae00000, 0x00000007fae00000)
 concurrent-mark-sweep perm gen total 56304K, used 33755K [0x00000007fae00000, 0x00000007fe4fc000, 0x0000000800000000)
}
Total time for which application threads were stopped: 11.7317780 seconds
{Heap before GC invocations=262 (full 199):
 par new generation   total 1747648K, used 1747648K [0x00000005fae00000, 0x000000067ae00000, 0x000000067ae00000)
  eden space 1398144K, 100% used [0x00000005fae00000, 0x0000000650360000, 0x0000000650360000)
  from space 349504K, 100% used [0x0000000650360000, 0x00000006658b0000, 0x00000006658b0000)
  to   space 349504K,   0% used [0x00000006658b0000, 0x00000006658b0000, 0x000000067ae00000)
 concurrent mark-sweep generation total 6291456K, used 6291456K [0x000000067ae00000, 0x00000007fae00000, 0x00000007fae00000)
 concurrent-mark-sweep perm gen total 56304K, used 33755K [0x00000007fae00000, 0x00000007fe4fc000, 0x0000000800000000)
2016-09-06T16:34:01.443+0800: 2442.114: [Full GC 2442.116: [CMS: 6291456K->6291456K(6291456K), 11.7135470 secs] 8039104K->8039038K(8039104K), [CMS Perm : 33755K->33755K(56304K)], 11.7171530 secs] [Times: user=11.72 sys=0.01, real=11.72 secs] 
Heap after GC invocations=263 (full 200):
 par new generation   total 1747648K, used 1747582K [0x00000005fae00000, 0x000000067ae00000, 0x000000067ae00000)
  eden space 1398144K, 100% used [0x00000005fae00000, 0x0000000650360000, 0x0000000650360000)
  from space 349504K,  99% used [0x0000000650360000, 0x000000066589f9c8, 0x00000006658b0000)
  to   space 349504K,   0% used [0x00000006658b0000, 0x00000006658b0000, 0x000000067ae00000)
 concurrent mark-sweep generation total 6291456K, used 6291456K [0x000000067ae00000, 0x00000007fae00000, 0x00000007fae00000)
 concurrent-mark-sweep perm gen total 56304K, used 33755K [0x00000007fae00000, 0x00000007fe4fc000, 0x0000000800000000)
}
Total time for which application threads were stopped: 11.7225650 seconds
{Heap before GC invocations=263 (full 200):
 par new generation   total 1747648K, used 1747647K [0x00000005fae00000, 0x000000067ae00000, 0x000000067ae00000)
  eden space 1398144K, 100% used [0x00000005fae00000, 0x0000000650360000, 0x0000000650360000)
  from space 349504K,  99% used [0x0000000650360000, 0x00000006658affe8, 0x00000006658b0000)
  to   space 349504K,   0% used [0x00000006658b0000, 0x00000006658b0000, 0x000000067ae00000)
 concurrent mark-sweep generation total 6291456K, used 6291456K [0x000000067ae00000, 0x00000007fae00000, 0x00000007fae00000)
 concurrent-mark-sweep perm gen total 56304K, used 33755K [0x00000007fae00000, 0x00000007fe4fc000, 0x0000000800000000)
2016-09-06T16:34:13.166+0800: 2453.837: [Full GC 2453.839: [CMS: 6291456K->6291456K(6291456K), 11.6588610 secs] 8039103K->8039085K(8039104K), [CMS Perm : 33755K->33755K(56304K)], 11.6624440 secs] [Times: user=11.66 sys=0.00, real=11.66 secs] 
Heap after GC invocations=264 (full 201):
 par new generation   total 1747648K, used 1747629K [0x00000005fae00000, 0x000000067ae00000, 0x000000067ae00000)
  eden space 1398144K, 100% used [0x00000005fae00000, 0x0000000650360000, 0x0000000650360000)
  from space 349504K,  99% used [0x0000000650360000, 0x00000006658ab6f0, 0x00000006658b0000)
  to   space 349504K,   0% used [0x00000006658b0000, 0x00000006658b0000, 0x000000067ae00000)
 concurrent mark-sweep generation total 6291456K, used 6291456K [0x000000067ae00000, 0x00000007fae00000, 0x00000007fae00000)
 concurrent-mark-sweep perm gen total 56304K, used 33755K [0x00000007fae00000, 0x00000007fe4fc000, 0x0000000800000000)
}
Total time for which application threads were stopped: 11.6679510 seconds
{Heap before GC invocations=264 (full 201):
 par new generation   total 1747648K, used 1747647K [0x00000005fae00000, 0x000000067ae00000, 0x000000067ae00000)
  eden space 1398144K, 100% used [0x00000005fae00000, 0x0000000650360000, 0x0000000650360000)
  from space 349504K,  99% used [0x0000000650360000, 0x00000006658affd8, 0x00000006658b0000)
  to   space 349504K,   0% used [0x00000006658b0000, 0x00000006658b0000, 0x000000067ae00000)
 concurrent mark-sweep generation total 6291456K, used 6291456K [0x000000067ae00000, 0x00000007fae00000, 0x00000007fae00000)
 concurrent-mark-sweep perm gen total 56304K, used 33755K [0x00000007fae00000, 0x00000007fe4fc000, 0x0000000800000000)
2016-09-06T16:34:24.834+0800: 2465.505: [Full GC 2465.507: [CMS: 6291456K->6291456K(6291456K), 11.6934650 secs] 8039103K->8039098K(8039104K), [CMS Perm : 33755K->33755K(56304K)], 11.6970540 secs] [Times: user=11.70 sys=0.00, real=11.70 secs] 
Heap after GC invocations=265 (full 202):
 par new generation   total 1747648K, used 1747642K [0x00000005fae00000, 0x000000067ae00000, 0x000000067ae00000)
  eden space 1398144K, 100% used [0x00000005fae00000, 0x0000000650360000, 0x0000000650360000)
  from space 349504K,  99% used [0x0000000650360000, 0x00000006658ae968, 0x00000006658b0000)
  to   space 349504K,   0% used [0x00000006658b0000, 0x00000006658b0000, 0x000000067ae00000)
 concurrent mark-sweep generation total 6291456K, used 6291456K [0x000000067ae00000, 0x00000007fae00000, 0x00000007fae00000)
 concurrent-mark-sweep perm gen total 56304K, used 33755K [0x00000007fae00000, 0x00000007fe4fc000, 0x0000000800000000)
}
Total time for which application threads were stopped: 11.7023970 seconds
{Heap before GC invocations=265 (full 202):
 par new generation   total 1747648K, used 1747647K [0x00000005fae00000, 0x000000067ae00000, 0x000000067ae00000)
  eden space 1398144K, 100% used [0x00000005fae00000, 0x0000000650360000, 0x0000000650360000)
  from space 349504K,  99% used [0x0000000650360000, 0x00000006658affc0, 0x00000006658b0000)
  to   space 349504K,   0% used [0x00000006658b0000, 0x00000006658b0000, 0x000000067ae00000)
 concurrent mark-sweep generation total 6291456K, used 6291456K [0x000000067ae00000, 0x00000007fae00000, 0x00000007fae00000)
 concurrent-mark-sweep perm gen total 56304K, used 33755K [0x00000007fae00000, 0x00000007fe4fc000, 0x0000000800000000)
2016-09-06T16:34:36.536+0800: 2477.208: [Full GC 2477.210: [CMS: 6291456K->6291456K(6291456K), 11.5763370 secs] 8039103K->8039103K(8039104K), [CMS Perm : 33755K->33755K(56304K)], 11.5799260 secs] [Times: user=11.58 sys=0.00, real=11.58 secs] 
Heap after GC invocations=266 (full 203):
 par new generation   total 1747648K, used 1747647K [0x00000005fae00000, 0x000000067ae00000, 0x000000067ae00000)
  eden space 1398144K, 100% used [0x00000005fae00000, 0x0000000650360000, 0x0000000650360000)
  from space 349504K,  99% used [0x0000000650360000, 0x00000006658aff98, 0x00000006658b0000)
  to   space 349504K,   0% used [0x00000006658b0000, 0x00000006658b0000, 0x000000067ae00000)
 concurrent mark-sweep generation total 6291456K, used 6291456K [0x000000067ae00000, 0x00000007fae00000, 0x00000007fae00000)
 concurrent-mark-sweep perm gen total 56304K, used 33755K [0x00000007fae00000, 0x00000007fe4fc000, 0x0000000800000000)
}
Total time for which application threads were stopped: 11.5852500 seconds
{Heap before GC invocations=266 (full 203):
 par new generation   total 1747648K, used 1747647K [0x00000005fae00000, 0x000000067ae00000, 0x000000067ae00000)
  eden space 1398144K, 100% used [0x00000005fae00000, 0x0000000650360000, 0x0000000650360000)
  from space 349504K,  99% used [0x0000000650360000, 0x00000006658affe8, 0x00000006658b0000)
  to   space 349504K,   0% used [0x00000006658b0000, 0x00000006658b0000, 0x000000067ae00000)
 concurrent mark-sweep generation total 6291456K, used 6291456K [0x000000067ae00000, 0x00000007fae00000, 0x00000007fae00000)
 concurrent-mark-sweep perm gen total 56304K, used 33755K [0x00000007fae00000, 0x00000007fe4fc000, 0x0000000800000000)
2016-09-06T16:34:48.122+0800: 2488.793: [Full GC 2488.795: [CMS: 6291456K->6291456K(6291456K), 11.6289050 secs] 8039103K->8039103K(8039104K), [CMS Perm : 33755K->33755K(56304K)], 11.6324750 secs] [Times: user=11.63 sys=0.00, real=11.63 secs] 
Heap after GC invocations=267 (full 204):
 par new generation   total 1747648K, used 1747647K [0x00000005fae00000, 0x000000067ae00000, 0x000000067ae00000)
  eden space 1398144K, 100% used [0x00000005fae00000, 0x0000000650360000, 0x0000000650360000)
  from space 349504K,  99% used [0x0000000650360000, 0x00000006658affe8, 0x00000006658b0000)
  to   space 349504K,   0% used [0x00000006658b0000, 0x00000006658b0000, 0x000000067ae00000)
 concurrent mark-sweep generation total 6291456K, used 6291456K [0x000000067ae00000, 0x00000007fae00000, 0x00000007fae00000)
 concurrent-mark-sweep perm gen total 56304K, used 33755K [0x00000007fae00000, 0x00000007fe4fc000, 0x0000000800000000)
}
{Heap before GC invocations=267 (full 204):
 par new generation   total 1747648K, used 1747647K [0x00000005fae00000, 0x000000067ae00000, 0x000000067ae00000)
  eden space 1398144K, 100% used [0x00000005fae00000, 0x0000000650360000, 0x0000000650360000)
  from space 349504K,  99% used [0x0000000650360000, 0x00000006658affe8, 0x00000006658b0000)
  to   space 349504K,   0% used [0x00000006658b0000, 0x00000006658b0000, 0x000000067ae00000)
 concurrent mark-sweep generation total 6291456K, used 6291456K [0x000000067ae00000, 0x00000007fae00000, 0x00000007fae00000)
 concurrent-mark-sweep perm gen total 56304K, used 33755K [0x00000007fae00000, 0x00000007fe4fc000, 0x0000000800000000)
2016-09-06T16:34:59.756+0800: 2500.427: [Full GC 2500.428: [CMS: 6291456K->6291456K(6291456K), 11.5758830 secs] 8039103K->8039103K(8039104K), [CMS Perm : 33755K->33755K(56304K)], 11.5790260 secs] [Times: user=11.58 sys=0.00, real=11.58 secs] 
Heap after GC invocations=268 (full 205):
 par new generation   total 1747648K, used 1747647K [0x00000005fae00000, 0x000000067ae00000, 0x000000067ae00000)
  eden space 1398144K, 100% used [0x00000005fae00000, 0x0000000650360000, 0x0000000650360000)
  from space 349504K,  99% used [0x0000000650360000, 0x00000006658affe8, 0x00000006658b0000)
  to   space 349504K,   0% used [0x00000006658b0000, 0x00000006658b0000, 0x000000067ae00000)
 concurrent mark-sweep generation total 6291456K, used 6291456K [0x000000067ae00000, 0x00000007fae00000, 0x00000007fae00000)
 concurrent-mark-sweep perm gen total 56304K, used 33755K [0x00000007fae00000, 0x00000007fe4fc000, 0x0000000800000000)
}
Total time for which application threads were stopped: 23.2180130 seconds
2016-09-06T16:35:11.340+0800: 2512.011: [GC [1 CMS-initial-mark: 6291456K(6291456K)] 8039103K(8039104K), 1.0645420 secs] [Times: user=1.07 sys=0.00, real=1.07 secs] 
Total time for which application threads were stopped: 1.0695230 seconds
2016-09-06T16:35:12.408+0800: 2513.079: [CMS-concurrent-mark-start]
{Heap before GC invocations=268 (full 206):
 par new generation   total 1747648K, used 1747648K [0x00000005fae00000, 0x000000067ae00000, 0x000000067ae00000)
  eden space 1398144K, 100% used [0x00000005fae00000, 0x0000000650360000, 0x0000000650360000)
  from space 349504K, 100% used [0x0000000650360000, 0x00000006658b0000, 0x00000006658b0000)
  to   space 349504K,   0% used [0x00000006658b0000, 0x00000006658b0000, 0x000000067ae00000)
 concurrent mark-sweep generation total 6291456K, used 6291456K [0x000000067ae00000, 0x00000007fae00000, 0x00000007fae00000)
 concurrent-mark-sweep perm gen total 56304K, used 33755K [0x00000007fae00000, 0x00000007fe4fc000, 0x0000000800000000)
2016-09-06T16:35:12.411+0800: 2513.082: [Full GC 2513.084: [CMS2016-09-06T16:35:14.198+0800: 2514.869: [CMS-concurrent-mark: 1.631/1.790 secs] [Times: user=6.68 sys=0.00, real=1.79 secs] 
 (concurrent mode failure): 6291456K->6291456K(6291456K), 15.1926460 secs] 8039104K->8037417K(8039104K), [CMS Perm : 33755K->33755K(56304K)], 15.1962890 secs] [Times: user=20.09 sys=0.00, real=15.20 secs] 
Heap after GC invocations=269 (full 207):
 par new generation   total 1747648K, used 1745961K [0x00000005fae00000, 0x000000067ae00000, 0x000000067ae00000)
  eden space 1398144K,  99% used [0x00000005fae00000, 0x000000065035fe30, 0x0000000650360000)
  from space 349504K,  99% used [0x0000000650360000, 0x000000066570a6c0, 0x00000006658b0000)
  to   space 349504K,   0% used [0x00000006658b0000, 0x00000006658b0000, 0x000000067ae00000)
 concurrent mark-sweep generation total 6291456K, used 6291456K [0x000000067ae00000, 0x00000007fae00000, 0x00000007fae00000)
 concurrent-mark-sweep perm gen total 56304K, used 33755K [0x00000007fae00000, 0x00000007fe4fc000, 0x0000000800000000)
}
Total time for which application threads were stopped: 15.2015110 seconds
{Heap before GC invocations=269 (full 207):
 par new generation   total 1747648K, used 1747648K [0x00000005fae00000, 0x000000067ae00000, 0x000000067ae00000)
  eden space 1398144K, 100% used [0x00000005fae00000, 0x0000000650360000, 0x0000000650360000)
  from space 349504K, 100% used [0x0000000650360000, 0x00000006658b0000, 0x00000006658b0000)
  to   space 349504K,   0% used [0x00000006658b0000, 0x00000006658b0000, 0x000000067ae00000)
 concurrent mark-sweep generation total 6291456K, used 6291456K [0x000000067ae00000, 0x00000007fae00000, 0x00000007fae00000)
 concurrent-mark-sweep perm gen total 56304K, used 33755K [0x00000007fae00000, 0x00000007fe4fc000, 0x0000000800000000)
2016-09-06T16:35:27.625+0800: 2528.297: [Full GC 2528.298: [CMS: 6291456K->6291456K(6291456K), 13.2173480 secs] 8039104K->8037759K(8039104K), [CMS Perm : 33755K->33755K(56304K)], 13.2210270 secs] [Times: user=13.22 sys=0.00, real=13.22 secs] 
Heap after GC invocations=270 (full 208):
 par new generation   total 1747648K, used 1746303K [0x00000005fae00000, 0x000000067ae00000, 0x000000067ae00000)
  eden space 1398144K,  99% used [0x00000005fae00000, 0x000000065035fd20, 0x0000000650360000)
  from space 349504K,  99% used [0x0000000650360000, 0x0000000665760240, 0x00000006658b0000)
  to   space 349504K,   0% used [0x00000006658b0000, 0x00000006658b0000, 0x000000067ae00000)
 concurrent mark-sweep generation total 6291456K, used 6291456K [0x000000067ae00000, 0x00000007fae00000, 0x00000007fae00000)
 concurrent-mark-sweep perm gen total 56304K, used 33755K [0x00000007fae00000, 0x00000007fe4fc000, 0x0000000800000000)
}
Total time for which application threads were stopped: 13.2268080 seconds
2016-09-06T16:35:40.854+0800: 2541.526: [GC [1 CMS-initial-mark: 6291456K(6291456K)] 8038236K(8039104K), 1.0636250 secs] [Times: user=1.06 sys=0.01, real=1.07 secs] 
Total time for which application threads were stopped: 1.0687040 seconds
2016-09-06T16:35:41.922+0800: 2542.592: [CMS-concurrent-mark-start]
{Heap before GC invocations=270 (full 209):
 par new generation   total 1747648K, used 1747648K [0x00000005fae00000, 0x000000067ae00000, 0x000000067ae00000)
  eden space 1398144K, 100% used [0x00000005fae00000, 0x0000000650360000, 0x0000000650360000)
  from space 349504K, 100% used [0x0000000650360000, 0x00000006658b0000, 0x00000006658b0000)
  to   space 349504K,   0% used [0x00000006658b0000, 0x00000006658b0000, 0x000000067ae00000)
 concurrent mark-sweep generation total 6291456K, used 6291456K [0x000000067ae00000, 0x00000007fae00000, 0x00000007fae00000)
 concurrent-mark-sweep perm gen total 56304K, used 33755K [0x00000007fae00000, 0x00000007fe4fc000, 0x0000000800000000)
2016-09-06T16:35:41.940+0800: 2542.612: [Full GC 2542.613: [CMS2016-09-06T16:35:43.717+0800: 2544.387: [CMS-concurrent-mark: 1.634/1.795 secs] [Times: user=6.69 sys=0.00, real=1.79 secs] 
 (concurrent mode failure): 6291456K->6291455K(6291456K), 13.6259980 secs] 8039104K->8038295K(8039104K), [CMS Perm : 33755K->33755K(56304K)], 13.6296750 secs] [Times: user=18.48 sys=0.00, real=13.63 secs] 
Heap after GC invocations=271 (full 210):
 par new generation   total 1747648K, used 1746839K [0x00000005fae00000, 0x000000067ae00000, 0x000000067ae00000)
  eden space 1398144K,  99% used [0x00000005fae00000, 0x000000065035fdf0, 0x0000000650360000)
  from space 349504K,  99% used [0x0000000650360000, 0x00000006657e5e60, 0x00000006658b0000)
  to   space 349504K,   0% used [0x00000006658b0000, 0x00000006658b0000, 0x000000067ae00000)
 concurrent mark-sweep generation total 6291456K, used 6291455K [0x000000067ae00000, 0x00000007fae00000, 0x00000007fae00000)
 concurrent-mark-sweep perm gen total 56304K, used 33755K [0x00000007fae00000, 0x00000007fe4fc000, 0x0000000800000000)
}
Total time for which application threads were stopped: 13.6356500 seconds
{Heap before GC invocations=271 (full 210):
 par new generation   total 1747648K, used 1747647K [0x00000005fae00000, 0x000000067ae00000, 0x000000067ae00000)
  eden space 1398144K, 100% used [0x00000005fae00000, 0x0000000650360000, 0x0000000650360000)
  from space 349504K,  99% used [0x0000000650360000, 0x00000006658afff8, 0x00000006658b0000)
  to   space 349504K,   0% used [0x00000006658b0000, 0x00000006658b0000, 0x000000067ae00000)
 concurrent mark-sweep generation total 6291456K, used 6291456K [0x000000067ae00000, 0x00000007fae00000, 0x00000007fae00000)
 concurrent-mark-sweep perm gen total 56304K, used 33755K [0x00000007fae00000, 0x00000007fe4fc000, 0x0000000800000000)
2016-09-06T16:35:55.582+0800: 2556.253: [Full GC 2556.255: [CMS: 6291456K->6291455K(6291456K), 11.9460940 secs] 8039103K->8038535K(8039104K), [CMS Perm : 33755K->33755K(56304K)], 11.9498250 secs] [Times: user=11.96 sys=0.00, real=11.94 secs] 
Heap after GC invocations=272 (full 211):
 par new generation   total 1747648K, used 1747079K [0x00000005fae00000, 0x000000067ae00000, 0x000000067ae00000)
  eden space 1398144K,  99% used [0x00000005fae00000, 0x000000065035fae8, 0x0000000650360000)
  from space 349504K,  99% used [0x0000000650360000, 0x0000000665822180, 0x00000006658b0000)
  to   space 349504K,   0% used [0x00000006658b0000, 0x00000006658b0000, 0x000000067ae00000)
 concurrent mark-sweep generation total 6291456K, used 6291455K [0x000000067ae00000, 0x00000007fae00000, 0x00000007fae00000)
 concurrent-mark-sweep perm gen total 56304K, used 33755K [0x00000007fae00000, 0x00000007fe4fc000, 0x0000000800000000)
}
Total time for which application threads were stopped: 11.9554510 seconds
2016-09-06T16:36:07.537+0800: 2568.209: [GC [1 CMS-initial-mark: 6291455K(6291456K)] 8038552K(8039104K), 1.0664730 secs] [Times: user=1.07 sys=0.00, real=1.07 secs] 
Total time for which application threads were stopped: 1.0714450 seconds
2016-09-06T16:36:08.607+0800: 2569.278: [CMS-concurrent-mark-start]
{Heap before GC invocations=272 (full 212):
 par new generation   total 1747648K, used 1747648K [0x00000005fae00000, 0x000000067ae00000, 0x000000067ae00000)
  eden space 1398144K, 100% used [0x00000005fae00000, 0x0000000650360000, 0x0000000650360000)
  from space 349504K, 100% used [0x0000000650360000, 0x00000006658b0000, 0x00000006658b0000)
  to   space 349504K,   0% used [0x00000006658b0000, 0x00000006658b0000, 0x000000067ae00000)
 concurrent mark-sweep generation total 6291456K, used 6291455K [0x000000067ae00000, 0x00000007fae00000, 0x00000007fae00000)
 concurrent-mark-sweep perm gen total 56304K, used 33755K [0x00000007fae00000, 0x00000007fe4fc000, 0x0000000800000000)
2016-09-06T16:36:08.613+0800: 2569.284: [Full GC 2569.286: [CMS2016-09-06T16:36:10.407+0800: 2571.077: [CMS-concurrent-mark: 1.639/1.799 secs] [Times: user=6.71 sys=0.01, real=1.80 secs] 
 (concurrent mode failure): 6291455K->6291455K(6291456K), 13.5652700 secs] 8039103K->8038665K(8039104K), [CMS Perm : 33755K->33755K(56304K)], 13.5689520 secs] [Times: user=18.47 sys=0.01, real=13.56 secs] 
Heap after GC invocations=273 (full 213):
 par new generation   total 1747648K, used 1747209K [0x00000005fae00000, 0x000000067ae00000, 0x000000067ae00000)
  eden space 1398144K,  99% used [0x00000005fae00000, 0x000000065035fde0, 0x0000000650360000)
  from space 349504K,  99% used [0x0000000650360000, 0x0000000665842778, 0x00000006658b0000)
  to   space 349504K,   0% used [0x00000006658b0000, 0x00000006658b0000, 0x000000067ae00000)
 concurrent mark-sweep generation total 6291456K, used 6291455K [0x000000067ae00000, 0x00000007fae00000, 0x00000007fae00000)
 concurrent-mark-sweep perm gen total 56304K, used 33755K [0x00000007fae00000, 0x00000007fe4fc000, 0x0000000800000000)
}
Total time for which application threads were stopped: 13.5746730 seconds
{Heap before GC invocations=273 (full 213):
 par new generation   total 1747648K, used 1747647K [0x00000005fae00000, 0x000000067ae00000, 0x000000067ae00000)
  eden space 1398144K, 100% used [0x00000005fae00000, 0x0000000650360000, 0x0000000650360000)
  from space 349504K,  99% used [0x0000000650360000, 0x00000006658afff8, 0x00000006658b0000)
  to   space 349504K,   0% used [0x00000006658b0000, 0x00000006658b0000, 0x000000067ae00000)
 concurrent mark-sweep generation total 6291456K, used 6291455K [0x000000067ae00000, 0x00000007fae00000, 0x00000007fae00000)
 concurrent-mark-sweep perm gen total 56304K, used 33755K [0x00000007fae00000, 0x00000007fe4fc000, 0x0000000800000000)
2016-09-06T16:36:22.190+0800: 2582.861: [Full GC 2582.863: [CMS: 6291455K->6291455K(6291456K), 11.9941340 secs] 8039103K->8038705K(8039104K), [CMS Perm : 33755K->33755K(56304K)], 11.9977860 secs] [Times: user=11.99 sys=0.01, real=12.00 secs] 
Heap after GC invocations=274 (full 214):
 par new generation   total 1747648K, used 1747249K [0x00000005fae00000, 0x000000067ae00000, 0x000000067ae00000)
  eden space 1398144K,  99% used [0x00000005fae00000, 0x000000065035fff0, 0x0000000650360000)
  from space 349504K,  99% used [0x0000000650360000, 0x000000066584c6a0, 0x00000006658b0000)
  to   space 349504K,   0% used [0x00000006658b0000, 0x00000006658b0000, 0x000000067ae00000)
 concurrent mark-sweep generation total 6291456K, used 6291455K [0x000000067ae00000, 0x00000007fae00000, 0x00000007fae00000)
 concurrent-mark-sweep perm gen total 56304K, used 33755K [0x00000007fae00000, 0x00000007fe4fc000, 0x0000000800000000)
}
Total time for which application threads were stopped: 12.0032870 seconds
2016-09-06T16:36:34.194+0800: 2594.866: [GC [1 CMS-initial-mark: 6291455K(6291456K)] 8038786K(8039104K), 1.0961170 secs] [Times: user=1.10 sys=0.00, real=1.10 secs] 
Total time for which application threads were stopped: 1.1020040 seconds
2016-09-06T16:36:35.294+0800: 2595.965: [CMS-concurrent-mark-start]
{Heap before GC invocations=274 (full 215):
 par new generation   total 1747648K, used 1747647K [0x00000005fae00000, 0x000000067ae00000, 0x000000067ae00000)
  eden space 1398144K, 100% used [0x00000005fae00000, 0x0000000650360000, 0x0000000650360000)
  from space 349504K,  99% used [0x0000000650360000, 0x00000006658afff8, 0x00000006658b0000)
  to   space 349504K,   0% used [0x00000006658b0000, 0x00000006658b0000, 0x000000067ae00000)
 concurrent mark-sweep generation total 6291456K, used 6291456K [0x000000067ae00000, 0x00000007fae00000, 0x00000007fae00000)
 concurrent-mark-sweep perm gen total 56304K, used 33755K [0x00000007fae00000, 0x00000007fe4fc000, 0x0000000800000000)
2016-09-06T16:36:35.299+0800: 2595.970: [Full GC 2595.972: [CMS2016-09-06T16:36:37.151+0800: 2597.822: [CMS-concurrent-mark: 1.691/1.857 secs] [Times: user=6.69 sys=0.01, real=1.86 secs] 
 (concurrent mode failure): 6291456K->6291456K(6291456K), 14.2952790 secs] 8039103K->8038799K(8039104K), [CMS Perm : 33755K->33755K(56304K)], 14.2992770 secs] [Times: user=19.13 sys=0.01, real=14.29 secs] 
Heap after GC invocations=275 (full 216):
 par new generation   total 1747648K, used 1747343K [0x00000005fae00000, 0x000000067ae00000, 0x000000067ae00000)
  eden space 1398144K,  99% used [0x00000005fae00000, 0x000000065035ffd8, 0x0000000650360000)
  from space 349504K,  99% used [0x0000000650360000, 0x0000000665863dc0, 0x00000006658b0000)
  to   space 349504K,   0% used [0x00000006658b0000, 0x00000006658b0000, 0x000000067ae00000)
 concurrent mark-sweep generation total 6291456K, used 6291456K [0x000000067ae00000, 0x00000007fae00000, 0x00000007fae00000)
 concurrent-mark-sweep perm gen total 56304K, used 33755K [0x00000007fae00000, 0x00000007fe4fc000, 0x0000000800000000)
}
Total time for which application threads were stopped: 14.3053580 seconds
{Heap before GC invocations=275 (full 216):
 par new generation   total 1747648K, used 1747648K [0x00000005fae00000, 0x000000067ae00000, 0x000000067ae00000)
  eden space 1398144K, 100% used [0x00000005fae00000, 0x0000000650360000, 0x0000000650360000)
  from space 349504K, 100% used [0x0000000650360000, 0x00000006658b0000, 0x00000006658b0000)
  to   space 349504K,   0% used [0x00000006658b0000, 0x00000006658b0000, 0x000000067ae00000)
 concurrent mark-sweep generation total 6291456K, used 6291456K [0x000000067ae00000, 0x00000007fae00000, 0x00000007fae00000)
 concurrent-mark-sweep perm gen total 56304K, used 33755K [0x00000007fae00000, 0x00000007fe4fc000, 0x0000000800000000)
2016-09-06T16:36:49.607+0800: 2610.279: [Full GC 2610.280: [CMS: 6291456K->6291456K(6291456K), 12.3791110 secs] 8039104K->8038916K(8039104K), [CMS Perm : 33755K->33755K(56304K)], 12.3831290 secs] [Times: user=12.39 sys=0.01, real=12.38 secs] 
Heap after GC invocations=276 (full 217):
 par new generation   total 1747648K, used 1747460K [0x00000005fae00000, 0x000000067ae00000, 0x000000067ae00000)
  eden space 1398144K,  99% used [0x00000005fae00000, 0x000000065035fff8, 0x0000000650360000)
  from space 349504K,  99% used [0x0000000650360000, 0x00000006658811d8, 0x00000006658b0000)
  to   space 349504K,   0% used [0x00000006658b0000, 0x00000006658b0000, 0x000000067ae00000)
 concurrent mark-sweep generation total 6291456K, used 6291456K [0x000000067ae00000, 0x00000007fae00000, 0x00000007fae00000)
 concurrent-mark-sweep perm gen total 56304K, used 33755K [0x00000007fae00000, 0x00000007fe4fc000, 0x0000000800000000)
}
Total time for which application threads were stopped: 12.3893650 seconds
{Heap before GC invocations=276 (full 217):
 par new generation   total 1747648K, used 1747647K [0x00000005fae00000, 0x000000067ae00000, 0x000000067ae00000)
  eden space 1398144K,  99% used [0x00000005fae00000, 0x000000065035fff8, 0x0000000650360000)
  from space 349504K,  99% used [0x0000000650360000, 0x00000006658affc8, 0x00000006658b0000)
  to   space 349504K,   0% used [0x00000006658b0000, 0x00000006658b0000, 0x000000067ae00000)
 concurrent mark-sweep generation total 6291456K, used 6291456K [0x000000067ae00000, 0x00000007fae00000, 0x00000007fae00000)
 concurrent-mark-sweep perm gen total 56304K, used 33755K [0x00000007fae00000, 0x00000007fe4fc000, 0x0000000800000000)
2016-09-06T16:37:01.998+0800: 2622.669: [Full GC 2622.671: [CMS: 6291456K->6291456K(6291456K), 12.3243860 secs] 8039103K->8038971K(8039104K), [CMS Perm : 33755K->33755K(56304K)], 12.3283590 secs] [Times: user=12.33 sys=0.01, real=12.33 secs] 
Heap after GC invocations=277 (full 218):
 par new generation   total 1747648K, used 1747515K [0x00000005fae00000, 0x000000067ae00000, 0x000000067ae00000)
  eden space 1398144K,  99% used [0x00000005fae00000, 0x000000065035fff8, 0x0000000650360000)
  from space 349504K,  99% used [0x0000000650360000, 0x000000066588ec18, 0x00000006658b0000)
  to   space 349504K,   0% used [0x00000006658b0000, 0x00000006658b0000, 0x000000067ae00000)
 concurrent mark-sweep generation total 6291456K, used 6291456K [0x000000067ae00000, 0x00000007fae00000, 0x00000007fae00000)
 concurrent-mark-sweep perm gen total 56304K, used 33755K [0x00000007fae00000, 0x00000007fe4fc000, 0x0000000800000000)
}
Total time for which application threads were stopped: 12.3345920 seconds
2016-09-06T16:37:14.335+0800: 2635.006: [GC [1 CMS-initial-mark: 6291456K(6291456K)] 8039103K(8039104K), 1.0973800 secs] [Times: user=1.10 sys=0.00, real=1.09 secs] 
Total time for which application threads were stopped: 1.1031720 seconds
2016-09-06T16:37:15.436+0800: 2636.107: [CMS-concurrent-mark-start]
{Heap before GC invocations=277 (full 219):
 par new generation   total 1747648K, used 1747647K [0x00000005fae00000, 0x000000067ae00000, 0x000000067ae00000)
  eden space 1398144K,  99% used [0x00000005fae00000, 0x000000065035fff8, 0x0000000650360000)
  from space 349504K, 100% used [0x0000000650360000, 0x00000006658b0000, 0x00000006658b0000)
  to   space 349504K,   0% used [0x00000006658b0000, 0x00000006658b0000, 0x000000067ae00000)
 concurrent mark-sweep generation total 6291456K, used 6291456K [0x000000067ae00000, 0x00000007fae00000, 0x00000007fae00000)
 concurrent-mark-sweep perm gen total 56304K, used 33755K [0x00000007fae00000, 0x00000007fe4fc000, 0x0000000800000000)
2016-09-06T16:37:15.439+0800: 2636.110: [Full GC 2636.112: [CMS2016-09-06T16:37:17.266+0800: 2637.937: [CMS-concurrent-mark: 1.664/1.830 secs] [Times: user=6.70 sys=0.00, real=1.83 secs] 
 (concurrent mode failure): 6291456K->6291456K(6291456K), 14.0575280 secs] 8039103K->8039016K(8039104K), [CMS Perm : 33755K->33755K(56304K)], 14.0615480 secs] [Times: user=18.92 sys=0.01, real=14.06 secs] 
Heap after GC invocations=278 (full 220):
 par new generation   total 1747648K, used 1747560K [0x00000005fae00000, 0x000000067ae00000, 0x000000067ae00000)
  eden space 1398144K,  99% used [0x00000005fae00000, 0x000000065035fff8, 0x0000000650360000)
  from space 349504K,  99% used [0x0000000650360000, 0x000000066589a2a0, 0x00000006658b0000)
  to   space 349504K,   0% used [0x00000006658b0000, 0x00000006658b0000, 0x000000067ae00000)
 concurrent mark-sweep generation total 6291456K, used 6291456K [0x000000067ae00000, 0x00000007fae00000, 0x00000007fae00000)
 concurrent-mark-sweep perm gen total 56304K, used 33755K [0x00000007fae00000, 0x00000007fe4fc000, 0x0000000800000000)
}
Total time for which application threads were stopped: 14.0673180 seconds
{Heap before GC invocations=278 (full 220):
 par new generation   total 1747648K, used 1747647K [0x00000005fae00000, 0x000000067ae00000, 0x000000067ae00000)
  eden space 1398144K,  99% used [0x00000005fae00000, 0x000000065035fff8, 0x0000000650360000)
  from space 349504K,  99% used [0x0000000650360000, 0x00000006658afff0, 0x00000006658b0000)
  to   space 349504K,   0% used [0x00000006658b0000, 0x00000006658b0000, 0x000000067ae00000)
 concurrent mark-sweep generation total 6291456K, used 6291456K [0x000000067ae00000, 0x00000007fae00000, 0x00000007fae00000)
 concurrent-mark-sweep perm gen total 56304K, used 33755K [0x00000007fae00000, 0x00000007fe4fc000, 0x0000000800000000)
2016-09-06T16:37:29.507+0800: 2650.178: [Full GC 2650.180: [CMS: 6291456K->6291456K(6291456K), 12.3783610 secs] 8039103K->8039027K(8039104K), [CMS Perm : 33755K->33755K(56304K)], 12.3823580 secs] [Times: user=12.38 sys=0.01, real=12.38 secs] 
Heap after GC invocations=279 (full 221):
 par new generation   total 1747648K, used 1747571K [0x00000005fae00000, 0x000000067ae00000, 0x000000067ae00000)
  eden space 1398144K,  99% used [0x00000005fae00000, 0x000000065035fff8, 0x0000000650360000)
  from space 349504K,  99% used [0x0000000650360000, 0x000000066589cc40, 0x00000006658b0000)
  to   space 349504K,   0% used [0x00000006658b0000, 0x00000006658b0000, 0x000000067ae00000)
 concurrent mark-sweep generation total 6291456K, used 6291456K [0x000000067ae00000, 0x00000007fae00000, 0x00000007fae00000)
 concurrent-mark-sweep perm gen total 56304K, used 33755K [0x00000007fae00000, 0x00000007fe4fc000, 0x0000000800000000)
}
Total time for which application threads were stopped: 12.3883790 seconds
2016-09-06T16:37:41.896+0800: 2662.567: [GC [1 CMS-initial-mark: 6291456K(6291456K)] 8039064K(8039104K), 1.0973740 secs] [Times: user=1.09 sys=0.00, real=1.10 secs] 
Total time for which application threads were stopped: 1.1030810 seconds
2016-09-06T16:37:42.997+0800: 2663.668: [CMS-concurrent-mark-start]
{Heap before GC invocations=279 (full 222):
 par new generation   total 1747648K, used 1747647K [0x00000005fae00000, 0x000000067ae00000, 0x000000067ae00000)
  eden space 1398144K,  99% used [0x00000005fae00000, 0x000000065035fff8, 0x0000000650360000)
  from space 349504K,  99% used [0x0000000650360000, 0x00000006658afff8, 0x00000006658b0000)
  to   space 349504K,   0% used [0x00000006658b0000, 0x00000006658b0000, 0x000000067ae00000)
 concurrent mark-sweep generation total 6291456K, used 6291456K [0x000000067ae00000, 0x00000007fae00000, 0x00000007fae00000)
 concurrent-mark-sweep perm gen total 56304K, used 33755K [0x00000007fae00000, 0x00000007fe4fc000, 0x0000000800000000)
2016-09-06T16:37:43.000+0800: 2663.671: [Full GC 2663.673: [CMS2016-09-06T16:37:44.802+0800: 2665.472: [CMS-concurrent-mark: 1.639/1.804 secs] [Times: user=6.69 sys=0.01, real=1.81 secs] 
 (concurrent mode failure): 6291456K->6291456K(6291456K), 13.5297470 secs] 8039103K->8039033K(8039104K), [CMS Perm : 33755K->33755K(56304K)], 13.5335880 secs] [Times: user=18.42 sys=0.00, real=13.53 secs] 
Heap after GC invocations=280 (full 223):
 par new generation   total 1747648K, used 1747577K [0x00000005fae00000, 0x000000067ae00000, 0x000000067ae00000)
  eden space 1398144K,  99% used [0x00000005fae00000, 0x000000065035fff8, 0x0000000650360000)
  from space 349504K,  99% used [0x0000000650360000, 0x000000066589e4d8, 0x00000006658b0000)
  to   space 349504K,   0% used [0x00000006658b0000, 0x00000006658b0000, 0x000000067ae00000)
 concurrent mark-sweep generation total 6291456K, used 6291456K [0x000000067ae00000, 0x00000007fae00000, 0x00000007fae00000)
 concurrent-mark-sweep perm gen total 56304K, used 33755K [0x00000007fae00000, 0x00000007fe4fc000, 0x0000000800000000)
}
Total time for which application threads were stopped: 13.5390870 seconds
{Heap before GC invocations=280 (full 223):
 par new generation   total 1747648K, used 1747647K [0x00000005fae00000, 0x000000067ae00000, 0x000000067ae00000)
  eden space 1398144K,  99% used [0x00000005fae00000, 0x000000065035fff8, 0x0000000650360000)
  from space 349504K,  99% used [0x0000000650360000, 0x00000006658afe60, 0x00000006658b0000)
  to   space 349504K,   0% used [0x00000006658b0000, 0x00000006658b0000, 0x000000067ae00000)
 concurrent mark-sweep generation total 6291456K, used 6291456K [0x000000067ae00000, 0x00000007fae00000, 0x00000007fae00000)
 concurrent-mark-sweep perm gen total 56304K, used 33755K [0x00000007fae00000, 0x00000007fe4fc000, 0x0000000800000000)
2016-09-06T16:37:56.540+0800: 2677.211: [Full GC 2677.213: [CMS: 6291456K->6291456K(6291456K), 11.6582320 secs] 8039103K->8039047K(8039104K), [CMS Perm : 33755K->33755K(56304K)], 11.6619790 secs] [Times: user=11.66 sys=0.00, real=11.67 secs] 
Heap after GC invocations=281 (full 224):
 par new generation   total 1747648K, used 1747591K [0x00000005fae00000, 0x000000067ae00000, 0x000000067ae00000)
  eden space 1398144K,  99% used [0x00000005fae00000, 0x000000065035fff8, 0x0000000650360000)
  from space 349504K,  99% used [0x0000000650360000, 0x00000006658a1d50, 0x00000006658b0000)
  to   space 349504K,   0% used [0x00000006658b0000, 0x00000006658b0000, 0x000000067ae00000)
 concurrent mark-sweep generation total 6291456K, used 6291456K [0x000000067ae00000, 0x00000007fae00000, 0x00000007fae00000)
 concurrent-mark-sweep perm gen total 56304K, used 33755K [0x00000007fae00000, 0x00000007fe4fc000, 0x0000000800000000)
}
Total time for which application threads were stopped: 11.6673460 seconds
2016-09-06T16:38:08.207+0800: 2688.879: [GC [1 CMS-initial-mark: 6291456K(6291456K)] 8039087K(8039104K), 1.0613040 secs] [Times: user=1.06 sys=0.00, real=1.06 secs] 
Total time for which application threads were stopped: 1.0663920 seconds
2016-09-06T16:38:09.272+0800: 2689.943: [CMS-concurrent-mark-start]
{Heap before GC invocations=281 (full 225):
 par new generation   total 1747648K, used 1747647K [0x00000005fae00000, 0x000000067ae00000, 0x000000067ae00000)
  eden space 1398144K,  99% used [0x00000005fae00000, 0x000000065035fff8, 0x0000000650360000)
  from space 349504K,  99% used [0x0000000650360000, 0x00000006658aff80, 0x00000006658b0000)
  to   space 349504K,   0% used [0x00000006658b0000, 0x00000006658b0000, 0x000000067ae00000)
 concurrent mark-sweep generation total 6291456K, used 6291456K [0x000000067ae00000, 0x00000007fae00000, 0x00000007fae00000)
 concurrent-mark-sweep perm gen total 56304K, used 33755K [0x00000007fae00000, 0x00000007fe4fc000, 0x0000000800000000)
2016-09-06T16:38:09.275+0800: 2689.946: [Full GC 2689.948: [CMS2016-09-06T16:38:11.101+0800: 2691.772: [CMS-concurrent-mark: 1.670/1.829 secs] [Times: user=6.83 sys=0.00, real=1.83 secs] 
 (concurrent mode failure): 6291456K->6291456K(6291456K), 13.5811620 secs] 8039103K->8039062K(8039104K), [CMS Perm : 33755K->33755K(56304K)], 13.5848310 secs] [Times: user=18.60 sys=0.01, real=13.58 secs] 
Heap after GC invocations=282 (full 226):
 par new generation   total 1747648K, used 1747606K [0x00000005fae00000, 0x000000067ae00000, 0x000000067ae00000)
  eden space 1398144K,  99% used [0x00000005fae00000, 0x000000065035fff8, 0x0000000650360000)
  from space 349504K,  99% used [0x0000000650360000, 0x00000006658a59a8, 0x00000006658b0000)
  to   space 349504K,   0% used [0x00000006658b0000, 0x00000006658b0000, 0x000000067ae00000)
 concurrent mark-sweep generation total 6291456K, used 6291456K [0x000000067ae00000, 0x00000007fae00000, 0x00000007fae00000)
 concurrent-mark-sweep perm gen total 56304K, used 33755K [0x00000007fae00000, 0x00000007fe4fc000, 0x0000000800000000)
}
Total time for which application threads were stopped: 13.5905160 seconds
{Heap before GC invocations=282 (full 226):
 par new generation   total 1747648K, used 1747647K [0x00000005fae00000, 0x000000067ae00000, 0x000000067ae00000)
  eden space 1398144K,  99% used [0x00000005fae00000, 0x000000065035fff8, 0x0000000650360000)
  from space 349504K, 100% used [0x0000000650360000, 0x00000006658b0000, 0x00000006658b0000)
  to   space 349504K,   0% used [0x00000006658b0000, 0x00000006658b0000, 0x000000067ae00000)
 concurrent mark-sweep generation total 6291456K, used 6291456K [0x000000067ae00000, 0x00000007fae00000, 0x00000007fae00000)
 concurrent-mark-sweep perm gen total 56304K, used 33755K [0x00000007fae00000, 0x00000007fe4fc000, 0x0000000800000000)
2016-09-06T16:38:22.865+0800: 2703.537: [Full GC 2703.539: [CMS: 6291456K->6291456K(6291456K), 11.6559540 secs] 8039103K->8039079K(8039104K), [CMS Perm : 33755K->33755K(56304K)], 11.6596000 secs] [Times: user=11.67 sys=0.01, real=11.66 secs] 
Heap after GC invocations=283 (full 227):
 par new generation   total 1747648K, used 1747623K [0x00000005fae00000, 0x000000067ae00000, 0x000000067ae00000)
  eden space 1398144K,  99% used [0x00000005fae00000, 0x000000065035fff8, 0x0000000650360000)
  from space 349504K,  99% used [0x0000000650360000, 0x00000006658a9e38, 0x00000006658b0000)
  to   space 349504K,   0% used [0x00000006658b0000, 0x00000006658b0000, 0x000000067ae00000)
 concurrent mark-sweep generation total 6291456K, used 6291456K [0x000000067ae00000, 0x00000007fae00000, 0x00000007fae00000)
 concurrent-mark-sweep perm gen total 56304K, used 33755K [0x00000007fae00000, 0x00000007fe4fc000, 0x0000000800000000)
}
Total time for which application threads were stopped: 11.6649900 seconds
2016-09-06T16:38:34.531+0800: 2715.202: [GC [1 CMS-initial-mark: 6291456K(6291456K)] 8039095K(8039104K), 1.0617140 secs] [Times: user=1.06 sys=0.00, real=1.06 secs] 
Total time for which application threads were stopped: 1.0667560 seconds
2016-09-06T16:38:35.596+0800: 2716.267: [CMS-concurrent-mark-start]
{Heap before GC invocations=283 (full 228):
 par new generation   total 1747648K, used 1747647K [0x00000005fae00000, 0x000000067ae00000, 0x000000067ae00000)
  eden space 1398144K,  99% used [0x00000005fae00000, 0x000000065035fff8, 0x0000000650360000)
  from space 349504K,  99% used [0x0000000650360000, 0x00000006658affc0, 0x00000006658b0000)
  to   space 349504K,   0% used [0x00000006658b0000, 0x00000006658b0000, 0x000000067ae00000)
 concurrent mark-sweep generation total 6291456K, used 6291456K [0x000000067ae00000, 0x00000007fae00000, 0x00000007fae00000)
 concurrent-mark-sweep perm gen total 56304K, used 33755K [0x00000007fae00000, 0x00000007fe4fc000, 0x0000000800000000)
2016-09-06T16:38:35.598+0800: 2716.270: [Full GC 2716.271: [CMS2016-09-06T16:38:37.391+0800: 2718.061: [CMS-concurrent-mark: 1.636/1.795 secs] [Times: user=6.69 sys=0.00, real=1.80 secs] 
 (concurrent mode failure): 6291456K->6291456K(6291456K), 14.2838360 secs] 8039103K->8039019K(8039104K), [CMS Perm : 33755K->33755K(56304K)], 14.2875070 secs] [Times: user=19.19 sys=0.01, real=14.28 secs] 
Heap after GC invocations=284 (full 229):
 par new generation   total 1747648K, used 1747563K [0x00000005fae00000, 0x000000067ae00000, 0x000000067ae00000)
  eden space 1398144K,  99% used [0x00000005fae00000, 0x000000065035ff98, 0x0000000650360000)
  from space 349504K,  99% used [0x0000000650360000, 0x000000066589af08, 0x00000006658b0000)
  to   space 349504K,   0% used [0x00000006658b0000, 0x00000006658b0000, 0x000000067ae00000)
 concurrent mark-sweep generation total 6291456K, used 6291456K [0x000000067ae00000, 0x00000007fae00000, 0x00000007fae00000)
 concurrent-mark-sweep perm gen total 56304K, used 33755K [0x00000007fae00000, 0x00000007fe4fc000, 0x0000000800000000)
}
Total time for which application threads were stopped: 14.2930770 seconds
{Heap before GC invocations=284 (full 229):
 par new generation   total 1747648K, used 1747647K [0x00000005fae00000, 0x000000067ae00000, 0x000000067ae00000)
  eden space 1398144K,  99% used [0x00000005fae00000, 0x000000065035fff8, 0x0000000650360000)
  from space 349504K,  99% used [0x0000000650360000, 0x00000006658afff8, 0x00000006658b0000)
  to   space 349504K,   0% used [0x00000006658b0000, 0x00000006658b0000, 0x000000067ae00000)
 concurrent mark-sweep generation total 6291456K, used 6291456K [0x000000067ae00000, 0x00000007fae00000, 0x00000007fae00000)
 concurrent-mark-sweep perm gen total 56304K, used 33755K [0x00000007fae00000, 0x00000007fe4fc000, 0x0000000800000000)
2016-09-06T16:38:49.892+0800: 2730.563: [Full GC 2730.565: [CMS: 6291456K->6291456K(6291456K), 11.6349060 secs] 8039103K->8039065K(8039104K), [CMS Perm : 33755K->33755K(56304K)], 11.6385230 secs] [Times: user=11.64 sys=0.01, real=11.64 secs] 
Heap after GC invocations=285 (full 230):
 par new generation   total 1747648K, used 1747609K [0x00000005fae00000, 0x000000067ae00000, 0x000000067ae00000)
  eden space 1398144K,  99% used [0x00000005fae00000, 0x000000065035fff8, 0x0000000650360000)
  from space 349504K,  99% used [0x0000000650360000, 0x00000006658a6500, 0x00000006658b0000)
  to   space 349504K,   0% used [0x00000006658b0000, 0x00000006658b0000, 0x000000067ae00000)
 concurrent mark-sweep generation total 6291456K, used 6291456K [0x000000067ae00000, 0x00000007fae00000, 0x00000007fae00000)
 concurrent-mark-sweep perm gen total 56304K, used 33755K [0x00000007fae00000, 0x00000007fe4fc000, 0x0000000800000000)
}
Total time for which application threads were stopped: 11.6439730 seconds
2016-09-06T16:39:01.536+0800: 2742.208: [GC [1 CMS-initial-mark: 6291456K(6291456K)] 8039077K(8039104K), 1.0618630 secs] [Times: user=1.06 sys=0.00, real=1.06 secs] 
Total time for which application threads were stopped: 1.0669070 seconds
2016-09-06T16:39:02.602+0800: 2743.272: [CMS-concurrent-mark-start]
{Heap before GC invocations=285 (full 231):
 par new generation   total 1747648K, used 1747647K [0x00000005fae00000, 0x000000067ae00000, 0x000000067ae00000)
  eden space 1398144K,  99% used [0x00000005fae00000, 0x000000065035fff8, 0x0000000650360000)
  from space 349504K, 100% used [0x0000000650360000, 0x00000006658b0000, 0x00000006658b0000)
  to   space 349504K,   0% used [0x00000006658b0000, 0x00000006658b0000, 0x000000067ae00000)
 concurrent mark-sweep generation total 6291456K, used 6291456K [0x000000067ae00000, 0x00000007fae00000, 0x00000007fae00000)
 concurrent-mark-sweep perm gen total 56304K, used 33755K [0x00000007fae00000, 0x00000007fe4fc000, 0x0000000800000000)
2016-09-06T16:39:02.606+0800: 2743.278: [Full GC 2743.279: [CMS2016-09-06T16:39:04.397+0800: 2745.067: [CMS-concurrent-mark: 1.636/1.795 secs] [Times: user=6.69 sys=0.00, real=1.79 secs] 
 (concurrent mode failure): 6291456K->6291456K(6291456K), 13.7737250 secs] 8039103K->8039086K(8039104K), [CMS Perm : 33755K->33755K(56304K)], 13.7774160 secs] [Times: user=18.67 sys=0.01, real=13.78 secs] 
Heap after GC invocations=286 (full 232):
 par new generation   total 1747648K, used 1747630K [0x00000005fae00000, 0x000000067ae00000, 0x000000067ae00000)
  eden space 1398144K,  99% used [0x00000005fae00000, 0x000000065035ffd8, 0x0000000650360000)
  from space 349504K,  99% used [0x0000000650360000, 0x00000006658ab890, 0x00000006658b0000)
  to   space 349504K,   0% used [0x00000006658b0000, 0x00000006658b0000, 0x000000067ae00000)
 concurrent mark-sweep generation total 6291456K, used 6291456K [0x000000067ae00000, 0x00000007fae00000, 0x00000007fae00000)
 concurrent-mark-sweep perm gen total 56304K, used 33755K [0x00000007fae00000, 0x00000007fe4fc000, 0x0000000800000000)
}
Total time for which application threads were stopped: 13.7831280 seconds
{Heap before GC invocations=286 (full 232):
 par new generation   total 1747648K, used 1747647K [0x00000005fae00000, 0x000000067ae00000, 0x000000067ae00000)
  eden space 1398144K,  99% used [0x00000005fae00000, 0x000000065035fff8, 0x0000000650360000)
  from space 349504K,  99% used [0x0000000650360000, 0x00000006658affe8, 0x00000006658b0000)
  to   space 349504K,   0% used [0x00000006658b0000, 0x00000006658b0000, 0x000000067ae00000)
 concurrent mark-sweep generation total 6291456K, used 6291456K [0x000000067ae00000, 0x00000007fae00000, 0x00000007fae00000)
 concurrent-mark-sweep perm gen total 56304K, used 33755K [0x00000007fae00000, 0x00000007fe4fc000, 0x0000000800000000)
2016-09-06T16:39:16.389+0800: 2757.061: [Full GC 2757.062: [CMS: 6291456K->6291456K(6291456K), 11.6241910 secs] 8039103K->8039091K(8039104K), [CMS Perm : 33755K->33755K(56304K)], 11.6278430 secs] [Times: user=11.63 sys=0.00, real=11.63 secs] 
Heap after GC invocations=287 (full 233):
 par new generation   total 1747648K, used 1747635K [0x00000005fae00000, 0x000000067ae00000, 0x000000067ae00000)
  eden space 1398144K,  99% used [0x00000005fae00000, 0x000000065035fff8, 0x0000000650360000)
  from space 349504K,  99% used [0x0000000650360000, 0x00000006658acc60, 0x00000006658b0000)
  to   space 349504K,   0% used [0x00000006658b0000, 0x00000006658b0000, 0x000000067ae00000)
 concurrent mark-sweep generation total 6291456K, used 6291456K [0x000000067ae00000, 0x00000007fae00000, 0x00000007fae00000)
 concurrent-mark-sweep perm gen total 56304K, used 33755K [0x00000007fae00000, 0x00000007fe4fc000, 0x0000000800000000)
}
Total time for which application threads were stopped: 11.6332040 seconds
2016-09-06T16:39:28.023+0800: 2768.694: [GC [1 CMS-initial-mark: 6291456K(6291456K)] 8039103K(8039104K), 1.0611900 secs] [Times: user=1.06 sys=0.01, real=1.07 secs] 
Total time for which application threads were stopped: 1.0661840 seconds
2016-09-06T16:39:29.087+0800: 2769.758: [CMS-concurrent-mark-start]
{Heap before GC invocations=287 (full 234):
 par new generation   total 1747648K, used 1747647K [0x00000005fae00000, 0x000000067ae00000, 0x000000067ae00000)
  eden space 1398144K,  99% used [0x00000005fae00000, 0x000000065035fff8, 0x0000000650360000)
  from space 349504K, 100% used [0x0000000650360000, 0x00000006658b0000, 0x00000006658b0000)
  to   space 349504K,   0% used [0x00000006658b0000, 0x00000006658b0000, 0x000000067ae00000)
 concurrent mark-sweep generation total 6291456K, used 6291456K [0x000000067ae00000, 0x00000007fae00000, 0x00000007fae00000)
 concurrent-mark-sweep perm gen total 56304K, used 33755K [0x00000007fae00000, 0x00000007fe4fc000, 0x0000000800000000)
2016-09-06T16:39:29.090+0800: 2769.762: [Full GC 2769.764: [CMS2016-09-06T16:39:30.887+0800: 2771.557: [CMS-concurrent-mark: 1.634/1.799 secs] [Times: user=6.70 sys=0.00, real=1.80 secs] 
 (concurrent mode failure): 6291456K->6291456K(6291456K), 14.3151680 secs] 8039103K->8039097K(8039104K), [CMS Perm : 33755K->33755K(56304K)], 14.3192220 secs] [Times: user=19.22 sys=0.00, real=14.32 secs] 
Heap after GC invocations=288 (full 235):
 par new generation   total 1747648K, used 1747641K [0x00000005fae00000, 0x000000067ae00000, 0x000000067ae00000)
  eden space 1398144K,  99% used [0x00000005fae00000, 0x000000065035fff0, 0x0000000650360000)
  from space 349504K,  99% used [0x0000000650360000, 0x00000006658ae800, 0x00000006658b0000)
  to   space 349504K,   0% used [0x00000006658b0000, 0x00000006658b0000, 0x000000067ae00000)
 concurrent mark-sweep generation total 6291456K, used 6291456K [0x000000067ae00000, 0x00000007fae00000, 0x00000007fae00000)
 concurrent-mark-sweep perm gen total 56304K, used 33755K [0x00000007fae00000, 0x00000007fe4fc000, 0x0000000800000000)
}
Total time for which application threads were stopped: 14.3258670 seconds
{Heap before GC invocations=288 (full 235):
 par new generation   total 1747648K, used 1747647K [0x00000005fae00000, 0x000000067ae00000, 0x000000067ae00000)
  eden space 1398144K, 100% used [0x00000005fae00000, 0x0000000650360000, 0x0000000650360000)
  from space 349504K,  99% used [0x0000000650360000, 0x00000006658affc8, 0x00000006658b0000)
  to   space 349504K,   0% used [0x00000006658b0000, 0x00000006658b0000, 0x000000067ae00000)
 concurrent mark-sweep generation total 6291456K, used 6291456K [0x000000067ae00000, 0x00000007fae00000, 0x00000007fae00000)
 concurrent-mark-sweep perm gen total 56304K, used 33755K [0x00000007fae00000, 0x00000007fe4fc000, 0x0000000800000000)
2016-09-06T16:39:43.416+0800: 2784.087: [Full GC 2784.089: [CMS: 6291456K->6291456K(6291456K), 12.6526750 secs] 8039103K->8039044K(8039104K), [CMS Perm : 33755K->33755K(56304K)], 12.6566590 secs] [Times: user=12.66 sys=0.00, real=12.65 secs] 
Heap after GC invocations=289 (full 236):
 par new generation   total 1747648K, used 1747588K [0x00000005fae00000, 0x000000067ae00000, 0x000000067ae00000)
  eden space 1398144K,  99% used [0x00000005fae00000, 0x000000065035fec0, 0x0000000650360000)
  from space 349504K,  99% used [0x0000000650360000, 0x00000006658a1518, 0x00000006658b0000)
  to   space 349504K,   0% used [0x00000006658b0000, 0x00000006658b0000, 0x000000067ae00000)
 concurrent mark-sweep generation total 6291456K, used 6291456K [0x000000067ae00000, 0x00000007fae00000, 0x00000007fae00000)
 concurrent-mark-sweep perm gen total 56304K, used 33755K [0x00000007fae00000, 0x00000007fe4fc000, 0x0000000800000000)
}
Total time for which application threads were stopped: 12.6627150 seconds
2016-09-06T16:39:56.079+0800: 2796.750: [GC [1 CMS-initial-mark: 6291456K(6291456K)] 8039081K(8039104K), 1.0963530 secs] [Times: user=1.10 sys=0.00, real=1.09 secs] 
Total time for which application threads were stopped: 1.1020050 seconds
2016-09-06T16:39:57.180+0800: 2797.850: [CMS-concurrent-mark-start]
{Heap before GC invocations=289 (full 237):
 par new generation   total 1747648K, used 1747647K [0x00000005fae00000, 0x000000067ae00000, 0x000000067ae00000)
  eden space 1398144K, 100% used [0x00000005fae00000, 0x0000000650360000, 0x0000000650360000)
  from space 349504K,  99% used [0x0000000650360000, 0x00000006658affe8, 0x00000006658b0000)
  to   space 349504K,   0% used [0x00000006658b0000, 0x00000006658b0000, 0x000000067ae00000)
 concurrent mark-sweep generation total 6291456K, used 6291456K [0x000000067ae00000, 0x00000007fae00000, 0x00000007fae00000)
 concurrent-mark-sweep perm gen total 56304K, used 33755K [0x00000007fae00000, 0x00000007fe4fc000, 0x0000000800000000)
2016-09-06T16:39:57.183+0800: 2797.854: [Full GC 2797.856: [CMS2016-09-06T16:39:58.988+0800: 2799.658: [CMS-concurrent-mark: 1.648/1.808 secs] [Times: user=6.71 sys=0.00, real=1.80 secs] 
 (concurrent mode failure): 6291456K->6291456K(6291456K), 13.6882370 secs] 8039103K->8039067K(8039104K), [CMS Perm : 33755K->33755K(56304K)], 13.6919260 secs] [Times: user=18.60 sys=0.01, real=13.69 secs] 
Heap after GC invocations=290 (full 238):
 par new generation   total 1747648K, used 1747611K [0x00000005fae00000, 0x000000067ae00000, 0x000000067ae00000)
  eden space 1398144K,  99% used [0x00000005fae00000, 0x000000065035ff10, 0x0000000650360000)
  from space 349504K,  99% used [0x0000000650360000, 0x00000006658a6e28, 0x00000006658b0000)
  to   space 349504K,   0% used [0x00000006658b0000, 0x00000006658b0000, 0x000000067ae00000)
 concurrent mark-sweep generation total 6291456K, used 6291456K [0x000000067ae00000, 0x00000007fae00000, 0x00000007fae00000)
 concurrent-mark-sweep perm gen total 56304K, used 33755K [0x00000007fae00000, 0x00000007fe4fc000, 0x0000000800000000)
}
Total time for which application threads were stopped: 13.6978510 seconds
{Heap before GC invocations=290 (full 238):
 par new generation   total 1747648K, used 1747647K [0x00000005fae00000, 0x000000067ae00000, 0x000000067ae00000)
  eden space 1398144K, 100% used [0x00000005fae00000, 0x0000000650360000, 0x0000000650360000)
  from space 349504K,  99% used [0x0000000650360000, 0x00000006658affd8, 0x00000006658b0000)
  to   space 349504K,   0% used [0x00000006658b0000, 0x00000006658b0000, 0x000000067ae00000)
 concurrent mark-sweep generation total 6291456K, used 6291456K [0x000000067ae00000, 0x00000007fae00000, 0x00000007fae00000)
 concurrent-mark-sweep perm gen total 56304K, used 33755K [0x00000007fae00000, 0x00000007fe4fc000, 0x0000000800000000)
2016-09-06T16:40:10.880+0800: 2811.552: [Full GC 2811.553: [CMS: 6291456K->6291456K(6291456K), 11.8755110 secs] 8039103K->8039068K(8039104K), [CMS Perm : 33755K->33755K(56304K)], 11.8791510 secs] [Times: user=11.88 sys=0.00, real=11.87 secs] 
Heap after GC invocations=291 (full 239):
 par new generation   total 1747648K, used 1747612K [0x00000005fae00000, 0x000000067ae00000, 0x000000067ae00000)
  eden space 1398144K,  99% used [0x00000005fae00000, 0x000000065035fea0, 0x0000000650360000)
  from space 349504K,  99% used [0x0000000650360000, 0x00000006658a7528, 0x00000006658b0000)
  to   space 349504K,   0% used [0x00000006658b0000, 0x00000006658b0000, 0x000000067ae00000)
 concurrent mark-sweep generation total 6291456K, used 6291456K [0x000000067ae00000, 0x00000007fae00000, 0x00000007fae00000)
 concurrent-mark-sweep perm gen total 56304K, used 33755K [0x00000007fae00000, 0x00000007fe4fc000, 0x0000000800000000)
}
Total time for which application threads were stopped: 11.8845520 seconds
2016-09-06T16:40:22.765+0800: 2823.436: [GC [1 CMS-initial-mark: 6291456K(6291456K)] 8039070K(8039104K), 1.0618490 secs] [Times: user=1.06 sys=0.00, real=1.06 secs] 
Total time for which application threads were stopped: 1.0667790 seconds
2016-09-06T16:40:23.830+0800: 2824.501: [CMS-concurrent-mark-start]
{Heap before GC invocations=291 (full 240):
 par new generation   total 1747648K, used 1747648K [0x00000005fae00000, 0x000000067ae00000, 0x000000067ae00000)
  eden space 1398144K, 100% used [0x00000005fae00000, 0x0000000650360000, 0x0000000650360000)
  from space 349504K, 100% used [0x0000000650360000, 0x00000006658b0000, 0x00000006658b0000)
  to   space 349504K,   0% used [0x00000006658b0000, 0x00000006658b0000, 0x000000067ae00000)
 concurrent mark-sweep generation total 6291456K, used 6291456K [0x000000067ae00000, 0x00000007fae00000, 0x00000007fae00000)
 concurrent-mark-sweep perm gen total 56304K, used 33755K [0x00000007fae00000, 0x00000007fe4fc000, 0x0000000800000000)
2016-09-06T16:40:23.833+0800: 2824.504: [Full GC 2824.506: [CMS2016-09-06T16:40:25.626+0800: 2826.296: [CMS-concurrent-mark: 1.636/1.796 secs] [Times: user=6.70 sys=0.00, real=1.80 secs] 
 (concurrent mode failure): 6291456K->6291456K(6291456K), 13.5181370 secs] 8039104K->8039084K(8039104K), [CMS Perm : 33755K->33755K(56304K)], 13.5218060 secs] [Times: user=18.43 sys=0.01, real=13.52 secs] 
Heap after GC invocations=292 (full 241):
 par new generation   total 1747648K, used 1747628K [0x00000005fae00000, 0x000000067ae00000, 0x000000067ae00000)
  eden space 1398144K,  99% used [0x00000005fae00000, 0x000000065035fe18, 0x0000000650360000)
  from space 349504K,  99% used [0x0000000650360000, 0x00000006658ab3b8, 0x00000006658b0000)
  to   space 349504K,   0% used [0x00000006658b0000, 0x00000006658b0000, 0x000000067ae00000)
 concurrent mark-sweep generation total 6291456K, used 6291456K [0x000000067ae00000, 0x00000007fae00000, 0x00000007fae00000)
 concurrent-mark-sweep perm gen total 56304K, used 33755K [0x00000007fae00000, 0x00000007fe4fc000, 0x0000000800000000)
}
Total time for which application threads were stopped: 13.5335250 seconds
{Heap before GC invocations=292 (full 241):
 par new generation   total 1747648K, used 1747647K [0x00000005fae00000, 0x000000067ae00000, 0x000000067ae00000)
  eden space 1398144K, 100% used [0x00000005fae00000, 0x0000000650360000, 0x0000000650360000)
  from space 349504K,  99% used [0x0000000650360000, 0x00000006658affc0, 0x00000006658b0000)
  to   space 349504K,   0% used [0x00000006658b0000, 0x00000006658b0000, 0x000000067ae00000)
 concurrent mark-sweep generation total 6291456K, used 6291456K [0x000000067ae00000, 0x00000007fae00000, 0x00000007fae00000)
 concurrent-mark-sweep perm gen total 56304K, used 33755K [0x00000007fae00000, 0x00000007fe4fc000, 0x0000000800000000)
2016-09-06T16:40:37.367+0800: 2838.038: [Full GC 2838.040: [CMS: 6291456K->6291456K(6291456K), 11.9457580 secs] 8039103K->8039092K(8039104K), [CMS Perm : 33755K->33755K(56304K)], 11.9493690 secs] [Times: user=11.95 sys=0.01, real=11.95 secs] 
Heap after GC invocations=293 (full 242):
 par new generation   total 1747648K, used 1747636K [0x00000005fae00000, 0x000000067ae00000, 0x000000067ae00000)
  eden space 1398144K,  99% used [0x00000005fae00000, 0x000000065035ffa8, 0x0000000650360000)
  from space 349504K,  99% used [0x0000000650360000, 0x00000006658ad3f0, 0x00000006658b0000)
  to   space 349504K,   0% used [0x00000006658b0000, 0x00000006658b0000, 0x000000067ae00000)
 concurrent mark-sweep generation total 6291456K, used 6291456K [0x000000067ae00000, 0x00000007fae00000, 0x00000007fae00000)
 concurrent-mark-sweep perm gen total 56304K, used 33755K [0x00000007fae00000, 0x00000007fe4fc000, 0x0000000800000000)
}
Total time for which application threads were stopped: 11.9547280 seconds
{Heap before GC invocations=293 (full 242):
 par new generation   total 1747648K, used 1747647K [0x00000005fae00000, 0x000000067ae00000, 0x000000067ae00000)
  eden space 1398144K, 100% used [0x00000005fae00000, 0x0000000650360000, 0x0000000650360000)
  from space 349504K,  99% used [0x0000000650360000, 0x00000006658aff90, 0x00000006658b0000)
  to   space 349504K,   0% used [0x00000006658b0000, 0x00000006658b0000, 0x000000067ae00000)
 concurrent mark-sweep generation total 6291456K, used 6291456K [0x000000067ae00000, 0x00000007fae00000, 0x00000007fae00000)
 concurrent-mark-sweep perm gen total 56304K, used 33755K [0x00000007fae00000, 0x00000007fe4fc000, 0x0000000800000000)
2016-09-06T16:40:49.322+0800: 2849.993: [Full GC 2849.995: [CMS: 6291456K->6291455K(6291456K), 11.7987800 secs] 8039103K->8039085K(8039104K), [CMS Perm : 33755K->33755K(56304K)], 11.8026180 secs] [Times: user=11.81 sys=0.00, real=11.80 secs] 
Heap after GC invocations=294 (full 243):
 par new generation   total 1747648K, used 1747629K [0x00000005fae00000, 0x000000067ae00000, 0x000000067ae00000)
  eden space 1398144K,  99% used [0x00000005fae00000, 0x000000065035fe68, 0x0000000650360000)
  from space 349504K,  99% used [0x0000000650360000, 0x00000006658ab938, 0x00000006658b0000)
  to   space 349504K,   0% used [0x00000006658b0000, 0x00000006658b0000, 0x000000067ae00000)
 concurrent mark-sweep generation total 6291456K, used 6291455K [0x000000067ae00000, 0x00000007fae00000, 0x00000007fae00000)
 concurrent-mark-sweep perm gen total 56304K, used 33755K [0x00000007fae00000, 0x00000007fe4fc000, 0x0000000800000000)
}
Total time for which application threads were stopped: 11.8079490 seconds
2016-09-06T16:41:01.130+0800: 2861.801: [GC [1 CMS-initial-mark: 6291455K(6291456K)] 8039087K(8039104K), 1.0665830 secs] [Times: user=1.06 sys=0.00, real=1.06 secs] 
Total time for which application threads were stopped: 1.0718070 seconds
2016-09-06T16:41:02.200+0800: 2862.871: [CMS-concurrent-mark-start]
{Heap before GC invocations=294 (full 244):
 par new generation   total 1747648K, used 1747647K [0x00000005fae00000, 0x000000067ae00000, 0x000000067ae00000)
  eden space 1398144K, 100% used [0x00000005fae00000, 0x0000000650360000, 0x0000000650360000)
  from space 349504K,  99% used [0x0000000650360000, 0x00000006658aff40, 0x00000006658b0000)
  to   space 349504K,   0% used [0x00000006658b0000, 0x00000006658b0000, 0x000000067ae00000)
 concurrent mark-sweep generation total 6291456K, used 6291455K [0x000000067ae00000, 0x00000007fae00000, 0x00000007fae00000)
 concurrent-mark-sweep perm gen total 56304K, used 33755K [0x00000007fae00000, 0x00000007fe4fc000, 0x0000000800000000)
2016-09-06T16:41:02.203+0800: 2862.874: [Full GC 2862.876: [CMS2016-09-06T16:41:04.054+0800: 2864.725: [CMS-concurrent-mark: 1.694/1.854 secs] [Times: user=6.93 sys=0.01, real=1.85 secs] 
 (concurrent mode failure): 6291455K->6291455K(6291456K), 13.4261210 secs] 8039103K->8039097K(8039104K), [CMS Perm : 33755K->33755K(56304K)], 13.4298060 secs] [Times: user=18.51 sys=0.00, real=13.43 secs] 
Heap after GC invocations=295 (full 245):
 par new generation   total 1747648K, used 1747641K [0x00000005fae00000, 0x000000067ae00000, 0x000000067ae00000)
  eden space 1398144K,  99% used [0x00000005fae00000, 0x000000065035fe88, 0x0000000650360000)
  from space 349504K,  99% used [0x0000000650360000, 0x00000006658ae8b8, 0x00000006658b0000)
  to   space 349504K,   0% used [0x00000006658b0000, 0x00000006658b0000, 0x000000067ae00000)
 concurrent mark-sweep generation total 6291456K, used 6291455K [0x000000067ae00000, 0x00000007fae00000, 0x00000007fae00000)
 concurrent-mark-sweep perm gen total 56304K, used 33755K [0x00000007fae00000, 0x00000007fe4fc000, 0x0000000800000000)
}
Total time for which application threads were stopped: 13.4351190 seconds
{Heap before GC invocations=295 (full 245):
 par new generation   total 1747648K, used 1747647K [0x00000005fae00000, 0x000000067ae00000, 0x000000067ae00000)
  eden space 1398144K, 100% used [0x00000005fae00000, 0x0000000650360000, 0x0000000650360000)
  from space 349504K,  99% used [0x0000000650360000, 0x00000006658affc8, 0x00000006658b0000)
  to   space 349504K,   0% used [0x00000006658b0000, 0x00000006658b0000, 0x000000067ae00000)
 concurrent mark-sweep generation total 6291456K, used 6291455K [0x000000067ae00000, 0x00000007fae00000, 0x00000007fae00000)
 concurrent-mark-sweep perm gen total 56304K, used 33755K [0x00000007fae00000, 0x00000007fe4fc000, 0x0000000800000000)
2016-09-06T16:41:15.638+0800: 2876.309: [Full GC 2876.311: [CMS: 6291455K->6291455K(6291456K), 11.7462530 secs] 8039103K->8039098K(8039104K), [CMS Perm : 33755K->33755K(56304K)], 11.7498710 secs] [Times: user=11.75 sys=0.01, real=11.75 secs] 
Heap after GC invocations=296 (full 246):
 par new generation   total 1747648K, used 1747642K [0x00000005fae00000, 0x000000067ae00000, 0x000000067ae00000)
  eden space 1398144K,  99% used [0x00000005fae00000, 0x000000065035fe18, 0x0000000650360000)
  from space 349504K,  99% used [0x0000000650360000, 0x00000006658aeb08, 0x00000006658b0000)
  to   space 349504K,   0% used [0x00000006658b0000, 0x00000006658b0000, 0x000000067ae00000)
 concurrent mark-sweep generation total 6291456K, used 6291455K [0x000000067ae00000, 0x00000007fae00000, 0x00000007fae00000)
 concurrent-mark-sweep perm gen total 56304K, used 33755K [0x00000007fae00000, 0x00000007fe4fc000, 0x0000000800000000)
}
Total time for which application threads were stopped: 11.7552120 seconds
{Heap before GC invocations=296 (full 246):
 par new generation   total 1747648K, used 1747648K [0x00000005fae00000, 0x000000067ae00000, 0x000000067ae00000)
  eden space 1398144K, 100% used [0x00000005fae00000, 0x0000000650360000, 0x0000000650360000)
  from space 349504K, 100% used [0x0000000650360000, 0x00000006658b0000, 0x00000006658b0000)
  to   space 349504K,   0% used [0x00000006658b0000, 0x00000006658b0000, 0x000000067ae00000)
 concurrent mark-sweep generation total 6291456K, used 6291456K [0x000000067ae00000, 0x00000007fae00000, 0x00000007fae00000)
 concurrent-mark-sweep perm gen total 56304K, used 33755K [0x00000007fae00000, 0x00000007fe4fc000, 0x0000000800000000)
2016-09-06T16:41:27.394+0800: 2888.065: [Full GC 2888.067: [CMS: 6291456K->6291456K(6291456K), 12.0457080 secs] 8039104K->8039052K(8039104K), [CMS Perm : 33755K->33755K(56304K)], 12.0493390 secs] [Times: user=12.05 sys=0.01, real=12.04 secs] 
Heap after GC invocations=297 (full 247):
 par new generation   total 1747648K, used 1747596K [0x00000005fae00000, 0x000000067ae00000, 0x000000067ae00000)
  eden space 1398144K,  99% used [0x00000005fae00000, 0x000000065035ffe0, 0x0000000650360000)
  from space 349504K,  99% used [0x0000000650360000, 0x00000006658a3090, 0x00000006658b0000)
  to   space 349504K,   0% used [0x00000006658b0000, 0x00000006658b0000, 0x000000067ae00000)
 concurrent mark-sweep generation total 6291456K, used 6291456K [0x000000067ae00000, 0x00000007fae00000, 0x00000007fae00000)
 concurrent-mark-sweep perm gen total 56304K, used 33755K [0x00000007fae00000, 0x00000007fe4fc000, 0x0000000800000000)
}
Total time for which application threads were stopped: 12.0547370 seconds
2016-09-06T16:41:39.448+0800: 2900.120: [GC [1 CMS-initial-mark: 6291456K(6291456K)] 8039052K(8039104K), 1.0622240 secs] [Times: user=1.06 sys=0.00, real=1.06 secs] 
Total time for which application threads were stopped: 1.0671770 seconds
2016-09-06T16:41:40.514+0800: 2901.185: [CMS-concurrent-mark-start]
{Heap before GC invocations=297 (full 248):
 par new generation   total 1747648K, used 1747648K [0x00000005fae00000, 0x000000067ae00000, 0x000000067ae00000)
  eden space 1398144K, 100% used [0x00000005fae00000, 0x0000000650360000, 0x0000000650360000)
  from space 349504K, 100% used [0x0000000650360000, 0x00000006658b0000, 0x00000006658b0000)
  to   space 349504K,   0% used [0x00000006658b0000, 0x00000006658b0000, 0x000000067ae00000)
 concurrent mark-sweep generation total 6291456K, used 6291456K [0x000000067ae00000, 0x00000007fae00000, 0x00000007fae00000)
 concurrent-mark-sweep perm gen total 56304K, used 33755K [0x00000007fae00000, 0x00000007fe4fc000, 0x0000000800000000)
2016-09-06T16:41:40.517+0800: 2901.188: [Full GC 2901.190: [CMS2016-09-06T16:41:42.322+0800: 2902.993: [CMS-concurrent-mark: 1.649/1.808 secs] [Times: user=6.69 sys=0.01, real=1.80 secs] 
 (concurrent mode failure): 6291456K->6291456K(6291456K), 13.3793000 secs] 8039104K->8039081K(8039104K), [CMS Perm : 33755K->33755K(56304K)], 13.3829360 secs] [Times: user=18.27 sys=0.01, real=13.38 secs] 
Heap after GC invocations=298 (full 249):
 par new generation   total 1747648K, used 1747625K [0x00000005fae00000, 0x000000067ae00000, 0x000000067ae00000)
  eden space 1398144K,  99% used [0x00000005fae00000, 0x000000065035ffe0, 0x0000000650360000)
  from space 349504K,  99% used [0x0000000650360000, 0x00000006658aa490, 0x00000006658b0000)
  to   space 349504K,   0% used [0x00000006658b0000, 0x00000006658b0000, 0x000000067ae00000)
 concurrent mark-sweep generation total 6291456K, used 6291456K [0x000000067ae00000, 0x00000007fae00000, 0x00000007fae00000)
 concurrent-mark-sweep perm gen total 56304K, used 33755K [0x00000007fae00000, 0x00000007fe4fc000, 0x0000000800000000)
}
Total time for which application threads were stopped: 13.3882570 seconds
{Heap before GC invocations=298 (full 249):
 par new generation   total 1747648K, used 1747647K [0x00000005fae00000, 0x000000067ae00000, 0x000000067ae00000)
  eden space 1398144K, 100% used [0x00000005fae00000, 0x0000000650360000, 0x0000000650360000)
  from space 349504K,  99% used [0x0000000650360000, 0x00000006658affe0, 0x00000006658b0000)
  to   space 349504K,   0% used [0x00000006658b0000, 0x00000006658b0000, 0x000000067ae00000)
 concurrent mark-sweep generation total 6291456K, used 6291456K [0x000000067ae00000, 0x00000007fae00000, 0x00000007fae00000)
 concurrent-mark-sweep perm gen total 56304K, used 33755K [0x00000007fae00000, 0x00000007fe4fc000, 0x0000000800000000)
2016-09-06T16:41:53.906+0800: 2914.577: [Full GC 2914.579: [CMS: 6291456K->6291456K(6291456K), 11.8083170 secs] 8039103K->8039089K(8039104K), [CMS Perm : 33755K->33755K(56304K)], 11.8119210 secs] [Times: user=11.82 sys=0.01, real=11.82 secs] 
Heap after GC invocations=299 (full 250):
 par new generation   total 1747648K, used 1747633K [0x00000005fae00000, 0x000000067ae00000, 0x000000067ae00000)
  eden space 1398144K,  99% used [0x00000005fae00000, 0x000000065035fe98, 0x0000000650360000)
  from space 349504K,  99% used [0x0000000650360000, 0x00000006658ac898, 0x00000006658b0000)
  to   space 349504K,   0% used [0x00000006658b0000, 0x00000006658b0000, 0x000000067ae00000)
 concurrent mark-sweep generation total 6291456K, used 6291456K [0x000000067ae00000, 0x00000007fae00000, 0x00000007fae00000)
 concurrent-mark-sweep perm gen total 56304K, used 33755K [0x00000007fae00000, 0x00000007fe4fc000, 0x0000000800000000)
}
Total time for which application threads were stopped: 11.8172410 seconds
{Heap before GC invocations=299 (full 250):
 par new generation   total 1747648K, used 1747647K [0x00000005fae00000, 0x000000067ae00000, 0x000000067ae00000)
  eden space 1398144K, 100% used [0x00000005fae00000, 0x0000000650360000, 0x0000000650360000)
  from space 349504K,  99% used [0x0000000650360000, 0x00000006658afff0, 0x00000006658b0000)
  to   space 349504K,   0% used [0x00000006658b0000, 0x00000006658b0000, 0x000000067ae00000)
 concurrent mark-sweep generation total 6291456K, used 6291456K [0x000000067ae00000, 0x00000007fae00000, 0x00000007fae00000)
 concurrent-mark-sweep perm gen total 56304K, used 33755K [0x00000007fae00000, 0x00000007fe4fc000, 0x0000000800000000)
2016-09-06T16:42:05.723+0800: 2926.395: [Full GC 2926.396: [CMS: 6291456K->6291456K(6291456K), 12.1906330 secs] 8039103K->8039092K(8039104K), [CMS Perm : 33755K->33755K(56304K)], 12.1942520 secs] [Times: user=12.19 sys=0.01, real=12.19 secs] 
Heap after GC invocations=300 (full 251):
 par new generation   total 1747648K, used 1747636K [0x00000005fae00000, 0x000000067ae00000, 0x000000067ae00000)
  eden space 1398144K,  99% used [0x00000005fae00000, 0x000000065035fe50, 0x0000000650360000)
  from space 349504K,  99% used [0x0000000650360000, 0x00000006658ad530, 0x00000006658b0000)
  to   space 349504K,   0% used [0x00000006658b0000, 0x00000006658b0000, 0x000000067ae00000)
 concurrent mark-sweep generation total 6291456K, used 6291456K [0x000000067ae00000, 0x00000007fae00000, 0x00000007fae00000)
 concurrent-mark-sweep perm gen total 56304K, used 33755K [0x00000007fae00000, 0x00000007fe4fc000, 0x0000000800000000)
}
Total time for which application threads were stopped: 12.1996210 seconds
{Heap before GC invocations=300 (full 251):
 par new generation   total 1747648K, used 1747647K [0x00000005fae00000, 0x000000067ae00000, 0x000000067ae00000)
  eden space 1398144K, 100% used [0x00000005fae00000, 0x0000000650360000, 0x0000000650360000)
  from space 349504K,  99% used [0x0000000650360000, 0x00000006658aff78, 0x00000006658b0000)
  to   space 349504K,   0% used [0x00000006658b0000, 0x00000006658b0000, 0x000000067ae00000)
 concurrent mark-sweep generation total 6291456K, used 6291456K [0x000000067ae00000, 0x00000007fae00000, 0x00000007fae00000)
 concurrent-mark-sweep perm gen total 56304K, used 33755K [0x00000007fae00000, 0x00000007fe4fc000, 0x0000000800000000)
2016-09-06T16:42:17.923+0800: 2938.594: [Full GC 2938.596: [CMS: 6291456K->6291456K(6291456K), 11.6361850 secs] 8039103K->8039099K(8039104K), [CMS Perm : 33755K->33755K(56304K)], 11.6397700 secs] [Times: user=11.65 sys=0.00, real=11.64 secs] 
Heap after GC invocations=301 (full 252):
 par new generation   total 1747648K, used 1747643K [0x00000005fae00000, 0x000000067ae00000, 0x000000067ae00000)
  eden space 1398144K,  99% used [0x00000005fae00000, 0x000000065035fed0, 0x0000000650360000)
  from space 349504K,  99% used [0x0000000650360000, 0x00000006658aee40, 0x00000006658b0000)
  to   space 349504K,   0% used [0x00000006658b0000, 0x00000006658b0000, 0x000000067ae00000)
 concurrent mark-sweep generation total 6291456K, used 6291456K [0x000000067ae00000, 0x00000007fae00000, 0x00000007fae00000)
 concurrent-mark-sweep perm gen total 56304K, used 33755K [0x00000007fae00000, 0x00000007fe4fc000, 0x0000000800000000)
}
Total time for which application threads were stopped: 11.6451370 seconds
2016-09-06T16:42:29.568+0800: 2950.240: [GC [1 CMS-initial-mark: 6291456K(6291456K)] 8039103K(8039104K), 1.0618570 secs] [Times: user=1.06 sys=0.00, real=1.07 secs] 
Total time for which application threads were stopped: 1.0668060 seconds
2016-09-06T16:42:30.634+0800: 2951.305: [CMS-concurrent-mark-start]
{Heap before GC invocations=301 (full 253):
 par new generation   total 1747648K, used 1747647K [0x00000005fae00000, 0x000000067ae00000, 0x000000067ae00000)
  eden space 1398144K, 100% used [0x00000005fae00000, 0x0000000650360000, 0x0000000650360000)
  from space 349504K,  99% used [0x0000000650360000, 0x00000006658affe8, 0x00000006658b0000)
  to   space 349504K,   0% used [0x00000006658b0000, 0x00000006658b0000, 0x000000067ae00000)
 concurrent mark-sweep generation total 6291456K, used 6291456K [0x000000067ae00000, 0x00000007fae00000, 0x00000007fae00000)
 concurrent-mark-sweep perm gen total 56304K, used 33755K [0x00000007fae00000, 0x00000007fe4fc000, 0x0000000800000000)
2016-09-06T16:42:30.636+0800: 2951.307: [Full GC 2951.309: [CMS2016-09-06T16:42:32.413+0800: 2953.084: [CMS-concurrent-mark: 1.621/1.779 secs] [Times: user=6.64 sys=0.00, real=1.78 secs] 
 (concurrent mode failure): 6291456K->6291456K(6291456K), 14.0102400 secs] 8039103K->8039103K(8039104K), [CMS Perm : 33755K->33755K(56304K)], 14.0141280 secs] [Times: user=18.87 sys=0.00, real=14.01 secs] 
Heap after GC invocations=302 (full 254):
 par new generation   total 1747648K, used 1747647K [0x00000005fae00000, 0x000000067ae00000, 0x000000067ae00000)
  eden space 1398144K,  99% used [0x00000005fae00000, 0x000000065035ffa8, 0x0000000650360000)
  from space 349504K,  99% used [0x0000000650360000, 0x00000006658afd40, 0x00000006658b0000)
  to   space 349504K,   0% used [0x00000006658b0000, 0x00000006658b0000, 0x000000067ae00000)
 concurrent mark-sweep generation total 6291456K, used 6291456K [0x000000067ae00000, 0x00000007fae00000, 0x00000007fae00000)
 concurrent-mark-sweep perm gen total 56304K, used 33755K [0x00000007fae00000, 0x00000007fe4fc000, 0x0000000800000000)
}
Total time for which application threads were stopped: 14.0197600 seconds
{Heap before GC invocations=302 (full 254):
 par new generation   total 1747648K, used 1747648K [0x00000005fae00000, 0x000000067ae00000, 0x000000067ae00000)
  eden space 1398144K, 100% used [0x00000005fae00000, 0x0000000650360000, 0x0000000650360000)
  from space 349504K, 100% used [0x0000000650360000, 0x00000006658b0000, 0x00000006658b0000)
  to   space 349504K,   0% used [0x00000006658b0000, 0x00000006658b0000, 0x000000067ae00000)
 concurrent mark-sweep generation total 6291456K, used 6291456K [0x000000067ae00000, 0x00000007fae00000, 0x00000007fae00000)
 concurrent-mark-sweep perm gen total 56304K, used 33755K [0x00000007fae00000, 0x00000007fe4fc000, 0x0000000800000000)
2016-09-06T16:42:44.656+0800: 2965.328: [Full GC 2965.330: [CMS: 6291456K->6291456K(6291456K), 12.3278040 secs] 8039104K->8039103K(8039104K), [CMS Perm : 33755K->33755K(56304K)], 12.3318040 secs] [Times: user=12.33 sys=0.00, real=12.33 secs] 
Heap after GC invocations=303 (full 255):
 par new generation   total 1747648K, used 1747647K [0x00000005fae00000, 0x000000067ae00000, 0x000000067ae00000)
  eden space 1398144K,  99% used [0x00000005fae00000, 0x000000065035ffe0, 0x0000000650360000)
  from space 349504K,  99% used [0x0000000650360000, 0x00000006658aff10, 0x00000006658b0000)
  to   space 349504K,   0% used [0x00000006658b0000, 0x00000006658b0000, 0x000000067ae00000)
 concurrent mark-sweep generation total 6291456K, used 6291456K [0x000000067ae00000, 0x00000007fae00000, 0x00000007fae00000)
 concurrent-mark-sweep perm gen total 56304K, used 33755K [0x00000007fae00000, 0x00000007fe4fc000, 0x0000000800000000)
}
Total time for which application threads were stopped: 12.3377920 seconds
{Heap before GC invocations=303 (full 255):
 par new generation   total 1747648K, used 1747647K [0x00000005fae00000, 0x000000067ae00000, 0x000000067ae00000)
  eden space 1398144K,  99% used [0x00000005fae00000, 0x000000065035fff8, 0x0000000650360000)
  from space 349504K, 100% used [0x0000000650360000, 0x00000006658b0000, 0x00000006658b0000)
  to   space 349504K,   0% used [0x00000006658b0000, 0x00000006658b0000, 0x000000067ae00000)
 concurrent mark-sweep generation total 6291456K, used 6291456K [0x000000067ae00000, 0x00000007fae00000, 0x00000007fae00000)
 concurrent-mark-sweep perm gen total 56304K, used 33755K [0x00000007fae00000, 0x00000007fe4fc000, 0x0000000800000000)
2016-09-06T16:42:56.995+0800: 2977.666: [Full GC 2977.668: [CMS: 6291456K->6291456K(6291456K), 12.2633450 secs] 8039103K->8039103K(8039104K), [CMS Perm : 33755K->33755K(56304K)], 12.2673040 secs] [Times: user=12.27 sys=0.00, real=12.27 secs] 
Heap after GC invocations=304 (full 256):
 par new generation   total 1747648K, used 1747647K [0x00000005fae00000, 0x000000067ae00000, 0x000000067ae00000)
  eden space 1398144K,  99% used [0x00000005fae00000, 0x000000065035fff8, 0x0000000650360000)
  from space 349504K,  99% used [0x0000000650360000, 0x00000006658aff98, 0x00000006658b0000)
  to   space 349504K,   0% used [0x00000006658b0000, 0x00000006658b0000, 0x000000067ae00000)
 concurrent mark-sweep generation total 6291456K, used 6291456K [0x000000067ae00000, 0x00000007fae00000, 0x00000007fae00000)
 concurrent-mark-sweep perm gen total 56304K, used 33755K [0x00000007fae00000, 0x00000007fe4fc000, 0x0000000800000000)
}
Total time for which application threads were stopped: 12.2733110 seconds
{Heap before GC invocations=304 (full 256):
 par new generation   total 1747648K, used 1747647K [0x00000005fae00000, 0x000000067ae00000, 0x000000067ae00000)
  eden space 1398144K,  99% used [0x00000005fae00000, 0x000000065035fff8, 0x0000000650360000)
  from space 349504K,  99% used [0x0000000650360000, 0x00000006658affe8, 0x00000006658b0000)
  to   space 349504K,   0% used [0x00000006658b0000, 0x00000006658b0000, 0x000000067ae00000)
 concurrent mark-sweep generation total 6291456K, used 6291456K [0x000000067ae00000, 0x00000007fae00000, 0x00000007fae00000)
 concurrent-mark-sweep perm gen total 56304K, used 33755K [0x00000007fae00000, 0x00000007fe4fc000, 0x0000000800000000)
2016-09-06T16:43:09.268+0800: 2989.940: [Full GC 2989.941: [CMS: 6291456K->6291456K(6291456K), 12.2678670 secs] 8039103K->8039103K(8039104K), [CMS Perm : 33755K->33755K(56304K)], 12.2718220 secs] [Times: user=12.27 sys=0.00, real=12.27 secs] 
Heap after GC invocations=305 (full 257):
 par new generation   total 1747648K, used 1747647K [0x00000005fae00000, 0x000000067ae00000, 0x000000067ae00000)
  eden space 1398144K,  99% used [0x00000005fae00000, 0x000000065035fff8, 0x0000000650360000)
  from space 349504K,  99% used [0x0000000650360000, 0x00000006658affc8, 0x00000006658b0000)
  to   space 349504K,   0% used [0x00000006658b0000, 0x00000006658b0000, 0x000000067ae00000)
 concurrent mark-sweep generation total 6291456K, used 6291456K [0x000000067ae00000, 0x00000007fae00000, 0x00000007fae00000)
 concurrent-mark-sweep perm gen total 56304K, used 33755K [0x00000007fae00000, 0x00000007fe4fc000, 0x0000000800000000)
}
{Heap before GC invocations=305 (full 257):
 par new generation   total 1747648K, used 1747647K [0x00000005fae00000, 0x000000067ae00000, 0x000000067ae00000)
  eden space 1398144K,  99% used [0x00000005fae00000, 0x000000065035fff8, 0x0000000650360000)
  from space 349504K,  99% used [0x0000000650360000, 0x00000006658affc8, 0x00000006658b0000)
  to   space 349504K,   0% used [0x00000006658b0000, 0x00000006658b0000, 0x000000067ae00000)
 concurrent mark-sweep generation total 6291456K, used 6291456K [0x000000067ae00000, 0x00000007fae00000, 0x00000007fae00000)
 concurrent-mark-sweep perm gen total 56304K, used 33755K [0x00000007fae00000, 0x00000007fe4fc000, 0x0000000800000000)
2016-09-06T16:43:21.542+0800: 3002.213: [Full GC 3002.214: [CMS: 6291456K->6291456K(6291456K), 12.2658460 secs] 8039103K->8039103K(8039104K), [CMS Perm : 33755K->33755K(56304K)], 12.2693110 secs] [Times: user=12.27 sys=0.00, real=12.27 secs] 
Heap after GC invocations=306 (full 258):
 par new generation   total 1747648K, used 1747647K [0x00000005fae00000, 0x000000067ae00000, 0x000000067ae00000)
  eden space 1398144K,  99% used [0x00000005fae00000, 0x000000065035fff8, 0x0000000650360000)
  from space 349504K,  99% used [0x0000000650360000, 0x00000006658affc8, 0x00000006658b0000)
  to   space 349504K,   0% used [0x00000006658b0000, 0x00000006658b0000, 0x000000067ae00000)
 concurrent mark-sweep generation total 6291456K, used 6291456K [0x000000067ae00000, 0x00000007fae00000, 0x00000007fae00000)
 concurrent-mark-sweep perm gen total 56304K, used 33755K [0x00000007fae00000, 0x00000007fe4fc000, 0x0000000800000000)
}
Total time for which application threads were stopped: 24.5484820 seconds
{Heap before GC invocations=306 (full 258):
 par new generation   total 1747648K, used 1747647K [0x00000005fae00000, 0x000000067ae00000, 0x000000067ae00000)
  eden space 1398144K,  99% used [0x00000005fae00000, 0x000000065035fff8, 0x0000000650360000)
  from space 349504K, 100% used [0x0000000650360000, 0x00000006658b0000, 0x00000006658b0000)
  to   space 349504K,   0% used [0x00000006658b0000, 0x00000006658b0000, 0x000000067ae00000)
 concurrent mark-sweep generation total 6291456K, used 6291456K [0x000000067ae00000, 0x00000007fae00000, 0x00000007fae00000)
 concurrent-mark-sweep perm gen total 56304K, used 33755K [0x00000007fae00000, 0x00000007fe4fc000, 0x0000000800000000)
2016-09-06T16:43:33.817+0800: 3014.488: [Full GC 3014.490: [CMS: 6291456K->6291455K(6291456K), 13.3157920 secs] 8039103K->8038680K(8039104K), [CMS Perm : 33755K->33755K(56304K)], 13.3197720 secs] [Times: user=13.32 sys=0.00, real=13.32 secs] 
Heap after GC invocations=307 (full 259):
 par new generation   total 1747648K, used 1747224K [0x00000005fae00000, 0x000000067ae00000, 0x000000067ae00000)
  eden space 1398144K,  99% used [0x00000005fae00000, 0x000000065035ff40, 0x0000000650360000)
  from space 349504K,  99% used [0x0000000650360000, 0x0000000665846198, 0x00000006658b0000)
  to   space 349504K,   0% used [0x00000006658b0000, 0x00000006658b0000, 0x000000067ae00000)
 concurrent mark-sweep generation total 6291456K, used 6291455K [0x000000067ae00000, 0x00000007fae00000, 0x00000007fae00000)
 concurrent-mark-sweep perm gen total 56304K, used 33755K [0x00000007fae00000, 0x00000007fe4fc000, 0x0000000800000000)
}
Total time for which application threads were stopped: 13.3258180 seconds
2016-09-06T16:43:47.143+0800: 3027.815: [GC [1 CMS-initial-mark: 6291455K(6291456K)] 8038681K(8039104K), 1.0949470 secs] [Times: user=1.09 sys=0.01, real=1.09 secs] 
Total time for which application threads were stopped: 1.1006390 seconds
2016-09-06T16:43:48.242+0800: 3028.913: [CMS-concurrent-mark-start]
{Heap before GC invocations=307 (full 260):
 par new generation   total 1747648K, used 1747647K [0x00000005fae00000, 0x000000067ae00000, 0x000000067ae00000)
  eden space 1398144K, 100% used [0x00000005fae00000, 0x0000000650360000, 0x0000000650360000)
  from space 349504K,  99% used [0x0000000650360000, 0x00000006658affd8, 0x00000006658b0000)
  to   space 349504K,   0% used [0x00000006658b0000, 0x00000006658b0000, 0x000000067ae00000)
 concurrent mark-sweep generation total 6291456K, used 6291455K [0x000000067ae00000, 0x00000007fae00000, 0x00000007fae00000)
 concurrent-mark-sweep perm gen total 56304K, used 33755K [0x00000007fae00000, 0x00000007fe4fc000, 0x0000000800000000)
2016-09-06T16:43:48.248+0800: 3028.919: [Full GC 3028.921: [CMS2016-09-06T16:43:50.042+0800: 3030.712: [CMS-concurrent-mark: 1.634/1.799 secs] [Times: user=6.70 sys=0.00, real=1.80 secs] 
 (concurrent mode failure): 6291455K->6291455K(6291456K), 15.7817910 secs] 8039103K->8038780K(8039104K), [CMS Perm : 33755K->33755K(56304K)], 15.7858320 secs] [Times: user=20.68 sys=0.00, real=15.78 secs] 
Heap after GC invocations=308 (full 261):
 par new generation   total 1747648K, used 1747324K [0x00000005fae00000, 0x000000067ae00000, 0x000000067ae00000)
  eden space 1398144K,  99% used [0x00000005fae00000, 0x000000065035ffb8, 0x0000000650360000)
  from space 349504K,  99% used [0x0000000650360000, 0x000000066585f118, 0x00000006658b0000)
  to   space 349504K,   0% used [0x00000006658b0000, 0x00000006658b0000, 0x000000067ae00000)
 concurrent mark-sweep generation total 6291456K, used 6291455K [0x000000067ae00000, 0x00000007fae00000, 0x00000007fae00000)
 concurrent-mark-sweep perm gen total 56304K, used 33755K [0x00000007fae00000, 0x00000007fe4fc000, 0x0000000800000000)
}
Total time for which application threads were stopped: 15.7924320 seconds
{Heap before GC invocations=308 (full 261):
 par new generation   total 1747648K, used 1747647K [0x00000005fae00000, 0x000000067ae00000, 0x000000067ae00000)
  eden space 1398144K, 100% used [0x00000005fae00000, 0x0000000650360000, 0x0000000650360000)
  from space 349504K,  99% used [0x0000000650360000, 0x00000006658afff0, 0x00000006658b0000)
  to   space 349504K,   0% used [0x00000006658b0000, 0x00000006658b0000, 0x000000067ae00000)
 concurrent mark-sweep generation total 6291456K, used 6291455K [0x000000067ae00000, 0x00000007fae00000, 0x00000007fae00000)
 concurrent-mark-sweep perm gen total 56304K, used 33755K [0x00000007fae00000, 0x00000007fe4fc000, 0x0000000800000000)
2016-09-06T16:44:04.041+0800: 3044.713: [Full GC 3044.715: [CMS: 6291455K->6291455K(6291456K), 12.3870600 secs] 8039103K->8038812K(8039104K), [CMS Perm : 33755K->33755K(56304K)], 12.3910820 secs] [Times: user=12.39 sys=0.01, real=12.39 secs] 
Heap after GC invocations=309 (full 262):
 par new generation   total 1747648K, used 1747356K [0x00000005fae00000, 0x000000067ae00000, 0x000000067ae00000)
  eden space 1398144K,  99% used [0x00000005fae00000, 0x000000065035fff8, 0x0000000650360000)
  from space 349504K,  99% used [0x0000000650360000, 0x0000000665867118, 0x00000006658b0000)
  to   space 349504K,   0% used [0x00000006658b0000, 0x00000006658b0000, 0x000000067ae00000)
 concurrent mark-sweep generation total 6291456K, used 6291455K [0x000000067ae00000, 0x00000007fae00000, 0x00000007fae00000)
 concurrent-mark-sweep perm gen total 56304K, used 33755K [0x00000007fae00000, 0x00000007fe4fc000, 0x0000000800000000)
}
Total time for which application threads were stopped: 12.3972220 seconds
2016-09-06T16:44:16.439+0800: 3057.111: [GC [1 CMS-initial-mark: 6291455K(6291456K)] 8038968K(8039104K), 1.0950100 secs] [Times: user=1.09 sys=0.00, real=1.09 secs] 
Total time for which application threads were stopped: 1.1007490 seconds
2016-09-06T16:44:17.538+0800: 3058.209: [CMS-concurrent-mark-start]
{Heap before GC invocations=309 (full 263):
 par new generation   total 1747648K, used 1747647K [0x00000005fae00000, 0x000000067ae00000, 0x000000067ae00000)
  eden space 1398144K,  99% used [0x00000005fae00000, 0x000000065035fff8, 0x0000000650360000)
  from space 349504K,  99% used [0x0000000650360000, 0x00000006658afff0, 0x00000006658b0000)
  to   space 349504K,   0% used [0x00000006658b0000, 0x00000006658b0000, 0x000000067ae00000)
 concurrent mark-sweep generation total 6291456K, used 6291455K [0x000000067ae00000, 0x00000007fae00000, 0x00000007fae00000)
 concurrent-mark-sweep perm gen total 56304K, used 33755K [0x00000007fae00000, 0x00000007fe4fc000, 0x0000000800000000)
2016-09-06T16:44:17.542+0800: 3058.213: [Full GC 3058.215: [CMS2016-09-06T16:44:19.352+0800: 3060.023: [CMS-concurrent-mark: 1.647/1.814 secs] [Times: user=6.75 sys=0.00, real=1.81 secs] 
 (concurrent mode failure): 6291455K->6291455K(6291456K), 14.5029700 secs] 8039103K->8038866K(8039104K), [CMS Perm : 33755K->33755K(56304K)], 14.5070200 secs] [Times: user=19.45 sys=0.00, real=14.51 secs] 
Heap after GC invocations=310 (full 264):
 par new generation   total 1747648K, used 1747410K [0x00000005fae00000, 0x000000067ae00000, 0x000000067ae00000)
  eden space 1398144K,  99% used [0x00000005fae00000, 0x000000065035ffa0, 0x0000000650360000)
  from space 349504K,  99% used [0x0000000650360000, 0x0000000665874aa8, 0x00000006658b0000)
  to   space 349504K,   0% used [0x00000006658b0000, 0x00000006658b0000, 0x000000067ae00000)
 concurrent mark-sweep generation total 6291456K, used 6291455K [0x000000067ae00000, 0x00000007fae00000, 0x00000007fae00000)
 concurrent-mark-sweep perm gen total 56304K, used 33755K [0x00000007fae00000, 0x00000007fe4fc000, 0x0000000800000000)
}
Total time for which application threads were stopped: 14.5135090 seconds
{Heap before GC invocations=310 (full 264):
 par new generation   total 1747648K, used 1747647K [0x00000005fae00000, 0x000000067ae00000, 0x000000067ae00000)
  eden space 1398144K,  99% used [0x00000005fae00000, 0x000000065035fff8, 0x0000000650360000)
  from space 349504K,  99% used [0x0000000650360000, 0x00000006658aff78, 0x00000006658b0000)
  to   space 349504K,   0% used [0x00000006658b0000, 0x00000006658b0000, 0x000000067ae00000)
 concurrent mark-sweep generation total 6291456K, used 6291455K [0x000000067ae00000, 0x00000007fae00000, 0x00000007fae00000)
 concurrent-mark-sweep perm gen total 56304K, used 33755K [0x00000007fae00000, 0x00000007fe4fc000, 0x0000000800000000)
2016-09-06T16:44:32.057+0800: 3072.728: [Full GC 3072.730: [CMS: 6291455K->6291455K(6291456K), 12.4422940 secs] 8039103K->8038952K(8039104K), [CMS Perm : 33755K->33755K(56304K)], 12.4463240 secs] [Times: user=12.45 sys=0.00, real=12.45 secs] 
Heap after GC invocations=311 (full 265):
 par new generation   total 1747648K, used 1747497K [0x00000005fae00000, 0x000000067ae00000, 0x000000067ae00000)
  eden space 1398144K,  99% used [0x00000005fae00000, 0x000000065035ff80, 0x0000000650360000)
  from space 349504K,  99% used [0x0000000650360000, 0x000000066588a498, 0x00000006658b0000)
  to   space 349504K,   0% used [0x00000006658b0000, 0x00000006658b0000, 0x000000067ae00000)
 concurrent mark-sweep generation total 6291456K, used 6291455K [0x000000067ae00000, 0x00000007fae00000, 0x00000007fae00000)
 concurrent-mark-sweep perm gen total 56304K, used 33755K [0x00000007fae00000, 0x00000007fe4fc000, 0x0000000800000000)
}
Total time for which application threads were stopped: 12.4525990 seconds
{Heap before GC invocations=311 (full 265):
 par new generation   total 1747648K, used 1747648K [0x00000005fae00000, 0x000000067ae00000, 0x000000067ae00000)
  eden space 1398144K, 100% used [0x00000005fae00000, 0x0000000650360000, 0x0000000650360000)
  from space 349504K, 100% used [0x0000000650360000, 0x00000006658b0000, 0x00000006658b0000)
  to   space 349504K,   0% used [0x00000006658b0000, 0x00000006658b0000, 0x000000067ae00000)
 concurrent mark-sweep generation total 6291456K, used 6291456K [0x000000067ae00000, 0x00000007fae00000, 0x00000007fae00000)
 concurrent-mark-sweep perm gen total 56304K, used 33755K [0x00000007fae00000, 0x00000007fe4fc000, 0x0000000800000000)
2016-09-06T16:44:44.511+0800: 3085.183: [Full GC 3085.184: [CMS: 6291456K->6291456K(6291456K), 12.5617910 secs] 8039104K->8038929K(8039104K), [CMS Perm : 33755K->33755K(56304K)], 12.5656530 secs] [Times: user=12.57 sys=0.00, real=12.57 secs] 
Heap after GC invocations=312 (full 266):
 par new generation   total 1747648K, used 1747473K [0x00000005fae00000, 0x000000067ae00000, 0x000000067ae00000)
  eden space 1398144K,  99% used [0x00000005fae00000, 0x000000065035ffc0, 0x0000000650360000)
  from space 349504K,  99% used [0x0000000650360000, 0x0000000665884440, 0x00000006658b0000)
  to   space 349504K,   0% used [0x00000006658b0000, 0x00000006658b0000, 0x000000067ae00000)
 concurrent mark-sweep generation total 6291456K, used 6291456K [0x000000067ae00000, 0x00000007fae00000, 0x00000007fae00000)
 concurrent-mark-sweep perm gen total 56304K, used 33755K [0x00000007fae00000, 0x00000007fe4fc000, 0x0000000800000000)
}
Total time for which application threads were stopped: 12.5722300 seconds
2016-09-06T16:44:57.084+0800: 3097.755: [GC [1 CMS-initial-mark: 6291456K(6291456K)] 8039066K(8039104K), 1.0998220 secs] [Times: user=1.10 sys=0.00, real=1.10 secs] 
Total time for which application threads were stopped: 1.1057730 seconds
2016-09-06T16:44:58.188+0800: 3098.859: [CMS-concurrent-mark-start]
{Heap before GC invocations=312 (full 267):
 par new generation   total 1747648K, used 1747647K [0x00000005fae00000, 0x000000067ae00000, 0x000000067ae00000)
  eden space 1398144K, 100% used [0x00000005fae00000, 0x0000000650360000, 0x0000000650360000)
  from space 349504K,  99% used [0x0000000650360000, 0x00000006658afff8, 0x00000006658b0000)
  to   space 349504K,   0% used [0x00000006658b0000, 0x00000006658b0000, 0x000000067ae00000)
 concurrent mark-sweep generation total 6291456K, used 6291456K [0x000000067ae00000, 0x00000007fae00000, 0x00000007fae00000)
 concurrent-mark-sweep perm gen total 56304K, used 33755K [0x00000007fae00000, 0x00000007fe4fc000, 0x0000000800000000)
2016-09-06T16:44:58.191+0800: 3098.862: [Full GC 3098.864: [CMS2016-09-06T16:45:00.009+0800: 3100.680: [CMS-concurrent-mark: 1.655/1.821 secs] [Times: user=6.75 sys=0.01, real=1.82 secs] 
 (concurrent mode failure): 6291456K->6291456K(6291456K), 14.2213480 secs] 8039103K->8038951K(8039104K), [CMS Perm : 33755K->33755K(56304K)], 14.2254030 secs] [Times: user=19.15 sys=0.01, real=14.23 secs] 
Heap after GC invocations=313 (full 268):
 par new generation   total 1747648K, used 1747495K [0x00000005fae00000, 0x000000067ae00000, 0x000000067ae00000)
  eden space 1398144K,  99% used [0x00000005fae00000, 0x000000065035fff8, 0x0000000650360000)
  from space 349504K,  99% used [0x0000000650360000, 0x0000000665889e50, 0x00000006658b0000)
  to   space 349504K,   0% used [0x00000006658b0000, 0x00000006658b0000, 0x000000067ae00000)
 concurrent mark-sweep generation total 6291456K, used 6291456K [0x000000067ae00000, 0x00000007fae00000, 0x00000007fae00000)
 concurrent-mark-sweep perm gen total 56304K, used 33755K [0x00000007fae00000, 0x00000007fe4fc000, 0x0000000800000000)
}
Total time for which application threads were stopped: 14.2318040 seconds
{Heap before GC invocations=313 (full 268):
 par new generation   total 1747648K, used 1747647K [0x00000005fae00000, 0x000000067ae00000, 0x000000067ae00000)
  eden space 1398144K,  99% used [0x00000005fae00000, 0x000000065035fff8, 0x0000000650360000)
  from space 349504K, 100% used [0x0000000650360000, 0x00000006658b0000, 0x00000006658b0000)
  to   space 349504K,   0% used [0x00000006658b0000, 0x00000006658b0000, 0x000000067ae00000)
 concurrent mark-sweep generation total 6291456K, used 6291456K [0x000000067ae00000, 0x00000007fae00000, 0x00000007fae00000)
 concurrent-mark-sweep perm gen total 56304K, used 33755K [0x00000007fae00000, 0x00000007fe4fc000, 0x0000000800000000)
2016-09-06T16:45:12.424+0800: 3113.095: [Full GC 3113.097: [CMS: 6291456K->6291456K(6291456K), 12.5662640 secs] 8039103K->8038889K(8039104K), [CMS Perm : 33755K->33755K(56304K)], 12.5703010 secs] [Times: user=12.58 sys=0.01, real=12.57 secs] 
Heap after GC invocations=314 (full 269):
 par new generation   total 1747648K, used 1747433K [0x00000005fae00000, 0x000000067ae00000, 0x000000067ae00000)
  eden space 1398144K, 100% used [0x00000005fae00000, 0x0000000650360000, 0x0000000650360000)
  from space 349504K,  99% used [0x0000000650360000, 0x000000066587a450, 0x00000006658b0000)
  to   space 349504K,   0% used [0x00000006658b0000, 0x00000006658b0000, 0x000000067ae00000)
 concurrent mark-sweep generation total 6291456K, used 6291456K [0x000000067ae00000, 0x00000007fae00000, 0x00000007fae00000)
 concurrent-mark-sweep perm gen total 56304K, used 33755K [0x00000007fae00000, 0x00000007fe4fc000, 0x0000000800000000)
}
Total time for which application threads were stopped: 12.5766030 seconds
{Heap before GC invocations=314 (full 269):
 par new generation   total 1747648K, used 1747647K [0x00000005fae00000, 0x000000067ae00000, 0x000000067ae00000)
  eden space 1398144K, 100% used [0x00000005fae00000, 0x0000000650360000, 0x0000000650360000)
  from space 349504K,  99% used [0x0000000650360000, 0x00000006658afff8, 0x00000006658b0000)
  to   space 349504K,   0% used [0x00000006658b0000, 0x00000006658b0000, 0x000000067ae00000)
 concurrent mark-sweep generation total 6291456K, used 6291456K [0x000000067ae00000, 0x00000007fae00000, 0x00000007fae00000)
 concurrent-mark-sweep perm gen total 56304K, used 33755K [0x00000007fae00000, 0x00000007fe4fc000, 0x0000000800000000)
2016-09-06T16:45:25.003+0800: 3125.674: [Full GC 3125.676: [CMS: 6291456K->6291456K(6291456K), 12.5132580 secs] 8039103K->8038924K(8039104K), [CMS Perm : 33755K->33755K(56304K)], 12.5173870 secs] [Times: user=12.52 sys=0.00, real=12.52 secs] 
Heap after GC invocations=315 (full 270):
 par new generation   total 1747648K, used 1747468K [0x00000005fae00000, 0x000000067ae00000, 0x000000067ae00000)
  eden space 1398144K,  99% used [0x00000005fae00000, 0x000000065035ffe0, 0x0000000650360000)
  from space 349504K,  99% used [0x0000000650360000, 0x0000000665883350, 0x00000006658b0000)
  to   space 349504K,   0% used [0x00000006658b0000, 0x00000006658b0000, 0x000000067ae00000)
 concurrent mark-sweep generation total 6291456K, used 6291456K [0x000000067ae00000, 0x00000007fae00000, 0x00000007fae00000)
 concurrent-mark-sweep perm gen total 56304K, used 33755K [0x00000007fae00000, 0x00000007fe4fc000, 0x0000000800000000)
}
Total time for which application threads were stopped: 12.5235750 seconds
2016-09-06T16:45:37.528+0800: 3138.199: [GC [1 CMS-initial-mark: 6291456K(6291456K)] 8039101K(8039104K), 1.0748940 secs] [Times: user=1.07 sys=0.00, real=1.08 secs] 
Total time for which application threads were stopped: 1.0806690 seconds
2016-09-06T16:45:38.607+0800: 3139.277: [CMS-concurrent-mark-start]
{Heap before GC invocations=315 (full 271):
 par new generation   total 1747648K, used 1747647K [0x00000005fae00000, 0x000000067ae00000, 0x000000067ae00000)
  eden space 1398144K,  99% used [0x00000005fae00000, 0x000000065035fff8, 0x0000000650360000)
  from space 349504K, 100% used [0x0000000650360000, 0x00000006658b0000, 0x00000006658b0000)
  to   space 349504K,   0% used [0x00000006658b0000, 0x00000006658b0000, 0x000000067ae00000)
 concurrent mark-sweep generation total 6291456K, used 6291456K [0x000000067ae00000, 0x00000007fae00000, 0x00000007fae00000)
 concurrent-mark-sweep perm gen total 56304K, used 33755K [0x00000007fae00000, 0x00000007fe4fc000, 0x0000000800000000)
2016-09-06T16:45:38.609+0800: 3139.280: [Full GC 3139.282: [CMS2016-09-06T16:45:40.438+0800: 3141.109: [CMS-concurrent-mark: 1.673/1.831 secs] [Times: user=6.73 sys=0.00, real=1.83 secs] 
 (concurrent mode failure): 6291456K->6291456K(6291456K), 13.6468310 secs] 8039103K->8038987K(8039104K), [CMS Perm : 33755K->33755K(56304K)], 13.6505480 secs] [Times: user=18.56 sys=0.01, real=13.65 secs] 
Heap after GC invocations=316 (full 272):
 par new generation   total 1747648K, used 1747531K [0x00000005fae00000, 0x000000067ae00000, 0x000000067ae00000)
  eden space 1398144K,  99% used [0x00000005fae00000, 0x000000065035fff8, 0x0000000650360000)
  from space 349504K,  99% used [0x0000000650360000, 0x0000000665892de8, 0x00000006658b0000)
  to   space 349504K,   0% used [0x00000006658b0000, 0x00000006658b0000, 0x000000067ae00000)
 concurrent mark-sweep generation total 6291456K, used 6291456K [0x000000067ae00000, 0x00000007fae00000, 0x00000007fae00000)
 concurrent-mark-sweep perm gen total 56304K, used 33755K [0x00000007fae00000, 0x00000007fe4fc000, 0x0000000800000000)
}
Total time for which application threads were stopped: 13.6557990 seconds
{Heap before GC invocations=316 (full 272):
 par new generation   total 1747648K, used 1747647K [0x00000005fae00000, 0x000000067ae00000, 0x000000067ae00000)
  eden space 1398144K,  99% used [0x00000005fae00000, 0x000000065035fff8, 0x0000000650360000)
  from space 349504K,  99% used [0x0000000650360000, 0x00000006658aff90, 0x00000006658b0000)
  to   space 349504K,   0% used [0x00000006658b0000, 0x00000006658b0000, 0x000000067ae00000)
 concurrent mark-sweep generation total 6291456K, used 6291456K [0x000000067ae00000, 0x00000007fae00000, 0x00000007fae00000)
 concurrent-mark-sweep perm gen total 56304K, used 33755K [0x00000007fae00000, 0x00000007fe4fc000, 0x0000000800000000)
2016-09-06T16:45:52.266+0800: 3152.937: [Full GC 3152.939: [CMS: 6291456K->6291456K(6291456K), 11.7713060 secs] 8039103K->8039022K(8039104K), [CMS Perm : 33755K->33755K(56304K)], 11.7750290 secs] [Times: user=11.78 sys=0.00, real=11.77 secs] 
Heap after GC invocations=317 (full 273):
 par new generation   total 1747648K, used 1747566K [0x00000005fae00000, 0x000000067ae00000, 0x000000067ae00000)
  eden space 1398144K,  99% used [0x00000005fae00000, 0x000000065035fe68, 0x0000000650360000)
  from space 349504K,  99% used [0x0000000650360000, 0x000000066589bd60, 0x00000006658b0000)
  to   space 349504K,   0% used [0x00000006658b0000, 0x00000006658b0000, 0x000000067ae00000)
 concurrent mark-sweep generation total 6291456K, used 6291456K [0x000000067ae00000, 0x00000007fae00000, 0x00000007fae00000)
 concurrent-mark-sweep perm gen total 56304K, used 33755K [0x00000007fae00000, 0x00000007fe4fc000, 0x0000000800000000)
}
Total time for which application threads were stopped: 11.7804880 seconds
{Heap before GC invocations=317 (full 273):
 par new generation   total 1747648K, used 1747647K [0x00000005fae00000, 0x000000067ae00000, 0x000000067ae00000)
  eden space 1398144K,  99% used [0x00000005fae00000, 0x000000065035fff8, 0x0000000650360000)
  from space 349504K, 100% used [0x0000000650360000, 0x00000006658b0000, 0x00000006658b0000)
  to   space 349504K,   0% used [0x00000006658b0000, 0x00000006658b0000, 0x000000067ae00000)
 concurrent mark-sweep generation total 6291456K, used 6291456K [0x000000067ae00000, 0x00000007fae00000, 0x00000007fae00000)
 concurrent-mark-sweep perm gen total 56304K, used 33755K [0x00000007fae00000, 0x00000007fe4fc000, 0x0000000800000000)
2016-09-06T16:46:04.048+0800: 3164.720: [Full GC 3164.721: [CMS: 6291456K->6291456K(6291456K), 11.8821860 secs] 8039103K->8039021K(8039104K), [CMS Perm : 33755K->33755K(56304K)], 11.8859160 secs] [Times: user=11.89 sys=0.01, real=11.88 secs] 
Heap after GC invocations=318 (full 274):
 par new generation   total 1747648K, used 1747565K [0x00000005fae00000, 0x000000067ae00000, 0x000000067ae00000)
  eden space 1398144K, 100% used [0x00000005fae00000, 0x0000000650360000, 0x0000000650360000)
  from space 349504K,  99% used [0x0000000650360000, 0x000000066589b6b8, 0x00000006658b0000)
  to   space 349504K,   0% used [0x00000006658b0000, 0x00000006658b0000, 0x000000067ae00000)
 concurrent mark-sweep generation total 6291456K, used 6291456K [0x000000067ae00000, 0x00000007fae00000, 0x00000007fae00000)
 concurrent-mark-sweep perm gen total 56304K, used 33755K [0x00000007fae00000, 0x00000007fe4fc000, 0x0000000800000000)
}
Total time for which application threads were stopped: 11.8915930 seconds
2016-09-06T16:46:15.940+0800: 3176.612: [GC [1 CMS-initial-mark: 6291456K(6291456K)] 8039091K(8039104K), 1.0620410 secs] [Times: user=1.07 sys=0.00, real=1.06 secs] 
Total time for which application threads were stopped: 1.0670910 seconds
2016-09-06T16:46:17.006+0800: 3177.677: [CMS-concurrent-mark-start]
{Heap before GC invocations=318 (full 275):
 par new generation   total 1747648K, used 1747647K [0x00000005fae00000, 0x000000067ae00000, 0x000000067ae00000)
  eden space 1398144K, 100% used [0x00000005fae00000, 0x0000000650360000, 0x0000000650360000)
  from space 349504K,  99% used [0x0000000650360000, 0x00000006658afff8, 0x00000006658b0000)
  to   space 349504K,   0% used [0x00000006658b0000, 0x00000006658b0000, 0x000000067ae00000)
 concurrent mark-sweep generation total 6291456K, used 6291456K [0x000000067ae00000, 0x00000007fae00000, 0x00000007fae00000)
 concurrent-mark-sweep perm gen total 56304K, used 33755K [0x00000007fae00000, 0x00000007fe4fc000, 0x0000000800000000)
2016-09-06T16:46:17.018+0800: 3177.689: [Full GC 3177.691: [CMS2016-09-06T16:46:18.815+0800: 3179.486: [CMS-concurrent-mark: 1.651/1.809 secs] [Times: user=6.74 sys=0.01, real=1.81 secs] 
 (concurrent mode failure): 6291456K->6291455K(6291456K), 13.9914790 secs] 8039103K->8039044K(8039104K), [CMS Perm : 33755K->33755K(56304K)], 13.9953070 secs] [Times: user=18.92 sys=0.01, real=13.99 secs] 
Heap after GC invocations=319 (full 276):
 par new generation   total 1747648K, used 1747588K [0x00000005fae00000, 0x000000067ae00000, 0x000000067ae00000)
  eden space 1398144K, 100% used [0x00000005fae00000, 0x0000000650360000, 0x0000000650360000)
  from space 349504K,  99% used [0x0000000650360000, 0x00000006658a13a0, 0x00000006658b0000)
  to   space 349504K,   0% used [0x00000006658b0000, 0x00000006658b0000, 0x000000067ae00000)
 concurrent mark-sweep generation total 6291456K, used 6291455K [0x000000067ae00000, 0x00000007fae00000, 0x00000007fae00000)
 concurrent-mark-sweep perm gen total 56304K, used 33755K [0x00000007fae00000, 0x00000007fe4fc000, 0x0000000800000000)
}
Total time for which application threads were stopped: 14.0011530 seconds
{Heap before GC invocations=319 (full 276):
 par new generation   total 1747648K, used 1747647K [0x00000005fae00000, 0x000000067ae00000, 0x000000067ae00000)
  eden space 1398144K, 100% used [0x00000005fae00000, 0x0000000650360000, 0x0000000650360000)
  from space 349504K,  99% used [0x0000000650360000, 0x00000006658affe8, 0x00000006658b0000)
  to   space 349504K,   0% used [0x00000006658b0000, 0x00000006658b0000, 0x000000067ae00000)
 concurrent mark-sweep generation total 6291456K, used 6291455K [0x000000067ae00000, 0x00000007fae00000, 0x00000007fae00000)
 concurrent-mark-sweep perm gen total 56304K, used 33755K [0x00000007fae00000, 0x00000007fe4fc000, 0x0000000800000000)
2016-09-06T16:46:31.019+0800: 3191.690: [Full GC 3191.692: [CMS: 6291455K->6291455K(6291456K), 12.3014850 secs] 8039103K->8038988K(8039104K), [CMS Perm : 33755K->33755K(56304K)], 12.3052020 secs] [Times: user=12.31 sys=0.01, real=12.30 secs] 
Heap after GC invocations=320 (full 277):
 par new generation   total 1747648K, used 1747532K [0x00000005fae00000, 0x000000067ae00000, 0x000000067ae00000)
  eden space 1398144K,  99% used [0x00000005fae00000, 0x000000065035ff98, 0x0000000650360000)
  from space 349504K,  99% used [0x0000000650360000, 0x0000000665893150, 0x00000006658b0000)
  to   space 349504K,   0% used [0x00000006658b0000, 0x00000006658b0000, 0x000000067ae00000)
 concurrent mark-sweep generation total 6291456K, used 6291455K [0x000000067ae00000, 0x00000007fae00000, 0x00000007fae00000)
 concurrent-mark-sweep perm gen total 56304K, used 33755K [0x00000007fae00000, 0x00000007fe4fc000, 0x0000000800000000)
}
Total time for which application threads were stopped: 12.3106660 seconds
{Heap before GC invocations=320 (full 277):
 par new generation   total 1747648K, used 1747647K [0x00000005fae00000, 0x000000067ae00000, 0x000000067ae00000)
  eden space 1398144K, 100% used [0x00000005fae00000, 0x0000000650360000, 0x0000000650360000)
  from space 349504K,  99% used [0x0000000650360000, 0x00000006658affd0, 0x00000006658b0000)
  to   space 349504K,   0% used [0x00000006658b0000, 0x00000006658b0000, 0x000000067ae00000)
 concurrent mark-sweep generation total 6291456K, used 6291455K [0x000000067ae00000, 0x00000007fae00000, 0x00000007fae00000)
 concurrent-mark-sweep perm gen total 56304K, used 33755K [0x00000007fae00000, 0x00000007fe4fc000, 0x0000000800000000)
2016-09-06T16:46:43.331+0800: 3204.002: [Full GC 3204.004: [CMS: 6291455K->6291455K(6291456K), 12.5191890 secs] 8039103K->8038925K(8039104K), [CMS Perm : 33755K->33755K(56304K)], 12.5231670 secs] [Times: user=12.53 sys=0.01, real=12.52 secs] 
Heap after GC invocations=321 (full 278):
 par new generation   total 1747648K, used 1747469K [0x00000005fae00000, 0x000000067ae00000, 0x000000067ae00000)
  eden space 1398144K,  99% used [0x00000005fae00000, 0x000000065035ffe8, 0x0000000650360000)
  from space 349504K,  99% used [0x0000000650360000, 0x0000000665883530, 0x00000006658b0000)
  to   space 349504K,   0% used [0x00000006658b0000, 0x00000006658b0000, 0x000000067ae00000)
 concurrent mark-sweep generation total 6291456K, used 6291455K [0x000000067ae00000, 0x00000007fae00000, 0x00000007fae00000)
 concurrent-mark-sweep perm gen total 56304K, used 33755K [0x00000007fae00000, 0x00000007fe4fc000, 0x0000000800000000)
}
Total time for which application threads were stopped: 12.5286820 seconds
{Heap before GC invocations=321 (full 278):
 par new generation   total 1747648K, used 1747647K [0x00000005fae00000, 0x000000067ae00000, 0x000000067ae00000)
  eden space 1398144K, 100% used [0x00000005fae00000, 0x0000000650360000, 0x0000000650360000)
  from space 349504K,  99% used [0x0000000650360000, 0x00000006658aff90, 0x00000006658b0000)
  to   space 349504K,   0% used [0x00000006658b0000, 0x00000006658b0000, 0x000000067ae00000)
 concurrent mark-sweep generation total 6291456K, used 6291455K [0x000000067ae00000, 0x00000007fae00000, 0x00000007fae00000)
 concurrent-mark-sweep perm gen total 56304K, used 33755K [0x00000007fae00000, 0x00000007fe4fc000, 0x0000000800000000)
2016-09-06T16:46:55.861+0800: 3216.532: [Full GC 3216.534: [CMS: 6291455K->6291456K(6291456K), 12.4076270 secs] 8039103K->8038926K(8039104K), [CMS Perm : 33755K->33755K(56304K)], 12.4116700 secs] [Times: user=12.42 sys=0.00, real=12.41 secs] 
Heap after GC invocations=322 (full 279):
 par new generation   total 1747648K, used 1747470K [0x00000005fae00000, 0x000000067ae00000, 0x000000067ae00000)
  eden space 1398144K,  99% used [0x00000005fae00000, 0x000000065035ffd0, 0x0000000650360000)
  from space 349504K,  99% used [0x0000000650360000, 0x0000000665883ae0, 0x00000006658b0000)
  to   space 349504K,   0% used [0x00000006658b0000, 0x00000006658b0000, 0x000000067ae00000)
 concurrent mark-sweep generation total 6291456K, used 6291456K [0x000000067ae00000, 0x00000007fae00000, 0x00000007fae00000)
 concurrent-mark-sweep perm gen total 56304K, used 33755K [0x00000007fae00000, 0x00000007fe4fc000, 0x0000000800000000)
}
Total time for which application threads were stopped: 12.4176570 seconds
{Heap before GC invocations=322 (full 279):
 par new generation   total 1747648K, used 1747647K [0x00000005fae00000, 0x000000067ae00000, 0x000000067ae00000)
  eden space 1398144K, 100% used [0x00000005fae00000, 0x0000000650360000, 0x0000000650360000)
  from space 349504K,  99% used [0x0000000650360000, 0x00000006658afff8, 0x00000006658b0000)
  to   space 349504K,   0% used [0x00000006658b0000, 0x00000006658b0000, 0x000000067ae00000)
 concurrent mark-sweep generation total 6291456K, used 6291456K [0x000000067ae00000, 0x00000007fae00000, 0x00000007fae00000)
 concurrent-mark-sweep perm gen total 56304K, used 33755K [0x00000007fae00000, 0x00000007fe4fc000, 0x0000000800000000)
2016-09-06T16:47:08.280+0800: 3228.952: [Full GC 3228.953: [CMS: 6291456K->6291455K(6291456K), 13.5704180 secs] 8039103K->8038881K(8039104K), [CMS Perm : 33755K->33755K(56304K)], 13.5744700 secs] [Times: user=13.57 sys=0.01, real=13.58 secs] 
Heap after GC invocations=323 (full 280):
 par new generation   total 1747648K, used 1747425K [0x00000005fae00000, 0x000000067ae00000, 0x000000067ae00000)
  eden space 1398144K, 100% used [0x00000005fae00000, 0x0000000650360000, 0x0000000650360000)
  from space 349504K,  99% used [0x0000000650360000, 0x0000000665878648, 0x00000006658b0000)
  to   space 349504K,   0% used [0x00000006658b0000, 0x00000006658b0000, 0x000000067ae00000)
 concurrent mark-sweep generation total 6291456K, used 6291455K [0x000000067ae00000, 0x00000007fae00000, 0x00000007fae00000)
 concurrent-mark-sweep perm gen total 56304K, used 33755K [0x00000007fae00000, 0x00000007fe4fc000, 0x0000000800000000)
}
Total time for which application threads were stopped: 13.5812620 seconds
{Heap before GC invocations=323 (full 280):
 par new generation   total 1747648K, used 1747647K [0x00000005fae00000, 0x000000067ae00000, 0x000000067ae00000)
  eden space 1398144K, 100% used [0x00000005fae00000, 0x0000000650360000, 0x0000000650360000)
  from space 349504K,  99% used [0x0000000650360000, 0x00000006658afff0, 0x00000006658b0000)
  to   space 349504K,   0% used [0x00000006658b0000, 0x00000006658b0000, 0x000000067ae00000)
 concurrent mark-sweep generation total 6291456K, used 6291455K [0x000000067ae00000, 0x00000007fae00000, 0x00000007fae00000)
 concurrent-mark-sweep perm gen total 56304K, used 33755K [0x00000007fae00000, 0x00000007fe4fc000, 0x0000000800000000)
2016-09-06T16:47:21.862+0800: 3242.534: [Full GC 3242.536: [CMS: 6291455K->6291455K(6291456K), 13.0286270 secs] 8039103K->8038866K(8039104K), [CMS Perm : 33755K->33755K(56304K)], 13.0327720 secs] [Times: user=13.03 sys=0.00, real=13.03 secs] 
Heap after GC invocations=324 (full 281):
 par new generation   total 1747648K, used 1747410K [0x00000005fae00000, 0x000000067ae00000, 0x000000067ae00000)
  eden space 1398144K,  99% used [0x00000005fae00000, 0x000000065035fff0, 0x0000000650360000)
  from space 349504K,  99% used [0x0000000650360000, 0x0000000665874950, 0x00000006658b0000)
  to   space 349504K,   0% used [0x00000006658b0000, 0x00000006658b0000, 0x000000067ae00000)
 concurrent mark-sweep generation total 6291456K, used 6291455K [0x000000067ae00000, 0x00000007fae00000, 0x00000007fae00000)
 concurrent-mark-sweep perm gen total 56304K, used 33755K [0x00000007fae00000, 0x00000007fe4fc000, 0x0000000800000000)
}
Total time for which application threads were stopped: 13.0390630 seconds
2016-09-06T16:47:34.903+0800: 3255.574: [GC [1 CMS-initial-mark: 6291455K(6291456K)] 8039091K(8039104K), 1.0999700 secs] [Times: user=1.10 sys=0.00, real=1.10 secs] 
Total time for which application threads were stopped: 1.1060980 seconds
2016-09-06T16:47:36.007+0800: 3256.678: [CMS-concurrent-mark-start]
{Heap before GC invocations=324 (full 282):
 par new generation   total 1747648K, used 1747648K [0x00000005fae00000, 0x000000067ae00000, 0x000000067ae00000)
  eden space 1398144K, 100% used [0x00000005fae00000, 0x0000000650360000, 0x0000000650360000)
  from space 349504K, 100% used [0x0000000650360000, 0x00000006658b0000, 0x00000006658b0000)
  to   space 349504K,   0% used [0x00000006658b0000, 0x00000006658b0000, 0x000000067ae00000)
 concurrent mark-sweep generation total 6291456K, used 6291455K [0x000000067ae00000, 0x00000007fae00000, 0x00000007fae00000)
 concurrent-mark-sweep perm gen total 56304K, used 33755K [0x00000007fae00000, 0x00000007fe4fc000, 0x0000000800000000)
2016-09-06T16:47:36.010+0800: 3256.681: [Full GC 3256.683: [CMS2016-09-06T16:47:37.812+0800: 3258.483: [CMS-concurrent-mark: 1.640/1.805 secs] [Times: user=6.72 sys=0.00, real=1.81 secs] 
 (concurrent mode failure): 6291455K->6291455K(6291456K), 15.8443020 secs] 8039103K->8038642K(8039104K), [CMS Perm : 33755K->33755K(56304K)], 15.8483830 secs] [Times: user=20.77 sys=0.00, real=15.84 secs] 
Heap after GC invocations=325 (full 283):
 par new generation   total 1747648K, used 1747186K [0x00000005fae00000, 0x000000067ae00000, 0x000000067ae00000)
  eden space 1398144K,  99% used [0x00000005fae00000, 0x000000065035ffe8, 0x0000000650360000)
  from space 349504K,  99% used [0x0000000650360000, 0x000000066583ca08, 0x00000006658b0000)
  to   space 349504K,   0% used [0x00000006658b0000, 0x00000006658b0000, 0x000000067ae00000)
 concurrent mark-sweep generation total 6291456K, used 6291455K [0x000000067ae00000, 0x00000007fae00000, 0x00000007fae00000)
 concurrent-mark-sweep perm gen total 56304K, used 33755K [0x00000007fae00000, 0x00000007fe4fc000, 0x0000000800000000)
}
Total time for which application threads were stopped: 15.8539550 seconds
{Heap before GC invocations=325 (full 283):
 par new generation   total 1747648K, used 1747647K [0x00000005fae00000, 0x000000067ae00000, 0x000000067ae00000)
  eden space 1398144K, 100% used [0x00000005fae00000, 0x0000000650360000, 0x0000000650360000)
  from space 349504K,  99% used [0x0000000650360000, 0x00000006658affa0, 0x00000006658b0000)
  to   space 349504K,   0% used [0x00000006658b0000, 0x00000006658b0000, 0x000000067ae00000)
 concurrent mark-sweep generation total 6291456K, used 6291455K [0x000000067ae00000, 0x00000007fae00000, 0x00000007fae00000)
 concurrent-mark-sweep perm gen total 56304K, used 33755K [0x00000007fae00000, 0x00000007fe4fc000, 0x0000000800000000)
2016-09-06T16:47:51.868+0800: 3272.539: [Full GC 3272.542: [CMS: 6291455K->6291455K(6291456K), 13.0328240 secs] 8039103K->8038719K(8039104K), [CMS Perm : 33755K->33755K(56304K)], 13.0373460 secs] [Times: user=13.04 sys=0.00, real=13.04 secs] 
Heap after GC invocations=326 (full 284):
 par new generation   total 1747648K, used 1747263K [0x00000005fae00000, 0x000000067ae00000, 0x000000067ae00000)
  eden space 1398144K,  99% used [0x00000005fae00000, 0x000000065035ffd0, 0x0000000650360000)
  from space 349504K,  99% used [0x0000000650360000, 0x000000066584ff00, 0x00000006658b0000)
  to   space 349504K,   0% used [0x00000006658b0000, 0x00000006658b0000, 0x000000067ae00000)
 concurrent mark-sweep generation total 6291456K, used 6291455K [0x000000067ae00000, 0x00000007fae00000, 0x00000007fae00000)
 concurrent-mark-sweep perm gen total 56304K, used 33755K [0x00000007fae00000, 0x00000007fe4fc000, 0x0000000800000000)
}
Total time for which application threads were stopped: 13.0443610 seconds
{Heap before GC invocations=326 (full 284):
 par new generation   total 1747648K, used 1747648K [0x00000005fae00000, 0x000000067ae00000, 0x000000067ae00000)
  eden space 1398144K, 100% used [0x00000005fae00000, 0x0000000650360000, 0x0000000650360000)
  from space 349504K, 100% used [0x0000000650360000, 0x00000006658b0000, 0x00000006658b0000)
  to   space 349504K,   0% used [0x00000006658b0000, 0x00000006658b0000, 0x000000067ae00000)
 concurrent mark-sweep generation total 6291456K, used 6291456K [0x000000067ae00000, 0x00000007fae00000, 0x00000007fae00000)
 concurrent-mark-sweep perm gen total 56304K, used 33755K [0x00000007fae00000, 0x00000007fe4fc000, 0x0000000800000000)
2016-09-06T16:48:04.916+0800: 3285.588: [Full GC 3285.590: [CMS: 6291456K->6291456K(6291456K), 12.6184520 secs] 8039104K->8038697K(8039104K), [CMS Perm : 33755K->33755K(56304K)], 12.6226070 secs] [Times: user=12.62 sys=0.01, real=12.62 secs] 
Heap after GC invocations=327 (full 285):
 par new generation   total 1747648K, used 1747241K [0x00000005fae00000, 0x000000067ae00000, 0x000000067ae00000)
  eden space 1398144K,  99% used [0x00000005fae00000, 0x000000065035fff0, 0x0000000650360000)
  from space 349504K,  99% used [0x0000000650360000, 0x000000066584a700, 0x00000006658b0000)
  to   space 349504K,   0% used [0x00000006658b0000, 0x00000006658b0000, 0x000000067ae00000)
 concurrent mark-sweep generation total 6291456K, used 6291456K [0x000000067ae00000, 0x00000007fae00000, 0x00000007fae00000)
 concurrent-mark-sweep perm gen total 56304K, used 33755K [0x00000007fae00000, 0x00000007fe4fc000, 0x0000000800000000)
}
Total time for which application threads were stopped: 12.6289590 seconds
2016-09-06T16:48:17.545+0800: 3298.217: [GC [1 CMS-initial-mark: 6291456K(6291456K)] 8038712K(8039104K), 1.0986290 secs] [Times: user=1.10 sys=0.00, real=1.10 secs] 
Total time for which application threads were stopped: 1.1045310 seconds
2016-09-06T16:48:18.649+0800: 3299.319: [CMS-concurrent-mark-start]
{Heap before GC invocations=327 (full 286):
 par new generation   total 1747648K, used 1747647K [0x00000005fae00000, 0x000000067ae00000, 0x000000067ae00000)
  eden space 1398144K, 100% used [0x00000005fae00000, 0x0000000650360000, 0x0000000650360000)
  from space 349504K,  99% used [0x0000000650360000, 0x00000006658afff0, 0x00000006658b0000)
  to   space 349504K,   0% used [0x00000006658b0000, 0x00000006658b0000, 0x000000067ae00000)
 concurrent mark-sweep generation total 6291456K, used 6291456K [0x000000067ae00000, 0x00000007fae00000, 0x00000007fae00000)
 concurrent-mark-sweep perm gen total 56304K, used 33755K [0x00000007fae00000, 0x00000007fe4fc000, 0x0000000800000000)
2016-09-06T16:48:18.661+0800: 3299.332: [Full GC 3299.334: [CMS2016-09-06T16:48:20.458+0800: 3301.128: [CMS-concurrent-mark: 1.643/1.809 secs] [Times: user=6.74 sys=0.01, real=1.81 secs] 
 (concurrent mode failure): 6291456K->6291456K(6291456K), 14.2027280 secs] 8039103K->8038702K(8039104K), [CMS Perm : 33755K->33755K(56304K)], 14.2069110 secs] [Times: user=19.11 sys=0.01, real=14.21 secs] 
Heap after GC invocations=328 (full 287):
 par new generation   total 1747648K, used 1747246K [0x00000005fae00000, 0x000000067ae00000, 0x000000067ae00000)
  eden space 1398144K, 100% used [0x00000005fae00000, 0x0000000650360000, 0x0000000650360000)
  from space 349504K,  99% used [0x0000000650360000, 0x000000066584b988, 0x00000006658b0000)
  to   space 349504K,   0% used [0x00000006658b0000, 0x00000006658b0000, 0x000000067ae00000)
 concurrent mark-sweep generation total 6291456K, used 6291456K [0x000000067ae00000, 0x00000007fae00000, 0x00000007fae00000)
 concurrent-mark-sweep perm gen total 56304K, used 33755K [0x00000007fae00000, 0x00000007fe4fc000, 0x0000000800000000)
}
Total time for which application threads were stopped: 14.2138430 seconds
{Heap before GC invocations=328 (full 287):
 par new generation   total 1747648K, used 1747648K [0x00000005fae00000, 0x000000067ae00000, 0x000000067ae00000)
  eden space 1398144K, 100% used [0x00000005fae00000, 0x0000000650360000, 0x0000000650360000)
  from space 349504K, 100% used [0x0000000650360000, 0x00000006658b0000, 0x00000006658b0000)
  to   space 349504K,   0% used [0x00000006658b0000, 0x00000006658b0000, 0x000000067ae00000)
 concurrent mark-sweep generation total 6291456K, used 6291456K [0x000000067ae00000, 0x00000007fae00000, 0x00000007fae00000)
 concurrent-mark-sweep perm gen total 56304K, used 33755K [0x00000007fae00000, 0x00000007fe4fc000, 0x0000000800000000)
2016-09-06T16:48:32.877+0800: 3313.549: [Full GC 3313.551: [CMS: 6291456K->6291456K(6291456K), 12.5341340 secs] 8039104K->8038726K(8039104K), [CMS Perm : 33755K->33755K(56304K)], 12.5381510 secs] [Times: user=12.54 sys=0.01, real=12.53 secs] 
Heap after GC invocations=329 (full 288):
 par new generation   total 1747648K, used 1747270K [0x00000005fae00000, 0x000000067ae00000, 0x000000067ae00000)
  eden space 1398144K,  99% used [0x00000005fae00000, 0x000000065035ffd0, 0x0000000650360000)
  from space 349504K,  99% used [0x0000000650360000, 0x00000006658519f0, 0x00000006658b0000)
  to   space 349504K,   0% used [0x00000006658b0000, 0x00000006658b0000, 0x000000067ae00000)
 concurrent mark-sweep generation total 6291456K, used 6291456K [0x000000067ae00000, 0x00000007fae00000, 0x00000007fae00000)
 concurrent-mark-sweep perm gen total 56304K, used 33755K [0x00000007fae00000, 0x00000007fe4fc000, 0x0000000800000000)
}
Total time for which application threads were stopped: 12.5443560 seconds
2016-09-06T16:48:45.422+0800: 3326.094: [GC [1 CMS-initial-mark: 6291456K(6291456K)] 8038793K(8039104K), 1.0983410 secs] [Times: user=1.10 sys=0.00, real=1.10 secs] 
Total time for which application threads were stopped: 1.1041650 seconds
2016-09-06T16:48:46.525+0800: 3327.196: [CMS-concurrent-mark-start]
{Heap before GC invocations=329 (full 289):
 par new generation   total 1747648K, used 1747648K [0x00000005fae00000, 0x000000067ae00000, 0x000000067ae00000)
  eden space 1398144K, 100% used [0x00000005fae00000, 0x0000000650360000, 0x0000000650360000)
  from space 349504K, 100% used [0x0000000650360000, 0x00000006658b0000, 0x00000006658b0000)
  to   space 349504K,   0% used [0x00000006658b0000, 0x00000006658b0000, 0x000000067ae00000)
 concurrent mark-sweep generation total 6291456K, used 6291456K [0x000000067ae00000, 0x00000007fae00000, 0x00000007fae00000)
 concurrent-mark-sweep perm gen total 56304K, used 33755K [0x00000007fae00000, 0x00000007fe4fc000, 0x0000000800000000)
2016-09-06T16:48:46.529+0800: 3327.201: [Full GC 3327.203: [CMS2016-09-06T16:48:48.333+0800: 3329.004: [CMS-concurrent-mark: 1.643/1.808 secs] [Times: user=6.74 sys=0.01, real=1.81 secs] 
 (concurrent mode failure): 6291456K->6291456K(6291456K), 14.3327630 secs] 8039104K->8038772K(8039104K), [CMS Perm : 33755K->33755K(56304K)], 14.3368050 secs] [Times: user=19.26 sys=0.01, real=14.33 secs] 
Heap after GC invocations=330 (full 290):
 par new generation   total 1747648K, used 1747316K [0x00000005fae00000, 0x000000067ae00000, 0x000000067ae00000)
  eden space 1398144K, 100% used [0x00000005fae00000, 0x0000000650360000, 0x0000000650360000)
  from space 349504K,  99% used [0x0000000650360000, 0x000000066585d308, 0x00000006658b0000)
  to   space 349504K,   0% used [0x00000006658b0000, 0x00000006658b0000, 0x000000067ae00000)
 concurrent mark-sweep generation total 6291456K, used 6291456K [0x000000067ae00000, 0x00000007fae00000, 0x00000007fae00000)
 concurrent-mark-sweep perm gen total 56304K, used 33755K [0x00000007fae00000, 0x00000007fe4fc000, 0x0000000800000000)
}
Total time for which application threads were stopped: 14.3428950 seconds
{Heap before GC invocations=330 (full 290):
 par new generation   total 1747648K, used 1747647K [0x00000005fae00000, 0x000000067ae00000, 0x000000067ae00000)
  eden space 1398144K, 100% used [0x00000005fae00000, 0x0000000650360000, 0x0000000650360000)
  from space 349504K,  99% used [0x0000000650360000, 0x00000006658affd0, 0x00000006658b0000)
  to   space 349504K,   0% used [0x00000006658b0000, 0x00000006658b0000, 0x000000067ae00000)
 concurrent mark-sweep generation total 6291456K, used 6291456K [0x000000067ae00000, 0x00000007fae00000, 0x00000007fae00000)
 concurrent-mark-sweep perm gen total 56304K, used 33755K [0x00000007fae00000, 0x00000007fe4fc000, 0x0000000800000000)
2016-09-06T16:49:00.874+0800: 3341.546: [Full GC 3341.548: [CMS
```
